******************************************************************************
            TI ARM Clang Linker PC v4.0.4                      
******************************************************************************
>> Linked Fri Apr 24 20:40:32 2026

OUTPUT FILE NAME:   <08_KEY_ADC.out>
ENTRY POINT SYMBOL: "_c_int00_noargs"  address: 00002c99


MEMORY CONFIGURATION

         name            origin    length      used     unused   attr    fill
----------------------  --------  ---------  --------  --------  ----  --------
  FLASH                 00000000   00020000  00004d70  0001b290  R  X
  SRAM                  20200000   00008000  00000688  00007978  RW X
  BCR_CONFIG            41c00000   000000ff  00000000  000000ff  R   
  BSL_CONFIG            41c00100   00000080  00000000  00000080  R   


SEGMENT ALLOCATION MAP

run origin  load origin   length   init length attrs members
----------  ----------- ---------- ----------- ----- -------
00000000    00000000    00004d70   00004d70    r-x
  00000000    00000000    000000c0   000000c0    r-- .intvecs
  000000c0    000000c0    00003320   00003320    r-x .text
  000033e0    000033e0    00001960   00001960    r-- .rodata
  00004d40    00004d40    00000030   00000030    r-- .cinit
20200000    20200000    00000488   00000000    rw-
  20200000    20200000    00000480   00000000    rw- .bss
  20200480    20200480    00000008   00000000    rw- .data
20207e00    20207e00    00000200   00000000    rw-
  20207e00    20207e00    00000200   00000000    rw- .stack


SECTION ALLOCATION MAP

 output                                  attributes/
section   page    origin      length       input sections
--------  ----  ----------  ----------   ----------------
.intvecs   0    00000000    000000c0     
                  00000000    000000c0     startup_mspm0g350x_ticlang.o (.intvecs)

.text      0    000000c0    00003320     
                  000000c0    000009d0     libc.a : _printfi.c.obj (.text:__TI_printfi)
                  00000a90    00000220            : _printfi.c.obj (.text._pconv_a)
                  00000cb0    000001dc            : _printfi.c.obj (.text._pconv_g)
                  00000e8c    00000192     libclang_rt.builtins.a : adddf3.S.obj (.text.adddf3_subdf3)
                  0000101e    00000002                            : aeabi_div0.c.obj (.text.__aeabi_idiv0)
                  00001020    00000158     oled.o (.text.OLED_ShowChar)
                  00001178    0000013c     libc.a : _printfi.c.obj (.text.fcvt)
                  000012b4    00000120            : _printfi.c.obj (.text._pconv_e)
                  000013d4    0000011c     main.o (.text.main)
                  000014f0    0000010c     libclang_rt.builtins.a : divdf3.S.obj (.text.__divdf3)
                  000015fc    000000f8     oled.o (.text.OLED_Init)
                  000016f4    000000e8     ti_msp_dl_config.o (.text.SYSCFG_DL_SYSCTL_SYSPLL_init)
                  000017dc    000000e4     libclang_rt.builtins.a : muldf3.S.obj (.text.__muldf3)
                  000018c0    000000dc     driverlib.a : dl_sysctl_mspm0g1x0x_g3x0x.o (.text.DL_SYSCTL_configSYSPLL)
                  0000199c    000000d8     libc.a : s_scalbn.c.obj (.text.scalbn)
                  00001a74    000000d0     ti_msp_dl_config.o (.text.SYSCFG_DL_GPIO_init)
                  00001b44    000000a2     libclang_rt.builtins.a : udivmoddi4.S.obj (.text)
                  00001be6    00000098     oled.o (.text.OLED_ShowString)
                  00001c7e    00000002     libclang_rt.builtins.a : aeabi_div0.c.obj (.text.__aeabi_ldiv0)
                  00001c80    0000007c     oled.o (.text.OLED_Refresh)
                  00001cfc    0000007c     ti_msp_dl_config.o (.text.SYSCFG_DL_initPower)
                  00001d78    0000007c     libc.a : copy_decompress_lzss.c.obj (.text:decompress:lzss)
                  00001df4    00000074     oled.o (.text.OLED_WR_Byte)
                  00001e68    00000074     ti_msp_dl_config.o (.text.SYSCFG_DL_SYSCTL_init)
                  00001edc    00000074     libclang_rt.builtins.a : comparedf2.c.obj (.text.__gedf2)
                  00001f50    00000074                            : truncdfsf2.S.obj (.text.__truncdfsf2)
                  00001fc4    00000068                            : comparedf2.c.obj (.text.__ledf2)
                  0000202c    00000066     libc.a : _printfi.c.obj (.text._mcpy)
                  00002092    00000002     --HOLE-- [fill = 0]
                  00002094    00000064     ti_msp_dl_config.o (.text.DL_ADC12_initSingleSample)
                  000020f8    00000064     driverlib.a : dl_sysctl_mspm0g1x0x_g3x0x.o (.text.DL_SYSCTL_setHFCLKSourceHFXTParams)
                  0000215c    00000064     oled.o (.text.OLED_ClearPoint)
                  000021c0    00000062     libclang_rt.builtins.a : aeabi_dcmp.S.obj (.text.__aeabi_dcmp)
                  00002222    00000002     --HOLE-- [fill = 0]
                  00002224    00000060     oled.o (.text.OLED_Clear)
                  00002284    00000060     ti_msp_dl_config.o (.text.SYSCFG_DL_OLED_init)
                  000022e4    0000005e     driverlib.a : dl_i2c.o (.text.DL_I2C_fillControllerTXFIFO)
                  00002342    00000002     --HOLE-- [fill = 0]
                  00002344    0000005c     libc.a : s_frexp.c.obj (.text.frexp)
                  000023a0    00000058            : _ltoa.c.obj (.text.__TI_ltoa)
                  000023f8    00000058            : _printfi.c.obj (.text._pconv_f)
                  00002450    00000056     libclang_rt.builtins.a : aeabi_idivmod.S.obj (.text.__aeabi_idivmod)
                  000024a6    00000002     --HOLE-- [fill = 0]
                  000024a8    00000054     key.o (.text.GROUP1_IRQHandler)
                  000024fc    00000052     libc.a : _printfi.c.obj (.text._ecpy)
                  0000254e    00000002     --HOLE-- [fill = 0]
                  00002550    00000050     ti_msp_dl_config.o (.text.DL_GPIO_initPeripheralInputFunctionFeatures)
                  000025a0    00000050     oled.o (.text.DL_I2C_startControllerTransfer)
                  000025f0    0000004c     ti_msp_dl_config.o (.text.DL_GPIO_initDigitalInputFeatures)
                  0000263c    0000004c     ti_msp_dl_config.o (.text.DL_UART_setBaudRateDivisor)
                  00002688    0000004c     ti_msp_dl_config.o (.text.SYSCFG_DL_xuanniu_init)
                  000026d4    0000004a     ti_msp_dl_config.o (.text.DL_ADC12_configConversionMem)
                  0000271e    00000002     --HOLE-- [fill = 0]
                  00002720    0000004a     libclang_rt.builtins.a : fixdfsi.S.obj (.text.__fixdfsi)
                  0000276a    00000002     --HOLE-- [fill = 0]
                  0000276c    00000048     driverlib.a : dl_uart.o (.text.DL_UART_init)
                  000027b4    00000048     oled.o (.text.OLED_DisplayTurn)
                  000027fc    00000048     oled.o (.text.OLED_DrawPoint)
                  00002844    00000048     ti_msp_dl_config.o (.text.SYSCFG_DL_PRINT_init)
                  0000288c    00000044     driverlib.a : dl_sysctl_mspm0g1x0x_g3x0x.o (.text.DL_SYSCTL_switchMCLKfromSYSOSCtoHSCLK)
                  000028d0    00000040                 : dl_adc12.o (.text.DL_ADC12_setClockConfig)
                  00002910    00000040     libclang_rt.builtins.a : aeabi_uidivmod.S.obj (.text.__aeabi_uidivmod)
                  00002950    00000040                            : extendsfdf2.S.obj (.text.__extendsfdf2)
                  00002990    00000040     libc.a : atoi.c.obj (.text.atoi)
                  000029d0    0000003c            : autoinit.c.obj (.text:__TI_auto_init_nobinit_nopinit)
                  00002a0c    0000003a     libclang_rt.builtins.a : muldsi3.S.obj (.text.__muldsi3)
                  00002a46    00000002     --HOLE-- [fill = 0]
                  00002a48    00000038     libc.a : sprintf.c.obj (.text.sprintf)
                  00002a80    00000034     oled.o (.text.OLED_ColorTurn)
                  00002ab4    00000034     uart.o (.text.UART0_IRQHandler)
                  00002ae8    00000030     main.o (.text.DL_ADC12_getMemResult)
                  00002b18    00000030     driverlib.a : dl_uart.o (.text.DL_UART_transmitDataBlocking)
                  00002b48    00000030     libc.a : _printfi.c.obj (.text._fcpy)
                  00002b78    0000002c     main.o (.text.__NVIC_EnableIRQ)
                  00002ba4    0000002c     libclang_rt.builtins.a : floatsidf.S.obj (.text.__floatsidf)
                  00002bd0    00000028     oled.o (.text.DL_Common_updateReg)
                  00002bf8    00000028     ti_msp_dl_config.o (.text.DL_Common_updateReg)
                  00002c20    00000028     ti_msp_dl_config.o (.text.DL_I2C_setControllerRXFIFOThreshold)
                  00002c48    00000028     ti_msp_dl_config.o (.text.DL_I2C_setControllerTXFIFOThreshold)
                  00002c70    00000028     ti_msp_dl_config.o (.text.SYSCFG_DL_VREF_init)
                  00002c98    00000028     libc.a : boot_cortex_m.c.obj (.text:_c_int00_noargs)
                  00002cc0    00000026     ti_msp_dl_config.o (.text.DL_I2C_setAnalogGlitchFilterPulseWidth)
                  00002ce6    00000026     driverlib.a : dl_i2c.o (.text.DL_I2C_setClockConfig)
                  00002d0c    00000024     ti_msp_dl_config.o (.text.DL_I2C_setDigitalGlitchFilterPulseWidth)
                  00002d30    00000024     libclang_rt.builtins.a : floatunsidf.S.obj (.text.__floatunsidf)
                  00002d54    00000024                            : muldi3.S.obj (.text.__muldi3)
                  00002d78    00000022     driverlib.a : dl_vref.o (.text.DL_VREF_configReference)
                  00002d9a    00000022     libc.a : memccpy.c.obj (.text.memccpy)
                  00002dbc    00000020     ti_msp_dl_config.o (.text.DL_GPIO_initPeripheralInputFunction)
                  00002ddc    00000020     ti_msp_dl_config.o (.text.DL_SYSCTL_setFlashWaitState)
                  00002dfc    00000020     ti_msp_dl_config.o (.text.SYSCFG_DL_init)
                  00002e1c    0000001e     ti_msp_dl_config.o (.text.DL_UART_setOversampling)
                  00002e3a    00000002     --HOLE-- [fill = 0]
                  00002e3c    0000001e     libclang_rt.builtins.a : ashldi3.S.obj (.text.__ashldi3)
                  00002e5a    00000002     --HOLE-- [fill = 0]
                  00002e5c    0000001c     main.o (.text.DL_ADC12_startConversion)
                  00002e78    0000001c     ti_msp_dl_config.o (.text.DL_GPIO_clearInterruptStatus)
                  00002e94    0000001c     ti_msp_dl_config.o (.text.DL_GPIO_enableHiZ)
                  00002eb0    0000001c     ti_msp_dl_config.o (.text.DL_GPIO_enableInterrupt)
                  00002ecc    0000001c     ti_msp_dl_config.o (.text.DL_GPIO_initPeripheralOutputFunction)
                  00002ee8    0000001c     ti_msp_dl_config.o (.text.DL_GPIO_setLowerPinsPolarity)
                  00002f04    0000001c     driverlib.a : dl_sysctl_mspm0g1x0x_g3x0x.o (.text.DL_SYSCTL_configFCC)
                  00002f20    0000001c     ti_msp_dl_config.o (.text.DL_SYSCTL_setFCCPeriods)
                  00002f3c    0000001c     ti_msp_dl_config.o (.text.DL_SYSCTL_setSYSOSCFreq)
                  00002f58    0000001c     ti_msp_dl_config.o (.text.DL_SYSCTL_setULPCLKDivider)
                  00002f74    0000001c     ti_msp_dl_config.o (.text.DL_UART_enableInterrupt)
                  00002f90    0000001c     uart.o (.text.UART_send_char)
                  00002fac    0000001c     delay.o (.text.delay_ms)
                  00002fc8    00000018     ti_msp_dl_config.o (.text.DL_ADC12_enablePower)
                  00002fe0    00000018     ti_msp_dl_config.o (.text.DL_ADC12_reset)
                  00002ff8    00000018     ti_msp_dl_config.o (.text.DL_GPIO_enableOutput)
                  00003010    00000018     ti_msp_dl_config.o (.text.DL_GPIO_enablePower)
                  00003028    00000018     ti_msp_dl_config.o (.text.DL_GPIO_initDigitalOutput)
                  00003040    00000018     ti_msp_dl_config.o (.text.DL_GPIO_initPeripheralAnalogFunction)
                  00003058    00000018     ti_msp_dl_config.o (.text.DL_GPIO_reset)
                  00003070    00000018     ti_msp_dl_config.o (.text.DL_I2C_enableAnalogGlitchFilter)
                  00003088    00000018     ti_msp_dl_config.o (.text.DL_I2C_enableController)
                  000030a0    00000018     ti_msp_dl_config.o (.text.DL_I2C_enableControllerClockStretching)
                  000030b8    00000018     ti_msp_dl_config.o (.text.DL_I2C_enablePower)
                  000030d0    00000018     ti_msp_dl_config.o (.text.DL_I2C_reset)
                  000030e8    00000018     ti_msp_dl_config.o (.text.DL_I2C_setTimerPeriod)
                  00003100    00000018     ti_msp_dl_config.o (.text.DL_SYSCTL_setBORThreshold)
                  00003118    00000018     ti_msp_dl_config.o (.text.DL_UART_enablePower)
                  00003130    00000018     ti_msp_dl_config.o (.text.DL_UART_reset)
                  00003148    00000018     ti_msp_dl_config.o (.text.DL_VREF_enablePower)
                  00003160    00000018     ti_msp_dl_config.o (.text.DL_VREF_reset)
                  00003178    00000018     libc.a : sprintf.c.obj (.text._outs)
                  00003190    00000016     main.o (.text.DL_ADC12_enableConversions)
                  000031a6    00000016     ti_msp_dl_config.o (.text.DL_ADC12_enableConversions)
                  000031bc    00000016     ti_msp_dl_config.o (.text.DL_UART_enable)
                  000031d2    00000014     ti_msp_dl_config.o (.text.DL_GPIO_clearPins)
                  000031e6    00000002     --HOLE-- [fill = 0]
                  000031e8    00000014     oled.o (.text.DL_I2C_getControllerStatus)
                  000031fc    00000014     ti_msp_dl_config.o (.text.DL_I2C_resetControllerTransfer)
                  00003210    00000014     ti_msp_dl_config.o (.text.DL_SYSCTL_disableSYSPLL)
                  00003224    00000014     ti_msp_dl_config.o (.text.DL_SYSCTL_enableSYSPLL)
                  00003238    00000014     uart.o (.text.DL_UART_receiveData)
                  0000324c    00000014     libclang_rt.builtins.a : aeabi_uldivmod.S.obj (.text.__aeabi_uldivmod)
                  00003260    00000014     libc.a : _printfi.c.obj (.text.strchr)
                  00003274    00000012     key.o (.text.DL_GPIO_getPendingInterrupt)
                  00003286    00000012     uart.o (.text.DL_UART_getPendingInterrupt)
                  00003298    00000012     driverlib.a : dl_uart.o (.text.DL_UART_setClockConfig)
                  000032aa    00000012                 : dl_vref.o (.text.DL_VREF_setClockConfig)
                  000032bc    00000012     libc.a : memcpy16.S.obj (.text:TI_memcpy_small)
                  000032ce    00000012            : copy_decompress_none.c.obj (.text:decompress:none)
                  000032e0    00000010     ti_msp_dl_config.o (.text.DL_SYSCTL_disableHFXT)
                  000032f0    00000010     ti_msp_dl_config.o (.text.DL_SYSCTL_isFCCDone)
                  00003300    00000010     ti_msp_dl_config.o (.text.DL_SYSCTL_startFCC)
                  00003310    00000010     libc.a : wcslen.c.obj (.text.wcslen)
                  00003320    00000010            : copy_zero_init.c.obj (.text:decompress:ZI)
                  00003330    0000000e     libclang_rt.builtins.a : aeabi_memset.S.obj (.text.__aeabi_memset)
                  0000333e    0000000e     libc.a : _printfi.c.obj (.text.strlen)
                  0000334c    0000000e            : memset16.S.obj (.text:TI_memset_small)
                  0000335a    00000002     --HOLE-- [fill = 0]
                  0000335c    0000000c     ti_msp_dl_config.o (.text.DL_SYSCTL_getClockStatus)
                  00003368    0000000c     ti_msp_dl_config.o (.text.DL_SYSCTL_readFCC)
                  00003374    0000000c     libclang_rt.builtins.a : aeabi_memset.S.obj (.text.__aeabi_memclr)
                  00003380    0000000a     driverlib.a : dl_common.o (.text.DL_Common_delayCycles)
                  0000338a    0000000a     libc.a : _printfi.c.obj (.text.OUTLINED_FUNCTION_0)
                  00003394    00000010     libclang_rt.builtins.a : adddf3.S.obj (.tramp.__aeabi_dsub.1)
                  000033a4    0000000a     libc.a : _printfi.c.obj (.text.OUTLINED_FUNCTION_1)
                  000033ae    0000000a            : sprintf.c.obj (.text._outc)
                  000033b8    00000008            : aeabi_portable.c.obj (.text.__aeabi_errno_addr)
                  000033c0    00000008     libclang_rt.builtins.a : aeabi_memcpy.S.obj (.text.__aeabi_memcpy)
                  000033c8    00000006     libc.a : exit.c.obj (.text:abort)
                  000033ce    00000004     startup_mspm0g350x_ticlang.o (.text.Default_Handler)
                  000033d2    00000004     libsysbm.a : hostexit.c.obj (.text.HOSTexit)
                  000033d6    00000004     startup_mspm0g350x_ticlang.o (.text.Reset_Handler)
                  000033da    00000004     libc.a : pre_init.c.obj (.text._system_pre_init)
                  000033de    00000002     --HOLE-- [fill = 0]

.cinit     0    00004d40    00000030     
                  00004d40    0000000c     (__TI_handler_table)
                  00004d4c    00000008     (.cinit..bss.load) [load image, compression = zero_init]
                  00004d54    00000007     (.cinit..data.load) [load image, compression = lzss]
                  00004d5b    00000001     --HOLE-- [fill = 0]
                  00004d5c    00000010     (__TI_cinit_table)
                  00004d6c    00000004     --HOLE-- [fill = 0]

.rodata    0    000033e0    00001960     
                  000033e0    00000d5c     oled.o (.rodata.asc2_2412)
                  0000413c    000005f0     oled.o (.rodata.asc2_1608)
                  0000472c    00000474     oled.o (.rodata.asc2_1206)
                  00004ba0    00000101     libc.a : aeabi_ctype.S.obj (.rodata:__aeabi_ctype_table_)
                  00004ca1    00000002     ti_msp_dl_config.o (.rodata.gOLEDClockConfig)
                  00004ca3    00000001     --HOLE-- [fill = 0]
                  00004ca4    00000028     ti_msp_dl_config.o (.rodata.gSYSPLLConfig)
                  00004ccc    00000011     libc.a : _printfi.c.obj (.rodata.str1.10348868589481759720.1)
                  00004cdd    00000011            : _printfi.c.obj (.rodata.str1.15363888844622738466.1)
                  00004cee    0000000c     main.o (.rodata.str1.15159059442110792349.1)
                  00004cfa    0000000a     ti_msp_dl_config.o (.rodata.gPRINTConfig)
                  00004d04    0000000a     main.o (.rodata.str1.17100691992556644108.1)
                  00004d0e    0000000a     main.o (.rodata.str1.18227636981041470289.1)
                  00004d18    0000000a     main.o (.rodata.str1.8154729771448623357.1)
                  00004d22    00000008     ti_msp_dl_config.o (.rodata.gVREFConfig)
                  00004d2a    00000002     ti_msp_dl_config.o (.rodata.gPRINTClockConfig)
                  00004d2c    00000008     ti_msp_dl_config.o (.rodata.gxuanniuClockConfig)
                  00004d34    00000002     ti_msp_dl_config.o (.rodata.gVREFClockConfig)
                  00004d36    0000000a     --HOLE-- [fill = 0]

.init_array 
*          0    00000000    00000000     UNINITIALIZED

.binit     0    00000000    00000000     

.bss       0    20200000    00000480     UNINITIALIZED
                  20200000    00000480     (.common:OLED_GRAM)

.data      0    20200480    00000008     UNINITIALIZED
                  20200480    00000004     libc.a : aeabi_portable.c.obj (.data.__aeabi_errno)
                  20200484    00000004     main.o (.data.status)

.stack     0    20207e00    00000200     UNINITIALIZED
                  20207e00    00000004     libc.a : boot_cortex_m.c.obj (.stack)
                  20207e04    000001fc     --HOLE--

__llvm_prf_cnts 
*          0    20200000    00000000     UNINITIALIZED

__llvm_prf_bits 
*          0    20200000    00000000     UNINITIALIZED

MODULE SUMMARY

       Module                         code    ro data   rw data
       ------                         ----    -------   -------
    .\
       oled.o                         1516    6080      1152   
       ti_msp_dl_config.o             2570    72        0      
       main.o                         426     42        4      
       startup_mspm0g350x_ticlang.o   8       192       0      
       uart.o                         118     0         0      
       key.o                          102     0         0      
       delay.o                        28      0         0      
    +--+------------------------------+-------+---------+---------+
       Total:                         4768    6386      1156   
                                                               
    C:/TI/mspm0_sdk_2_10_00_04/source/ti/driverlib/lib/ticlang/m0p/mspm0g1x0x_g3x0x/driverlib.a
       dl_sysctl_mspm0g1x0x_g3x0x.o   416     0         0      
       dl_uart.o                      138     0         0      
       dl_i2c.o                       132     0         0      
       dl_adc12.o                     64      0         0      
       dl_vref.o                      52      0         0      
       dl_common.o                    10      0         0      
    +--+------------------------------+-------+---------+---------+
       Total:                         812     0         0      
                                                               
    E:\ti\ccs2050\ccs\tools\compiler\ti-cgt-armllvm_4.0.4.LTS\lib\armv6m-ti-none-eabi/c/libc.a
       _printfi.c.obj                 4510    34        0      
       aeabi_ctype.S.obj              0       257       0      
       s_scalbn.c.obj                 216     0         0      
       copy_decompress_lzss.c.obj     124     0         0      
       s_frexp.c.obj                  92      0         0      
       sprintf.c.obj                  90      0         0      
       _ltoa.c.obj                    88      0         0      
       atoi.c.obj                     64      0         0      
       autoinit.c.obj                 60      0         0      
       boot_cortex_m.c.obj            40      0         0      
       memccpy.c.obj                  34      0         0      
       copy_decompress_none.c.obj     18      0         0      
       memcpy16.S.obj                 18      0         0      
       copy_zero_init.c.obj           16      0         0      
       wcslen.c.obj                   16      0         0      
       memset16.S.obj                 14      0         0      
       aeabi_portable.c.obj           8       0         4      
       exit.c.obj                     6       0         0      
       pre_init.c.obj                 4       0         0      
    +--+------------------------------+-------+---------+---------+
       Total:                         5418    291       4      
                                                               
    E:\ti\ccs2050\ccs\tools\compiler\ti-cgt-armllvm_4.0.4.LTS\lib\armv6m-ti-none-eabi/c/libsysbm.a
       hostexit.c.obj                 4       0         0      
    +--+------------------------------+-------+---------+---------+
       Total:                         4       0         0      
                                                               
    E:\ti\ccs2050\ccs\tools\compiler\ti-cgt-armllvm_4.0.4.LTS\lib\armv6m-ti-none-eabi/libclang_rt.builtins.a
       adddf3.S.obj                   418     0         0      
       divdf3.S.obj                   268     0         0      
       muldf3.S.obj                   228     0         0      
       comparedf2.c.obj               220     0         0      
       udivmoddi4.S.obj               162     0         0      
       truncdfsf2.S.obj               116     0         0      
       aeabi_dcmp.S.obj               98      0         0      
       aeabi_idivmod.S.obj            86      0         0      
       fixdfsi.S.obj                  74      0         0      
       aeabi_uidivmod.S.obj           64      0         0      
       extendsfdf2.S.obj              64      0         0      
       muldsi3.S.obj                  58      0         0      
       floatsidf.S.obj                44      0         0      
       floatunsidf.S.obj              36      0         0      
       muldi3.S.obj                   36      0         0      
       ashldi3.S.obj                  30      0         0      
       aeabi_memset.S.obj             26      0         0      
       aeabi_uldivmod.S.obj           20      0         0      
       aeabi_memcpy.S.obj             8       0         0      
       aeabi_div0.c.obj               4       0         0      
    +--+------------------------------+-------+---------+---------+
       Total:                         2060    0         0      
                                                               
       Stack:                         0       0         512    
       Linker Generated:              0       43        0      
    +--+------------------------------+-------+---------+---------+
       Grand Total:                   13062   6720      1672   


LINKER GENERATED COPY TABLES

__TI_cinit_table @ 00004d5c records: 2, size/record: 8, table size: 16
	.bss: load addr=00004d4c, load size=00000008 bytes, run addr=20200000, run size=00000480 bytes, compression=zero_init
	.data: load addr=00004d54, load size=00000007 bytes, run addr=20200480, run size=00000008 bytes, compression=lzss


LINKER GENERATED HANDLER TABLE

__TI_handler_table @ 00004d40 records: 3, size/record: 4, table size: 12
	index: 0, handler: __TI_decompress_lzss
	index: 1, handler: __TI_decompress_none
	index: 2, handler: __TI_zero_init


FAR CALL TRAMPOLINES

callee name               trampoline name
   callee addr  tramp addr   call addr  call info
--------------  -----------  ---------  ----------------
__aeabi_dsub              $Tramp$TT$L$PI$$__aeabi_dsub
   00000e8d     00003394     00003392   libc.a : _printfi.c.obj (.text.OUTLINED_FUNCTION_0)

[1 trampolines]
[1 trampoline calls]


GLOBAL SYMBOLS: SORTED ALPHABETICALLY BY Name 

address   name                                 
-------   ----                                 
000033cf  ADC0_IRQHandler                      
000033cf  ADC1_IRQHandler                      
000033cf  AES_IRQHandler                       
000033d2  C$$EXIT                              
000033cf  CANFD0_IRQHandler                    
000033cf  DAC0_IRQHandler                      
000028d1  DL_ADC12_setClockConfig              
00003381  DL_Common_delayCycles                
000022e5  DL_I2C_fillControllerTXFIFO          
00002ce7  DL_I2C_setClockConfig                
00002f05  DL_SYSCTL_configFCC                  
000018c1  DL_SYSCTL_configSYSPLL               
000020f9  DL_SYSCTL_setHFCLKSourceHFXTParams   
0000288d  DL_SYSCTL_switchMCLKfromSYSOSCtoHSCLK
0000276d  DL_UART_init                         
00003299  DL_UART_setClockConfig               
00002b19  DL_UART_transmitDataBlocking         
00002d79  DL_VREF_configReference              
000032ab  DL_VREF_setClockConfig               
000033cf  DMA_IRQHandler                       
000033cf  Default_Handler                      
000033cf  GROUP0_IRQHandler                    
000024a9  GROUP1_IRQHandler                    
000033d3  HOSTexit                             
000033cf  HardFault_Handler                    
000033cf  I2C0_IRQHandler                      
000033cf  I2C1_IRQHandler                      
000033cf  NMI_Handler                          
00002225  OLED_Clear                           
0000215d  OLED_ClearPoint                      
00002a81  OLED_ColorTurn                       
000027b5  OLED_DisplayTurn                     
000027fd  OLED_DrawPoint                       
20200000  OLED_GRAM                            
000015fd  OLED_Init                            
00001c81  OLED_Refresh                         
00001021  OLED_ShowChar                        
00001be7  OLED_ShowString                      
00001df5  OLED_WR_Byte                         
000033cf  PendSV_Handler                       
000033cf  RTC_IRQHandler                       
000033d7  Reset_Handler                        
000033cf  SPI0_IRQHandler                      
000033cf  SPI1_IRQHandler                      
000033cf  SVC_Handler                          
00001a75  SYSCFG_DL_GPIO_init                  
00002285  SYSCFG_DL_OLED_init                  
00002845  SYSCFG_DL_PRINT_init                 
000016f5  SYSCFG_DL_SYSCTL_SYSPLL_init         
00001e69  SYSCFG_DL_SYSCTL_init                
00002c71  SYSCFG_DL_VREF_init                  
00002dfd  SYSCFG_DL_init                       
00001cfd  SYSCFG_DL_initPower                  
00002689  SYSCFG_DL_xuanniu_init               
000033cf  SysTick_Handler                      
000033cf  TIMA0_IRQHandler                     
000033cf  TIMA1_IRQHandler                     
000033cf  TIMG0_IRQHandler                     
000033cf  TIMG12_IRQHandler                    
000033cf  TIMG6_IRQHandler                     
000033cf  TIMG7_IRQHandler                     
000033cf  TIMG8_IRQHandler                     
000032bd  TI_memcpy_small                      
0000334d  TI_memset_small                      
00002ab5  UART0_IRQHandler                     
000033cf  UART1_IRQHandler                     
000033cf  UART2_IRQHandler                     
000033cf  UART3_IRQHandler                     
00002f91  UART_send_char                       
20208000  __STACK_END                          
00000200  __STACK_SIZE                         
00000000  __TI_ATRegion0_region_sz             
00000000  __TI_ATRegion0_src_addr              
00000000  __TI_ATRegion0_trg_addr              
00000000  __TI_ATRegion1_region_sz             
00000000  __TI_ATRegion1_src_addr              
00000000  __TI_ATRegion1_trg_addr              
00000000  __TI_ATRegion2_region_sz             
00000000  __TI_ATRegion2_src_addr              
00000000  __TI_ATRegion2_trg_addr              
00004d5c  __TI_CINIT_Base                      
00004d6c  __TI_CINIT_Limit                     
00004d6c  __TI_CINIT_Warm                      
00004d40  __TI_Handler_Table_Base              
00004d4c  __TI_Handler_Table_Limit             
000029d1  __TI_auto_init_nobinit_nopinit       
00001d79  __TI_decompress_lzss                 
000032cf  __TI_decompress_none                 
000023a1  __TI_ltoa                            
ffffffff  __TI_pprof_out_hndl                  
000000c1  __TI_printfi                         
ffffffff  __TI_prof_data_size                  
ffffffff  __TI_prof_data_start                 
00000000  __TI_static_base__                   
00003321  __TI_zero_init                       
00000e97  __adddf3                             
00004ba0  __aeabi_ctype_table_                 
00004ba0  __aeabi_ctype_table_C                
00001f51  __aeabi_d2f                          
00002721  __aeabi_d2iz                         
00000e97  __aeabi_dadd                         
000021c1  __aeabi_dcmpeq                       
000021fd  __aeabi_dcmpge                       
00002211  __aeabi_dcmpgt                       
000021e9  __aeabi_dcmple                       
000021d5  __aeabi_dcmplt                       
000014f1  __aeabi_ddiv                         
000017dd  __aeabi_dmul                         
00000e8d  __aeabi_dsub                         
20200480  __aeabi_errno                        
000033b9  __aeabi_errno_addr                   
00002951  __aeabi_f2d                          
00002ba5  __aeabi_i2d                          
00002451  __aeabi_idiv                         
0000101f  __aeabi_idiv0                        
00002451  __aeabi_idivmod                      
00001c7f  __aeabi_ldiv0                        
00002e3d  __aeabi_llsl                         
00002d55  __aeabi_lmul                         
00003375  __aeabi_memclr                       
00003375  __aeabi_memclr4                      
00003375  __aeabi_memclr8                      
000033c1  __aeabi_memcpy                       
000033c1  __aeabi_memcpy4                      
000033c1  __aeabi_memcpy8                      
00003331  __aeabi_memset                       
00003331  __aeabi_memset4                      
00003331  __aeabi_memset8                      
00002d31  __aeabi_ui2d                         
00002911  __aeabi_uidiv                        
00002911  __aeabi_uidivmod                     
0000324d  __aeabi_uldivmod                     
00002e3d  __ashldi3                            
ffffffff  __binit__                            
00001fc5  __cmpdf2                             
000014f1  __divdf3                             
00001fc5  __eqdf2                              
00002951  __extendsfdf2                        
00002721  __fixdfsi                            
00002ba5  __floatsidf                          
00002d31  __floatunsidf                        
00001edd  __gedf2                              
00001edd  __gtdf2                              
00001fc5  __ledf2                              
00001fc5  __ltdf2                              
UNDEFED   __mpu_init                           
000017dd  __muldf3                             
00002d55  __muldi3                             
00002a0d  __muldsi3                            
00001fc5  __nedf2                              
20207e00  __stack                              
20200000  __start___llvm_prf_bits              
20200000  __start___llvm_prf_cnts              
20200000  __stop___llvm_prf_bits               
20200000  __stop___llvm_prf_cnts               
00000e8d  __subdf3                             
00001f51  __truncdfsf2                         
00001b45  __udivmoddi4                         
00002c99  _c_int00_noargs                      
UNDEFED   _system_post_cinit                   
000033db  _system_pre_init                     
000033c9  abort                                
0000472c  asc2_1206                            
0000413c  asc2_1608                            
000033e0  asc2_2412                            
00002991  atoi                                 
ffffffff  binit                                
00002fad  delay_ms                             
00002345  frexp                                
00002345  frexpl                               
00000000  interruptVectors                     
0000199d  ldexp                                
0000199d  ldexpl                               
000013d5  main                                 
00002d9b  memccpy                              
0000199d  scalbn                               
0000199d  scalbnl                              
00002a49  sprintf                              
20200484  status                               
00003311  wcslen                               


GLOBAL SYMBOLS: SORTED BY Symbol Address 

address   name                                 
-------   ----                                 
00000000  __TI_ATRegion0_region_sz             
00000000  __TI_ATRegion0_src_addr              
00000000  __TI_ATRegion0_trg_addr              
00000000  __TI_ATRegion1_region_sz             
00000000  __TI_ATRegion1_src_addr              
00000000  __TI_ATRegion1_trg_addr              
00000000  __TI_ATRegion2_region_sz             
00000000  __TI_ATRegion2_src_addr              
00000000  __TI_ATRegion2_trg_addr              
00000000  __TI_static_base__                   
00000000  interruptVectors                     
000000c1  __TI_printfi                         
00000200  __STACK_SIZE                         
00000e8d  __aeabi_dsub                         
00000e8d  __subdf3                             
00000e97  __adddf3                             
00000e97  __aeabi_dadd                         
0000101f  __aeabi_idiv0                        
00001021  OLED_ShowChar                        
000013d5  main                                 
000014f1  __aeabi_ddiv                         
000014f1  __divdf3                             
000015fd  OLED_Init                            
000016f5  SYSCFG_DL_SYSCTL_SYSPLL_init         
000017dd  __aeabi_dmul                         
000017dd  __muldf3                             
000018c1  DL_SYSCTL_configSYSPLL               
0000199d  ldexp                                
0000199d  ldexpl                               
0000199d  scalbn                               
0000199d  scalbnl                              
00001a75  SYSCFG_DL_GPIO_init                  
00001b45  __udivmoddi4                         
00001be7  OLED_ShowString                      
00001c7f  __aeabi_ldiv0                        
00001c81  OLED_Refresh                         
00001cfd  SYSCFG_DL_initPower                  
00001d79  __TI_decompress_lzss                 
00001df5  OLED_WR_Byte                         
00001e69  SYSCFG_DL_SYSCTL_init                
00001edd  __gedf2                              
00001edd  __gtdf2                              
00001f51  __aeabi_d2f                          
00001f51  __truncdfsf2                         
00001fc5  __cmpdf2                             
00001fc5  __eqdf2                              
00001fc5  __ledf2                              
00001fc5  __ltdf2                              
00001fc5  __nedf2                              
000020f9  DL_SYSCTL_setHFCLKSourceHFXTParams   
0000215d  OLED_ClearPoint                      
000021c1  __aeabi_dcmpeq                       
000021d5  __aeabi_dcmplt                       
000021e9  __aeabi_dcmple                       
000021fd  __aeabi_dcmpge                       
00002211  __aeabi_dcmpgt                       
00002225  OLED_Clear                           
00002285  SYSCFG_DL_OLED_init                  
000022e5  DL_I2C_fillControllerTXFIFO          
00002345  frexp                                
00002345  frexpl                               
000023a1  __TI_ltoa                            
00002451  __aeabi_idiv                         
00002451  __aeabi_idivmod                      
000024a9  GROUP1_IRQHandler                    
00002689  SYSCFG_DL_xuanniu_init               
00002721  __aeabi_d2iz                         
00002721  __fixdfsi                            
0000276d  DL_UART_init                         
000027b5  OLED_DisplayTurn                     
000027fd  OLED_DrawPoint                       
00002845  SYSCFG_DL_PRINT_init                 
0000288d  DL_SYSCTL_switchMCLKfromSYSOSCtoHSCLK
000028d1  DL_ADC12_setClockConfig              
00002911  __aeabi_uidiv                        
00002911  __aeabi_uidivmod                     
00002951  __aeabi_f2d                          
00002951  __extendsfdf2                        
00002991  atoi                                 
000029d1  __TI_auto_init_nobinit_nopinit       
00002a0d  __muldsi3                            
00002a49  sprintf                              
00002a81  OLED_ColorTurn                       
00002ab5  UART0_IRQHandler                     
00002b19  DL_UART_transmitDataBlocking         
00002ba5  __aeabi_i2d                          
00002ba5  __floatsidf                          
00002c71  SYSCFG_DL_VREF_init                  
00002c99  _c_int00_noargs                      
00002ce7  DL_I2C_setClockConfig                
00002d31  __aeabi_ui2d                         
00002d31  __floatunsidf                        
00002d55  __aeabi_lmul                         
00002d55  __muldi3                             
00002d79  DL_VREF_configReference              
00002d9b  memccpy                              
00002dfd  SYSCFG_DL_init                       
00002e3d  __aeabi_llsl                         
00002e3d  __ashldi3                            
00002f05  DL_SYSCTL_configFCC                  
00002f91  UART_send_char                       
00002fad  delay_ms                             
0000324d  __aeabi_uldivmod                     
00003299  DL_UART_setClockConfig               
000032ab  DL_VREF_setClockConfig               
000032bd  TI_memcpy_small                      
000032cf  __TI_decompress_none                 
00003311  wcslen                               
00003321  __TI_zero_init                       
00003331  __aeabi_memset                       
00003331  __aeabi_memset4                      
00003331  __aeabi_memset8                      
0000334d  TI_memset_small                      
00003375  __aeabi_memclr                       
00003375  __aeabi_memclr4                      
00003375  __aeabi_memclr8                      
00003381  DL_Common_delayCycles                
000033b9  __aeabi_errno_addr                   
000033c1  __aeabi_memcpy                       
000033c1  __aeabi_memcpy4                      
000033c1  __aeabi_memcpy8                      
000033c9  abort                                
000033cf  ADC0_IRQHandler                      
000033cf  ADC1_IRQHandler                      
000033cf  AES_IRQHandler                       
000033cf  CANFD0_IRQHandler                    
000033cf  DAC0_IRQHandler                      
000033cf  DMA_IRQHandler                       
000033cf  Default_Handler                      
000033cf  GROUP0_IRQHandler                    
000033cf  HardFault_Handler                    
000033cf  I2C0_IRQHandler                      
000033cf  I2C1_IRQHandler                      
000033cf  NMI_Handler                          
000033cf  PendSV_Handler                       
000033cf  RTC_IRQHandler                       
000033cf  SPI0_IRQHandler                      
000033cf  SPI1_IRQHandler                      
000033cf  SVC_Handler                          
000033cf  SysTick_Handler                      
000033cf  TIMA0_IRQHandler                     
000033cf  TIMA1_IRQHandler                     
000033cf  TIMG0_IRQHandler                     
000033cf  TIMG12_IRQHandler                    
000033cf  TIMG6_IRQHandler                     
000033cf  TIMG7_IRQHandler                     
000033cf  TIMG8_IRQHandler                     
000033cf  UART1_IRQHandler                     
000033cf  UART2_IRQHandler                     
000033cf  UART3_IRQHandler                     
000033d2  C$$EXIT                              
000033d3  HOSTexit                             
000033d7  Reset_Handler                        
000033db  _system_pre_init                     
000033e0  asc2_2412                            
0000413c  asc2_1608                            
0000472c  asc2_1206                            
00004ba0  __aeabi_ctype_table_                 
00004ba0  __aeabi_ctype_table_C                
00004d40  __TI_Handler_Table_Base              
00004d4c  __TI_Handler_Table_Limit             
00004d5c  __TI_CINIT_Base                      
00004d6c  __TI_CINIT_Limit                     
00004d6c  __TI_CINIT_Warm                      
20200000  OLED_GRAM                            
20200000  __start___llvm_prf_bits              
20200000  __start___llvm_prf_cnts              
20200000  __stop___llvm_prf_bits               
20200000  __stop___llvm_prf_cnts               
20200480  __aeabi_errno                        
20200484  status                               
20207e00  __stack                              
20208000  __STACK_END                          
ffffffff  __TI_pprof_out_hndl                  
ffffffff  __TI_prof_data_size                  
ffffffff  __TI_prof_data_start                 
ffffffff  __binit__                            
ffffffff  binit                                
UNDEFED   __mpu_init                           
UNDEFED   _system_post_cinit                   

[180 symbols]
