******************************************************************************
            TI ARM Clang Linker PC v4.0.4                      
******************************************************************************
>> Linked Mon Apr 27 22:14:09 2026

OUTPUT FILE NAME:   <09_PWM_SERVO.out>
ENTRY POINT SYMBOL: "_c_int00_noargs"  address: 00001241


MEMORY CONFIGURATION

         name            origin    length      used     unused   attr    fill
----------------------  --------  ---------  --------  --------  ----  --------
  FLASH                 00000000   00020000  000019a0  0001e660  R  X
  SRAM                  20200000   00008000  00000724  000078dc  RW X
  BCR_CONFIG            41c00000   000000ff  00000000  000000ff  R   
  BSL_CONFIG            41c00100   00000080  00000000  00000080  R   


SEGMENT ALLOCATION MAP

run origin  load origin   length   init length attrs members
----------  ----------- ---------- ----------- ----- -------
00000000    00000000    000019a0   000019a0    r-x
  00000000    00000000    000000c0   000000c0    r-- .intvecs
  000000c0    000000c0    00001858   00001858    r-x .text
  00001918    00001918    00000058   00000058    r-- .rodata
  00001970    00001970    00000030   00000030    r-- .cinit
20200000    20200000    00000524   00000000    rw-
  20200000    20200000    00000520   00000000    rw- .bss
  20200520    20200520    00000004   00000000    rw- .data
20207e00    20207e00    00000200   00000000    rw-
  20207e00    20207e00    00000200   00000000    rw- .stack


SECTION ALLOCATION MAP

 output                                  attributes/
section   page    origin      length       input sections
--------  ----  ----------  ----------   ----------------
.intvecs   0    00000000    000000c0     
                  00000000    000000c0     startup_mspm0g350x_ticlang.o (.intvecs)

.text      0    000000c0    00001858     
                  000000c0    00000104     driverlib.a : dl_timer.o (.text.DL_Timer_initFourCCPWMMode)
                  000001c4    000000f8     oled.o (.text.OLED_Init)
                  000002bc    000000e8     ti_msp_dl_config.o (.text.SYSCFG_DL_SYSCTL_SYSPLL_init)
                  000003a4    000000e4     ti_msp_dl_config.o (.text.SYSCFG_DL_GPIO_init)
                  00000488    000000dc     driverlib.a : dl_sysctl_mspm0g1x0x_g3x0x.o (.text.DL_SYSCTL_configSYSPLL)
                  00000564    00000090     main.o (.text.main)
                  000005f4    0000008c     ti_msp_dl_config.o (.text.SYSCFG_DL_initPower)
                  00000680    0000007c     oled.o (.text.OLED_Refresh)
                  000006fc    0000007c     libc.a : copy_decompress_lzss.c.obj (.text:decompress:lzss)
                  00000778    00000074     oled.o (.text.OLED_WR_Byte)
                  000007ec    00000074     ti_msp_dl_config.o (.text.SYSCFG_DL_SYSCTL_init)
                  00000860    00000074     libclang_rt.builtins.a : comparedf2.c.obj (.text.__gedf2)
                  000008d4    0000006c     ti_msp_dl_config.o (.text.SYSCFG_DL_SERVO_init)
                  00000940    00000068     libclang_rt.builtins.a : comparedf2.c.obj (.text.__ledf2)
                  000009a8    00000064     ti_msp_dl_config.o (.text.DL_ADC12_initSingleSample)
                  00000a0c    00000064     driverlib.a : dl_sysctl_mspm0g1x0x_g3x0x.o (.text.DL_SYSCTL_setHFCLKSourceHFXTParams)
                  00000a70    00000062     libclang_rt.builtins.a : aeabi_dcmp.S.obj (.text.__aeabi_dcmp)
                  00000ad2    00000002                            : aeabi_div0.c.obj (.text.__aeabi_idiv0)
                  00000ad4    00000060     oled.o (.text.OLED_Clear)
                  00000b34    00000060     ti_msp_dl_config.o (.text.SYSCFG_DL_OLED_init)
                  00000b94    0000005e     driverlib.a : dl_i2c.o (.text.DL_I2C_fillControllerTXFIFO)
                  00000bf2    00000002     --HOLE-- [fill = 0]
                  00000bf4    00000056     libclang_rt.builtins.a : aeabi_idivmod.S.obj (.text.__aeabi_idivmod)
                  00000c4a    00000002     --HOLE-- [fill = 0]
                  00000c4c    00000054     key.o (.text.GROUP1_IRQHandler)
                  00000ca0    00000050     ti_msp_dl_config.o (.text.DL_GPIO_initPeripheralInputFunctionFeatures)
                  00000cf0    00000050     oled.o (.text.DL_I2C_startControllerTransfer)
                  00000d40    0000004c     ti_msp_dl_config.o (.text.DL_GPIO_initDigitalInputFeatures)
                  00000d8c    0000004c     ti_msp_dl_config.o (.text.DL_UART_setBaudRateDivisor)
                  00000dd8    0000004c     ti_msp_dl_config.o (.text.SYSCFG_DL_xuanniu_init)
                  00000e24    0000004a     ti_msp_dl_config.o (.text.DL_ADC12_configConversionMem)
                  00000e6e    00000002     --HOLE-- [fill = 0]
                  00000e70    00000048     driverlib.a : dl_uart.o (.text.DL_UART_init)
                  00000eb8    00000048     oled.o (.text.OLED_DisplayTurn)
                  00000f00    00000048     ti_msp_dl_config.o (.text.SYSCFG_DL_PRINT_init)
                  00000f48    00000044     driverlib.a : dl_sysctl_mspm0g1x0x_g3x0x.o (.text.DL_SYSCTL_switchMCLKfromSYSOSCtoHSCLK)
                  00000f8c    00000040                 : dl_adc12.o (.text.DL_ADC12_setClockConfig)
                  00000fcc    00000040     libclang_rt.builtins.a : aeabi_uidivmod.S.obj (.text.__aeabi_uidivmod)
                  0000100c    0000003c     ti_msp_dl_config.o (.text.DL_Timer_setCounterControl)
                  00001048    0000003c     libc.a : autoinit.c.obj (.text:__TI_auto_init_nobinit_nopinit)
                  00001084    00000034     oled.o (.text.OLED_ColorTurn)
                  000010b8    00000034     uart.o (.text.UART0_IRQHandler)
                  000010ec    00000030     driverlib.a : dl_uart.o (.text.DL_UART_transmitDataBlocking)
                  0000111c    00000030     ti_msp_dl_config.o (.text.SYSCFG_DL_init)
                  0000114c    0000002c     main.o (.text.__NVIC_EnableIRQ)
                  00001178    00000028     oled.o (.text.DL_Common_updateReg)
                  000011a0    00000028     ti_msp_dl_config.o (.text.DL_Common_updateReg)
                  000011c8    00000028     ti_msp_dl_config.o (.text.DL_I2C_setControllerRXFIFOThreshold)
                  000011f0    00000028     ti_msp_dl_config.o (.text.DL_I2C_setControllerTXFIFOThreshold)
                  00001218    00000028     ti_msp_dl_config.o (.text.SYSCFG_DL_VREF_init)
                  00001240    00000028     libc.a : boot_cortex_m.c.obj (.text:_c_int00_noargs)
                  00001268    00000026     ti_msp_dl_config.o (.text.DL_I2C_setAnalogGlitchFilterPulseWidth)
                  0000128e    00000026     driverlib.a : dl_i2c.o (.text.DL_I2C_setClockConfig)
                  000012b4    00000024     ti_msp_dl_config.o (.text.DL_I2C_setDigitalGlitchFilterPulseWidth)
                  000012d8    00000024     libclang_rt.builtins.a : floatunsidf.S.obj (.text.__floatunsidf)
                  000012fc    00000022     driverlib.a : dl_vref.o (.text.DL_VREF_configReference)
                  0000131e    00000002     --HOLE-- [fill = 0]
                  00001320    00000020     ti_msp_dl_config.o (.text.DL_GPIO_initPeripheralInputFunction)
                  00001340    00000020     ti_msp_dl_config.o (.text.DL_SYSCTL_setFlashWaitState)
                  00001360    0000001e     ti_msp_dl_config.o (.text.DL_UART_setOversampling)
                  0000137e    00000002     --HOLE-- [fill = 0]
                  00001380    0000001c     ti_msp_dl_config.o (.text.DL_GPIO_clearInterruptStatus)
                  0000139c    0000001c     ti_msp_dl_config.o (.text.DL_GPIO_enableHiZ)
                  000013b8    0000001c     ti_msp_dl_config.o (.text.DL_GPIO_enableInterrupt)
                  000013d4    0000001c     ti_msp_dl_config.o (.text.DL_GPIO_initPeripheralOutputFunction)
                  000013f0    0000001c     ti_msp_dl_config.o (.text.DL_GPIO_setLowerPinsPolarity)
                  0000140c    0000001c     driverlib.a : dl_sysctl_mspm0g1x0x_g3x0x.o (.text.DL_SYSCTL_configFCC)
                  00001428    0000001c     ti_msp_dl_config.o (.text.DL_SYSCTL_setFCCPeriods)
                  00001444    0000001c     ti_msp_dl_config.o (.text.DL_SYSCTL_setSYSOSCFreq)
                  00001460    0000001c     ti_msp_dl_config.o (.text.DL_SYSCTL_setULPCLKDivider)
                  0000147c    0000001c     driverlib.a : dl_timer.o (.text.DL_Timer_setCaptCompUpdateMethod)
                  00001498    0000001c                 : dl_timer.o (.text.DL_Timer_setClockConfig)
                  000014b4    0000001c     ti_msp_dl_config.o (.text.DL_UART_enableInterrupt)
                  000014d0    0000001c     uart.o (.text.UART_send_char)
                  000014ec    0000001c     delay.o (.text.delay_ms)
                  00001508    00000018     ti_msp_dl_config.o (.text.DL_ADC12_enablePower)
                  00001520    00000018     ti_msp_dl_config.o (.text.DL_ADC12_reset)
                  00001538    00000018     ti_msp_dl_config.o (.text.DL_GPIO_enableOutput)
                  00001550    00000018     ti_msp_dl_config.o (.text.DL_GPIO_enablePower)
                  00001568    00000018     ti_msp_dl_config.o (.text.DL_GPIO_initDigitalOutput)
                  00001580    00000018     ti_msp_dl_config.o (.text.DL_GPIO_initPeripheralAnalogFunction)
                  00001598    00000018     ti_msp_dl_config.o (.text.DL_GPIO_reset)
                  000015b0    00000018     ti_msp_dl_config.o (.text.DL_I2C_enableAnalogGlitchFilter)
                  000015c8    00000018     ti_msp_dl_config.o (.text.DL_I2C_enableController)
                  000015e0    00000018     ti_msp_dl_config.o (.text.DL_I2C_enableControllerClockStretching)
                  000015f8    00000018     ti_msp_dl_config.o (.text.DL_I2C_enablePower)
                  00001610    00000018     ti_msp_dl_config.o (.text.DL_I2C_reset)
                  00001628    00000018     ti_msp_dl_config.o (.text.DL_I2C_setTimerPeriod)
                  00001640    00000018     ti_msp_dl_config.o (.text.DL_SYSCTL_setBORThreshold)
                  00001658    00000018     ti_msp_dl_config.o (.text.DL_Timer_enablePower)
                  00001670    00000018     ti_msp_dl_config.o (.text.DL_Timer_reset)
                  00001688    00000018     driverlib.a : dl_timer.o (.text.DL_Timer_setCaptureCompareOutCtl)
                  000016a0    00000018     main.o (.text.DL_Timer_startCounter)
                  000016b8    00000018     ti_msp_dl_config.o (.text.DL_UART_enablePower)
                  000016d0    00000018     ti_msp_dl_config.o (.text.DL_UART_reset)
                  000016e8    00000018     ti_msp_dl_config.o (.text.DL_VREF_enablePower)
                  00001700    00000018     ti_msp_dl_config.o (.text.DL_VREF_reset)
                  00001718    00000016     main.o (.text.DL_ADC12_enableConversions)
                  0000172e    00000016     ti_msp_dl_config.o (.text.DL_ADC12_enableConversions)
                  00001744    00000016     ti_msp_dl_config.o (.text.DL_UART_enable)
                  0000175a    00000014     ti_msp_dl_config.o (.text.DL_GPIO_clearPins)
                  0000176e    00000002     --HOLE-- [fill = 0]
                  00001770    00000014     oled.o (.text.DL_I2C_getControllerStatus)
                  00001784    00000014     ti_msp_dl_config.o (.text.DL_I2C_resetControllerTransfer)
                  00001798    00000014     ti_msp_dl_config.o (.text.DL_SYSCTL_disableSYSPLL)
                  000017ac    00000014     ti_msp_dl_config.o (.text.DL_SYSCTL_enableSYSPLL)
                  000017c0    00000014     ti_msp_dl_config.o (.text.DL_Timer_enableClock)
                  000017d4    00000014     ti_msp_dl_config.o (.text.DL_Timer_setCCPDirection)
                  000017e8    00000014     uart.o (.text.DL_UART_receiveData)
                  000017fc    00000012     key.o (.text.DL_GPIO_getPendingInterrupt)
                  0000180e    00000012     uart.o (.text.DL_UART_getPendingInterrupt)
                  00001820    00000012     driverlib.a : dl_uart.o (.text.DL_UART_setClockConfig)
                  00001832    00000012                 : dl_vref.o (.text.DL_VREF_setClockConfig)
                  00001844    00000012     libc.a : memcpy16.S.obj (.text:TI_memcpy_small)
                  00001856    00000012            : copy_decompress_none.c.obj (.text:decompress:none)
                  00001868    00000010     ti_msp_dl_config.o (.text.DL_SYSCTL_disableHFXT)
                  00001878    00000010     ti_msp_dl_config.o (.text.DL_SYSCTL_isFCCDone)
                  00001888    00000010     ti_msp_dl_config.o (.text.DL_SYSCTL_startFCC)
                  00001898    00000010     driverlib.a : dl_timer.o (.text.DL_Timer_setCaptureCompareValue)
                  000018a8    00000010     libc.a : copy_zero_init.c.obj (.text:decompress:ZI)
                  000018b8    0000000e            : memset16.S.obj (.text:TI_memset_small)
                  000018c6    00000002     --HOLE-- [fill = 0]
                  000018c8    0000000c     ti_msp_dl_config.o (.text.DL_SYSCTL_getClockStatus)
                  000018d4    0000000c     ti_msp_dl_config.o (.text.DL_SYSCTL_readFCC)
                  000018e0    0000000c     libclang_rt.builtins.a : aeabi_memset.S.obj (.text.__aeabi_memclr)
                  000018ec    0000000a     driverlib.a : dl_common.o (.text.DL_Common_delayCycles)
                  000018f6    00000002     --HOLE-- [fill = 0]
                  000018f8    00000008     libclang_rt.builtins.a : aeabi_memcpy.S.obj (.text.__aeabi_memcpy)
                  00001900    00000006     libc.a : exit.c.obj (.text:abort)
                  00001906    00000004     startup_mspm0g350x_ticlang.o (.text.Default_Handler)
                  0000190a    00000004     libsysbm.a : hostexit.c.obj (.text.HOSTexit)
                  0000190e    00000004     startup_mspm0g350x_ticlang.o (.text.Reset_Handler)
                  00001912    00000004     libc.a : pre_init.c.obj (.text._system_pre_init)
                  00001916    00000002     --HOLE-- [fill = 0]

.cinit     0    00001970    00000030     
                  00001970    0000000c     (__TI_handler_table)
                  0000197c    00000008     (.cinit..bss.load) [load image, compression = zero_init]
                  00001984    00000007     (.cinit..data.load) [load image, compression = lzss]
                  0000198b    00000001     --HOLE-- [fill = 0]
                  0000198c    00000010     (__TI_cinit_table)
                  0000199c    00000004     --HOLE-- [fill = 0]

.rodata    0    00001918    00000058     
                  00001918    00000028     ti_msp_dl_config.o (.rodata.gSYSPLLConfig)
                  00001940    0000000a     ti_msp_dl_config.o (.rodata.gPRINTConfig)
                  0000194a    00000002     ti_msp_dl_config.o (.rodata.gOLEDClockConfig)
                  0000194c    00000008     ti_msp_dl_config.o (.rodata.gSERVOConfig)
                  00001954    00000008     ti_msp_dl_config.o (.rodata.gVREFConfig)
                  0000195c    00000008     ti_msp_dl_config.o (.rodata.gxuanniuClockConfig)
                  00001964    00000003     ti_msp_dl_config.o (.rodata.gSERVOClockConfig)
                  00001967    00000002     ti_msp_dl_config.o (.rodata.gPRINTClockConfig)
                  00001969    00000002     ti_msp_dl_config.o (.rodata.gVREFClockConfig)
                  0000196b    00000005     --HOLE-- [fill = 0]

.init_array 
*          0    00000000    00000000     UNINITIALIZED

.binit     0    00000000    00000000     

.bss       0    20200000    00000520     UNINITIALIZED
                  20200000    00000480     (.common:OLED_GRAM)
                  20200480    000000a0     (.common:gSERVOBackup)

.data      0    20200520    00000004     UNINITIALIZED
                  20200520    00000004     main.o (.data.status)

.stack     0    20207e00    00000200     UNINITIALIZED
                  20207e00    00000004     libc.a : boot_cortex_m.c.obj (.stack)
                  20207e04    000001fc     --HOLE--

__llvm_prf_cnts 
*          0    20200000    00000000     UNINITIALIZED

__llvm_prf_bits 
*          0    20200000    00000000     UNINITIALIZED

MODULE SUMMARY

       Module                         code   ro data   rw data
       ------                         ----   -------   -------
    .\
       ti_msp_dl_config.o             2878   83        160    
       oled.o                         848    0         1152   
       main.o                         234    0         4      
       startup_mspm0g350x_ticlang.o   8      192       0      
       uart.o                         118    0         0      
       key.o                          102    0         0      
       delay.o                        28     0         0      
    +--+------------------------------+------+---------+---------+
       Total:                         4216   275       1316   
                                                              
    C:/TI/mspm0_sdk_2_10_00_04/source/ti/driverlib/lib/ticlang/m0p/mspm0g1x0x_g3x0x/driverlib.a
       dl_sysctl_mspm0g1x0x_g3x0x.o   416    0         0      
       dl_timer.o                     356    0         0      
       dl_uart.o                      138    0         0      
       dl_i2c.o                       132    0         0      
       dl_adc12.o                     64     0         0      
       dl_vref.o                      52     0         0      
       dl_common.o                    10     0         0      
    +--+------------------------------+------+---------+---------+
       Total:                         1168   0         0      
                                                              
    E:\ti\ccs2050\ccs\tools\compiler\ti-cgt-armllvm_4.0.4.LTS\lib\armv6m-ti-none-eabi/c/libc.a
       copy_decompress_lzss.c.obj     124    0         0      
       autoinit.c.obj                 60     0         0      
       boot_cortex_m.c.obj            40     0         0      
       copy_decompress_none.c.obj     18     0         0      
       memcpy16.S.obj                 18     0         0      
       copy_zero_init.c.obj           16     0         0      
       memset16.S.obj                 14     0         0      
       exit.c.obj                     6      0         0      
       pre_init.c.obj                 4      0         0      
    +--+------------------------------+------+---------+---------+
       Total:                         300    0         0      
                                                              
    E:\ti\ccs2050\ccs\tools\compiler\ti-cgt-armllvm_4.0.4.LTS\lib\armv6m-ti-none-eabi/c/libsysbm.a
       hostexit.c.obj                 4      0         0      
    +--+------------------------------+------+---------+---------+
       Total:                         4      0         0      
                                                              
    E:\ti\ccs2050\ccs\tools\compiler\ti-cgt-armllvm_4.0.4.LTS\lib\armv6m-ti-none-eabi/libclang_rt.builtins.a
       comparedf2.c.obj               220    0         0      
       aeabi_dcmp.S.obj               98     0         0      
       aeabi_idivmod.S.obj            86     0         0      
       aeabi_uidivmod.S.obj           64     0         0      
       floatunsidf.S.obj              36     0         0      
       aeabi_memset.S.obj             12     0         0      
       aeabi_memcpy.S.obj             8      0         0      
       aeabi_div0.c.obj               2      0         0      
    +--+------------------------------+------+---------+---------+
       Total:                         526    0         0      
                                                              
       Stack:                         0      0         512    
       Linker Generated:              0      43        0      
    +--+------------------------------+------+---------+---------+
       Grand Total:                   6214   318       1828   


LINKER GENERATED COPY TABLES

__TI_cinit_table @ 0000198c records: 2, size/record: 8, table size: 16
	.bss: load addr=0000197c, load size=00000008 bytes, run addr=20200000, run size=00000520 bytes, compression=zero_init
	.data: load addr=00001984, load size=00000007 bytes, run addr=20200520, run size=00000004 bytes, compression=lzss


LINKER GENERATED HANDLER TABLE

__TI_handler_table @ 00001970 records: 3, size/record: 4, table size: 12
	index: 0, handler: __TI_decompress_lzss
	index: 1, handler: __TI_decompress_none
	index: 2, handler: __TI_zero_init


GLOBAL SYMBOLS: SORTED ALPHABETICALLY BY Name 

address   name                                 
-------   ----                                 
00001907  ADC0_IRQHandler                      
00001907  ADC1_IRQHandler                      
00001907  AES_IRQHandler                       
0000190a  C$$EXIT                              
00001907  CANFD0_IRQHandler                    
00001907  DAC0_IRQHandler                      
00000f8d  DL_ADC12_setClockConfig              
000018ed  DL_Common_delayCycles                
00000b95  DL_I2C_fillControllerTXFIFO          
0000128f  DL_I2C_setClockConfig                
0000140d  DL_SYSCTL_configFCC                  
00000489  DL_SYSCTL_configSYSPLL               
00000a0d  DL_SYSCTL_setHFCLKSourceHFXTParams   
00000f49  DL_SYSCTL_switchMCLKfromSYSOSCtoHSCLK
000000c1  DL_Timer_initFourCCPWMMode           
0000147d  DL_Timer_setCaptCompUpdateMethod     
00001689  DL_Timer_setCaptureCompareOutCtl     
00001899  DL_Timer_setCaptureCompareValue      
00001499  DL_Timer_setClockConfig              
00000e71  DL_UART_init                         
00001821  DL_UART_setClockConfig               
000010ed  DL_UART_transmitDataBlocking         
000012fd  DL_VREF_configReference              
00001833  DL_VREF_setClockConfig               
00001907  DMA_IRQHandler                       
00001907  Default_Handler                      
00001907  GROUP0_IRQHandler                    
00000c4d  GROUP1_IRQHandler                    
0000190b  HOSTexit                             
00001907  HardFault_Handler                    
00001907  I2C0_IRQHandler                      
00001907  I2C1_IRQHandler                      
00001907  NMI_Handler                          
00000ad5  OLED_Clear                           
00001085  OLED_ColorTurn                       
00000eb9  OLED_DisplayTurn                     
20200000  OLED_GRAM                            
000001c5  OLED_Init                            
00000681  OLED_Refresh                         
00000779  OLED_WR_Byte                         
00001907  PendSV_Handler                       
00001907  RTC_IRQHandler                       
0000190f  Reset_Handler                        
00001907  SPI0_IRQHandler                      
00001907  SPI1_IRQHandler                      
00001907  SVC_Handler                          
000003a5  SYSCFG_DL_GPIO_init                  
00000b35  SYSCFG_DL_OLED_init                  
00000f01  SYSCFG_DL_PRINT_init                 
000008d5  SYSCFG_DL_SERVO_init                 
000002bd  SYSCFG_DL_SYSCTL_SYSPLL_init         
000007ed  SYSCFG_DL_SYSCTL_init                
00001219  SYSCFG_DL_VREF_init                  
0000111d  SYSCFG_DL_init                       
000005f5  SYSCFG_DL_initPower                  
00000dd9  SYSCFG_DL_xuanniu_init               
00001907  SysTick_Handler                      
00001907  TIMA0_IRQHandler                     
00001907  TIMA1_IRQHandler                     
00001907  TIMG0_IRQHandler                     
00001907  TIMG12_IRQHandler                    
00001907  TIMG6_IRQHandler                     
00001907  TIMG7_IRQHandler                     
00001907  TIMG8_IRQHandler                     
00001845  TI_memcpy_small                      
000018b9  TI_memset_small                      
000010b9  UART0_IRQHandler                     
00001907  UART1_IRQHandler                     
00001907  UART2_IRQHandler                     
00001907  UART3_IRQHandler                     
000014d1  UART_send_char                       
20208000  __STACK_END                          
00000200  __STACK_SIZE                         
00000000  __TI_ATRegion0_region_sz             
00000000  __TI_ATRegion0_src_addr              
00000000  __TI_ATRegion0_trg_addr              
00000000  __TI_ATRegion1_region_sz             
00000000  __TI_ATRegion1_src_addr              
00000000  __TI_ATRegion1_trg_addr              
00000000  __TI_ATRegion2_region_sz             
00000000  __TI_ATRegion2_src_addr              
00000000  __TI_ATRegion2_trg_addr              
0000198c  __TI_CINIT_Base                      
0000199c  __TI_CINIT_Limit                     
0000199c  __TI_CINIT_Warm                      
00001970  __TI_Handler_Table_Base              
0000197c  __TI_Handler_Table_Limit             
00001049  __TI_auto_init_nobinit_nopinit       
000006fd  __TI_decompress_lzss                 
00001857  __TI_decompress_none                 
ffffffff  __TI_pprof_out_hndl                  
ffffffff  __TI_prof_data_size                  
ffffffff  __TI_prof_data_start                 
00000000  __TI_static_base__                   
000018a9  __TI_zero_init                       
00000a71  __aeabi_dcmpeq                       
00000aad  __aeabi_dcmpge                       
00000ac1  __aeabi_dcmpgt                       
00000a99  __aeabi_dcmple                       
00000a85  __aeabi_dcmplt                       
00000bf5  __aeabi_idiv                         
00000ad3  __aeabi_idiv0                        
00000bf5  __aeabi_idivmod                      
000018e1  __aeabi_memclr                       
000018e1  __aeabi_memclr4                      
000018e1  __aeabi_memclr8                      
000018f9  __aeabi_memcpy                       
000018f9  __aeabi_memcpy4                      
000018f9  __aeabi_memcpy8                      
000012d9  __aeabi_ui2d                         
00000fcd  __aeabi_uidiv                        
00000fcd  __aeabi_uidivmod                     
ffffffff  __binit__                            
00000941  __cmpdf2                             
00000941  __eqdf2                              
000012d9  __floatunsidf                        
00000861  __gedf2                              
00000861  __gtdf2                              
00000941  __ledf2                              
00000941  __ltdf2                              
UNDEFED   __mpu_init                           
00000941  __nedf2                              
20207e00  __stack                              
20200000  __start___llvm_prf_bits              
20200000  __start___llvm_prf_cnts              
20200000  __stop___llvm_prf_bits               
20200000  __stop___llvm_prf_cnts               
00001241  _c_int00_noargs                      
UNDEFED   _system_post_cinit                   
00001913  _system_pre_init                     
00001901  abort                                
ffffffff  binit                                
000014ed  delay_ms                             
20200480  gSERVOBackup                         
00000000  interruptVectors                     
00000565  main                                 
20200520  status                               


GLOBAL SYMBOLS: SORTED BY Symbol Address 

address   name                                 
-------   ----                                 
00000000  __TI_ATRegion0_region_sz             
00000000  __TI_ATRegion0_src_addr              
00000000  __TI_ATRegion0_trg_addr              
00000000  __TI_ATRegion1_region_sz             
00000000  __TI_ATRegion1_src_addr              
00000000  __TI_ATRegion1_trg_addr              
00000000  __TI_ATRegion2_region_sz             
00000000  __TI_ATRegion2_src_addr              
00000000  __TI_ATRegion2_trg_addr              
00000000  __TI_static_base__                   
00000000  interruptVectors                     
000000c1  DL_Timer_initFourCCPWMMode           
000001c5  OLED_Init                            
00000200  __STACK_SIZE                         
000002bd  SYSCFG_DL_SYSCTL_SYSPLL_init         
000003a5  SYSCFG_DL_GPIO_init                  
00000489  DL_SYSCTL_configSYSPLL               
00000565  main                                 
000005f5  SYSCFG_DL_initPower                  
00000681  OLED_Refresh                         
000006fd  __TI_decompress_lzss                 
00000779  OLED_WR_Byte                         
000007ed  SYSCFG_DL_SYSCTL_init                
00000861  __gedf2                              
00000861  __gtdf2                              
000008d5  SYSCFG_DL_SERVO_init                 
00000941  __cmpdf2                             
00000941  __eqdf2                              
00000941  __ledf2                              
00000941  __ltdf2                              
00000941  __nedf2                              
00000a0d  DL_SYSCTL_setHFCLKSourceHFXTParams   
00000a71  __aeabi_dcmpeq                       
00000a85  __aeabi_dcmplt                       
00000a99  __aeabi_dcmple                       
00000aad  __aeabi_dcmpge                       
00000ac1  __aeabi_dcmpgt                       
00000ad3  __aeabi_idiv0                        
00000ad5  OLED_Clear                           
00000b35  SYSCFG_DL_OLED_init                  
00000b95  DL_I2C_fillControllerTXFIFO          
00000bf5  __aeabi_idiv                         
00000bf5  __aeabi_idivmod                      
00000c4d  GROUP1_IRQHandler                    
00000dd9  SYSCFG_DL_xuanniu_init               
00000e71  DL_UART_init                         
00000eb9  OLED_DisplayTurn                     
00000f01  SYSCFG_DL_PRINT_init                 
00000f49  DL_SYSCTL_switchMCLKfromSYSOSCtoHSCLK
00000f8d  DL_ADC12_setClockConfig              
00000fcd  __aeabi_uidiv                        
00000fcd  __aeabi_uidivmod                     
00001049  __TI_auto_init_nobinit_nopinit       
00001085  OLED_ColorTurn                       
000010b9  UART0_IRQHandler                     
000010ed  DL_UART_transmitDataBlocking         
0000111d  SYSCFG_DL_init                       
00001219  SYSCFG_DL_VREF_init                  
00001241  _c_int00_noargs                      
0000128f  DL_I2C_setClockConfig                
000012d9  __aeabi_ui2d                         
000012d9  __floatunsidf                        
000012fd  DL_VREF_configReference              
0000140d  DL_SYSCTL_configFCC                  
0000147d  DL_Timer_setCaptCompUpdateMethod     
00001499  DL_Timer_setClockConfig              
000014d1  UART_send_char                       
000014ed  delay_ms                             
00001689  DL_Timer_setCaptureCompareOutCtl     
00001821  DL_UART_setClockConfig               
00001833  DL_VREF_setClockConfig               
00001845  TI_memcpy_small                      
00001857  __TI_decompress_none                 
00001899  DL_Timer_setCaptureCompareValue      
000018a9  __TI_zero_init                       
000018b9  TI_memset_small                      
000018e1  __aeabi_memclr                       
000018e1  __aeabi_memclr4                      
000018e1  __aeabi_memclr8                      
000018ed  DL_Common_delayCycles                
000018f9  __aeabi_memcpy                       
000018f9  __aeabi_memcpy4                      
000018f9  __aeabi_memcpy8                      
00001901  abort                                
00001907  ADC0_IRQHandler                      
00001907  ADC1_IRQHandler                      
00001907  AES_IRQHandler                       
00001907  CANFD0_IRQHandler                    
00001907  DAC0_IRQHandler                      
00001907  DMA_IRQHandler                       
00001907  Default_Handler                      
00001907  GROUP0_IRQHandler                    
00001907  HardFault_Handler                    
00001907  I2C0_IRQHandler                      
00001907  I2C1_IRQHandler                      
00001907  NMI_Handler                          
00001907  PendSV_Handler                       
00001907  RTC_IRQHandler                       
00001907  SPI0_IRQHandler                      
00001907  SPI1_IRQHandler                      
00001907  SVC_Handler                          
00001907  SysTick_Handler                      
00001907  TIMA0_IRQHandler                     
00001907  TIMA1_IRQHandler                     
00001907  TIMG0_IRQHandler                     
00001907  TIMG12_IRQHandler                    
00001907  TIMG6_IRQHandler                     
00001907  TIMG7_IRQHandler                     
00001907  TIMG8_IRQHandler                     
00001907  UART1_IRQHandler                     
00001907  UART2_IRQHandler                     
00001907  UART3_IRQHandler                     
0000190a  C$$EXIT                              
0000190b  HOSTexit                             
0000190f  Reset_Handler                        
00001913  _system_pre_init                     
00001970  __TI_Handler_Table_Base              
0000197c  __TI_Handler_Table_Limit             
0000198c  __TI_CINIT_Base                      
0000199c  __TI_CINIT_Limit                     
0000199c  __TI_CINIT_Warm                      
20200000  OLED_GRAM                            
20200000  __start___llvm_prf_bits              
20200000  __start___llvm_prf_cnts              
20200000  __stop___llvm_prf_bits               
20200000  __stop___llvm_prf_cnts               
20200480  gSERVOBackup                         
20200520  status                               
20207e00  __stack                              
20208000  __STACK_END                          
ffffffff  __TI_pprof_out_hndl                  
ffffffff  __TI_prof_data_size                  
ffffffff  __TI_prof_data_start                 
ffffffff  __binit__                            
ffffffff  binit                                
UNDEFED   __mpu_init                           
UNDEFED   _system_post_cinit                   

[137 symbols]
