******************************************************************************
            TI ARM Clang Linker PC v4.0.4                      
******************************************************************************
>> Linked Thu May  7 16:48:49 2026

OUTPUT FILE NAME:   <10_DC_MOTOR_PID_1.out>
ENTRY POINT SYMBOL: "_c_int00_noargs"  address: 0000146d


MEMORY CONFIGURATION

         name            origin    length      used     unused   attr    fill
----------------------  --------  ---------  --------  --------  ----  --------
  FLASH                 00000000   00020000  00001c30  0001e3d0  R  X
  SRAM                  20200000   00008000  00000724  000078dc  RW X
  BCR_CONFIG            41c00000   000000ff  00000000  000000ff  R   
  BSL_CONFIG            41c00100   00000080  00000000  00000080  R   


SEGMENT ALLOCATION MAP

run origin  load origin   length   init length attrs members
----------  ----------- ---------- ----------- ----- -------
00000000    00000000    00001c30   00001c30    r-x
  00000000    00000000    000000c0   000000c0    r-- .intvecs
  000000c0    000000c0    00001ae0   00001ae0    r-x .text
  00001ba0    00001ba0    00000060   00000060    r-- .rodata
  00001c00    00001c00    00000030   00000030    r-- .cinit
20200000    20200000    00000524   00000000    rw-
  20200000    20200000    00000520   00000000    rw- .bss
  20200520    20200520    00000004   00000000    rw- .data
20207e00    20207e00    00000200   00000000    rw-
  20207e00    20207e00    00000200   00000000    rw- .stack


SECTION ALLOCATION MAP

 output                                  attributes/
section   page    origin      length       input sections
--------  ----  ----------  ----------   ----------------
.intvecs   0    00000000    000000c0     
                  00000000    000000c0     startup_mspm0g350x_ticlang.o (.intvecs)

.text      0    000000c0    00001ae0     
                  000000c0    00000150     ti_msp_dl_config.o (.text.SYSCFG_DL_GPIO_init)
                  00000210    00000104     driverlib.a : dl_timer.o (.text.DL_Timer_initFourCCPWMMode)
                  00000314    000000f8     oled.o (.text.OLED_Init)
                  0000040c    000000e8     ti_msp_dl_config.o (.text.SYSCFG_DL_SYSCTL_SYSPLL_init)
                  000004f4    000000dc     driverlib.a : dl_sysctl_mspm0g1x0x_g3x0x.o (.text.DL_SYSCTL_configSYSPLL)
                  000005d0    000000a0     ti_msp_dl_config.o (.text.SYSCFG_DL_initPower)
                  00000670    000000a0     motor.o (.text.motor_set_direction)
                  00000710    00000080     main.o (.text.main)
                  00000790    0000007c     oled.o (.text.OLED_Refresh)
                  0000080c    0000007c     libc.a : copy_decompress_lzss.c.obj (.text:decompress:lzss)
                  00000888    00000074     oled.o (.text.OLED_WR_Byte)
                  000008fc    00000074     ti_msp_dl_config.o (.text.SYSCFG_DL_SYSCTL_init)
                  00000970    00000074     libclang_rt.builtins.a : comparedf2.c.obj (.text.__gedf2)
                  000009e4    0000006c     ti_msp_dl_config.o (.text.SYSCFG_DL_SERVO_init)
                  00000a50    00000068     libclang_rt.builtins.a : comparedf2.c.obj (.text.__ledf2)
                  00000ab8    00000068     motor.o (.text.motor_init)
                  00000b20    00000064     ti_msp_dl_config.o (.text.DL_ADC12_initSingleSample)
                  00000b84    00000064     driverlib.a : dl_sysctl_mspm0g1x0x_g3x0x.o (.text.DL_SYSCTL_setHFCLKSourceHFXTParams)
                  00000be8    00000064     ti_msp_dl_config.o (.text.SYSCFG_DL_PWMA_init)
                  00000c4c    00000062     libclang_rt.builtins.a : aeabi_dcmp.S.obj (.text.__aeabi_dcmp)
                  00000cae    00000002                            : aeabi_div0.c.obj (.text.__aeabi_idiv0)
                  00000cb0    00000060     oled.o (.text.OLED_Clear)
                  00000d10    00000060     ti_msp_dl_config.o (.text.SYSCFG_DL_OLED_init)
                  00000d70    0000005e     driverlib.a : dl_i2c.o (.text.DL_I2C_fillControllerTXFIFO)
                  00000dce    00000002     --HOLE-- [fill = 0]
                  00000dd0    00000056     libclang_rt.builtins.a : aeabi_idivmod.S.obj (.text.__aeabi_idivmod)
                  00000e26    00000002     --HOLE-- [fill = 0]
                  00000e28    00000054     key.o (.text.GROUP1_IRQHandler)
                  00000e7c    00000050     ti_msp_dl_config.o (.text.DL_GPIO_initPeripheralInputFunctionFeatures)
                  00000ecc    00000050     oled.o (.text.DL_I2C_startControllerTransfer)
                  00000f1c    0000004c     ti_msp_dl_config.o (.text.DL_GPIO_initDigitalInputFeatures)
                  00000f68    0000004c     ti_msp_dl_config.o (.text.DL_UART_setBaudRateDivisor)
                  00000fb4    0000004c     ti_msp_dl_config.o (.text.SYSCFG_DL_xuanniu_init)
                  00001000    0000004c     motor.o (.text.motor_set_duty)
                  0000104c    0000004a     ti_msp_dl_config.o (.text.DL_ADC12_configConversionMem)
                  00001096    00000002     --HOLE-- [fill = 0]
                  00001098    00000048     driverlib.a : dl_uart.o (.text.DL_UART_init)
                  000010e0    00000048     oled.o (.text.OLED_DisplayTurn)
                  00001128    00000048     ti_msp_dl_config.o (.text.SYSCFG_DL_PRINT_init)
                  00001170    00000044     driverlib.a : dl_sysctl_mspm0g1x0x_g3x0x.o (.text.DL_SYSCTL_switchMCLKfromSYSOSCtoHSCLK)
                  000011b4    00000040                 : dl_adc12.o (.text.DL_ADC12_setClockConfig)
                  000011f4    00000040     libclang_rt.builtins.a : aeabi_uidivmod.S.obj (.text.__aeabi_uidivmod)
                  00001234    0000003c     ti_msp_dl_config.o (.text.DL_Timer_setCounterControl)
                  00001270    0000003c     libc.a : autoinit.c.obj (.text:__TI_auto_init_nobinit_nopinit)
                  000012ac    00000034     oled.o (.text.OLED_ColorTurn)
                  000012e0    00000034     ti_msp_dl_config.o (.text.SYSCFG_DL_init)
                  00001314    00000034     uart.o (.text.UART0_IRQHandler)
                  00001348    00000030     driverlib.a : dl_uart.o (.text.DL_UART_transmitDataBlocking)
                  00001378    0000002c     main.o (.text.__NVIC_EnableIRQ)
                  000013a4    00000028     oled.o (.text.DL_Common_updateReg)
                  000013cc    00000028     ti_msp_dl_config.o (.text.DL_Common_updateReg)
                  000013f4    00000028     ti_msp_dl_config.o (.text.DL_I2C_setControllerRXFIFOThreshold)
                  0000141c    00000028     ti_msp_dl_config.o (.text.DL_I2C_setControllerTXFIFOThreshold)
                  00001444    00000028     ti_msp_dl_config.o (.text.SYSCFG_DL_VREF_init)
                  0000146c    00000028     libc.a : boot_cortex_m.c.obj (.text:_c_int00_noargs)
                  00001494    00000026     ti_msp_dl_config.o (.text.DL_I2C_setAnalogGlitchFilterPulseWidth)
                  000014ba    00000026     driverlib.a : dl_i2c.o (.text.DL_I2C_setClockConfig)
                  000014e0    00000024     ti_msp_dl_config.o (.text.DL_I2C_setDigitalGlitchFilterPulseWidth)
                  00001504    00000024     libclang_rt.builtins.a : floatunsidf.S.obj (.text.__floatunsidf)
                  00001528    00000022     driverlib.a : dl_vref.o (.text.DL_VREF_configReference)
                  0000154a    00000002     --HOLE-- [fill = 0]
                  0000154c    00000020     ti_msp_dl_config.o (.text.DL_GPIO_initPeripheralInputFunction)
                  0000156c    00000020     ti_msp_dl_config.o (.text.DL_SYSCTL_setFlashWaitState)
                  0000158c    0000001e     ti_msp_dl_config.o (.text.DL_UART_setOversampling)
                  000015aa    00000002     --HOLE-- [fill = 0]
                  000015ac    0000001c     ti_msp_dl_config.o (.text.DL_GPIO_clearInterruptStatus)
                  000015c8    0000001c     ti_msp_dl_config.o (.text.DL_GPIO_enableHiZ)
                  000015e4    0000001c     ti_msp_dl_config.o (.text.DL_GPIO_enableInterrupt)
                  00001600    0000001c     ti_msp_dl_config.o (.text.DL_GPIO_initPeripheralOutputFunction)
                  0000161c    0000001c     ti_msp_dl_config.o (.text.DL_GPIO_setLowerPinsPolarity)
                  00001638    0000001c     driverlib.a : dl_sysctl_mspm0g1x0x_g3x0x.o (.text.DL_SYSCTL_configFCC)
                  00001654    0000001c     ti_msp_dl_config.o (.text.DL_SYSCTL_setFCCPeriods)
                  00001670    0000001c     ti_msp_dl_config.o (.text.DL_SYSCTL_setSYSOSCFreq)
                  0000168c    0000001c     ti_msp_dl_config.o (.text.DL_SYSCTL_setULPCLKDivider)
                  000016a8    0000001c     driverlib.a : dl_timer.o (.text.DL_Timer_setCaptCompUpdateMethod)
                  000016c4    0000001c                 : dl_timer.o (.text.DL_Timer_setClockConfig)
                  000016e0    0000001c     ti_msp_dl_config.o (.text.DL_UART_enableInterrupt)
                  000016fc    0000001c     uart.o (.text.UART_send_char)
                  00001718    0000001c     delay.o (.text.delay_ms)
                  00001734    00000018     ti_msp_dl_config.o (.text.DL_ADC12_enablePower)
                  0000174c    00000018     ti_msp_dl_config.o (.text.DL_ADC12_reset)
                  00001764    00000018     ti_msp_dl_config.o (.text.DL_GPIO_enableOutput)
                  0000177c    00000018     ti_msp_dl_config.o (.text.DL_GPIO_enablePower)
                  00001794    00000018     ti_msp_dl_config.o (.text.DL_GPIO_initDigitalOutput)
                  000017ac    00000018     ti_msp_dl_config.o (.text.DL_GPIO_initPeripheralAnalogFunction)
                  000017c4    00000018     ti_msp_dl_config.o (.text.DL_GPIO_reset)
                  000017dc    00000018     motor.o (.text.DL_GPIO_setPins)
                  000017f4    00000018     ti_msp_dl_config.o (.text.DL_GPIO_setUpperPinsPolarity)
                  0000180c    00000018     ti_msp_dl_config.o (.text.DL_I2C_enableAnalogGlitchFilter)
                  00001824    00000018     ti_msp_dl_config.o (.text.DL_I2C_enableController)
                  0000183c    00000018     ti_msp_dl_config.o (.text.DL_I2C_enableControllerClockStretching)
                  00001854    00000018     ti_msp_dl_config.o (.text.DL_I2C_enablePower)
                  0000186c    00000018     ti_msp_dl_config.o (.text.DL_I2C_reset)
                  00001884    00000018     ti_msp_dl_config.o (.text.DL_I2C_setTimerPeriod)
                  0000189c    00000018     ti_msp_dl_config.o (.text.DL_SYSCTL_setBORThreshold)
                  000018b4    00000018     ti_msp_dl_config.o (.text.DL_Timer_enablePower)
                  000018cc    00000018     ti_msp_dl_config.o (.text.DL_Timer_reset)
                  000018e4    00000018     driverlib.a : dl_timer.o (.text.DL_Timer_setCaptureCompareOutCtl)
                  000018fc    00000018     main.o (.text.DL_Timer_startCounter)
                  00001914    00000018     motor.o (.text.DL_Timer_startCounter)
                  0000192c    00000018     ti_msp_dl_config.o (.text.DL_UART_enablePower)
                  00001944    00000018     ti_msp_dl_config.o (.text.DL_UART_reset)
                  0000195c    00000018     ti_msp_dl_config.o (.text.DL_VREF_enablePower)
                  00001974    00000018     ti_msp_dl_config.o (.text.DL_VREF_reset)
                  0000198c    00000016     main.o (.text.DL_ADC12_enableConversions)
                  000019a2    00000016     ti_msp_dl_config.o (.text.DL_ADC12_enableConversions)
                  000019b8    00000016     ti_msp_dl_config.o (.text.DL_UART_enable)
                  000019ce    00000014     motor.o (.text.DL_GPIO_clearPins)
                  000019e2    00000014     ti_msp_dl_config.o (.text.DL_GPIO_clearPins)
                  000019f6    00000002     --HOLE-- [fill = 0]
                  000019f8    00000014     oled.o (.text.DL_I2C_getControllerStatus)
                  00001a0c    00000014     ti_msp_dl_config.o (.text.DL_I2C_resetControllerTransfer)
                  00001a20    00000014     ti_msp_dl_config.o (.text.DL_SYSCTL_disableSYSPLL)
                  00001a34    00000014     ti_msp_dl_config.o (.text.DL_SYSCTL_enableSYSPLL)
                  00001a48    00000014     ti_msp_dl_config.o (.text.DL_Timer_enableClock)
                  00001a5c    00000014     ti_msp_dl_config.o (.text.DL_Timer_setCCPDirection)
                  00001a70    00000014     uart.o (.text.DL_UART_receiveData)
                  00001a84    00000012     key.o (.text.DL_GPIO_getPendingInterrupt)
                  00001a96    00000012     uart.o (.text.DL_UART_getPendingInterrupt)
                  00001aa8    00000012     driverlib.a : dl_uart.o (.text.DL_UART_setClockConfig)
                  00001aba    00000012                 : dl_vref.o (.text.DL_VREF_setClockConfig)
                  00001acc    00000012     libc.a : memcpy16.S.obj (.text:TI_memcpy_small)
                  00001ade    00000012            : copy_decompress_none.c.obj (.text:decompress:none)
                  00001af0    00000010     ti_msp_dl_config.o (.text.DL_SYSCTL_disableHFXT)
                  00001b00    00000010     ti_msp_dl_config.o (.text.DL_SYSCTL_isFCCDone)
                  00001b10    00000010     ti_msp_dl_config.o (.text.DL_SYSCTL_startFCC)
                  00001b20    00000010     driverlib.a : dl_timer.o (.text.DL_Timer_setCaptureCompareValue)
                  00001b30    00000010     libc.a : copy_zero_init.c.obj (.text:decompress:ZI)
                  00001b40    0000000e            : memset16.S.obj (.text:TI_memset_small)
                  00001b4e    00000002     --HOLE-- [fill = 0]
                  00001b50    0000000c     ti_msp_dl_config.o (.text.DL_SYSCTL_getClockStatus)
                  00001b5c    0000000c     ti_msp_dl_config.o (.text.DL_SYSCTL_readFCC)
                  00001b68    0000000c     libclang_rt.builtins.a : aeabi_memset.S.obj (.text.__aeabi_memclr)
                  00001b74    0000000a     driverlib.a : dl_common.o (.text.DL_Common_delayCycles)
                  00001b7e    00000002     --HOLE-- [fill = 0]
                  00001b80    00000008     libclang_rt.builtins.a : aeabi_memcpy.S.obj (.text.__aeabi_memcpy)
                  00001b88    00000006     libc.a : exit.c.obj (.text:abort)
                  00001b8e    00000004     startup_mspm0g350x_ticlang.o (.text.Default_Handler)
                  00001b92    00000004     libsysbm.a : hostexit.c.obj (.text.HOSTexit)
                  00001b96    00000004     startup_mspm0g350x_ticlang.o (.text.Reset_Handler)
                  00001b9a    00000004     libc.a : pre_init.c.obj (.text._system_pre_init)
                  00001b9e    00000002     --HOLE-- [fill = 0]

.cinit     0    00001c00    00000030     
                  00001c00    0000000c     (__TI_handler_table)
                  00001c0c    00000008     (.cinit..bss.load) [load image, compression = zero_init]
                  00001c14    00000007     (.cinit..data.load) [load image, compression = lzss]
                  00001c1b    00000001     --HOLE-- [fill = 0]
                  00001c1c    00000010     (__TI_cinit_table)
                  00001c2c    00000004     --HOLE-- [fill = 0]

.rodata    0    00001ba0    00000060     
                  00001ba0    00000028     ti_msp_dl_config.o (.rodata.gSYSPLLConfig)
                  00001bc8    0000000a     ti_msp_dl_config.o (.rodata.gPRINTConfig)
                  00001bd2    00000002     ti_msp_dl_config.o (.rodata.gOLEDClockConfig)
                  00001bd4    00000008     ti_msp_dl_config.o (.rodata.gPWMAConfig)
                  00001bdc    00000008     ti_msp_dl_config.o (.rodata.gSERVOConfig)
                  00001be4    00000008     ti_msp_dl_config.o (.rodata.gVREFConfig)
                  00001bec    00000008     ti_msp_dl_config.o (.rodata.gxuanniuClockConfig)
                  00001bf4    00000003     ti_msp_dl_config.o (.rodata.gPWMAClockConfig)
                  00001bf7    00000003     ti_msp_dl_config.o (.rodata.gSERVOClockConfig)
                  00001bfa    00000002     ti_msp_dl_config.o (.rodata.gPRINTClockConfig)
                  00001bfc    00000002     ti_msp_dl_config.o (.rodata.gVREFClockConfig)
                  00001bfe    00000002     --HOLE-- [fill = 0]

.init_array 
*          0    00000000    00000000     UNINITIALIZED

.binit     0    00000000    00000000     

.bss       0    20200000    00000520     UNINITIALIZED
                  20200000    00000480     (.common:OLED_GRAM)
                  20200480    000000a0     (.common:gSERVOBackup)

.data      0    20200520    00000004     UNINITIALIZED
                  20200520    00000004     main.o (.data.status)

.stack     0    20207e00    00000200     UNINITIALIZED
                  20207e00    00000004     libc.a : boot_cortex_m.c.obj (.stack)
                  20207e04    000001fc     --HOLE--

__llvm_prf_cnts 
*          0    20200000    00000000     UNINITIALIZED

__llvm_prf_bits 
*          0    20200000    00000000     UNINITIALIZED

MODULE SUMMARY

       Module                         code   ro data   rw data
       ------                         ----   -------   -------
    .\
       ti_msp_dl_config.o             3134   94        160    
       main.o                         218    0         4      
       startup_mspm0g350x_ticlang.o   8      192       0      
    +--+------------------------------+------+---------+---------+
       Total:                         3360   286       164    
                                                              
    .\user_driver\
       oled.o                         848    0         1152   
       motor.o                        408    0         0      
       uart.o                         118    0         0      
       key.o                          102    0         0      
       delay.o                        28     0         0      
    +--+------------------------------+------+---------+---------+
       Total:                         1504   0         1152   
                                                              
    C:/TI/mspm0_sdk_2_10_00_04/source/ti/driverlib/lib/ticlang/m0p/mspm0g1x0x_g3x0x/driverlib.a
       dl_sysctl_mspm0g1x0x_g3x0x.o   416    0         0      
       dl_timer.o                     356    0         0      
       dl_uart.o                      138    0         0      
       dl_i2c.o                       132    0         0      
       dl_adc12.o                     64     0         0      
       dl_vref.o                      52     0         0      
       dl_common.o                    10     0         0      
    +--+------------------------------+------+---------+---------+
       Total:                         1168   0         0      
                                                              
    E:\ti\ccs2050\ccs\tools\compiler\ti-cgt-armllvm_4.0.4.LTS\lib\armv6m-ti-none-eabi/c/libc.a
       copy_decompress_lzss.c.obj     124    0         0      
       autoinit.c.obj                 60     0         0      
       boot_cortex_m.c.obj            40     0         0      
       copy_decompress_none.c.obj     18     0         0      
       memcpy16.S.obj                 18     0         0      
       copy_zero_init.c.obj           16     0         0      
       memset16.S.obj                 14     0         0      
       exit.c.obj                     6      0         0      
       pre_init.c.obj                 4      0         0      
    +--+------------------------------+------+---------+---------+
       Total:                         300    0         0      
                                                              
    E:\ti\ccs2050\ccs\tools\compiler\ti-cgt-armllvm_4.0.4.LTS\lib\armv6m-ti-none-eabi/c/libsysbm.a
       hostexit.c.obj                 4      0         0      
    +--+------------------------------+------+---------+---------+
       Total:                         4      0         0      
                                                              
    E:\ti\ccs2050\ccs\tools\compiler\ti-cgt-armllvm_4.0.4.LTS\lib\armv6m-ti-none-eabi/libclang_rt.builtins.a
       comparedf2.c.obj               220    0         0      
       aeabi_dcmp.S.obj               98     0         0      
       aeabi_idivmod.S.obj            86     0         0      
       aeabi_uidivmod.S.obj           64     0         0      
       floatunsidf.S.obj              36     0         0      
       aeabi_memset.S.obj             12     0         0      
       aeabi_memcpy.S.obj             8      0         0      
       aeabi_div0.c.obj               2      0         0      
    +--+------------------------------+------+---------+---------+
       Total:                         526    0         0      
                                                              
       Stack:                         0      0         512    
       Linker Generated:              0      43        0      
    +--+------------------------------+------+---------+---------+
       Grand Total:                   6862   329       1828   


LINKER GENERATED COPY TABLES

__TI_cinit_table @ 00001c1c records: 2, size/record: 8, table size: 16
	.bss: load addr=00001c0c, load size=00000008 bytes, run addr=20200000, run size=00000520 bytes, compression=zero_init
	.data: load addr=00001c14, load size=00000007 bytes, run addr=20200520, run size=00000004 bytes, compression=lzss


LINKER GENERATED HANDLER TABLE

__TI_handler_table @ 00001c00 records: 3, size/record: 4, table size: 12
	index: 0, handler: __TI_decompress_lzss
	index: 1, handler: __TI_decompress_none
	index: 2, handler: __TI_zero_init


GLOBAL SYMBOLS: SORTED ALPHABETICALLY BY Name 

address   name                                 
-------   ----                                 
00001b8f  ADC0_IRQHandler                      
00001b8f  ADC1_IRQHandler                      
00001b8f  AES_IRQHandler                       
00001b92  C$$EXIT                              
00001b8f  CANFD0_IRQHandler                    
00001b8f  DAC0_IRQHandler                      
000011b5  DL_ADC12_setClockConfig              
00001b75  DL_Common_delayCycles                
00000d71  DL_I2C_fillControllerTXFIFO          
000014bb  DL_I2C_setClockConfig                
00001639  DL_SYSCTL_configFCC                  
000004f5  DL_SYSCTL_configSYSPLL               
00000b85  DL_SYSCTL_setHFCLKSourceHFXTParams   
00001171  DL_SYSCTL_switchMCLKfromSYSOSCtoHSCLK
00000211  DL_Timer_initFourCCPWMMode           
000016a9  DL_Timer_setCaptCompUpdateMethod     
000018e5  DL_Timer_setCaptureCompareOutCtl     
00001b21  DL_Timer_setCaptureCompareValue      
000016c5  DL_Timer_setClockConfig              
00001099  DL_UART_init                         
00001aa9  DL_UART_setClockConfig               
00001349  DL_UART_transmitDataBlocking         
00001529  DL_VREF_configReference              
00001abb  DL_VREF_setClockConfig               
00001b8f  DMA_IRQHandler                       
00001b8f  Default_Handler                      
00001b8f  GROUP0_IRQHandler                    
00000e29  GROUP1_IRQHandler                    
00001b93  HOSTexit                             
00001b8f  HardFault_Handler                    
00001b8f  I2C0_IRQHandler                      
00001b8f  I2C1_IRQHandler                      
00001b8f  NMI_Handler                          
00000cb1  OLED_Clear                           
000012ad  OLED_ColorTurn                       
000010e1  OLED_DisplayTurn                     
20200000  OLED_GRAM                            
00000315  OLED_Init                            
00000791  OLED_Refresh                         
00000889  OLED_WR_Byte                         
00001b8f  PendSV_Handler                       
00001b8f  RTC_IRQHandler                       
00001b97  Reset_Handler                        
00001b8f  SPI0_IRQHandler                      
00001b8f  SPI1_IRQHandler                      
00001b8f  SVC_Handler                          
000000c1  SYSCFG_DL_GPIO_init                  
00000d11  SYSCFG_DL_OLED_init                  
00001129  SYSCFG_DL_PRINT_init                 
00000be9  SYSCFG_DL_PWMA_init                  
000009e5  SYSCFG_DL_SERVO_init                 
0000040d  SYSCFG_DL_SYSCTL_SYSPLL_init         
000008fd  SYSCFG_DL_SYSCTL_init                
00001445  SYSCFG_DL_VREF_init                  
000012e1  SYSCFG_DL_init                       
000005d1  SYSCFG_DL_initPower                  
00000fb5  SYSCFG_DL_xuanniu_init               
00001b8f  SysTick_Handler                      
00001b8f  TIMA0_IRQHandler                     
00001b8f  TIMA1_IRQHandler                     
00001b8f  TIMG0_IRQHandler                     
00001b8f  TIMG12_IRQHandler                    
00001b8f  TIMG6_IRQHandler                     
00001b8f  TIMG7_IRQHandler                     
00001b8f  TIMG8_IRQHandler                     
00001acd  TI_memcpy_small                      
00001b41  TI_memset_small                      
00001315  UART0_IRQHandler                     
00001b8f  UART1_IRQHandler                     
00001b8f  UART2_IRQHandler                     
00001b8f  UART3_IRQHandler                     
000016fd  UART_send_char                       
20208000  __STACK_END                          
00000200  __STACK_SIZE                         
00000000  __TI_ATRegion0_region_sz             
00000000  __TI_ATRegion0_src_addr              
00000000  __TI_ATRegion0_trg_addr              
00000000  __TI_ATRegion1_region_sz             
00000000  __TI_ATRegion1_src_addr              
00000000  __TI_ATRegion1_trg_addr              
00000000  __TI_ATRegion2_region_sz             
00000000  __TI_ATRegion2_src_addr              
00000000  __TI_ATRegion2_trg_addr              
00001c1c  __TI_CINIT_Base                      
00001c2c  __TI_CINIT_Limit                     
00001c2c  __TI_CINIT_Warm                      
00001c00  __TI_Handler_Table_Base              
00001c0c  __TI_Handler_Table_Limit             
00001271  __TI_auto_init_nobinit_nopinit       
0000080d  __TI_decompress_lzss                 
00001adf  __TI_decompress_none                 
ffffffff  __TI_pprof_out_hndl                  
ffffffff  __TI_prof_data_size                  
ffffffff  __TI_prof_data_start                 
00000000  __TI_static_base__                   
00001b31  __TI_zero_init                       
00000c4d  __aeabi_dcmpeq                       
00000c89  __aeabi_dcmpge                       
00000c9d  __aeabi_dcmpgt                       
00000c75  __aeabi_dcmple                       
00000c61  __aeabi_dcmplt                       
00000dd1  __aeabi_idiv                         
00000caf  __aeabi_idiv0                        
00000dd1  __aeabi_idivmod                      
00001b69  __aeabi_memclr                       
00001b69  __aeabi_memclr4                      
00001b69  __aeabi_memclr8                      
00001b81  __aeabi_memcpy                       
00001b81  __aeabi_memcpy4                      
00001b81  __aeabi_memcpy8                      
00001505  __aeabi_ui2d                         
000011f5  __aeabi_uidiv                        
000011f5  __aeabi_uidivmod                     
ffffffff  __binit__                            
00000a51  __cmpdf2                             
00000a51  __eqdf2                              
00001505  __floatunsidf                        
00000971  __gedf2                              
00000971  __gtdf2                              
00000a51  __ledf2                              
00000a51  __ltdf2                              
UNDEFED   __mpu_init                           
00000a51  __nedf2                              
20207e00  __stack                              
20200000  __start___llvm_prf_bits              
20200000  __start___llvm_prf_cnts              
20200000  __stop___llvm_prf_bits               
20200000  __stop___llvm_prf_cnts               
0000146d  _c_int00_noargs                      
UNDEFED   _system_post_cinit                   
00001b9b  _system_pre_init                     
00001b89  abort                                
ffffffff  binit                                
00001719  delay_ms                             
20200480  gSERVOBackup                         
00000000  interruptVectors                     
00000711  main                                 
00000ab9  motor_init                           
00000671  motor_set_direction                  
00001001  motor_set_duty                       
20200520  status                               


GLOBAL SYMBOLS: SORTED BY Symbol Address 

address   name                                 
-------   ----                                 
00000000  __TI_ATRegion0_region_sz             
00000000  __TI_ATRegion0_src_addr              
00000000  __TI_ATRegion0_trg_addr              
00000000  __TI_ATRegion1_region_sz             
00000000  __TI_ATRegion1_src_addr              
00000000  __TI_ATRegion1_trg_addr              
00000000  __TI_ATRegion2_region_sz             
00000000  __TI_ATRegion2_src_addr              
00000000  __TI_ATRegion2_trg_addr              
00000000  __TI_static_base__                   
00000000  interruptVectors                     
000000c1  SYSCFG_DL_GPIO_init                  
00000200  __STACK_SIZE                         
00000211  DL_Timer_initFourCCPWMMode           
00000315  OLED_Init                            
0000040d  SYSCFG_DL_SYSCTL_SYSPLL_init         
000004f5  DL_SYSCTL_configSYSPLL               
000005d1  SYSCFG_DL_initPower                  
00000671  motor_set_direction                  
00000711  main                                 
00000791  OLED_Refresh                         
0000080d  __TI_decompress_lzss                 
00000889  OLED_WR_Byte                         
000008fd  SYSCFG_DL_SYSCTL_init                
00000971  __gedf2                              
00000971  __gtdf2                              
000009e5  SYSCFG_DL_SERVO_init                 
00000a51  __cmpdf2                             
00000a51  __eqdf2                              
00000a51  __ledf2                              
00000a51  __ltdf2                              
00000a51  __nedf2                              
00000ab9  motor_init                           
00000b85  DL_SYSCTL_setHFCLKSourceHFXTParams   
00000be9  SYSCFG_DL_PWMA_init                  
00000c4d  __aeabi_dcmpeq                       
00000c61  __aeabi_dcmplt                       
00000c75  __aeabi_dcmple                       
00000c89  __aeabi_dcmpge                       
00000c9d  __aeabi_dcmpgt                       
00000caf  __aeabi_idiv0                        
00000cb1  OLED_Clear                           
00000d11  SYSCFG_DL_OLED_init                  
00000d71  DL_I2C_fillControllerTXFIFO          
00000dd1  __aeabi_idiv                         
00000dd1  __aeabi_idivmod                      
00000e29  GROUP1_IRQHandler                    
00000fb5  SYSCFG_DL_xuanniu_init               
00001001  motor_set_duty                       
00001099  DL_UART_init                         
000010e1  OLED_DisplayTurn                     
00001129  SYSCFG_DL_PRINT_init                 
00001171  DL_SYSCTL_switchMCLKfromSYSOSCtoHSCLK
000011b5  DL_ADC12_setClockConfig              
000011f5  __aeabi_uidiv                        
000011f5  __aeabi_uidivmod                     
00001271  __TI_auto_init_nobinit_nopinit       
000012ad  OLED_ColorTurn                       
000012e1  SYSCFG_DL_init                       
00001315  UART0_IRQHandler                     
00001349  DL_UART_transmitDataBlocking         
00001445  SYSCFG_DL_VREF_init                  
0000146d  _c_int00_noargs                      
000014bb  DL_I2C_setClockConfig                
00001505  __aeabi_ui2d                         
00001505  __floatunsidf                        
00001529  DL_VREF_configReference              
00001639  DL_SYSCTL_configFCC                  
000016a9  DL_Timer_setCaptCompUpdateMethod     
000016c5  DL_Timer_setClockConfig              
000016fd  UART_send_char                       
00001719  delay_ms                             
000018e5  DL_Timer_setCaptureCompareOutCtl     
00001aa9  DL_UART_setClockConfig               
00001abb  DL_VREF_setClockConfig               
00001acd  TI_memcpy_small                      
00001adf  __TI_decompress_none                 
00001b21  DL_Timer_setCaptureCompareValue      
00001b31  __TI_zero_init                       
00001b41  TI_memset_small                      
00001b69  __aeabi_memclr                       
00001b69  __aeabi_memclr4                      
00001b69  __aeabi_memclr8                      
00001b75  DL_Common_delayCycles                
00001b81  __aeabi_memcpy                       
00001b81  __aeabi_memcpy4                      
00001b81  __aeabi_memcpy8                      
00001b89  abort                                
00001b8f  ADC0_IRQHandler                      
00001b8f  ADC1_IRQHandler                      
00001b8f  AES_IRQHandler                       
00001b8f  CANFD0_IRQHandler                    
00001b8f  DAC0_IRQHandler                      
00001b8f  DMA_IRQHandler                       
00001b8f  Default_Handler                      
00001b8f  GROUP0_IRQHandler                    
00001b8f  HardFault_Handler                    
00001b8f  I2C0_IRQHandler                      
00001b8f  I2C1_IRQHandler                      
00001b8f  NMI_Handler                          
00001b8f  PendSV_Handler                       
00001b8f  RTC_IRQHandler                       
00001b8f  SPI0_IRQHandler                      
00001b8f  SPI1_IRQHandler                      
00001b8f  SVC_Handler                          
00001b8f  SysTick_Handler                      
00001b8f  TIMA0_IRQHandler                     
00001b8f  TIMA1_IRQHandler                     
00001b8f  TIMG0_IRQHandler                     
00001b8f  TIMG12_IRQHandler                    
00001b8f  TIMG6_IRQHandler                     
00001b8f  TIMG7_IRQHandler                     
00001b8f  TIMG8_IRQHandler                     
00001b8f  UART1_IRQHandler                     
00001b8f  UART2_IRQHandler                     
00001b8f  UART3_IRQHandler                     
00001b92  C$$EXIT                              
00001b93  HOSTexit                             
00001b97  Reset_Handler                        
00001b9b  _system_pre_init                     
00001c00  __TI_Handler_Table_Base              
00001c0c  __TI_Handler_Table_Limit             
00001c1c  __TI_CINIT_Base                      
00001c2c  __TI_CINIT_Limit                     
00001c2c  __TI_CINIT_Warm                      
20200000  OLED_GRAM                            
20200000  __start___llvm_prf_bits              
20200000  __start___llvm_prf_cnts              
20200000  __stop___llvm_prf_bits               
20200000  __stop___llvm_prf_cnts               
20200480  gSERVOBackup                         
20200520  status                               
20207e00  __stack                              
20208000  __STACK_END                          
ffffffff  __TI_pprof_out_hndl                  
ffffffff  __TI_prof_data_size                  
ffffffff  __TI_prof_data_start                 
ffffffff  __binit__                            
ffffffff  binit                                
UNDEFED   __mpu_init                           
UNDEFED   _system_post_cinit                   

[141 symbols]
