******************************************************************************
            TI ARM Clang Linker PC v4.0.4                      
******************************************************************************
>> Linked Sat Aug  1 19:17:56 2026

OUTPUT FILE NAME:   <10_DC_MOTOR_PID_2.out>
ENTRY POINT SYMBOL: "_c_int00_noargs"  address: 0000453d


MEMORY CONFIGURATION

         name            origin    length      used     unused   attr    fill
----------------------  --------  ---------  --------  --------  ----  --------
  FLASH                 00000000   00020000  00006348  00019cb8  R  X
  SRAM                  20200000   00008000  00000b88  00007478  RW X
  BCR_CONFIG            41c00000   000000ff  00000000  000000ff  R   
  BSL_CONFIG            41c00100   00000080  00000000  00000080  R   


SEGMENT ALLOCATION MAP

run origin  load origin   length   init length attrs members
----------  ----------- ---------- ----------- ----- -------
00000000    00000000    00006348   00006348    r-x
  00000000    00000000    000000c0   000000c0    r-- .intvecs
  000000c0    000000c0    00004978   00004978    r-x .text
  00004a38    00004a38    000018d0   000018d0    r-- .rodata
  00006308    00006308    00000040   00000040    r-- .cinit
20200000    20200000    00000989   00000000    rw-
  20200000    20200000    000008b3   00000000    rw- .bss
  202008b4    202008b4    000000d5   00000000    rw- .data
20207e00    20207e00    00000200   00000000    rw-
  20207e00    20207e00    00000200   00000000    rw- .stack


SECTION ALLOCATION MAP

 output                                  attributes/
section   page    origin      length       input sections
--------  ----  ----------  ----------   ----------------
.intvecs   0    00000000    000000c0     
                  00000000    000000c0     startup_mspm0g350x_ticlang.o (.intvecs)

.text      0    000000c0    00004978     
                  000000c0    000007a0     main.o (.text.Ball_ControlUpdate)
                  00000860    00000398     main.o (.text.OLED_ShowControlInfo)
                  00000bf8    000002dc     main.o (.text.New_Main)
                  00000ed4    000002a8     main.o (.text.Vehicle_AcceptFrame)
                  0000117c    00000214     main.o (.text.Sensor_PushByte)
                  00001390    000001e8     main.o (.text.NewMode_ProcessEncoder)
                  00001578    000001e4     Emm_V5.o (.text.Emm_V5_Read_Sys_Params)
                  0000175c    000001a8     main.o (.text.Ball_SequenceUpdate)
                  00001904    0000019c     main.o (.text.Motor_ControlService)
                  00001aa0    0000017c     main.o (.text.Motor_PushFeedbackByte)
                  00001c1c    00000168     main.o (.text.OLED_ShowModeMenu)
                  00001d84    00000158     oled.o (.text.OLED_ShowChar)
                  00001edc    00000148     main.o (.text.LLM_UART_ParseSetpointByte)
                  00002024    00000134     oled.o (.text.OLED_WR_Byte)
                  00002158    00000130     main.o (.text.Ball_CarCompensationOnlyUpdate)
                  00002288    00000130     oled.o (.text.OLED_WR_DataBlock)
                  000023b8    0000010e     pid.o (.text.PID_UpdateConditional)
                  000024c6    00000002     libclang_rt.builtins.a : aeabi_div0.c.obj (.text.__aeabi_idiv0)
                  000024c8    000000f4     main.o (.text.Vehicle_GetCompensationAngle)
                  000025bc    000000e0     pid.o (.text.PID_Init)
                  0000269c    000000dc     main.o (.text.OLED_ShowSigned3)
                  00002778    000000d8     libclang_rt.builtins.a : addsf3.S.obj (.text)
                  00002850    000000bc     oled.o (.text.OLED_RefreshPage)
                  0000290c    000000b4     bianma.o (.text.Bianma_GetRotation)
                  000029c0    000000b4     ti_msp_dl_config.o (.text.SYSCFG_DL_GPIO_init)
                  00002a74    000000b0     oled.o (.text.OLED_Init)
                  00002b24    000000ac     oled.o (.text.OLED_ShowNum)
                  00002bd0    000000a8     main.o (.text.Ball_ControlStop)
                  00002c78    000000a8     uart.o (.text.UART3_IRQHandler)
                  00002d20    00000098     bianma.o (.text.Bianma_Button_Pressed)
                  00002db8    00000098     main.o (.text.Motor_StartupSynchronize)
                  00002e50    00000098     oled.o (.text.OLED_ShowString)
                  00002ee8    00000098     main.o (.text.Vehicle_CalculateCrc16)
                  00002f80    00000094     main.o (.text.Vehicle_PushByte)
                  00003014    0000008e     main.o (.text.Sensor_CalculateCrc8)
                  000030a2    00000002     --HOLE-- [fill = 0]
                  000030a4    0000008c     ti_msp_dl_config.o (.text.SYSCFG_DL_initPower)
                  00003130    0000008c     libclang_rt.builtins.a : mulsf3.S.obj (.text.__mulsf3)
                  000031bc    00000088     uart.o (.text.UART2_IRQHandler)
                  00003244    00000084     main.o (.text.__NVIC_SetPriority)
                  000032c8    00000082     libclang_rt.builtins.a : divsf3.S.obj (.text.__divsf3)
                  0000334a    00000002     --HOLE-- [fill = 0]
                  0000334c    00000080     bianma.o (.text.Bianma_Init)
                  000033cc    0000007c     Emm_V5.o (.text.Emm_V5_Pos_Control)
                  00003448    0000007c     libc.a : copy_decompress_lzss.c.obj (.text:decompress:lzss)
                  000034c4    00000078     uart.o (.text.UART0_IRQHandler)
                  0000353c    00000074     uart.o (.text.Vehicle_UART_EnableRxInterrupt)
                  000035b0    00000068     Emm_V5.o (.text.Emm_V5_Angle_To_Pulses)
                  00003618    00000068     uart.o (.text.Serial1_SendArrayTry)
                  00003680    00000064     oled.o (.text.OLED_ClearPoint)
                  000036e4    00000062     Emm_V5.o (.text.Emm_V5_Pos_Control_Angle)
                  00003746    00000002     --HOLE-- [fill = 0]
                  00003748    00000062     libclang_rt.builtins.a : aeabi_fcmp.S.obj (.text.__aeabi_fcmp)
                  000037aa    00000002     --HOLE-- [fill = 0]
                  000037ac    00000060     oled.o (.text.OLED_Clear)
                  0000380c    00000060     ti_msp_dl_config.o (.text.SYSCFG_DL_OLED_init)
                  0000386c    00000060     uart.o (.text.UART_EnableRxInterrupt)
                  000038cc    00000060     uart.o (.text.UART_read_received_byte)
                  0000392c    0000005e     driverlib.a : dl_i2c.o (.text.DL_I2C_fillControllerTXFIFO)
                  0000398a    00000002     --HOLE-- [fill = 0]
                  0000398c    0000005c     uart.o (.text.Motor_UART_ReadByte)
                  000039e8    00000058     oled.o (.text.OLED_ClearBuffer)
                  00003a40    00000056     pid.o (.text.PID_DecayIntegral)
                  00003a96    00000002     --HOLE-- [fill = 0]
                  00003a98    00000054     uart.o (.text.Vehicle_UART_ReadByte)
                  00003aec    00000050     ti_msp_dl_config.o (.text.DL_GPIO_initPeripheralInputFunctionFeatures)
                  00003b3c    00000050     oled.o (.text.DL_I2C_startControllerTransfer)
                  00003b8c    00000050     uart.o (.text.Motor_UART_EnableRxInterrupt)
                  00003bdc    00000050     main.o (.text.NewMode_ResetControlState)
                  00003c2c    00000050     main.o (.text.SysTick_Config)
                  00003c7c    0000004c     ti_msp_dl_config.o (.text.DL_GPIO_initDigitalInputFeatures)
                  00003cc8    0000004c     ti_msp_dl_config.o (.text.DL_UART_setBaudRateDivisor)
                  00003d14    00000048     driverlib.a : dl_uart.o (.text.DL_UART_init)
                  00003d5c    00000048     main.o (.text.Motor_SetAngle)
                  00003da4    00000048     oled.o (.text.OLED_DrawPoint)
                  00003dec    00000048     pid.o (.text.PID_Limit)
                  00003e34    00000044     Emm_V5.o (.text.Emm_V5_En_Control)
                  00003e78    00000040     ti_msp_dl_config.o (.text.SYSCFG_DL_LLM_UART_init)
                  00003eb8    00000040     ti_msp_dl_config.o (.text.SYSCFG_DL_MOTOR_UART_init)
                  00003ef8    00000040     ti_msp_dl_config.o (.text.SYSCFG_DL_PRINT_init)
                  00003f38    00000040     ti_msp_dl_config.o (.text.SYSCFG_DL_VEHICLE_UART_init)
                  00003f78    00000040     libclang_rt.builtins.a : aeabi_uidivmod.S.obj (.text.__aeabi_uidivmod)
                  00003fb8    0000003c     driverlib.a : dl_i2c.o (.text.DL_I2C_flushControllerTXFIFO)
                  00003ff4    0000003c     Emm_V5.o (.text.Emm_V5_Stop_Now)
                  00004030    0000003c     libclang_rt.builtins.a : floatsisf.S.obj (.text.__floatsisf)
                  0000406c    0000003c                            : comparesf2.S.obj (.text.__gtsf2)
                  000040a8    0000003c     libc.a : autoinit.c.obj (.text:__TI_auto_init_nobinit_nopinit)
                  000040e4    0000003a     libclang_rt.builtins.a : comparesf2.S.obj (.text.__eqsf2)
                  0000411e    00000002     --HOLE-- [fill = 0]
                  00004120    0000003a                            : muldsi3.S.obj (.text.__muldsi3)
                  0000415a    00000002     --HOLE-- [fill = 0]
                  0000415c    00000038     main.o (.text.Ball_ControlIdle)
                  00004194    00000038     libclang_rt.builtins.a : fixsfsi.S.obj (.text.__fixsfsi)
                  000041cc    00000034     main.o (.text.__NVIC_DisableIRQ)
                  00004200    00000032     main.o (.text.Vehicle_GetLongitudinalImuMg)
                  00004232    00000002     --HOLE-- [fill = 0]
                  00004234    00000032     libclang_rt.builtins.a : fixunssfsi.S.obj (.text.__fixunssfsi)
                  00004266    00000002     --HOLE-- [fill = 0]
                  00004268    00000030     driverlib.a : dl_uart.o (.text.DL_UART_transmitDataBlocking)
                  00004298    00000030     oled.o (.text.OLED_Pow)
                  000042c8    00000030     ti_msp_dl_config.o (.text.SYSCFG_DL_init)
                  000042f8    0000002e     oled.o (.text.OLED_Refresh)
                  00004326    0000002c     pid.o (.text.PID_Reset)
                  00004352    00000002     --HOLE-- [fill = 0]
                  00004354    0000002c     uart.o (.text.__NVIC_ClearPendingIRQ)
                  00004380    0000002c     uart.o (.text.__NVIC_EnableIRQ)
                  000043ac    00000028     main.o (.text.DL_Common_updateReg)
                  000043d4    00000028     oled.o (.text.DL_Common_updateReg)
                  000043fc    00000028     ti_msp_dl_config.o (.text.DL_Common_updateReg)
                  00004424    00000028     uart.o (.text.DL_Common_updateReg)
                  0000444c    00000028     ti_msp_dl_config.o (.text.DL_I2C_setControllerRXFIFOThreshold)
                  00004474    00000028     ti_msp_dl_config.o (.text.DL_I2C_setControllerTXFIFOThreshold)
                  0000449c    00000028     main.o (.text.DL_UART_setRXFIFOThreshold)
                  000044c4    00000028     uart.o (.text.DL_UART_setRXFIFOThreshold)
                  000044ec    00000028     main.o (.text.LLM_UART_Poll)
                  00004514    00000028     libclang_rt.builtins.a : floatunsisf.S.obj (.text.__floatunsisf)
                  0000453c    00000028     libc.a : boot_cortex_m.c.obj (.text:_c_int00_noargs)
                  00004564    00000026     ti_msp_dl_config.o (.text.DL_I2C_setAnalogGlitchFilterPulseWidth)
                  0000458a    00000026     driverlib.a : dl_i2c.o (.text.DL_I2C_setClockConfig)
                  000045b0    00000024     ti_msp_dl_config.o (.text.DL_I2C_setDigitalGlitchFilterPulseWidth)
                  000045d4    00000020     ti_msp_dl_config.o (.text.DL_GPIO_initPeripheralInputFunction)
                  000045f4    00000020     main.o (.text.Vehicle_UART_Poll)
                  00004614    0000001e     ti_msp_dl_config.o (.text.DL_UART_setOversampling)
                  00004632    0000001e     ti_msp_dl_config.o (.text.SYSCFG_DL_SYSCTL_init)
                  00004650    0000001e     main.o (.text.Vehicle_ReadU32)
                  0000466e    00000002     --HOLE-- [fill = 0]
                  00004670    0000001c     ti_msp_dl_config.o (.text.DL_GPIO_enableHiZ)
                  0000468c    0000001c     ti_msp_dl_config.o (.text.DL_GPIO_initPeripheralOutputFunction)
                  000046a8    0000001c     ti_msp_dl_config.o (.text.DL_SYSCTL_setSYSOSCFreq)
                  000046c4    0000001c     uart.o (.text.DL_UART_enableInterrupt)
                  000046e0    0000001c     driverlib.a : dl_uart.o (.text.DL_UART_receiveDataCheck)
                  000046fc    0000001a     delay.o (.text.delay_ms)
                  00004716    00000002     --HOLE-- [fill = 0]
                  00004718    00000018     bianma.o (.text.Bianma_Button_IsPressed)
                  00004730    00000018     ti_msp_dl_config.o (.text.DL_GPIO_enablePower)
                  00004748    00000018     ti_msp_dl_config.o (.text.DL_GPIO_reset)
                  00004760    00000018     ti_msp_dl_config.o (.text.DL_I2C_enableAnalogGlitchFilter)
                  00004778    00000018     ti_msp_dl_config.o (.text.DL_I2C_enableController)
                  00004790    00000018     ti_msp_dl_config.o (.text.DL_I2C_enableControllerClockStretching)
                  000047a8    00000018     ti_msp_dl_config.o (.text.DL_I2C_enablePower)
                  000047c0    00000018     ti_msp_dl_config.o (.text.DL_I2C_reset)
                  000047d8    00000018     ti_msp_dl_config.o (.text.DL_I2C_setTimerPeriod)
                  000047f0    00000018     ti_msp_dl_config.o (.text.DL_SYSCTL_setBORThreshold)
                  00004808    00000018     uart.o (.text.DL_UART_clearInterruptStatus)
                  00004820    00000018     ti_msp_dl_config.o (.text.DL_UART_enablePower)
                  00004838    00000018     uart.o (.text.DL_UART_getRawInterruptStatus)
                  00004850    00000018     uart.o (.text.DL_UART_isRXFIFOEmpty)
                  00004868    00000018     ti_msp_dl_config.o (.text.DL_UART_reset)
                  00004880    00000018     main.o (.text.LLM_UART_Init)
                  00004898    00000016     bianma.o (.text.DL_GPIO_readPins)
                  000048ae    00000016     ti_msp_dl_config.o (.text.DL_UART_enable)
                  000048c4    00000014     oled.o (.text.DL_I2C_getControllerStatus)
                  000048d8    00000014     oled.o (.text.DL_I2C_resetControllerTransfer)
                  000048ec    00000014     ti_msp_dl_config.o (.text.DL_I2C_resetControllerTransfer)
                  00004900    00000014     ti_msp_dl_config.o (.text.DL_SYSCTL_disableSYSPLL)
                  00004914    00000014     uart.o (.text.DL_UART_receiveData)
                  00004928    00000012     uart.o (.text.DL_UART_getPendingInterrupt)
                  0000493a    00000012     driverlib.a : dl_uart.o (.text.DL_UART_setClockConfig)
                  0000494c    00000012     main.o (.text.Vehicle_ReadI16)
                  0000495e    00000012     main.o (.text.Vehicle_ReadU16)
                  00004970    00000012     libc.a : memcpy16.S.obj (.text:TI_memcpy_small)
                  00004982    00000012            : copy_decompress_none.c.obj (.text:decompress:none)
                  00004994    00000010     ti_msp_dl_config.o (.text.DL_SYSCTL_disableHFXT)
                  000049a4    00000010     main.o (.text.SysTick_Handler)
                  000049b4    00000010     main.o (.text.Vehicle_ReadI32)
                  000049c4    00000010     main_selector.o (.text.main)
                  000049d4    00000010     libc.a : copy_zero_init.c.obj (.text:decompress:ZI)
                  000049e4    0000000e            : memset16.S.obj (.text:TI_memset_small)
                  000049f2    00000002     --HOLE-- [fill = 0]
                  000049f4    0000000c     uart.o (.text.Vehicle_UART_GetErrorCount)
                  00004a00    0000000c     libclang_rt.builtins.a : aeabi_memset.S.obj (.text.__aeabi_memclr)
                  00004a0c    0000000a     driverlib.a : dl_common.o (.text.DL_Common_delayCycles)
                  00004a16    00000002     --HOLE-- [fill = 0]
                  00004a18    00000008     libclang_rt.builtins.a : aeabi_memcpy.S.obj (.text.__aeabi_memcpy)
                  00004a20    00000006     libc.a : exit.c.obj (.text:abort)
                  00004a26    00000004     startup_mspm0g350x_ticlang.o (.text.Default_Handler)
                  00004a2a    00000004     libsysbm.a : hostexit.c.obj (.text.HOSTexit)
                  00004a2e    00000004     startup_mspm0g350x_ticlang.o (.text.Reset_Handler)
                  00004a32    00000004     libc.a : pre_init.c.obj (.text._system_pre_init)
                  00004a36    00000002     --HOLE-- [fill = 0]

.cinit     0    00006308    00000040     
                  00006308    00000019     (.cinit..data.load) [load image, compression = lzss]
                  00006321    00000003     --HOLE-- [fill = 0]
                  00006324    0000000c     (__TI_handler_table)
                  00006330    00000008     (.cinit..bss.load) [load image, compression = zero_init]
                  00006338    00000010     (__TI_cinit_table)

.rodata    0    00004a38    000018d0     
                  00004a38    00000d5c     oled.o (.rodata.asc2_2412)
                  00005794    000005f0     oled.o (.rodata.asc2_1608)
                  00005d84    00000474     oled.o (.rodata.asc2_1206)
                  000061f8    0000001c     oled.o (.rodata.OLED_Init.init_commands)
                  00006214    00000010     bianma.o (.rodata.Bianma_GetRotation.transition_table)
                  00006224    0000000f     main.o (.rodata.str1.10635229749459437609.1)
                  00006233    0000000f     main.o (.rodata.str1.11702106008850790973.1)
                  00006242    0000000f     main.o (.rodata.str1.3530083166107438000.1)
                  00006251    0000000d     main.o (.rodata.str1.16302215771116645891.1)
                  0000625e    0000000d     main.o (.rodata.str1.7784929982665794503.1)
                  0000626b    0000000b     main.o (.rodata.str1.1311392489248731986.1)
                  00006276    0000000b     main.o (.rodata.str1.13782249893155712474.1)
                  00006281    0000000b     main.o (.rodata.str1.17376258722486336754.1)
                  0000628c    0000000a     ti_msp_dl_config.o (.rodata.gLLM_UARTConfig)
                  00006296    0000000a     ti_msp_dl_config.o (.rodata.gMOTOR_UARTConfig)
                  000062a0    0000000a     ti_msp_dl_config.o (.rodata.gPRINTConfig)
                  000062aa    0000000a     ti_msp_dl_config.o (.rodata.gVEHICLE_UARTConfig)
                  000062b4    00000005     main.o (.rodata.str1.14112174005742061988.1)
                  000062b9    00000005     main.o (.rodata.str1.15996357275703397564.1)
                  000062be    00000004     main.o (.rodata.str1.14079361385603432444.1)
                  000062c2    00000004     main.o (.rodata.str1.16265332423659789559.1)
                  000062c6    00000004     main.o (.rodata.str1.2763581881760962609.1)
                  000062ca    00000004     main.o (.rodata.str1.288608917962107522.1)
                  000062ce    00000004     main.o (.rodata.str1.8154729771448623357.1)
                  000062d2    00000003     main.o (.rodata.str1.11870794119293528247.1)
                  000062d5    00000003     main.o (.rodata.str1.12180500075719773345.1)
                  000062d8    00000003     main.o (.rodata.str1.14402440632258215044.1)
                  000062db    00000003     main.o (.rodata.str1.15159059442110792349.1)
                  000062de    00000003     main.o (.rodata.str1.2846389346932560359.1)
                  000062e1    00000003     main.o (.rodata.str1.7702501944640899365.1)
                  000062e4    00000003     main.o (.rodata.str1.8076846746581808073.1)
                  000062e7    00000003     main.o (.rodata.str1.8108965883388295311.1)
                  000062ea    00000002     ti_msp_dl_config.o (.rodata.gLLM_UARTClockConfig)
                  000062ec    00000002     ti_msp_dl_config.o (.rodata.gMOTOR_UARTClockConfig)
                  000062ee    00000002     ti_msp_dl_config.o (.rodata.gOLEDClockConfig)
                  000062f0    00000002     ti_msp_dl_config.o (.rodata.gPRINTClockConfig)
                  000062f2    00000002     ti_msp_dl_config.o (.rodata.gVEHICLE_UARTClockConfig)
                  000062f4    00000002     main.o (.rodata.str1.10313062130652730376.1)
                  000062f6    00000002     main.o (.rodata.str1.13288086030101331538.1)
                  000062f8    00000002     main.o (.rodata.str1.16631870348416990953.1)
                  000062fa    00000002     main.o (.rodata.str1.17100691992556644108.1)
                  000062fc    00000002     main.o (.rodata.str1.18227636981041470289.1)
                  000062fe    00000002     main.o (.rodata.str1.2123964117280943167.1)
                  00006300    00000002     main.o (.rodata.str1.6891813955777630061.1)
                  00006302    00000002     main.o (.rodata.str1.9059077390166914652.1)
                  00006304    00000004     --HOLE-- [fill = 0]

.init_array 
*          0    00000000    00000000     UNINITIALIZED

.binit     0    00000000    00000000     

.bss       0    20200000    000008b3     UNINITIALIZED
                  20200000    00000480     (.common:OLED_GRAM)
                  20200480    00000200     uart.o (.bss.g_uart_rx_buffer)
                  20200680    00000100     uart.o (.bss.g_vehicle_uart_rx_buffer)
                  20200780    00000030     main.o (.bss.g_position_pid)
                  202007b0    00000030     main.o (.bss.g_speed_pid)
                  202007e0    00000030     main.o (.bss.g_vehicle)
                  20200810    00000030     main.o (.bss.g_vehicle_frame)
                  20200840    00000030     (.common:gVEHICLE_UARTBackup)
                  20200870    00000020     uart.o (.bss.g_motor_uart_rx_buffer)
                  20200890    00000014     main.o (.bss.g_llm_command)
                  202008a4    00000008     main.o (.bss.g_motor_rx_frame)
                  202008ac    00000007     main.o (.bss.g_frame)

.data      0    202008b4    000000d5     UNINITIALIZED
                  202008b4    00000010     Emm_V5.o (.data.Emm_V5_En_Control.cmd)
                  202008c4    00000010     Emm_V5.o (.data.Emm_V5_Pos_Control.cmd)
                  202008d4    00000010     Emm_V5.o (.data.Emm_V5_Read_Sys_Params.cmd)
                  202008e4    00000010     Emm_V5.o (.data.Emm_V5_Stop_Now.cmd)
                  202008f4    00000004     main.o (.data.current_speed)
                  202008f8    00000004     main.o (.data.g_last_control_ms)
                  202008fc    00000004     main.o (.data.g_last_encoder_ms)
                  20200900    00000004     main.o (.data.g_last_frame_ms)
                  20200904    00000004     main.o (.data.g_last_motor_command_ms)
                  20200908    00000004     main.o (.data.g_last_motor_feedback_ms)
                  2020090c    00000004     main.o (.data.g_last_motor_query_ms)
                  20200910    00000004     main.o (.data.g_last_oled_ms)
                  20200914    00000004     main.o (.data.g_last_position_sample_ms)
                  20200918    00000004     main.o (.data.g_milliseconds)
                  2020091c    00000004     main.o (.data.g_motor_actual_angle)
                  20200920    00000004     main.o (.data.g_motor_query_sent_ms)
                  20200924    00000004     main.o (.data.g_motor_requested_angle)
                  20200928    00000004     main.o (.data.g_motor_zero_absolute_angle)
                  2020092c    00000004     main.o (.data.g_sequence_last_frame_count)
                  20200930    00000004     main.o (.data.g_vehicle_fused_accel_mmps2)
                  20200934    00000004     main.o (.data.g_vehicle_imu_low_mmps2)
                  20200938    00000004     main.o (.data.g_vehicle_imu_zero_mg)
                  2020093c    00000004     main.o (.data.g_vehicle_last_frame_ms)
                  20200940    00000004     main.o (.data.g_vehicle_lost_frames)
                  20200944    00000004     main.o (.data.pipe_angle)
                  20200948    00000004     main.o (.data.target_speed)
                  2020094c    00000004     main.o (.data.valid_frame_count)
                  20200950    00000002     main.o (.data.current_position)
                  20200952    00000002     main.o (.data.g_last_position)
                  20200954    00000002     main.o (.data.g_new_encoder_target)
                  20200956    00000002     main.o (.data.g_position_lock_target)
                  20200958    00000002     uart.o (.data.g_uart_rx_head)
                  2020095a    00000002     uart.o (.data.g_uart_rx_overflow_count)
                  2020095c    00000002     uart.o (.data.g_uart_rx_tail)
                  2020095e    00000002     main.o (.data.g_vehicle_last_sequence)
                  20200960    00000002     uart.o (.data.g_vehicle_uart_error_count)
                  20200962    00000002     uart.o (.data.g_vehicle_uart_rx_head)
                  20200964    00000002     uart.o (.data.g_vehicle_uart_rx_overflow_count)
                  20200966    00000002     uart.o (.data.g_vehicle_uart_rx_tail)
                  20200968    00000002     main.o (.data.target_position)
                  2020096a    00000001     bianma.o (.data.g_button_debounce_count)
                  2020096b    00000001     bianma.o (.data.g_button_last_raw)
                  2020096c    00000001     bianma.o (.data.g_button_state)
                  2020096d    00000001     main.o (.data.g_frame_index)
                  2020096e    00000001     bianma.o (.data.g_last_ab)
                  2020096f    00000001     main.o (.data.g_llm_command_index)
                  20200970    00000001     main.o (.data.g_motor_feedback_query_pending)
                  20200971    00000001     main.o (.data.g_motor_feedback_valid)
                  20200972    00000001     main.o (.data.g_motor_rx_index)
                  20200973    00000001     main.o (.data.g_motor_stopped)
                  20200974    00000001     uart.o (.data.g_motor_uart_rx_head)
                  20200975    00000001     uart.o (.data.g_motor_uart_rx_tail)
                  20200976    00000001     main.o (.data.g_motor_zero_captured)
                  20200977    00000001     main.o (.data.g_new_mode_confirmed)
                  20200978    00000001     main.o (.data.g_new_mode_input_ready)
                  20200979    00000001     main.o (.data.g_new_selected_mode)
                  2020097a    00000001     main.o (.data.g_new_target_confirmed)
                  2020097b    00000001     oled.o (.data.g_oled_i2c_failed)
                  2020097c    00000001     main.o (.data.g_oled_refresh_page)
                  2020097d    00000001     main.o (.data.g_position_locked)
                  2020097e    00000001     main.o (.data.g_position_valid)
                  2020097f    00000001     bianma.o (.data.g_rotation_accumulator)
                  20200980    00000001     main.o (.data.g_sequence_stable_cycles)
                  20200981    00000001     main.o (.data.g_sequence_start_requested)
                  20200982    00000001     main.o (.data.g_sequence_state)
                  20200983    00000001     main.o (.data.g_speed_sample_initialized)
                  20200984    00000001     main.o (.data.g_speed_valid)
                  20200985    00000001     main.o (.data.g_vehicle_frame_index)
                  20200986    00000001     main.o (.data.g_vehicle_frame_valid)
                  20200987    00000001     main.o (.data.g_vehicle_imu_zero_valid)
                  20200988    00000001     main.o (.data.g_vehicle_sequence_initialized)

.stack     0    20207e00    00000200     UNINITIALIZED
                  20207e00    00000004     libc.a : boot_cortex_m.c.obj (.stack)
                  20207e04    000001fc     --HOLE--

__llvm_prf_cnts 
*          0    20200000    00000000     UNINITIALIZED

__llvm_prf_bits 
*          0    20200000    00000000     UNINITIALIZED

MODULE SUMMARY

       Module                         code    ro data   rw data
       ------                         ----    -------   -------
    .\
       main.o                         9534    174       354    
       ti_msp_dl_config.o             1664    50        48     
       startup_mspm0g350x_ticlang.o   8       192       0      
       main_selector.o                16      0         0      
    +--+------------------------------+-------+---------+---------+
       Total:                         11222   416       402    
                                                               
    .\user_driver\
       oled.o                         2254    6108      1153   
       uart.o                         1410    0         816    
       Emm_V5.o                       938     0         64     
       pid.o                          696     0         0      
       bianma.o                       506     16        5      
       delay.o                        26      0         0      
    +--+------------------------------+-------+---------+---------+
       Total:                         5830    6124      2038   
                                                               
    C:/TI/mspm0_sdk_2_10_00_04/source/ti/driverlib/lib/ticlang/m0p/mspm0g1x0x_g3x0x/driverlib.a
       dl_i2c.o                       192     0         0      
       dl_uart.o                      166     0         0      
       dl_common.o                    10      0         0      
    +--+------------------------------+-------+---------+---------+
       Total:                         368     0         0      
                                                               
    E:\install\keli\ti\css\ccs\tools\compiler\ti-cgt-armllvm_4.0.4.LTS\lib\armv6m-ti-none-eabi/c/libc.a
       copy_decompress_lzss.c.obj     124     0         0      
       autoinit.c.obj                 60      0         0      
       boot_cortex_m.c.obj            40      0         0      
       copy_decompress_none.c.obj     18      0         0      
       memcpy16.S.obj                 18      0         0      
       copy_zero_init.c.obj           16      0         0      
       memset16.S.obj                 14      0         0      
       exit.c.obj                     6       0         0      
       pre_init.c.obj                 4       0         0      
    +--+------------------------------+-------+---------+---------+
       Total:                         300     0         0      
                                                               
    E:\install\keli\ti\css\ccs\tools\compiler\ti-cgt-armllvm_4.0.4.LTS\lib\armv6m-ti-none-eabi/c/libsysbm.a
       hostexit.c.obj                 4       0         0      
    +--+------------------------------+-------+---------+---------+
       Total:                         4       0         0      
                                                               
    E:\install\keli\ti\css\ccs\tools\compiler\ti-cgt-armllvm_4.0.4.LTS\lib\armv6m-ti-none-eabi/libclang_rt.builtins.a
       addsf3.S.obj                   216     0         0      
       mulsf3.S.obj                   140     0         0      
       divsf3.S.obj                   130     0         0      
       comparesf2.S.obj               118     0         0      
       aeabi_fcmp.S.obj               98      0         0      
       aeabi_uidivmod.S.obj           64      0         0      
       floatsisf.S.obj                60      0         0      
       muldsi3.S.obj                  58      0         0      
       fixsfsi.S.obj                  56      0         0      
       fixunssfsi.S.obj               50      0         0      
       floatunsisf.S.obj              40      0         0      
       aeabi_memset.S.obj             12      0         0      
       aeabi_memcpy.S.obj             8       0         0      
       aeabi_div0.c.obj               2       0         0      
    +--+------------------------------+-------+---------+---------+
       Total:                         1052    0         0      
                                                               
       Stack:                         0       0         512    
       Linker Generated:              0       61        0      
    +--+------------------------------+-------+---------+---------+
       Grand Total:                   18776   6601      2952   


LINKER GENERATED COPY TABLES

__TI_cinit_table @ 00006338 records: 2, size/record: 8, table size: 16
	.data: load addr=00006308, load size=00000019 bytes, run addr=202008b4, run size=000000d5 bytes, compression=lzss
	.bss: load addr=00006330, load size=00000008 bytes, run addr=20200000, run size=000008b3 bytes, compression=zero_init


LINKER GENERATED HANDLER TABLE

__TI_handler_table @ 00006324 records: 3, size/record: 4, table size: 12
	index: 0, handler: __TI_decompress_lzss
	index: 1, handler: __TI_decompress_none
	index: 2, handler: __TI_zero_init


GLOBAL SYMBOLS: SORTED ALPHABETICALLY BY Name 

address   name                          
-------   ----                          
00004a27  ADC0_IRQHandler               
00004a27  ADC1_IRQHandler               
00004a27  AES_IRQHandler                
00004719  Bianma_Button_IsPressed       
00002d21  Bianma_Button_Pressed         
0000290d  Bianma_GetRotation            
0000334d  Bianma_Init                   
00004a2a  C$$EXIT                       
00004a27  CANFD0_IRQHandler             
00004a27  DAC0_IRQHandler               
00004a0d  DL_Common_delayCycles         
0000392d  DL_I2C_fillControllerTXFIFO   
00003fb9  DL_I2C_flushControllerTXFIFO  
0000458b  DL_I2C_setClockConfig         
00003d15  DL_UART_init                  
000046e1  DL_UART_receiveDataCheck      
0000493b  DL_UART_setClockConfig        
00004269  DL_UART_transmitDataBlocking  
00004a27  DMA_IRQHandler                
00004a27  Default_Handler               
000035b1  Emm_V5_Angle_To_Pulses        
00003e35  Emm_V5_En_Control             
000033cd  Emm_V5_Pos_Control            
000036e5  Emm_V5_Pos_Control_Angle      
00001579  Emm_V5_Read_Sys_Params        
00003ff5  Emm_V5_Stop_Now               
00004a27  GROUP0_IRQHandler             
00004a27  GROUP1_IRQHandler             
00004a2b  HOSTexit                      
00004a27  HardFault_Handler             
00004a27  I2C0_IRQHandler               
00004a27  I2C1_IRQHandler               
00003b8d  Motor_UART_EnableRxInterrupt  
0000398d  Motor_UART_ReadByte           
00004a27  NMI_Handler                   
00000bf9  New_Main                      
000037ad  OLED_Clear                    
000039e9  OLED_ClearBuffer              
00003681  OLED_ClearPoint               
00003da5  OLED_DrawPoint                
20200000  OLED_GRAM                     
00002a75  OLED_Init                     
00004299  OLED_Pow                      
000042f9  OLED_Refresh                  
00002851  OLED_RefreshPage              
00001d85  OLED_ShowChar                 
00002b25  OLED_ShowNum                  
00002e51  OLED_ShowString               
00002025  OLED_WR_Byte                  
00003a41  PID_DecayIntegral             
000025bd  PID_Init                      
00004327  PID_Reset                     
000023b9  PID_UpdateConditional         
00004a27  PendSV_Handler                
00004a27  RTC_IRQHandler                
00004a2f  Reset_Handler                 
00004a27  SPI0_IRQHandler               
00004a27  SPI1_IRQHandler               
00004a27  SVC_Handler                   
000029c1  SYSCFG_DL_GPIO_init           
00003e79  SYSCFG_DL_LLM_UART_init       
00003eb9  SYSCFG_DL_MOTOR_UART_init     
0000380d  SYSCFG_DL_OLED_init           
00003ef9  SYSCFG_DL_PRINT_init          
00004633  SYSCFG_DL_SYSCTL_init         
00003f39  SYSCFG_DL_VEHICLE_UART_init   
000042c9  SYSCFG_DL_init                
000030a5  SYSCFG_DL_initPower           
00003619  Serial1_SendArrayTry          
000049a5  SysTick_Handler               
00004a27  TIMA0_IRQHandler              
00004a27  TIMA1_IRQHandler              
00004a27  TIMG0_IRQHandler              
00004a27  TIMG12_IRQHandler             
00004a27  TIMG6_IRQHandler              
00004a27  TIMG7_IRQHandler              
00004a27  TIMG8_IRQHandler              
00004971  TI_memcpy_small               
000049e5  TI_memset_small               
000034c5  UART0_IRQHandler              
00004a27  UART1_IRQHandler              
000031bd  UART2_IRQHandler              
00002c79  UART3_IRQHandler              
0000386d  UART_EnableRxInterrupt        
000038cd  UART_read_received_byte       
0000353d  Vehicle_UART_EnableRxInterrupt
000049f5  Vehicle_UART_GetErrorCount    
00003a99  Vehicle_UART_ReadByte         
20208000  __STACK_END                   
00000200  __STACK_SIZE                  
00000000  __TI_ATRegion0_region_sz      
00000000  __TI_ATRegion0_src_addr       
00000000  __TI_ATRegion0_trg_addr       
00000000  __TI_ATRegion1_region_sz      
00000000  __TI_ATRegion1_src_addr       
00000000  __TI_ATRegion1_trg_addr       
00000000  __TI_ATRegion2_region_sz      
00000000  __TI_ATRegion2_src_addr       
00000000  __TI_ATRegion2_trg_addr       
00006338  __TI_CINIT_Base               
00006348  __TI_CINIT_Limit              
00006348  __TI_CINIT_Warm               
00006324  __TI_Handler_Table_Base       
00006330  __TI_Handler_Table_Limit      
000040a9  __TI_auto_init_nobinit_nopinit
00003449  __TI_decompress_lzss          
00004983  __TI_decompress_none          
ffffffff  __TI_pprof_out_hndl           
ffffffff  __TI_prof_data_size           
ffffffff  __TI_prof_data_start          
00000000  __TI_static_base__            
000049d5  __TI_zero_init                
00002783  __addsf3                      
00004195  __aeabi_f2iz                  
00004235  __aeabi_f2uiz                 
00002783  __aeabi_fadd                  
00003749  __aeabi_fcmpeq                
00003785  __aeabi_fcmpge                
00003799  __aeabi_fcmpgt                
00003771  __aeabi_fcmple                
0000375d  __aeabi_fcmplt                
000032c9  __aeabi_fdiv                  
00003131  __aeabi_fmul                  
00002779  __aeabi_fsub                  
00004031  __aeabi_i2f                   
000024c7  __aeabi_idiv0                 
00004a01  __aeabi_memclr                
00004a01  __aeabi_memclr4               
00004a01  __aeabi_memclr8               
00004a19  __aeabi_memcpy                
00004a19  __aeabi_memcpy4               
00004a19  __aeabi_memcpy8               
00004515  __aeabi_ui2f                  
00003f79  __aeabi_uidiv                 
00003f79  __aeabi_uidivmod              
ffffffff  __binit__                     
000040e5  __cmpsf2                      
000032c9  __divsf3                      
000040e5  __eqsf2                       
00004195  __fixsfsi                     
00004235  __fixunssfsi                  
00004031  __floatsisf                   
00004515  __floatunsisf                 
0000406d  __gesf2                       
0000406d  __gtsf2                       
000040e5  __lesf2                       
000040e5  __ltsf2                       
UNDEFED   __mpu_init                    
00004121  __muldsi3                     
00003131  __mulsf3                      
000040e5  __nesf2                       
20207e00  __stack                       
20200000  __start___llvm_prf_bits       
20200000  __start___llvm_prf_cnts       
20200000  __stop___llvm_prf_bits        
20200000  __stop___llvm_prf_cnts        
00002779  __subsf3                      
0000453d  _c_int00_noargs               
UNDEFED   _system_post_cinit            
00004a33  _system_pre_init              
00004a21  abort                         
00005d84  asc2_1206                     
00005794  asc2_1608                     
00004a38  asc2_2412                     
ffffffff  binit                         
20200950  current_position              
202008f4  current_speed                 
000046fd  delay_ms                      
20200840  gVEHICLE_UARTBackup           
00000000  interruptVectors              
000049c5  main                          
20200944  pipe_angle                    
20200968  target_position               
20200948  target_speed                  
2020094c  valid_frame_count             


GLOBAL SYMBOLS: SORTED BY Symbol Address 

address   name                          
-------   ----                          
00000000  __TI_ATRegion0_region_sz      
00000000  __TI_ATRegion0_src_addr       
00000000  __TI_ATRegion0_trg_addr       
00000000  __TI_ATRegion1_region_sz      
00000000  __TI_ATRegion1_src_addr       
00000000  __TI_ATRegion1_trg_addr       
00000000  __TI_ATRegion2_region_sz      
00000000  __TI_ATRegion2_src_addr       
00000000  __TI_ATRegion2_trg_addr       
00000000  __TI_static_base__            
00000000  interruptVectors              
00000200  __STACK_SIZE                  
00000bf9  New_Main                      
00001579  Emm_V5_Read_Sys_Params        
00001d85  OLED_ShowChar                 
00002025  OLED_WR_Byte                  
000023b9  PID_UpdateConditional         
000024c7  __aeabi_idiv0                 
000025bd  PID_Init                      
00002779  __aeabi_fsub                  
00002779  __subsf3                      
00002783  __addsf3                      
00002783  __aeabi_fadd                  
00002851  OLED_RefreshPage              
0000290d  Bianma_GetRotation            
000029c1  SYSCFG_DL_GPIO_init           
00002a75  OLED_Init                     
00002b25  OLED_ShowNum                  
00002c79  UART3_IRQHandler              
00002d21  Bianma_Button_Pressed         
00002e51  OLED_ShowString               
000030a5  SYSCFG_DL_initPower           
00003131  __aeabi_fmul                  
00003131  __mulsf3                      
000031bd  UART2_IRQHandler              
000032c9  __aeabi_fdiv                  
000032c9  __divsf3                      
0000334d  Bianma_Init                   
000033cd  Emm_V5_Pos_Control            
00003449  __TI_decompress_lzss          
000034c5  UART0_IRQHandler              
0000353d  Vehicle_UART_EnableRxInterrupt
000035b1  Emm_V5_Angle_To_Pulses        
00003619  Serial1_SendArrayTry          
00003681  OLED_ClearPoint               
000036e5  Emm_V5_Pos_Control_Angle      
00003749  __aeabi_fcmpeq                
0000375d  __aeabi_fcmplt                
00003771  __aeabi_fcmple                
00003785  __aeabi_fcmpge                
00003799  __aeabi_fcmpgt                
000037ad  OLED_Clear                    
0000380d  SYSCFG_DL_OLED_init           
0000386d  UART_EnableRxInterrupt        
000038cd  UART_read_received_byte       
0000392d  DL_I2C_fillControllerTXFIFO   
0000398d  Motor_UART_ReadByte           
000039e9  OLED_ClearBuffer              
00003a41  PID_DecayIntegral             
00003a99  Vehicle_UART_ReadByte         
00003b8d  Motor_UART_EnableRxInterrupt  
00003d15  DL_UART_init                  
00003da5  OLED_DrawPoint                
00003e35  Emm_V5_En_Control             
00003e79  SYSCFG_DL_LLM_UART_init       
00003eb9  SYSCFG_DL_MOTOR_UART_init     
00003ef9  SYSCFG_DL_PRINT_init          
00003f39  SYSCFG_DL_VEHICLE_UART_init   
00003f79  __aeabi_uidiv                 
00003f79  __aeabi_uidivmod              
00003fb9  DL_I2C_flushControllerTXFIFO  
00003ff5  Emm_V5_Stop_Now               
00004031  __aeabi_i2f                   
00004031  __floatsisf                   
0000406d  __gesf2                       
0000406d  __gtsf2                       
000040a9  __TI_auto_init_nobinit_nopinit
000040e5  __cmpsf2                      
000040e5  __eqsf2                       
000040e5  __lesf2                       
000040e5  __ltsf2                       
000040e5  __nesf2                       
00004121  __muldsi3                     
00004195  __aeabi_f2iz                  
00004195  __fixsfsi                     
00004235  __aeabi_f2uiz                 
00004235  __fixunssfsi                  
00004269  DL_UART_transmitDataBlocking  
00004299  OLED_Pow                      
000042c9  SYSCFG_DL_init                
000042f9  OLED_Refresh                  
00004327  PID_Reset                     
00004515  __aeabi_ui2f                  
00004515  __floatunsisf                 
0000453d  _c_int00_noargs               
0000458b  DL_I2C_setClockConfig         
00004633  SYSCFG_DL_SYSCTL_init         
000046e1  DL_UART_receiveDataCheck      
000046fd  delay_ms                      
00004719  Bianma_Button_IsPressed       
0000493b  DL_UART_setClockConfig        
00004971  TI_memcpy_small               
00004983  __TI_decompress_none          
000049a5  SysTick_Handler               
000049c5  main                          
000049d5  __TI_zero_init                
000049e5  TI_memset_small               
000049f5  Vehicle_UART_GetErrorCount    
00004a01  __aeabi_memclr                
00004a01  __aeabi_memclr4               
00004a01  __aeabi_memclr8               
00004a0d  DL_Common_delayCycles         
00004a19  __aeabi_memcpy                
00004a19  __aeabi_memcpy4               
00004a19  __aeabi_memcpy8               
00004a21  abort                         
00004a27  ADC0_IRQHandler               
00004a27  ADC1_IRQHandler               
00004a27  AES_IRQHandler                
00004a27  CANFD0_IRQHandler             
00004a27  DAC0_IRQHandler               
00004a27  DMA_IRQHandler                
00004a27  Default_Handler               
00004a27  GROUP0_IRQHandler             
00004a27  GROUP1_IRQHandler             
00004a27  HardFault_Handler             
00004a27  I2C0_IRQHandler               
00004a27  I2C1_IRQHandler               
00004a27  NMI_Handler                   
00004a27  PendSV_Handler                
00004a27  RTC_IRQHandler                
00004a27  SPI0_IRQHandler               
00004a27  SPI1_IRQHandler               
00004a27  SVC_Handler                   
00004a27  TIMA0_IRQHandler              
00004a27  TIMA1_IRQHandler              
00004a27  TIMG0_IRQHandler              
00004a27  TIMG12_IRQHandler             
00004a27  TIMG6_IRQHandler              
00004a27  TIMG7_IRQHandler              
00004a27  TIMG8_IRQHandler              
00004a27  UART1_IRQHandler              
00004a2a  C$$EXIT                       
00004a2b  HOSTexit                      
00004a2f  Reset_Handler                 
00004a33  _system_pre_init              
00004a38  asc2_2412                     
00005794  asc2_1608                     
00005d84  asc2_1206                     
00006324  __TI_Handler_Table_Base       
00006330  __TI_Handler_Table_Limit      
00006338  __TI_CINIT_Base               
00006348  __TI_CINIT_Limit              
00006348  __TI_CINIT_Warm               
20200000  OLED_GRAM                     
20200000  __start___llvm_prf_bits       
20200000  __start___llvm_prf_cnts       
20200000  __stop___llvm_prf_bits        
20200000  __stop___llvm_prf_cnts        
20200840  gVEHICLE_UARTBackup           
202008f4  current_speed                 
20200944  pipe_angle                    
20200948  target_speed                  
2020094c  valid_frame_count             
20200950  current_position              
20200968  target_position               
20207e00  __stack                       
20208000  __STACK_END                   
ffffffff  __TI_pprof_out_hndl           
ffffffff  __TI_prof_data_size           
ffffffff  __TI_prof_data_start          
ffffffff  __binit__                     
ffffffff  binit                         
UNDEFED   __mpu_init                    
UNDEFED   _system_post_cinit            

[175 symbols]
