******************************************************************************
            TI ARM Clang Linker PC v4.0.4                      
******************************************************************************
>> Linked Tue Jul 21 22:17:36 2026

OUTPUT FILE NAME:   <10_DC_MOTOR_PID_2.out>
ENTRY POINT SYMBOL: "_c_int00_noargs"  address: 00001405


MEMORY CONFIGURATION

         name            origin    length      used     unused   attr    fill
----------------------  --------  ---------  --------  --------  ----  --------
  FLASH                 00000000   00020000  00001bc8  0001e438  R  X
  SRAM                  20200000   00008000  00000360  00007ca0  RW X
  BCR_CONFIG            41c00000   000000ff  00000000  000000ff  R   
  BSL_CONFIG            41c00100   00000080  00000000  00000080  R   


SEGMENT ALLOCATION MAP

run origin  load origin   length   init length attrs members
----------  ----------- ---------- ----------- ----- -------
00000000    00000000    00001bc8   00001bc8    r-x
  00000000    00000000    000000c0   000000c0    r-- .intvecs
  000000c0    000000c0    00001a60   00001a60    r-x .text
  00001b20    00001b20    00000078   00000078    r-- .rodata
  00001b98    00001b98    00000030   00000030    r-- .cinit
20200000    20200000    00000160   00000000    rw-
  20200000    20200000    0000015c   00000000    rw- .bss
  2020015c    2020015c    00000004   00000000    rw- .data
20207e00    20207e00    00000200   00000000    rw-
  20207e00    20207e00    00000200   00000000    rw- .stack


SECTION ALLOCATION MAP

 output                                  attributes/
section   page    origin      length       input sections
--------  ----  ----------  ----------   ----------------
.intvecs   0    00000000    000000c0     
                  00000000    000000c0     startup_mspm0g350x_ticlang.o (.intvecs)

.text      0    000000c0    00001a60     
                  000000c0    00000150     ti_msp_dl_config.o (.text.SYSCFG_DL_GPIO_init)
                  00000210    00000104     driverlib.a : dl_timer.o (.text.DL_Timer_initFourCCPWMMode)
                  00000314    000000fc                 : dl_timer.o (.text.DL_Timer_initTimerMode)
                  00000410    000000fc     line_tracking.o (.text.Line_Tracking_Update)
                  0000050c    000000e8     ti_msp_dl_config.o (.text.SYSCFG_DL_SYSCTL_SYSPLL_init)
                  000005f4    000000e8     motor.o (.text.motor_set_direction)
                  000006dc    000000dc     driverlib.a : dl_sysctl_mspm0g1x0x_g3x0x.o (.text.DL_SYSCTL_configSYSPLL)
                  000007b8    000000c4     motor.o (.text.motor_drive_percent)
                  0000087c    000000a0     ti_msp_dl_config.o (.text.SYSCFG_DL_initPower)
                  0000091c    0000008c     ti_msp_dl_config.o (.text.SYSCFG_DL_PWMAB_init)
                  000009a8    0000007c     grayscale_sensor.o (.text.grayscale_select_channel)
                  00000a24    0000007c     libc.a : copy_decompress_lzss.c.obj (.text:decompress:lzss)
                  00000aa0    00000074     ti_msp_dl_config.o (.text.SYSCFG_DL_SYSCTL_init)
                  00000b14    00000074     libclang_rt.builtins.a : comparedf2.c.obj (.text.__gedf2)
                  00000b88    0000006c     ti_msp_dl_config.o (.text.SYSCFG_DL_SERVO_init)
                  00000bf4    00000068     libclang_rt.builtins.a : comparedf2.c.obj (.text.__ledf2)
                  00000c5c    00000064     driverlib.a : dl_sysctl_mspm0g1x0x_g3x0x.o (.text.DL_SYSCTL_setHFCLKSourceHFXTParams)
                  00000cc0    00000062     libclang_rt.builtins.a : aeabi_dcmp.S.obj (.text.__aeabi_dcmp)
                  00000d22    00000002                            : aeabi_div0.c.obj (.text.__aeabi_idiv0)
                  00000d24    00000060     grayscale_sensor.o (.text.Grayscale_Sensor_Read_All)
                  00000d84    00000060     ti_msp_dl_config.o (.text.SYSCFG_DL_OLED_init)
                  00000de4    00000056     libclang_rt.builtins.a : aeabi_idivmod.S.obj (.text.__aeabi_idivmod)
                  00000e3a    00000002     --HOLE-- [fill = 0]
                  00000e3c    00000054     key.o (.text.GROUP1_IRQHandler)
                  00000e90    00000054     motor.o (.text.motor_init)
                  00000ee4    00000050     ti_msp_dl_config.o (.text.DL_GPIO_initPeripheralInputFunctionFeatures)
                  00000f34    0000004c     ti_msp_dl_config.o (.text.DL_GPIO_initDigitalInputFeatures)
                  00000f80    0000004c     ti_msp_dl_config.o (.text.DL_UART_setBaudRateDivisor)
                  00000fcc    0000004c     motor.o (.text.motor_set_duty)
                  00001018    00000048     driverlib.a : dl_uart.o (.text.DL_UART_init)
                  00001060    00000048     ti_msp_dl_config.o (.text.SYSCFG_DL_PRINT_init)
                  000010a8    00000048     line_tracking.o (.text.limit_motor_percent)
                  000010f0    00000044     driverlib.a : dl_sysctl_mspm0g1x0x_g3x0x.o (.text.DL_SYSCTL_switchMCLKfromSYSOSCtoHSCLK)
                  00001134    00000040     ti_msp_dl_config.o (.text.SYSCFG_DL_init)
                  00001174    00000040     libclang_rt.builtins.a : aeabi_uidivmod.S.obj (.text.__aeabi_uidivmod)
                  000011b4    00000040     main.o (.text.main)
                  000011f4    0000003c     ti_msp_dl_config.o (.text.DL_Timer_setCounterControl)
                  00001230    0000003c     libc.a : autoinit.c.obj (.text:__TI_auto_init_nobinit_nopinit)
                  0000126c    00000038     line_tracking.o (.text.drive_chassis)
                  000012a4    00000034     ti_msp_dl_config.o (.text.SYSCFG_DL_MOTOR_PID_init)
                  000012d8    00000034     uart.o (.text.UART0_IRQHandler)
                  0000130c    00000030     driverlib.a : dl_uart.o (.text.DL_UART_transmitDataBlocking)
                  0000133c    00000028     ti_msp_dl_config.o (.text.DL_Common_updateReg)
                  00001364    00000028     ti_msp_dl_config.o (.text.DL_I2C_setControllerRXFIFOThreshold)
                  0000138c    00000028     ti_msp_dl_config.o (.text.DL_I2C_setControllerTXFIFOThreshold)
                  000013b4    00000028     ti_msp_dl_config.o (.text.SYSCFG_DL_VREF_init)
                  000013dc    00000028     motor.o (.text.limit_duty)
                  00001404    00000028     libc.a : boot_cortex_m.c.obj (.text:_c_int00_noargs)
                  0000142c    00000026     ti_msp_dl_config.o (.text.DL_I2C_setAnalogGlitchFilterPulseWidth)
                  00001452    00000026     driverlib.a : dl_i2c.o (.text.DL_I2C_setClockConfig)
                  00001478    00000024     ti_msp_dl_config.o (.text.DL_I2C_setDigitalGlitchFilterPulseWidth)
                  0000149c    00000024     libclang_rt.builtins.a : floatunsidf.S.obj (.text.__floatunsidf)
                  000014c0    00000024     motor.o (.text.motor_stop)
                  000014e4    00000022     driverlib.a : dl_vref.o (.text.DL_VREF_configReference)
                  00001506    00000002     --HOLE-- [fill = 0]
                  00001508    00000020     ti_msp_dl_config.o (.text.DL_GPIO_initPeripheralInputFunction)
                  00001528    00000020     ti_msp_dl_config.o (.text.DL_SYSCTL_setFlashWaitState)
                  00001548    00000020     grayscale_sensor.o (.text.grayscale_delay_us)
                  00001568    0000001e     ti_msp_dl_config.o (.text.DL_UART_setOversampling)
                  00001586    00000002     --HOLE-- [fill = 0]
                  00001588    0000001c     ti_msp_dl_config.o (.text.DL_GPIO_clearInterruptStatus)
                  000015a4    0000001c     ti_msp_dl_config.o (.text.DL_GPIO_enableHiZ)
                  000015c0    0000001c     ti_msp_dl_config.o (.text.DL_GPIO_enableInterrupt)
                  000015dc    0000001c     ti_msp_dl_config.o (.text.DL_GPIO_initPeripheralOutputFunction)
                  000015f8    0000001c     ti_msp_dl_config.o (.text.DL_GPIO_setLowerPinsPolarity)
                  00001614    0000001c     driverlib.a : dl_sysctl_mspm0g1x0x_g3x0x.o (.text.DL_SYSCTL_configFCC)
                  00001630    0000001c     ti_msp_dl_config.o (.text.DL_SYSCTL_setFCCPeriods)
                  0000164c    0000001c     ti_msp_dl_config.o (.text.DL_SYSCTL_setSYSOSCFreq)
                  00001668    0000001c     ti_msp_dl_config.o (.text.DL_SYSCTL_setULPCLKDivider)
                  00001684    0000001c     ti_msp_dl_config.o (.text.DL_Timer_enableInterrupt)
                  000016a0    0000001c     driverlib.a : dl_timer.o (.text.DL_Timer_setCaptCompUpdateMethod)
                  000016bc    0000001c                 : dl_timer.o (.text.DL_Timer_setClockConfig)
                  000016d8    0000001c     ti_msp_dl_config.o (.text.DL_UART_enableInterrupt)
                  000016f4    0000001c     uart.o (.text.UART_send_char)
                  00001710    00000018     ti_msp_dl_config.o (.text.DL_GPIO_enableOutput)
                  00001728    00000018     ti_msp_dl_config.o (.text.DL_GPIO_enablePower)
                  00001740    00000018     ti_msp_dl_config.o (.text.DL_GPIO_initDigitalOutput)
                  00001758    00000018     ti_msp_dl_config.o (.text.DL_GPIO_initPeripheralAnalogFunction)
                  00001770    00000018     ti_msp_dl_config.o (.text.DL_GPIO_reset)
                  00001788    00000018     grayscale_sensor.o (.text.DL_GPIO_setPins)
                  000017a0    00000018     motor.o (.text.DL_GPIO_setPins)
                  000017b8    00000018     ti_msp_dl_config.o (.text.DL_I2C_enableAnalogGlitchFilter)
                  000017d0    00000018     ti_msp_dl_config.o (.text.DL_I2C_enableController)
                  000017e8    00000018     ti_msp_dl_config.o (.text.DL_I2C_enableControllerClockStretching)
                  00001800    00000018     ti_msp_dl_config.o (.text.DL_I2C_enablePower)
                  00001818    00000018     ti_msp_dl_config.o (.text.DL_I2C_reset)
                  00001830    00000018     ti_msp_dl_config.o (.text.DL_I2C_setTimerPeriod)
                  00001848    00000018     ti_msp_dl_config.o (.text.DL_SYSCTL_setBORThreshold)
                  00001860    00000018     ti_msp_dl_config.o (.text.DL_Timer_enablePower)
                  00001878    00000018     ti_msp_dl_config.o (.text.DL_Timer_reset)
                  00001890    00000018     driverlib.a : dl_timer.o (.text.DL_Timer_setCaptureCompareOutCtl)
                  000018a8    00000018     motor.o (.text.DL_Timer_startCounter)
                  000018c0    00000018     ti_msp_dl_config.o (.text.DL_UART_enablePower)
                  000018d8    00000018     ti_msp_dl_config.o (.text.DL_UART_reset)
                  000018f0    00000018     ti_msp_dl_config.o (.text.DL_VREF_enablePower)
                  00001908    00000018     ti_msp_dl_config.o (.text.DL_VREF_reset)
                  00001920    00000018     grayscale_sensor.o (.text.Grayscale_Sensor_Init)
                  00001938    00000016     grayscale_sensor.o (.text.DL_GPIO_readPins)
                  0000194e    00000016     ti_msp_dl_config.o (.text.DL_UART_enable)
                  00001964    00000016     libc.a : copy_zero_init.c.obj (.text:decompress:ZI:__TI_zero_init_nomemset)
                  0000197a    00000014     grayscale_sensor.o (.text.DL_GPIO_clearPins)
                  0000198e    00000014     motor.o (.text.DL_GPIO_clearPins)
                  000019a2    00000014     ti_msp_dl_config.o (.text.DL_GPIO_clearPins)
                  000019b6    00000002     --HOLE-- [fill = 0]
                  000019b8    00000014     ti_msp_dl_config.o (.text.DL_I2C_resetControllerTransfer)
                  000019cc    00000014     ti_msp_dl_config.o (.text.DL_SYSCTL_disableSYSPLL)
                  000019e0    00000014     ti_msp_dl_config.o (.text.DL_SYSCTL_enableSYSPLL)
                  000019f4    00000014     ti_msp_dl_config.o (.text.DL_Timer_enableClock)
                  00001a08    00000014     ti_msp_dl_config.o (.text.DL_Timer_setCCPDirection)
                  00001a1c    00000014     uart.o (.text.DL_UART_receiveData)
                  00001a30    00000012     key.o (.text.DL_GPIO_getPendingInterrupt)
                  00001a42    00000012     uart.o (.text.DL_UART_getPendingInterrupt)
                  00001a54    00000012     driverlib.a : dl_uart.o (.text.DL_UART_setClockConfig)
                  00001a66    00000012                 : dl_vref.o (.text.DL_VREF_setClockConfig)
                  00001a78    00000012     libc.a : memcpy16.S.obj (.text:TI_memcpy_small)
                  00001a8a    00000012            : copy_decompress_none.c.obj (.text:decompress:none)
                  00001a9c    00000010     ti_msp_dl_config.o (.text.DL_SYSCTL_disableHFXT)
                  00001aac    00000010     ti_msp_dl_config.o (.text.DL_SYSCTL_isFCCDone)
                  00001abc    00000010     ti_msp_dl_config.o (.text.DL_SYSCTL_startFCC)
                  00001acc    00000010     driverlib.a : dl_timer.o (.text.DL_Timer_setCaptureCompareValue)
                  00001adc    0000000c     ti_msp_dl_config.o (.text.DL_SYSCTL_getClockStatus)
                  00001ae8    0000000c     ti_msp_dl_config.o (.text.DL_SYSCTL_readFCC)
                  00001af4    0000000a     driverlib.a : dl_common.o (.text.DL_Common_delayCycles)
                  00001afe    00000002     --HOLE-- [fill = 0]
                  00001b00    00000008     libclang_rt.builtins.a : aeabi_memcpy.S.obj (.text.__aeabi_memcpy)
                  00001b08    00000006     libc.a : exit.c.obj (.text:abort)
                  00001b0e    00000004     startup_mspm0g350x_ticlang.o (.text.Default_Handler)
                  00001b12    00000004     libsysbm.a : hostexit.c.obj (.text.HOSTexit)
                  00001b16    00000004     startup_mspm0g350x_ticlang.o (.text.Reset_Handler)
                  00001b1a    00000004     libc.a : pre_init.c.obj (.text._system_pre_init)
                  00001b1e    00000002     --HOLE-- [fill = 0]

.cinit     0    00001b98    00000030     
                  00001b98    0000000c     (__TI_handler_table)
                  00001ba4    00000008     (.cinit..bss.load) [load image, compression = zero_init]
                  00001bac    00000007     (.cinit..data.load) [load image, compression = lzss]
                  00001bb3    00000001     --HOLE-- [fill = 0]
                  00001bb4    00000010     (__TI_cinit_table)
                  00001bc4    00000004     --HOLE-- [fill = 0]

.rodata    0    00001b20    00000078     
                  00001b20    00000028     ti_msp_dl_config.o (.rodata.gSYSPLLConfig)
                  00001b48    00000014     ti_msp_dl_config.o (.rodata.gMOTOR_PIDTimerConfig)
                  00001b5c    0000000a     ti_msp_dl_config.o (.rodata.gPRINTConfig)
                  00001b66    00000008     line_tracking.o (.rodata.Line_Tracking_Update.weights)
                  00001b6e    00000002     ti_msp_dl_config.o (.rodata.gOLEDClockConfig)
                  00001b70    00000008     ti_msp_dl_config.o (.rodata.gPWMABConfig)
                  00001b78    00000008     ti_msp_dl_config.o (.rodata.gSERVOConfig)
                  00001b80    00000008     ti_msp_dl_config.o (.rodata.gVREFConfig)
                  00001b88    00000003     ti_msp_dl_config.o (.rodata.gMOTOR_PIDClockConfig)
                  00001b8b    00000003     ti_msp_dl_config.o (.rodata.gPWMABClockConfig)
                  00001b8e    00000003     ti_msp_dl_config.o (.rodata.gSERVOClockConfig)
                  00001b91    00000002     ti_msp_dl_config.o (.rodata.gPRINTClockConfig)
                  00001b93    00000002     ti_msp_dl_config.o (.rodata.gVREFClockConfig)
                  00001b95    00000003     --HOLE-- [fill = 0]

.init_array 
*          0    00000000    00000000     UNINITIALIZED

.binit     0    00000000    00000000     

.bss       0    20200000    0000015c     UNINITIALIZED
                  20200000    000000bc     (.common:gMOTOR_PIDBackup)
                  202000bc    000000a0     (.common:gSERVOBackup)

.data      0    2020015c    00000004     UNINITIALIZED
                  2020015c    00000004     key.o (.data.status)

.stack     0    20207e00    00000200     UNINITIALIZED
                  20207e00    00000004     libc.a : boot_cortex_m.c.obj (.stack)
                  20207e04    000001fc     --HOLE--

__llvm_prf_cnts 
*          0    20200000    00000000     UNINITIALIZED

__llvm_prf_bits 
*          0    20200000    00000000     UNINITIALIZED

MODULE SUMMARY

       Module                         code   ro data   rw data
       ------                         ----   -------   -------
    .\
       ti_msp_dl_config.o             2922   109       348    
       startup_mspm0g350x_ticlang.o   8      192       0      
       main.o                         64     0         0      
    +--+------------------------------+------+---------+---------+
       Total:                         2994   301       348    
                                                              
    .\user_driver\
       motor.o                        732    0         0      
       line_tracking.o                380    8         0      
       grayscale_sensor.o             342    0         0      
       uart.o                         118    0         0      
       key.o                          102    0         4      
    +--+------------------------------+------+---------+---------+
       Total:                         1674   8         4      
                                                              
    C:/TI/mspm0_sdk_2_10_00_04/source/ti/driverlib/lib/ticlang/m0p/mspm0g1x0x_g3x0x/driverlib.a
       dl_timer.o                     608    0         0      
       dl_sysctl_mspm0g1x0x_g3x0x.o   416    0         0      
       dl_uart.o                      138    0         0      
       dl_vref.o                      52     0         0      
       dl_i2c.o                       38     0         0      
       dl_common.o                    10     0         0      
    +--+------------------------------+------+---------+---------+
       Total:                         1262   0         0      
                                                              
    E:\install\keli\ti\css\ccs\tools\compiler\ti-cgt-armllvm_4.0.4.LTS\lib\armv6m-ti-none-eabi/c/libc.a
       copy_decompress_lzss.c.obj     124    0         0      
       autoinit.c.obj                 60     0         0      
       boot_cortex_m.c.obj            40     0         0      
       copy_zero_init.c.obj           22     0         0      
       copy_decompress_none.c.obj     18     0         0      
       memcpy16.S.obj                 18     0         0      
       exit.c.obj                     6      0         0      
       pre_init.c.obj                 4      0         0      
    +--+------------------------------+------+---------+---------+
       Total:                         292    0         0      
                                                              
    E:\install\keli\ti\css\ccs\tools\compiler\ti-cgt-armllvm_4.0.4.LTS\lib\armv6m-ti-none-eabi/c/libsysbm.a
       hostexit.c.obj                 4      0         0      
    +--+------------------------------+------+---------+---------+
       Total:                         4      0         0      
                                                              
    E:\install\keli\ti\css\ccs\tools\compiler\ti-cgt-armllvm_4.0.4.LTS\lib\armv6m-ti-none-eabi/libclang_rt.builtins.a
       comparedf2.c.obj               220    0         0      
       aeabi_dcmp.S.obj               98     0         0      
       aeabi_idivmod.S.obj            86     0         0      
       aeabi_uidivmod.S.obj           64     0         0      
       floatunsidf.S.obj              36     0         0      
       aeabi_memcpy.S.obj             8      0         0      
       aeabi_div0.c.obj               2      0         0      
    +--+------------------------------+------+---------+---------+
       Total:                         514    0         0      
                                                              
       Stack:                         0      0         512    
       Linker Generated:              0      43        0      
    +--+------------------------------+------+---------+---------+
       Grand Total:                   6740   352       864    


LINKER GENERATED COPY TABLES

__TI_cinit_table @ 00001bb4 records: 2, size/record: 8, table size: 16
	.bss: load addr=00001ba4, load size=00000008 bytes, run addr=20200000, run size=0000015c bytes, compression=zero_init
	.data: load addr=00001bac, load size=00000007 bytes, run addr=2020015c, run size=00000004 bytes, compression=lzss


LINKER GENERATED HANDLER TABLE

__TI_handler_table @ 00001b98 records: 3, size/record: 4, table size: 12
	index: 0, handler: __TI_decompress_lzss
	index: 1, handler: __TI_decompress_none
	index: 2, handler: __TI_zero_init


GLOBAL SYMBOLS: SORTED ALPHABETICALLY BY Name 

address   name                                 
-------   ----                                 
00001b0f  ADC0_IRQHandler                      
00001b0f  ADC1_IRQHandler                      
00001b0f  AES_IRQHandler                       
00001b12  C$$EXIT                              
00001b0f  CANFD0_IRQHandler                    
00001b0f  DAC0_IRQHandler                      
00001af5  DL_Common_delayCycles                
00001453  DL_I2C_setClockConfig                
00001615  DL_SYSCTL_configFCC                  
000006dd  DL_SYSCTL_configSYSPLL               
00000c5d  DL_SYSCTL_setHFCLKSourceHFXTParams   
000010f1  DL_SYSCTL_switchMCLKfromSYSOSCtoHSCLK
00000211  DL_Timer_initFourCCPWMMode           
00000315  DL_Timer_initTimerMode               
000016a1  DL_Timer_setCaptCompUpdateMethod     
00001891  DL_Timer_setCaptureCompareOutCtl     
00001acd  DL_Timer_setCaptureCompareValue      
000016bd  DL_Timer_setClockConfig              
00001019  DL_UART_init                         
00001a55  DL_UART_setClockConfig               
0000130d  DL_UART_transmitDataBlocking         
000014e5  DL_VREF_configReference              
00001a67  DL_VREF_setClockConfig               
00001b0f  DMA_IRQHandler                       
00001b0f  Default_Handler                      
00001b0f  GROUP0_IRQHandler                    
00000e3d  GROUP1_IRQHandler                    
00001921  Grayscale_Sensor_Init                
00000d25  Grayscale_Sensor_Read_All            
00001b13  HOSTexit                             
00001b0f  HardFault_Handler                    
00001b0f  I2C0_IRQHandler                      
00001b0f  I2C1_IRQHandler                      
00000411  Line_Tracking_Update                 
00001b0f  NMI_Handler                          
00001b0f  PendSV_Handler                       
00001b0f  RTC_IRQHandler                       
00001b17  Reset_Handler                        
00001b0f  SPI0_IRQHandler                      
00001b0f  SPI1_IRQHandler                      
00001b0f  SVC_Handler                          
000000c1  SYSCFG_DL_GPIO_init                  
000012a5  SYSCFG_DL_MOTOR_PID_init             
00000d85  SYSCFG_DL_OLED_init                  
00001061  SYSCFG_DL_PRINT_init                 
0000091d  SYSCFG_DL_PWMAB_init                 
00000b89  SYSCFG_DL_SERVO_init                 
0000050d  SYSCFG_DL_SYSCTL_SYSPLL_init         
00000aa1  SYSCFG_DL_SYSCTL_init                
000013b5  SYSCFG_DL_VREF_init                  
00001135  SYSCFG_DL_init                       
0000087d  SYSCFG_DL_initPower                  
00001b0f  SysTick_Handler                      
00001b0f  TIMA0_IRQHandler                     
00001b0f  TIMA1_IRQHandler                     
00001b0f  TIMG0_IRQHandler                     
00001b0f  TIMG12_IRQHandler                    
00001b0f  TIMG6_IRQHandler                     
00001b0f  TIMG7_IRQHandler                     
00001b0f  TIMG8_IRQHandler                     
00001a79  TI_memcpy_small                      
000012d9  UART0_IRQHandler                     
00001b0f  UART1_IRQHandler                     
00001b0f  UART2_IRQHandler                     
00001b0f  UART3_IRQHandler                     
000016f5  UART_send_char                       
20208000  __STACK_END                          
00000200  __STACK_SIZE                         
00000000  __TI_ATRegion0_region_sz             
00000000  __TI_ATRegion0_src_addr              
00000000  __TI_ATRegion0_trg_addr              
00000000  __TI_ATRegion1_region_sz             
00000000  __TI_ATRegion1_src_addr              
00000000  __TI_ATRegion1_trg_addr              
00000000  __TI_ATRegion2_region_sz             
00000000  __TI_ATRegion2_src_addr              
00000000  __TI_ATRegion2_trg_addr              
00001bb4  __TI_CINIT_Base                      
00001bc4  __TI_CINIT_Limit                     
00001bc4  __TI_CINIT_Warm                      
00001b98  __TI_Handler_Table_Base              
00001ba4  __TI_Handler_Table_Limit             
00001231  __TI_auto_init_nobinit_nopinit       
00000a25  __TI_decompress_lzss                 
00001a8b  __TI_decompress_none                 
ffffffff  __TI_pprof_out_hndl                  
ffffffff  __TI_prof_data_size                  
ffffffff  __TI_prof_data_start                 
00000000  __TI_static_base__                   
00001965  __TI_zero_init_nomemset              
00000cc1  __aeabi_dcmpeq                       
00000cfd  __aeabi_dcmpge                       
00000d11  __aeabi_dcmpgt                       
00000ce9  __aeabi_dcmple                       
00000cd5  __aeabi_dcmplt                       
00000de5  __aeabi_idiv                         
00000d23  __aeabi_idiv0                        
00000de5  __aeabi_idivmod                      
00001b01  __aeabi_memcpy                       
00001b01  __aeabi_memcpy4                      
00001b01  __aeabi_memcpy8                      
0000149d  __aeabi_ui2d                         
00001175  __aeabi_uidiv                        
00001175  __aeabi_uidivmod                     
ffffffff  __binit__                            
00000bf5  __cmpdf2                             
00000bf5  __eqdf2                              
0000149d  __floatunsidf                        
00000b15  __gedf2                              
00000b15  __gtdf2                              
00000bf5  __ledf2                              
00000bf5  __ltdf2                              
UNDEFED   __mpu_init                           
00000bf5  __nedf2                              
20207e00  __stack                              
20200000  __start___llvm_prf_bits              
20200000  __start___llvm_prf_cnts              
20200000  __stop___llvm_prf_bits               
20200000  __stop___llvm_prf_cnts               
00001405  _c_int00_noargs                      
UNDEFED   _system_post_cinit                   
00001b1b  _system_pre_init                     
00001b09  abort                                
ffffffff  binit                                
20200000  gMOTOR_PIDBackup                     
202000bc  gSERVOBackup                         
00000000  interruptVectors                     
000011b5  main                                 
000007b9  motor_drive_percent                  
00000e91  motor_init                           
000005f5  motor_set_direction                  
00000fcd  motor_set_duty                       
000014c1  motor_stop                           
2020015c  status                               


GLOBAL SYMBOLS: SORTED BY Symbol Address 

address   name                                 
-------   ----                                 
00000000  __TI_ATRegion0_region_sz             
00000000  __TI_ATRegion0_src_addr              
00000000  __TI_ATRegion0_trg_addr              
00000000  __TI_ATRegion1_region_sz             
00000000  __TI_ATRegion1_src_addr              
00000000  __TI_ATRegion1_trg_addr              
00000000  __TI_ATRegion2_region_sz             
00000000  __TI_ATRegion2_src_addr              
00000000  __TI_ATRegion2_trg_addr              
00000000  __TI_static_base__                   
00000000  interruptVectors                     
000000c1  SYSCFG_DL_GPIO_init                  
00000200  __STACK_SIZE                         
00000211  DL_Timer_initFourCCPWMMode           
00000315  DL_Timer_initTimerMode               
00000411  Line_Tracking_Update                 
0000050d  SYSCFG_DL_SYSCTL_SYSPLL_init         
000005f5  motor_set_direction                  
000006dd  DL_SYSCTL_configSYSPLL               
000007b9  motor_drive_percent                  
0000087d  SYSCFG_DL_initPower                  
0000091d  SYSCFG_DL_PWMAB_init                 
00000a25  __TI_decompress_lzss                 
00000aa1  SYSCFG_DL_SYSCTL_init                
00000b15  __gedf2                              
00000b15  __gtdf2                              
00000b89  SYSCFG_DL_SERVO_init                 
00000bf5  __cmpdf2                             
00000bf5  __eqdf2                              
00000bf5  __ledf2                              
00000bf5  __ltdf2                              
00000bf5  __nedf2                              
00000c5d  DL_SYSCTL_setHFCLKSourceHFXTParams   
00000cc1  __aeabi_dcmpeq                       
00000cd5  __aeabi_dcmplt                       
00000ce9  __aeabi_dcmple                       
00000cfd  __aeabi_dcmpge                       
00000d11  __aeabi_dcmpgt                       
00000d23  __aeabi_idiv0                        
00000d25  Grayscale_Sensor_Read_All            
00000d85  SYSCFG_DL_OLED_init                  
00000de5  __aeabi_idiv                         
00000de5  __aeabi_idivmod                      
00000e3d  GROUP1_IRQHandler                    
00000e91  motor_init                           
00000fcd  motor_set_duty                       
00001019  DL_UART_init                         
00001061  SYSCFG_DL_PRINT_init                 
000010f1  DL_SYSCTL_switchMCLKfromSYSOSCtoHSCLK
00001135  SYSCFG_DL_init                       
00001175  __aeabi_uidiv                        
00001175  __aeabi_uidivmod                     
000011b5  main                                 
00001231  __TI_auto_init_nobinit_nopinit       
000012a5  SYSCFG_DL_MOTOR_PID_init             
000012d9  UART0_IRQHandler                     
0000130d  DL_UART_transmitDataBlocking         
000013b5  SYSCFG_DL_VREF_init                  
00001405  _c_int00_noargs                      
00001453  DL_I2C_setClockConfig                
0000149d  __aeabi_ui2d                         
0000149d  __floatunsidf                        
000014c1  motor_stop                           
000014e5  DL_VREF_configReference              
00001615  DL_SYSCTL_configFCC                  
000016a1  DL_Timer_setCaptCompUpdateMethod     
000016bd  DL_Timer_setClockConfig              
000016f5  UART_send_char                       
00001891  DL_Timer_setCaptureCompareOutCtl     
00001921  Grayscale_Sensor_Init                
00001965  __TI_zero_init_nomemset              
00001a55  DL_UART_setClockConfig               
00001a67  DL_VREF_setClockConfig               
00001a79  TI_memcpy_small                      
00001a8b  __TI_decompress_none                 
00001acd  DL_Timer_setCaptureCompareValue      
00001af5  DL_Common_delayCycles                
00001b01  __aeabi_memcpy                       
00001b01  __aeabi_memcpy4                      
00001b01  __aeabi_memcpy8                      
00001b09  abort                                
00001b0f  ADC0_IRQHandler                      
00001b0f  ADC1_IRQHandler                      
00001b0f  AES_IRQHandler                       
00001b0f  CANFD0_IRQHandler                    
00001b0f  DAC0_IRQHandler                      
00001b0f  DMA_IRQHandler                       
00001b0f  Default_Handler                      
00001b0f  GROUP0_IRQHandler                    
00001b0f  HardFault_Handler                    
00001b0f  I2C0_IRQHandler                      
00001b0f  I2C1_IRQHandler                      
00001b0f  NMI_Handler                          
00001b0f  PendSV_Handler                       
00001b0f  RTC_IRQHandler                       
00001b0f  SPI0_IRQHandler                      
00001b0f  SPI1_IRQHandler                      
00001b0f  SVC_Handler                          
00001b0f  SysTick_Handler                      
00001b0f  TIMA0_IRQHandler                     
00001b0f  TIMA1_IRQHandler                     
00001b0f  TIMG0_IRQHandler                     
00001b0f  TIMG12_IRQHandler                    
00001b0f  TIMG6_IRQHandler                     
00001b0f  TIMG7_IRQHandler                     
00001b0f  TIMG8_IRQHandler                     
00001b0f  UART1_IRQHandler                     
00001b0f  UART2_IRQHandler                     
00001b0f  UART3_IRQHandler                     
00001b12  C$$EXIT                              
00001b13  HOSTexit                             
00001b17  Reset_Handler                        
00001b1b  _system_pre_init                     
00001b98  __TI_Handler_Table_Base              
00001ba4  __TI_Handler_Table_Limit             
00001bb4  __TI_CINIT_Base                      
00001bc4  __TI_CINIT_Limit                     
00001bc4  __TI_CINIT_Warm                      
20200000  __start___llvm_prf_bits              
20200000  __start___llvm_prf_cnts              
20200000  __stop___llvm_prf_bits               
20200000  __stop___llvm_prf_cnts               
20200000  gMOTOR_PIDBackup                     
202000bc  gSERVOBackup                         
2020015c  status                               
20207e00  __stack                              
20208000  __STACK_END                          
ffffffff  __TI_pprof_out_hndl                  
ffffffff  __TI_prof_data_size                  
ffffffff  __TI_prof_data_start                 
ffffffff  __binit__                            
ffffffff  binit                                
UNDEFED   __mpu_init                           
UNDEFED   _system_post_cinit                   

[134 symbols]
