******************************************************************************
            TI ARM Clang Linker PC v4.0.4                      
******************************************************************************
>> Linked Sat Aug  1 17:07:06 2026

OUTPUT FILE NAME:   <10_DC_MOTOR_PID_2.out>
ENTRY POINT SYMBOL: "_c_int00_noargs"  address: 00004505


MEMORY CONFIGURATION

         name            origin    length      used     unused   attr    fill
----------------------  --------  ---------  --------  --------  ----  --------
  FLASH                 00000000   00020000  00006310  00019cf0  R  X
  SRAM                  20200000   00008000  00000b88  00007478  RW X
  BCR_CONFIG            41c00000   000000ff  00000000  000000ff  R   
  BSL_CONFIG            41c00100   00000080  00000000  00000080  R   


SEGMENT ALLOCATION MAP

run origin  load origin   length   init length attrs members
----------  ----------- ---------- ----------- ----- -------
00000000    00000000    00006310   00006310    r-x
  00000000    00000000    000000c0   000000c0    r-- .intvecs
  000000c0    000000c0    00004940   00004940    r-x .text
  00004a00    00004a00    000018d0   000018d0    r-- .rodata
  000062d0    000062d0    00000040   00000040    r-- .cinit
20200000    20200000    00000989   00000000    rw-
  20200000    20200000    000008b3   00000000    rw- .bss
  202008b4    202008b4    000000d5   00000000    rw- .data
20207e00    20207e00    00000200   00000000    rw-
  20207e00    20207e00    00000200   00000000    rw- .stack


SECTION ALLOCATION MAP

 output                                  attributes/
section   page    origin      length       input sections
--------  ----  ----------  ----------   ----------------
.intvecs   0    00000000    000000c0     
                  00000000    000000c0     startup_mspm0g350x_ticlang.o (.intvecs)

.text      0    000000c0    00004940     
                  000000c0    00000788     main.o (.text.Ball_ControlUpdate)
                  00000848    00000398     main.o (.text.OLED_ShowControlInfo)
                  00000be0    000002dc     main.o (.text.New_Main)
                  00000ebc    000002a8     main.o (.text.Vehicle_AcceptFrame)
                  00001164    00000214     main.o (.text.Sensor_PushByte)
                  00001378    000001e8     main.o (.text.NewMode_ProcessEncoder)
                  00001560    000001e4     Emm_V5.o (.text.Emm_V5_Read_Sys_Params)
                  00001744    000001a8     main.o (.text.Ball_SequenceUpdate)
                  000018ec    0000019c     main.o (.text.Motor_ControlService)
                  00001a88    0000017c     main.o (.text.Motor_PushFeedbackByte)
                  00001c04    00000168     main.o (.text.OLED_ShowModeMenu)
                  00001d6c    00000158     oled.o (.text.OLED_ShowChar)
                  00001ec4    00000148     main.o (.text.LLM_UART_ParseSetpointByte)
                  0000200c    00000134     oled.o (.text.OLED_WR_Byte)
                  00002140    00000130     oled.o (.text.OLED_WR_DataBlock)
                  00002270    00000110     main.o (.text.Ball_CarCompensationOnlyUpdate)
                  00002380    0000010e     pid.o (.text.PID_UpdateConditional)
                  0000248e    00000002     libclang_rt.builtins.a : aeabi_div0.c.obj (.text.__aeabi_idiv0)
                  00002490    000000f4     main.o (.text.Vehicle_GetCompensationAngle)
                  00002584    000000e0     pid.o (.text.PID_Init)
                  00002664    000000dc     main.o (.text.OLED_ShowSigned3)
                  00002740    000000d8     libclang_rt.builtins.a : addsf3.S.obj (.text)
                  00002818    000000bc     oled.o (.text.OLED_RefreshPage)
                  000028d4    000000b4     bianma.o (.text.Bianma_GetRotation)
                  00002988    000000b4     ti_msp_dl_config.o (.text.SYSCFG_DL_GPIO_init)
                  00002a3c    000000b0     oled.o (.text.OLED_Init)
                  00002aec    000000ac     oled.o (.text.OLED_ShowNum)
                  00002b98    000000a8     main.o (.text.Ball_ControlStop)
                  00002c40    000000a8     uart.o (.text.UART3_IRQHandler)
                  00002ce8    00000098     bianma.o (.text.Bianma_Button_Pressed)
                  00002d80    00000098     main.o (.text.Motor_StartupSynchronize)
                  00002e18    00000098     oled.o (.text.OLED_ShowString)
                  00002eb0    00000098     main.o (.text.Vehicle_CalculateCrc16)
                  00002f48    00000094     main.o (.text.Vehicle_PushByte)
                  00002fdc    0000008e     main.o (.text.Sensor_CalculateCrc8)
                  0000306a    00000002     --HOLE-- [fill = 0]
                  0000306c    0000008c     ti_msp_dl_config.o (.text.SYSCFG_DL_initPower)
                  000030f8    0000008c     libclang_rt.builtins.a : mulsf3.S.obj (.text.__mulsf3)
                  00003184    00000088     uart.o (.text.UART2_IRQHandler)
                  0000320c    00000084     main.o (.text.__NVIC_SetPriority)
                  00003290    00000082     libclang_rt.builtins.a : divsf3.S.obj (.text.__divsf3)
                  00003312    00000002     --HOLE-- [fill = 0]
                  00003314    00000080     bianma.o (.text.Bianma_Init)
                  00003394    0000007c     Emm_V5.o (.text.Emm_V5_Pos_Control)
                  00003410    0000007c     libc.a : copy_decompress_lzss.c.obj (.text:decompress:lzss)
                  0000348c    00000078     uart.o (.text.UART0_IRQHandler)
                  00003504    00000074     uart.o (.text.Vehicle_UART_EnableRxInterrupt)
                  00003578    00000068     Emm_V5.o (.text.Emm_V5_Angle_To_Pulses)
                  000035e0    00000068     uart.o (.text.Serial1_SendArrayTry)
                  00003648    00000064     oled.o (.text.OLED_ClearPoint)
                  000036ac    00000062     Emm_V5.o (.text.Emm_V5_Pos_Control_Angle)
                  0000370e    00000002     --HOLE-- [fill = 0]
                  00003710    00000062     libclang_rt.builtins.a : aeabi_fcmp.S.obj (.text.__aeabi_fcmp)
                  00003772    00000002     --HOLE-- [fill = 0]
                  00003774    00000060     oled.o (.text.OLED_Clear)
                  000037d4    00000060     ti_msp_dl_config.o (.text.SYSCFG_DL_OLED_init)
                  00003834    00000060     uart.o (.text.UART_EnableRxInterrupt)
                  00003894    00000060     uart.o (.text.UART_read_received_byte)
                  000038f4    0000005e     driverlib.a : dl_i2c.o (.text.DL_I2C_fillControllerTXFIFO)
                  00003952    00000002     --HOLE-- [fill = 0]
                  00003954    0000005c     uart.o (.text.Motor_UART_ReadByte)
                  000039b0    00000058     oled.o (.text.OLED_ClearBuffer)
                  00003a08    00000056     pid.o (.text.PID_DecayIntegral)
                  00003a5e    00000002     --HOLE-- [fill = 0]
                  00003a60    00000054     uart.o (.text.Vehicle_UART_ReadByte)
                  00003ab4    00000050     ti_msp_dl_config.o (.text.DL_GPIO_initPeripheralInputFunctionFeatures)
                  00003b04    00000050     oled.o (.text.DL_I2C_startControllerTransfer)
                  00003b54    00000050     uart.o (.text.Motor_UART_EnableRxInterrupt)
                  00003ba4    00000050     main.o (.text.NewMode_ResetControlState)
                  00003bf4    00000050     main.o (.text.SysTick_Config)
                  00003c44    0000004c     ti_msp_dl_config.o (.text.DL_GPIO_initDigitalInputFeatures)
                  00003c90    0000004c     ti_msp_dl_config.o (.text.DL_UART_setBaudRateDivisor)
                  00003cdc    00000048     driverlib.a : dl_uart.o (.text.DL_UART_init)
                  00003d24    00000048     main.o (.text.Motor_SetAngle)
                  00003d6c    00000048     oled.o (.text.OLED_DrawPoint)
                  00003db4    00000048     pid.o (.text.PID_Limit)
                  00003dfc    00000044     Emm_V5.o (.text.Emm_V5_En_Control)
                  00003e40    00000040     ti_msp_dl_config.o (.text.SYSCFG_DL_LLM_UART_init)
                  00003e80    00000040     ti_msp_dl_config.o (.text.SYSCFG_DL_MOTOR_UART_init)
                  00003ec0    00000040     ti_msp_dl_config.o (.text.SYSCFG_DL_PRINT_init)
                  00003f00    00000040     ti_msp_dl_config.o (.text.SYSCFG_DL_VEHICLE_UART_init)
                  00003f40    00000040     libclang_rt.builtins.a : aeabi_uidivmod.S.obj (.text.__aeabi_uidivmod)
                  00003f80    0000003c     driverlib.a : dl_i2c.o (.text.DL_I2C_flushControllerTXFIFO)
                  00003fbc    0000003c     Emm_V5.o (.text.Emm_V5_Stop_Now)
                  00003ff8    0000003c     libclang_rt.builtins.a : floatsisf.S.obj (.text.__floatsisf)
                  00004034    0000003c                            : comparesf2.S.obj (.text.__gtsf2)
                  00004070    0000003c     libc.a : autoinit.c.obj (.text:__TI_auto_init_nobinit_nopinit)
                  000040ac    0000003a     libclang_rt.builtins.a : comparesf2.S.obj (.text.__eqsf2)
                  000040e6    00000002     --HOLE-- [fill = 0]
                  000040e8    0000003a                            : muldsi3.S.obj (.text.__muldsi3)
                  00004122    00000002     --HOLE-- [fill = 0]
                  00004124    00000038     main.o (.text.Ball_ControlIdle)
                  0000415c    00000038     libclang_rt.builtins.a : fixsfsi.S.obj (.text.__fixsfsi)
                  00004194    00000034     main.o (.text.__NVIC_DisableIRQ)
                  000041c8    00000032     main.o (.text.Vehicle_GetLongitudinalImuMg)
                  000041fa    00000002     --HOLE-- [fill = 0]
                  000041fc    00000032     libclang_rt.builtins.a : fixunssfsi.S.obj (.text.__fixunssfsi)
                  0000422e    00000002     --HOLE-- [fill = 0]
                  00004230    00000030     driverlib.a : dl_uart.o (.text.DL_UART_transmitDataBlocking)
                  00004260    00000030     oled.o (.text.OLED_Pow)
                  00004290    00000030     ti_msp_dl_config.o (.text.SYSCFG_DL_init)
                  000042c0    0000002e     oled.o (.text.OLED_Refresh)
                  000042ee    0000002c     pid.o (.text.PID_Reset)
                  0000431a    00000002     --HOLE-- [fill = 0]
                  0000431c    0000002c     uart.o (.text.__NVIC_ClearPendingIRQ)
                  00004348    0000002c     uart.o (.text.__NVIC_EnableIRQ)
                  00004374    00000028     main.o (.text.DL_Common_updateReg)
                  0000439c    00000028     oled.o (.text.DL_Common_updateReg)
                  000043c4    00000028     ti_msp_dl_config.o (.text.DL_Common_updateReg)
                  000043ec    00000028     uart.o (.text.DL_Common_updateReg)
                  00004414    00000028     ti_msp_dl_config.o (.text.DL_I2C_setControllerRXFIFOThreshold)
                  0000443c    00000028     ti_msp_dl_config.o (.text.DL_I2C_setControllerTXFIFOThreshold)
                  00004464    00000028     main.o (.text.DL_UART_setRXFIFOThreshold)
                  0000448c    00000028     uart.o (.text.DL_UART_setRXFIFOThreshold)
                  000044b4    00000028     main.o (.text.LLM_UART_Poll)
                  000044dc    00000028     libclang_rt.builtins.a : floatunsisf.S.obj (.text.__floatunsisf)
                  00004504    00000028     libc.a : boot_cortex_m.c.obj (.text:_c_int00_noargs)
                  0000452c    00000026     ti_msp_dl_config.o (.text.DL_I2C_setAnalogGlitchFilterPulseWidth)
                  00004552    00000026     driverlib.a : dl_i2c.o (.text.DL_I2C_setClockConfig)
                  00004578    00000024     ti_msp_dl_config.o (.text.DL_I2C_setDigitalGlitchFilterPulseWidth)
                  0000459c    00000020     ti_msp_dl_config.o (.text.DL_GPIO_initPeripheralInputFunction)
                  000045bc    00000020     main.o (.text.Vehicle_UART_Poll)
                  000045dc    0000001e     ti_msp_dl_config.o (.text.DL_UART_setOversampling)
                  000045fa    0000001e     ti_msp_dl_config.o (.text.SYSCFG_DL_SYSCTL_init)
                  00004618    0000001e     main.o (.text.Vehicle_ReadU32)
                  00004636    00000002     --HOLE-- [fill = 0]
                  00004638    0000001c     ti_msp_dl_config.o (.text.DL_GPIO_enableHiZ)
                  00004654    0000001c     ti_msp_dl_config.o (.text.DL_GPIO_initPeripheralOutputFunction)
                  00004670    0000001c     ti_msp_dl_config.o (.text.DL_SYSCTL_setSYSOSCFreq)
                  0000468c    0000001c     uart.o (.text.DL_UART_enableInterrupt)
                  000046a8    0000001c     driverlib.a : dl_uart.o (.text.DL_UART_receiveDataCheck)
                  000046c4    0000001a     delay.o (.text.delay_ms)
                  000046de    00000002     --HOLE-- [fill = 0]
                  000046e0    00000018     bianma.o (.text.Bianma_Button_IsPressed)
                  000046f8    00000018     ti_msp_dl_config.o (.text.DL_GPIO_enablePower)
                  00004710    00000018     ti_msp_dl_config.o (.text.DL_GPIO_reset)
                  00004728    00000018     ti_msp_dl_config.o (.text.DL_I2C_enableAnalogGlitchFilter)
                  00004740    00000018     ti_msp_dl_config.o (.text.DL_I2C_enableController)
                  00004758    00000018     ti_msp_dl_config.o (.text.DL_I2C_enableControllerClockStretching)
                  00004770    00000018     ti_msp_dl_config.o (.text.DL_I2C_enablePower)
                  00004788    00000018     ti_msp_dl_config.o (.text.DL_I2C_reset)
                  000047a0    00000018     ti_msp_dl_config.o (.text.DL_I2C_setTimerPeriod)
                  000047b8    00000018     ti_msp_dl_config.o (.text.DL_SYSCTL_setBORThreshold)
                  000047d0    00000018     uart.o (.text.DL_UART_clearInterruptStatus)
                  000047e8    00000018     ti_msp_dl_config.o (.text.DL_UART_enablePower)
                  00004800    00000018     uart.o (.text.DL_UART_getRawInterruptStatus)
                  00004818    00000018     uart.o (.text.DL_UART_isRXFIFOEmpty)
                  00004830    00000018     ti_msp_dl_config.o (.text.DL_UART_reset)
                  00004848    00000018     main.o (.text.LLM_UART_Init)
                  00004860    00000016     bianma.o (.text.DL_GPIO_readPins)
                  00004876    00000016     ti_msp_dl_config.o (.text.DL_UART_enable)
                  0000488c    00000014     oled.o (.text.DL_I2C_getControllerStatus)
                  000048a0    00000014     oled.o (.text.DL_I2C_resetControllerTransfer)
                  000048b4    00000014     ti_msp_dl_config.o (.text.DL_I2C_resetControllerTransfer)
                  000048c8    00000014     ti_msp_dl_config.o (.text.DL_SYSCTL_disableSYSPLL)
                  000048dc    00000014     uart.o (.text.DL_UART_receiveData)
                  000048f0    00000012     uart.o (.text.DL_UART_getPendingInterrupt)
                  00004902    00000012     driverlib.a : dl_uart.o (.text.DL_UART_setClockConfig)
                  00004914    00000012     main.o (.text.Vehicle_ReadI16)
                  00004926    00000012     main.o (.text.Vehicle_ReadU16)
                  00004938    00000012     libc.a : memcpy16.S.obj (.text:TI_memcpy_small)
                  0000494a    00000012            : copy_decompress_none.c.obj (.text:decompress:none)
                  0000495c    00000010     ti_msp_dl_config.o (.text.DL_SYSCTL_disableHFXT)
                  0000496c    00000010     main.o (.text.SysTick_Handler)
                  0000497c    00000010     main.o (.text.Vehicle_ReadI32)
                  0000498c    00000010     main_selector.o (.text.main)
                  0000499c    00000010     libc.a : copy_zero_init.c.obj (.text:decompress:ZI)
                  000049ac    0000000e            : memset16.S.obj (.text:TI_memset_small)
                  000049ba    00000002     --HOLE-- [fill = 0]
                  000049bc    0000000c     uart.o (.text.Vehicle_UART_GetErrorCount)
                  000049c8    0000000c     libclang_rt.builtins.a : aeabi_memset.S.obj (.text.__aeabi_memclr)
                  000049d4    0000000a     driverlib.a : dl_common.o (.text.DL_Common_delayCycles)
                  000049de    00000002     --HOLE-- [fill = 0]
                  000049e0    00000008     libclang_rt.builtins.a : aeabi_memcpy.S.obj (.text.__aeabi_memcpy)
                  000049e8    00000006     libc.a : exit.c.obj (.text:abort)
                  000049ee    00000004     startup_mspm0g350x_ticlang.o (.text.Default_Handler)
                  000049f2    00000004     libsysbm.a : hostexit.c.obj (.text.HOSTexit)
                  000049f6    00000004     startup_mspm0g350x_ticlang.o (.text.Reset_Handler)
                  000049fa    00000004     libc.a : pre_init.c.obj (.text._system_pre_init)
                  000049fe    00000002     --HOLE-- [fill = 0]

.cinit     0    000062d0    00000040     
                  000062d0    00000019     (.cinit..data.load) [load image, compression = lzss]
                  000062e9    00000003     --HOLE-- [fill = 0]
                  000062ec    0000000c     (__TI_handler_table)
                  000062f8    00000008     (.cinit..bss.load) [load image, compression = zero_init]
                  00006300    00000010     (__TI_cinit_table)

.rodata    0    00004a00    000018d0     
                  00004a00    00000d5c     oled.o (.rodata.asc2_2412)
                  0000575c    000005f0     oled.o (.rodata.asc2_1608)
                  00005d4c    00000474     oled.o (.rodata.asc2_1206)
                  000061c0    0000001c     oled.o (.rodata.OLED_Init.init_commands)
                  000061dc    00000010     bianma.o (.rodata.Bianma_GetRotation.transition_table)
                  000061ec    0000000f     main.o (.rodata.str1.10635229749459437609.1)
                  000061fb    0000000f     main.o (.rodata.str1.11702106008850790973.1)
                  0000620a    0000000f     main.o (.rodata.str1.3530083166107438000.1)
                  00006219    0000000d     main.o (.rodata.str1.16302215771116645891.1)
                  00006226    0000000d     main.o (.rodata.str1.7784929982665794503.1)
                  00006233    0000000b     main.o (.rodata.str1.1311392489248731986.1)
                  0000623e    0000000b     main.o (.rodata.str1.13782249893155712474.1)
                  00006249    0000000b     main.o (.rodata.str1.17376258722486336754.1)
                  00006254    0000000a     ti_msp_dl_config.o (.rodata.gLLM_UARTConfig)
                  0000625e    0000000a     ti_msp_dl_config.o (.rodata.gMOTOR_UARTConfig)
                  00006268    0000000a     ti_msp_dl_config.o (.rodata.gPRINTConfig)
                  00006272    0000000a     ti_msp_dl_config.o (.rodata.gVEHICLE_UARTConfig)
                  0000627c    00000005     main.o (.rodata.str1.14112174005742061988.1)
                  00006281    00000005     main.o (.rodata.str1.15996357275703397564.1)
                  00006286    00000004     main.o (.rodata.str1.14079361385603432444.1)
                  0000628a    00000004     main.o (.rodata.str1.16265332423659789559.1)
                  0000628e    00000004     main.o (.rodata.str1.2763581881760962609.1)
                  00006292    00000004     main.o (.rodata.str1.288608917962107522.1)
                  00006296    00000004     main.o (.rodata.str1.8154729771448623357.1)
                  0000629a    00000003     main.o (.rodata.str1.11870794119293528247.1)
                  0000629d    00000003     main.o (.rodata.str1.12180500075719773345.1)
                  000062a0    00000003     main.o (.rodata.str1.14402440632258215044.1)
                  000062a3    00000003     main.o (.rodata.str1.15159059442110792349.1)
                  000062a6    00000003     main.o (.rodata.str1.2846389346932560359.1)
                  000062a9    00000003     main.o (.rodata.str1.7702501944640899365.1)
                  000062ac    00000003     main.o (.rodata.str1.8076846746581808073.1)
                  000062af    00000003     main.o (.rodata.str1.8108965883388295311.1)
                  000062b2    00000002     ti_msp_dl_config.o (.rodata.gLLM_UARTClockConfig)
                  000062b4    00000002     ti_msp_dl_config.o (.rodata.gMOTOR_UARTClockConfig)
                  000062b6    00000002     ti_msp_dl_config.o (.rodata.gOLEDClockConfig)
                  000062b8    00000002     ti_msp_dl_config.o (.rodata.gPRINTClockConfig)
                  000062ba    00000002     ti_msp_dl_config.o (.rodata.gVEHICLE_UARTClockConfig)
                  000062bc    00000002     main.o (.rodata.str1.10313062130652730376.1)
                  000062be    00000002     main.o (.rodata.str1.13288086030101331538.1)
                  000062c0    00000002     main.o (.rodata.str1.16631870348416990953.1)
                  000062c2    00000002     main.o (.rodata.str1.17100691992556644108.1)
                  000062c4    00000002     main.o (.rodata.str1.18227636981041470289.1)
                  000062c6    00000002     main.o (.rodata.str1.2123964117280943167.1)
                  000062c8    00000002     main.o (.rodata.str1.6891813955777630061.1)
                  000062ca    00000002     main.o (.rodata.str1.9059077390166914652.1)
                  000062cc    00000004     --HOLE-- [fill = 0]

.init_array 
*          0    00000000    00000000     UNINITIALIZED

.binit     0    00000000    00000000     

.bss       0    20200000    000008b3     UNINITIALIZED
                  20200000    00000480     (.common:OLED_GRAM)
                  20200480    00000200     uart.o (.bss.g_uart_rx_buffer)
                  20200680    00000100     uart.o (.bss.g_vehicle_uart_rx_buffer)
                  20200780    00000030     main.o (.bss.g_position_pid)
                  202007b0    00000030     main.o (.bss.g_speed_pid)
                  202007e0    00000030     main.o (.bss.g_vehicle)
                  20200810    00000030     main.o (.bss.g_vehicle_frame)
                  20200840    00000030     (.common:gVEHICLE_UARTBackup)
                  20200870    00000020     uart.o (.bss.g_motor_uart_rx_buffer)
                  20200890    00000014     main.o (.bss.g_llm_command)
                  202008a4    00000008     main.o (.bss.g_motor_rx_frame)
                  202008ac    00000007     main.o (.bss.g_frame)

.data      0    202008b4    000000d5     UNINITIALIZED
                  202008b4    00000010     Emm_V5.o (.data.Emm_V5_En_Control.cmd)
                  202008c4    00000010     Emm_V5.o (.data.Emm_V5_Pos_Control.cmd)
                  202008d4    00000010     Emm_V5.o (.data.Emm_V5_Read_Sys_Params.cmd)
                  202008e4    00000010     Emm_V5.o (.data.Emm_V5_Stop_Now.cmd)
                  202008f4    00000004     main.o (.data.current_speed)
                  202008f8    00000004     main.o (.data.g_last_control_ms)
                  202008fc    00000004     main.o (.data.g_last_encoder_ms)
                  20200900    00000004     main.o (.data.g_last_frame_ms)
                  20200904    00000004     main.o (.data.g_last_motor_command_ms)
                  20200908    00000004     main.o (.data.g_last_motor_feedback_ms)
                  2020090c    00000004     main.o (.data.g_last_motor_query_ms)
                  20200910    00000004     main.o (.data.g_last_oled_ms)
                  20200914    00000004     main.o (.data.g_last_position_sample_ms)
                  20200918    00000004     main.o (.data.g_milliseconds)
                  2020091c    00000004     main.o (.data.g_motor_actual_angle)
                  20200920    00000004     main.o (.data.g_motor_query_sent_ms)
                  20200924    00000004     main.o (.data.g_motor_requested_angle)
                  20200928    00000004     main.o (.data.g_motor_zero_absolute_angle)
                  2020092c    00000004     main.o (.data.g_sequence_last_frame_count)
                  20200930    00000004     main.o (.data.g_vehicle_fused_accel_mmps2)
                  20200934    00000004     main.o (.data.g_vehicle_imu_low_mmps2)
                  20200938    00000004     main.o (.data.g_vehicle_imu_zero_mg)
                  2020093c    00000004     main.o (.data.g_vehicle_last_frame_ms)
                  20200940    00000004     main.o (.data.g_vehicle_lost_frames)
                  20200944    00000004     main.o (.data.pipe_angle)
                  20200948    00000004     main.o (.data.target_speed)
                  2020094c    00000004     main.o (.data.valid_frame_count)
                  20200950    00000002     main.o (.data.current_position)
                  20200952    00000002     main.o (.data.g_last_position)
                  20200954    00000002     main.o (.data.g_new_encoder_target)
                  20200956    00000002     main.o (.data.g_position_lock_target)
                  20200958    00000002     uart.o (.data.g_uart_rx_head)
                  2020095a    00000002     uart.o (.data.g_uart_rx_overflow_count)
                  2020095c    00000002     uart.o (.data.g_uart_rx_tail)
                  2020095e    00000002     main.o (.data.g_vehicle_last_sequence)
                  20200960    00000002     uart.o (.data.g_vehicle_uart_error_count)
                  20200962    00000002     uart.o (.data.g_vehicle_uart_rx_head)
                  20200964    00000002     uart.o (.data.g_vehicle_uart_rx_overflow_count)
                  20200966    00000002     uart.o (.data.g_vehicle_uart_rx_tail)
                  20200968    00000002     main.o (.data.target_position)
                  2020096a    00000001     bianma.o (.data.g_button_debounce_count)
                  2020096b    00000001     bianma.o (.data.g_button_last_raw)
                  2020096c    00000001     bianma.o (.data.g_button_state)
                  2020096d    00000001     main.o (.data.g_frame_index)
                  2020096e    00000001     bianma.o (.data.g_last_ab)
                  2020096f    00000001     main.o (.data.g_llm_command_index)
                  20200970    00000001     main.o (.data.g_motor_feedback_query_pending)
                  20200971    00000001     main.o (.data.g_motor_feedback_valid)
                  20200972    00000001     main.o (.data.g_motor_rx_index)
                  20200973    00000001     main.o (.data.g_motor_stopped)
                  20200974    00000001     uart.o (.data.g_motor_uart_rx_head)
                  20200975    00000001     uart.o (.data.g_motor_uart_rx_tail)
                  20200976    00000001     main.o (.data.g_motor_zero_captured)
                  20200977    00000001     main.o (.data.g_new_mode_confirmed)
                  20200978    00000001     main.o (.data.g_new_mode_input_ready)
                  20200979    00000001     main.o (.data.g_new_selected_mode)
                  2020097a    00000001     main.o (.data.g_new_target_confirmed)
                  2020097b    00000001     oled.o (.data.g_oled_i2c_failed)
                  2020097c    00000001     main.o (.data.g_oled_refresh_page)
                  2020097d    00000001     main.o (.data.g_position_locked)
                  2020097e    00000001     main.o (.data.g_position_valid)
                  2020097f    00000001     bianma.o (.data.g_rotation_accumulator)
                  20200980    00000001     main.o (.data.g_sequence_stable_cycles)
                  20200981    00000001     main.o (.data.g_sequence_start_requested)
                  20200982    00000001     main.o (.data.g_sequence_state)
                  20200983    00000001     main.o (.data.g_speed_sample_initialized)
                  20200984    00000001     main.o (.data.g_speed_valid)
                  20200985    00000001     main.o (.data.g_vehicle_frame_index)
                  20200986    00000001     main.o (.data.g_vehicle_frame_valid)
                  20200987    00000001     main.o (.data.g_vehicle_imu_zero_valid)
                  20200988    00000001     main.o (.data.g_vehicle_sequence_initialized)

.stack     0    20207e00    00000200     UNINITIALIZED
                  20207e00    00000004     libc.a : boot_cortex_m.c.obj (.stack)
                  20207e04    000001fc     --HOLE--

__llvm_prf_cnts 
*          0    20200000    00000000     UNINITIALIZED

__llvm_prf_bits 
*          0    20200000    00000000     UNINITIALIZED

MODULE SUMMARY

       Module                         code    ro data   rw data
       ------                         ----    -------   -------
    .\
       main.o                         9478    174       354    
       ti_msp_dl_config.o             1664    50        48     
       startup_mspm0g350x_ticlang.o   8       192       0      
       main_selector.o                16      0         0      
    +--+------------------------------+-------+---------+---------+
       Total:                         11166   416       402    
                                                               
    .\user_driver\
       oled.o                         2254    6108      1153   
       uart.o                         1410    0         816    
       Emm_V5.o                       938     0         64     
       pid.o                          696     0         0      
       bianma.o                       506     16        5      
       delay.o                        26      0         0      
    +--+------------------------------+-------+---------+---------+
       Total:                         5830    6124      2038   
                                                               
    C:/TI/mspm0_sdk_2_10_00_04/source/ti/driverlib/lib/ticlang/m0p/mspm0g1x0x_g3x0x/driverlib.a
       dl_i2c.o                       192     0         0      
       dl_uart.o                      166     0         0      
       dl_common.o                    10      0         0      
    +--+------------------------------+-------+---------+---------+
       Total:                         368     0         0      
                                                               
    E:\install\keli\ti\css\ccs\tools\compiler\ti-cgt-armllvm_4.0.4.LTS\lib\armv6m-ti-none-eabi/c/libc.a
       copy_decompress_lzss.c.obj     124     0         0      
       autoinit.c.obj                 60      0         0      
       boot_cortex_m.c.obj            40      0         0      
       copy_decompress_none.c.obj     18      0         0      
       memcpy16.S.obj                 18      0         0      
       copy_zero_init.c.obj           16      0         0      
       memset16.S.obj                 14      0         0      
       exit.c.obj                     6       0         0      
       pre_init.c.obj                 4       0         0      
    +--+------------------------------+-------+---------+---------+
       Total:                         300     0         0      
                                                               
    E:\install\keli\ti\css\ccs\tools\compiler\ti-cgt-armllvm_4.0.4.LTS\lib\armv6m-ti-none-eabi/c/libsysbm.a
       hostexit.c.obj                 4       0         0      
    +--+------------------------------+-------+---------+---------+
       Total:                         4       0         0      
                                                               
    E:\install\keli\ti\css\ccs\tools\compiler\ti-cgt-armllvm_4.0.4.LTS\lib\armv6m-ti-none-eabi/libclang_rt.builtins.a
       addsf3.S.obj                   216     0         0      
       mulsf3.S.obj                   140     0         0      
       divsf3.S.obj                   130     0         0      
       comparesf2.S.obj               118     0         0      
       aeabi_fcmp.S.obj               98      0         0      
       aeabi_uidivmod.S.obj           64      0         0      
       floatsisf.S.obj                60      0         0      
       muldsi3.S.obj                  58      0         0      
       fixsfsi.S.obj                  56      0         0      
       fixunssfsi.S.obj               50      0         0      
       floatunsisf.S.obj              40      0         0      
       aeabi_memset.S.obj             12      0         0      
       aeabi_memcpy.S.obj             8       0         0      
       aeabi_div0.c.obj               2       0         0      
    +--+------------------------------+-------+---------+---------+
       Total:                         1052    0         0      
                                                               
       Stack:                         0       0         512    
       Linker Generated:              0       61        0      
    +--+------------------------------+-------+---------+---------+
       Grand Total:                   18720   6601      2952   


LINKER GENERATED COPY TABLES

__TI_cinit_table @ 00006300 records: 2, size/record: 8, table size: 16
	.data: load addr=000062d0, load size=00000019 bytes, run addr=202008b4, run size=000000d5 bytes, compression=lzss
	.bss: load addr=000062f8, load size=00000008 bytes, run addr=20200000, run size=000008b3 bytes, compression=zero_init


LINKER GENERATED HANDLER TABLE

__TI_handler_table @ 000062ec records: 3, size/record: 4, table size: 12
	index: 0, handler: __TI_decompress_lzss
	index: 1, handler: __TI_decompress_none
	index: 2, handler: __TI_zero_init


GLOBAL SYMBOLS: SORTED ALPHABETICALLY BY Name 

address   name                          
-------   ----                          
000049ef  ADC0_IRQHandler               
000049ef  ADC1_IRQHandler               
000049ef  AES_IRQHandler                
000046e1  Bianma_Button_IsPressed       
00002ce9  Bianma_Button_Pressed         
000028d5  Bianma_GetRotation            
00003315  Bianma_Init                   
000049f2  C$$EXIT                       
000049ef  CANFD0_IRQHandler             
000049ef  DAC0_IRQHandler               
000049d5  DL_Common_delayCycles         
000038f5  DL_I2C_fillControllerTXFIFO   
00003f81  DL_I2C_flushControllerTXFIFO  
00004553  DL_I2C_setClockConfig         
00003cdd  DL_UART_init                  
000046a9  DL_UART_receiveDataCheck      
00004903  DL_UART_setClockConfig        
00004231  DL_UART_transmitDataBlocking  
000049ef  DMA_IRQHandler                
000049ef  Default_Handler               
00003579  Emm_V5_Angle_To_Pulses        
00003dfd  Emm_V5_En_Control             
00003395  Emm_V5_Pos_Control            
000036ad  Emm_V5_Pos_Control_Angle      
00001561  Emm_V5_Read_Sys_Params        
00003fbd  Emm_V5_Stop_Now               
000049ef  GROUP0_IRQHandler             
000049ef  GROUP1_IRQHandler             
000049f3  HOSTexit                      
000049ef  HardFault_Handler             
000049ef  I2C0_IRQHandler               
000049ef  I2C1_IRQHandler               
00003b55  Motor_UART_EnableRxInterrupt  
00003955  Motor_UART_ReadByte           
000049ef  NMI_Handler                   
00000be1  New_Main                      
00003775  OLED_Clear                    
000039b1  OLED_ClearBuffer              
00003649  OLED_ClearPoint               
00003d6d  OLED_DrawPoint                
20200000  OLED_GRAM                     
00002a3d  OLED_Init                     
00004261  OLED_Pow                      
000042c1  OLED_Refresh                  
00002819  OLED_RefreshPage              
00001d6d  OLED_ShowChar                 
00002aed  OLED_ShowNum                  
00002e19  OLED_ShowString               
0000200d  OLED_WR_Byte                  
00003a09  PID_DecayIntegral             
00002585  PID_Init                      
000042ef  PID_Reset                     
00002381  PID_UpdateConditional         
000049ef  PendSV_Handler                
000049ef  RTC_IRQHandler                
000049f7  Reset_Handler                 
000049ef  SPI0_IRQHandler               
000049ef  SPI1_IRQHandler               
000049ef  SVC_Handler                   
00002989  SYSCFG_DL_GPIO_init           
00003e41  SYSCFG_DL_LLM_UART_init       
00003e81  SYSCFG_DL_MOTOR_UART_init     
000037d5  SYSCFG_DL_OLED_init           
00003ec1  SYSCFG_DL_PRINT_init          
000045fb  SYSCFG_DL_SYSCTL_init         
00003f01  SYSCFG_DL_VEHICLE_UART_init   
00004291  SYSCFG_DL_init                
0000306d  SYSCFG_DL_initPower           
000035e1  Serial1_SendArrayTry          
0000496d  SysTick_Handler               
000049ef  TIMA0_IRQHandler              
000049ef  TIMA1_IRQHandler              
000049ef  TIMG0_IRQHandler              
000049ef  TIMG12_IRQHandler             
000049ef  TIMG6_IRQHandler              
000049ef  TIMG7_IRQHandler              
000049ef  TIMG8_IRQHandler              
00004939  TI_memcpy_small               
000049ad  TI_memset_small               
0000348d  UART0_IRQHandler              
000049ef  UART1_IRQHandler              
00003185  UART2_IRQHandler              
00002c41  UART3_IRQHandler              
00003835  UART_EnableRxInterrupt        
00003895  UART_read_received_byte       
00003505  Vehicle_UART_EnableRxInterrupt
000049bd  Vehicle_UART_GetErrorCount    
00003a61  Vehicle_UART_ReadByte         
20208000  __STACK_END                   
00000200  __STACK_SIZE                  
00000000  __TI_ATRegion0_region_sz      
00000000  __TI_ATRegion0_src_addr       
00000000  __TI_ATRegion0_trg_addr       
00000000  __TI_ATRegion1_region_sz      
00000000  __TI_ATRegion1_src_addr       
00000000  __TI_ATRegion1_trg_addr       
00000000  __TI_ATRegion2_region_sz      
00000000  __TI_ATRegion2_src_addr       
00000000  __TI_ATRegion2_trg_addr       
00006300  __TI_CINIT_Base               
00006310  __TI_CINIT_Limit              
00006310  __TI_CINIT_Warm               
000062ec  __TI_Handler_Table_Base       
000062f8  __TI_Handler_Table_Limit      
00004071  __TI_auto_init_nobinit_nopinit
00003411  __TI_decompress_lzss          
0000494b  __TI_decompress_none          
ffffffff  __TI_pprof_out_hndl           
ffffffff  __TI_prof_data_size           
ffffffff  __TI_prof_data_start          
00000000  __TI_static_base__            
0000499d  __TI_zero_init                
0000274b  __addsf3                      
0000415d  __aeabi_f2iz                  
000041fd  __aeabi_f2uiz                 
0000274b  __aeabi_fadd                  
00003711  __aeabi_fcmpeq                
0000374d  __aeabi_fcmpge                
00003761  __aeabi_fcmpgt                
00003739  __aeabi_fcmple                
00003725  __aeabi_fcmplt                
00003291  __aeabi_fdiv                  
000030f9  __aeabi_fmul                  
00002741  __aeabi_fsub                  
00003ff9  __aeabi_i2f                   
0000248f  __aeabi_idiv0                 
000049c9  __aeabi_memclr                
000049c9  __aeabi_memclr4               
000049c9  __aeabi_memclr8               
000049e1  __aeabi_memcpy                
000049e1  __aeabi_memcpy4               
000049e1  __aeabi_memcpy8               
000044dd  __aeabi_ui2f                  
00003f41  __aeabi_uidiv                 
00003f41  __aeabi_uidivmod              
ffffffff  __binit__                     
000040ad  __cmpsf2                      
00003291  __divsf3                      
000040ad  __eqsf2                       
0000415d  __fixsfsi                     
000041fd  __fixunssfsi                  
00003ff9  __floatsisf                   
000044dd  __floatunsisf                 
00004035  __gesf2                       
00004035  __gtsf2                       
000040ad  __lesf2                       
000040ad  __ltsf2                       
UNDEFED   __mpu_init                    
000040e9  __muldsi3                     
000030f9  __mulsf3                      
000040ad  __nesf2                       
20207e00  __stack                       
20200000  __start___llvm_prf_bits       
20200000  __start___llvm_prf_cnts       
20200000  __stop___llvm_prf_bits        
20200000  __stop___llvm_prf_cnts        
00002741  __subsf3                      
00004505  _c_int00_noargs               
UNDEFED   _system_post_cinit            
000049fb  _system_pre_init              
000049e9  abort                         
00005d4c  asc2_1206                     
0000575c  asc2_1608                     
00004a00  asc2_2412                     
ffffffff  binit                         
20200950  current_position              
202008f4  current_speed                 
000046c5  delay_ms                      
20200840  gVEHICLE_UARTBackup           
00000000  interruptVectors              
0000498d  main                          
20200944  pipe_angle                    
20200968  target_position               
20200948  target_speed                  
2020094c  valid_frame_count             


GLOBAL SYMBOLS: SORTED BY Symbol Address 

address   name                          
-------   ----                          
00000000  __TI_ATRegion0_region_sz      
00000000  __TI_ATRegion0_src_addr       
00000000  __TI_ATRegion0_trg_addr       
00000000  __TI_ATRegion1_region_sz      
00000000  __TI_ATRegion1_src_addr       
00000000  __TI_ATRegion1_trg_addr       
00000000  __TI_ATRegion2_region_sz      
00000000  __TI_ATRegion2_src_addr       
00000000  __TI_ATRegion2_trg_addr       
00000000  __TI_static_base__            
00000000  interruptVectors              
00000200  __STACK_SIZE                  
00000be1  New_Main                      
00001561  Emm_V5_Read_Sys_Params        
00001d6d  OLED_ShowChar                 
0000200d  OLED_WR_Byte                  
00002381  PID_UpdateConditional         
0000248f  __aeabi_idiv0                 
00002585  PID_Init                      
00002741  __aeabi_fsub                  
00002741  __subsf3                      
0000274b  __addsf3                      
0000274b  __aeabi_fadd                  
00002819  OLED_RefreshPage              
000028d5  Bianma_GetRotation            
00002989  SYSCFG_DL_GPIO_init           
00002a3d  OLED_Init                     
00002aed  OLED_ShowNum                  
00002c41  UART3_IRQHandler              
00002ce9  Bianma_Button_Pressed         
00002e19  OLED_ShowString               
0000306d  SYSCFG_DL_initPower           
000030f9  __aeabi_fmul                  
000030f9  __mulsf3                      
00003185  UART2_IRQHandler              
00003291  __aeabi_fdiv                  
00003291  __divsf3                      
00003315  Bianma_Init                   
00003395  Emm_V5_Pos_Control            
00003411  __TI_decompress_lzss          
0000348d  UART0_IRQHandler              
00003505  Vehicle_UART_EnableRxInterrupt
00003579  Emm_V5_Angle_To_Pulses        
000035e1  Serial1_SendArrayTry          
00003649  OLED_ClearPoint               
000036ad  Emm_V5_Pos_Control_Angle      
00003711  __aeabi_fcmpeq                
00003725  __aeabi_fcmplt                
00003739  __aeabi_fcmple                
0000374d  __aeabi_fcmpge                
00003761  __aeabi_fcmpgt                
00003775  OLED_Clear                    
000037d5  SYSCFG_DL_OLED_init           
00003835  UART_EnableRxInterrupt        
00003895  UART_read_received_byte       
000038f5  DL_I2C_fillControllerTXFIFO   
00003955  Motor_UART_ReadByte           
000039b1  OLED_ClearBuffer              
00003a09  PID_DecayIntegral             
00003a61  Vehicle_UART_ReadByte         
00003b55  Motor_UART_EnableRxInterrupt  
00003cdd  DL_UART_init                  
00003d6d  OLED_DrawPoint                
00003dfd  Emm_V5_En_Control             
00003e41  SYSCFG_DL_LLM_UART_init       
00003e81  SYSCFG_DL_MOTOR_UART_init     
00003ec1  SYSCFG_DL_PRINT_init          
00003f01  SYSCFG_DL_VEHICLE_UART_init   
00003f41  __aeabi_uidiv                 
00003f41  __aeabi_uidivmod              
00003f81  DL_I2C_flushControllerTXFIFO  
00003fbd  Emm_V5_Stop_Now               
00003ff9  __aeabi_i2f                   
00003ff9  __floatsisf                   
00004035  __gesf2                       
00004035  __gtsf2                       
00004071  __TI_auto_init_nobinit_nopinit
000040ad  __cmpsf2                      
000040ad  __eqsf2                       
000040ad  __lesf2                       
000040ad  __ltsf2                       
000040ad  __nesf2                       
000040e9  __muldsi3                     
0000415d  __aeabi_f2iz                  
0000415d  __fixsfsi                     
000041fd  __aeabi_f2uiz                 
000041fd  __fixunssfsi                  
00004231  DL_UART_transmitDataBlocking  
00004261  OLED_Pow                      
00004291  SYSCFG_DL_init                
000042c1  OLED_Refresh                  
000042ef  PID_Reset                     
000044dd  __aeabi_ui2f                  
000044dd  __floatunsisf                 
00004505  _c_int00_noargs               
00004553  DL_I2C_setClockConfig         
000045fb  SYSCFG_DL_SYSCTL_init         
000046a9  DL_UART_receiveDataCheck      
000046c5  delay_ms                      
000046e1  Bianma_Button_IsPressed       
00004903  DL_UART_setClockConfig        
00004939  TI_memcpy_small               
0000494b  __TI_decompress_none          
0000496d  SysTick_Handler               
0000498d  main                          
0000499d  __TI_zero_init                
000049ad  TI_memset_small               
000049bd  Vehicle_UART_GetErrorCount    
000049c9  __aeabi_memclr                
000049c9  __aeabi_memclr4               
000049c9  __aeabi_memclr8               
000049d5  DL_Common_delayCycles         
000049e1  __aeabi_memcpy                
000049e1  __aeabi_memcpy4               
000049e1  __aeabi_memcpy8               
000049e9  abort                         
000049ef  ADC0_IRQHandler               
000049ef  ADC1_IRQHandler               
000049ef  AES_IRQHandler                
000049ef  CANFD0_IRQHandler             
000049ef  DAC0_IRQHandler               
000049ef  DMA_IRQHandler                
000049ef  Default_Handler               
000049ef  GROUP0_IRQHandler             
000049ef  GROUP1_IRQHandler             
000049ef  HardFault_Handler             
000049ef  I2C0_IRQHandler               
000049ef  I2C1_IRQHandler               
000049ef  NMI_Handler                   
000049ef  PendSV_Handler                
000049ef  RTC_IRQHandler                
000049ef  SPI0_IRQHandler               
000049ef  SPI1_IRQHandler               
000049ef  SVC_Handler                   
000049ef  TIMA0_IRQHandler              
000049ef  TIMA1_IRQHandler              
000049ef  TIMG0_IRQHandler              
000049ef  TIMG12_IRQHandler             
000049ef  TIMG6_IRQHandler              
000049ef  TIMG7_IRQHandler              
000049ef  TIMG8_IRQHandler              
000049ef  UART1_IRQHandler              
000049f2  C$$EXIT                       
000049f3  HOSTexit                      
000049f7  Reset_Handler                 
000049fb  _system_pre_init              
00004a00  asc2_2412                     
0000575c  asc2_1608                     
00005d4c  asc2_1206                     
000062ec  __TI_Handler_Table_Base       
000062f8  __TI_Handler_Table_Limit      
00006300  __TI_CINIT_Base               
00006310  __TI_CINIT_Limit              
00006310  __TI_CINIT_Warm               
20200000  OLED_GRAM                     
20200000  __start___llvm_prf_bits       
20200000  __start___llvm_prf_cnts       
20200000  __stop___llvm_prf_bits        
20200000  __stop___llvm_prf_cnts        
20200840  gVEHICLE_UARTBackup           
202008f4  current_speed                 
20200944  pipe_angle                    
20200948  target_speed                  
2020094c  valid_frame_count             
20200950  current_position              
20200968  target_position               
20207e00  __stack                       
20208000  __STACK_END                   
ffffffff  __TI_pprof_out_hndl           
ffffffff  __TI_prof_data_size           
ffffffff  __TI_prof_data_start          
ffffffff  __binit__                     
ffffffff  binit                         
UNDEFED   __mpu_init                    
UNDEFED   _system_post_cinit            

[175 symbols]
