******************************************************************************
            TI ARM Clang Linker PC v4.0.4                      
******************************************************************************
>> Linked Thu Jul 23 15:43:55 2026

OUTPUT FILE NAME:   <10_DC_MOTOR_PID_2.out>
ENTRY POINT SYMBOL: "_c_int00_noargs"  address: 00002511


MEMORY CONFIGURATION

         name            origin    length      used     unused   attr    fill
----------------------  --------  ---------  --------  --------  ----  --------
  FLASH                 00000000   00020000  00004530  0001bad0  R  X
  SRAM                  20200000   00008000  0000081b  000077e5  RW X
  BCR_CONFIG            41c00000   000000ff  00000000  000000ff  R   
  BSL_CONFIG            41c00100   00000080  00000000  00000080  R   


SEGMENT ALLOCATION MAP

run origin  load origin   length   init length attrs members
----------  ----------- ---------- ----------- ----- -------
00000000    00000000    00004530   00004530    r-x
  00000000    00000000    000000c0   000000c0    r-- .intvecs
  000000c0    000000c0    00002c00   00002c00    r-x .text
  00002cc0    00002cc0    00001838   00001838    r-- .rodata
  000044f8    000044f8    00000038   00000038    r-- .cinit
20200000    20200000    0000061b   00000000    rw-
  20200000    20200000    000005dc   00000000    rw- .bss
  202005dc    202005dc    0000003f   00000000    rw- .data
20207e00    20207e00    00000200   00000000    rw-
  20207e00    20207e00    00000200   00000000    rw- .stack


SECTION ALLOCATION MAP

 output                                  attributes/
section   page    origin      length       input sections
--------  ----  ----------  ----------   ----------------
.intvecs   0    00000000    000000c0     
                  00000000    000000c0     startup_mspm0g350x_ticlang.o (.intvecs)

.text      0    000000c0    00002c00     
                  000000c0    00000208     line_tracking.o (.text.Line_Tracking_Update)
                  000002c8    000001d0     ti_msp_dl_config.o (.text.SYSCFG_DL_GPIO_init)
                  00000498    00000158     oled.o (.text.OLED_ShowChar)
                  000005f0    00000144     main.o (.text.main)
                  00000734    00000134     oled.o (.text.OLED_WR_Byte)
                  00000868    00000134     motor.o (.text.motor_drive_percent)
                  0000099c    00000108     key.o (.text.Key_Process)
                  00000aa4    00000104     driverlib.a : dl_timer.o (.text.DL_Timer_initFourCCPWMMode)
                  00000ba8    000000fc                 : dl_timer.o (.text.DL_Timer_initTimerMode)
                  00000ca4    000000fc     motor.o (.text.motor_pid_update)
                  00000da0    000000f8     oled.o (.text.OLED_Init)
                  00000e98    000000e8     ti_msp_dl_config.o (.text.SYSCFG_DL_SYSCTL_SYSPLL_init)
                  00000f80    000000e8     motor.o (.text.motor_set_direction)
                  00001068    000000dc     driverlib.a : dl_sysctl_mspm0g1x0x_g3x0x.o (.text.DL_SYSCTL_configSYSPLL)
                  00001144    000000ac     oled.o (.text.OLED_ShowNum)
                  000011f0    000000a0     ti_msp_dl_config.o (.text.SYSCFG_DL_initPower)
                  00001290    00000098     oled.o (.text.OLED_ShowString)
                  00001328    00000090     main.o (.text.OLED_ShowSignedPercent)
                  000013b8    00000090     motor.o (.text.motor_init)
                  00001448    0000008c     ti_msp_dl_config.o (.text.SYSCFG_DL_PWMAB_init)
                  000014d4    0000008c     line_tracking.o (.text.tracking_apply_motor_targets)
                  00001560    00000084     motor.o (.text.TIMA0_IRQHandler)
                  000015e4    00000080     main.o (.text.OLED_ShowMotorSpeed)
                  00001664    0000007c     oled.o (.text.OLED_Refresh)
                  000016e0    0000007c     libc.a : copy_decompress_lzss.c.obj (.text:decompress:lzss)
                  0000175c    00000074     ti_msp_dl_config.o (.text.SYSCFG_DL_SYSCTL_init)
                  000017d0    00000074     libclang_rt.builtins.a : comparedf2.c.obj (.text.__gedf2)
                  00001844    00000074     grayscale_sensor.o (.text.grayscale_select_channel)
                  000018b8    00000074     motor.o (.text.motor_stop)
                  0000192c    0000006c     ti_msp_dl_config.o (.text.SYSCFG_DL_SERVO_init)
                  00001998    00000068     libclang_rt.builtins.a : comparedf2.c.obj (.text.__ledf2)
                  00001a00    00000064     driverlib.a : dl_sysctl_mspm0g1x0x_g3x0x.o (.text.DL_SYSCTL_setHFCLKSourceHFXTParams)
                  00001a64    00000064     oled.o (.text.OLED_ClearPoint)
                  00001ac8    00000062     libclang_rt.builtins.a : aeabi_dcmp.S.obj (.text.__aeabi_dcmp)
                  00001b2a    00000002     grayscale_sensor.o (.text.Grayscale_Sensor_Init)
                  00001b2c    00000060     oled.o (.text.OLED_Clear)
                  00001b8c    00000060     ti_msp_dl_config.o (.text.SYSCFG_DL_MPU6050_init)
                  00001bec    00000060     ti_msp_dl_config.o (.text.SYSCFG_DL_OLED_init)
                  00001c4c    0000005e     driverlib.a : dl_i2c.o (.text.DL_I2C_fillControllerTXFIFO)
                  00001caa    00000002     libclang_rt.builtins.a : aeabi_div0.c.obj (.text.__aeabi_idiv0)
                  00001cac    00000056                            : aeabi_idivmod.S.obj (.text.__aeabi_idivmod)
                  00001d02    00000002     --HOLE-- [fill = 0]
                  00001d04    00000054     main.o (.text.OLED_ShowPidGains)
                  00001d58    00000050     ti_msp_dl_config.o (.text.DL_GPIO_initPeripheralInputFunctionFeatures)
                  00001da8    00000050     oled.o (.text.DL_I2C_startControllerTransfer)
                  00001df8    00000050     grayscale_sensor.o (.text.Grayscale_Sensor_Read_All)
                  00001e48    0000004c     ti_msp_dl_config.o (.text.DL_GPIO_initDigitalInputFeatures)
                  00001e94    0000004c     ti_msp_dl_config.o (.text.DL_UART_setBaudRateDivisor)
                  00001ee0    0000004c     encoder.o (.text.Encoder_Get_Count)
                  00001f2c    0000004c     key.o (.text.GROUP1_IRQHandler)
                  00001f78    0000004c     motor.o (.text.motor_set_duty)
                  00001fc4    00000048     driverlib.a : dl_uart.o (.text.DL_UART_init)
                  0000200c    00000048     oled.o (.text.OLED_DrawPoint)
                  00002054    00000048     ti_msp_dl_config.o (.text.SYSCFG_DL_PRINT_init)
                  0000209c    00000044     driverlib.a : dl_sysctl_mspm0g1x0x_g3x0x.o (.text.DL_SYSCTL_switchMCLKfromSYSOSCtoHSCLK)
                  000020e0    00000044     motor.o (.text.motor_get_target_percent)
                  00002124    00000040     ti_msp_dl_config.o (.text.SYSCFG_DL_init)
                  00002164    00000040     libclang_rt.builtins.a : aeabi_uidivmod.S.obj (.text.__aeabi_uidivmod)
                  000021a4    0000003c     driverlib.a : dl_i2c.o (.text.DL_I2C_flushControllerTXFIFO)
                  000021e0    0000003c     ti_msp_dl_config.o (.text.DL_Timer_setCounterControl)
                  0000221c    0000003c     motor.o (.text.motor_adjust_pid_ki)
                  00002258    0000003c     motor.o (.text.motor_adjust_pid_kp)
                  00002294    0000003c     libc.a : autoinit.c.obj (.text:__TI_auto_init_nobinit_nopinit)
                  000022d0    00000034     ti_msp_dl_config.o (.text.SYSCFG_DL_MOTOR_PID_init)
                  00002304    00000034     uart.o (.text.UART0_IRQHandler)
                  00002338    00000030     driverlib.a : dl_uart.o (.text.DL_UART_transmitDataBlocking)
                  00002368    00000030     encoder.o (.text.Encoder_Get_Last_Count)
                  00002398    00000030     oled.o (.text.OLED_Pow)
                  000023c8    0000002c     main.o (.text.__NVIC_ClearPendingIRQ)
                  000023f4    0000002c     main.o (.text.__NVIC_EnableIRQ)
                  00002420    00000028     oled.o (.text.DL_Common_updateReg)
                  00002448    00000028     ti_msp_dl_config.o (.text.DL_Common_updateReg)
                  00002470    00000028     ti_msp_dl_config.o (.text.DL_I2C_setControllerRXFIFOThreshold)
                  00002498    00000028     ti_msp_dl_config.o (.text.DL_I2C_setControllerTXFIFOThreshold)
                  000024c0    00000028     encoder.o (.text.Encoder_Record_Pulse)
                  000024e8    00000028     motor.o (.text.limit_duty)
                  00002510    00000028     libc.a : boot_cortex_m.c.obj (.text:_c_int00_noargs)
                  00002538    00000026     ti_msp_dl_config.o (.text.DL_I2C_setAnalogGlitchFilterPulseWidth)
                  0000255e    00000026     driverlib.a : dl_i2c.o (.text.DL_I2C_setClockConfig)
                  00002584    00000024     ti_msp_dl_config.o (.text.DL_I2C_setDigitalGlitchFilterPulseWidth)
                  000025a8    00000024     libclang_rt.builtins.a : floatunsidf.S.obj (.text.__floatunsidf)
                  000025cc    00000020     ti_msp_dl_config.o (.text.DL_GPIO_initPeripheralInputFunction)
                  000025ec    00000020     ti_msp_dl_config.o (.text.DL_SYSCTL_setFlashWaitState)
                  0000260c    00000020     motor.o (.text.motor_calculate_speed_mm_s)
                  0000262c    0000001e     ti_msp_dl_config.o (.text.DL_UART_setOversampling)
                  0000264a    00000002     --HOLE-- [fill = 0]
                  0000264c    0000001c     key.o (.text.DL_GPIO_clearInterruptStatus)
                  00002668    0000001c     ti_msp_dl_config.o (.text.DL_GPIO_clearInterruptStatus)
                  00002684    0000001c     ti_msp_dl_config.o (.text.DL_GPIO_enableHiZ)
                  000026a0    0000001c     ti_msp_dl_config.o (.text.DL_GPIO_enableInterrupt)
                  000026bc    0000001c     ti_msp_dl_config.o (.text.DL_GPIO_initPeripheralOutputFunction)
                  000026d8    0000001c     ti_msp_dl_config.o (.text.DL_GPIO_setLowerPinsPolarity)
                  000026f4    0000001c     driverlib.a : dl_sysctl_mspm0g1x0x_g3x0x.o (.text.DL_SYSCTL_configFCC)
                  00002710    0000001c     ti_msp_dl_config.o (.text.DL_SYSCTL_setFCCPeriods)
                  0000272c    0000001c     ti_msp_dl_config.o (.text.DL_SYSCTL_setSYSOSCFreq)
                  00002748    0000001c     ti_msp_dl_config.o (.text.DL_SYSCTL_setULPCLKDivider)
                  00002764    0000001c     ti_msp_dl_config.o (.text.DL_Timer_enableInterrupt)
                  00002780    0000001c     driverlib.a : dl_timer.o (.text.DL_Timer_setCaptCompUpdateMethod)
                  0000279c    0000001c                 : dl_timer.o (.text.DL_Timer_setClockConfig)
                  000027b8    0000001c     ti_msp_dl_config.o (.text.DL_UART_enableInterrupt)
                  000027d4    0000001c     uart.o (.text.UART_send_char)
                  000027f0    0000001c     delay.o (.text.delay_ms)
                  0000280c    00000018     ti_msp_dl_config.o (.text.DL_GPIO_enableOutput)
                  00002824    00000018     ti_msp_dl_config.o (.text.DL_GPIO_enablePower)
                  0000283c    00000018     key.o (.text.DL_GPIO_getEnabledInterruptStatus)
                  00002854    00000018     ti_msp_dl_config.o (.text.DL_GPIO_initDigitalOutput)
                  0000286c    00000018     ti_msp_dl_config.o (.text.DL_GPIO_initPeripheralAnalogFunction)
                  00002884    00000018     ti_msp_dl_config.o (.text.DL_GPIO_reset)
                  0000289c    00000018     grayscale_sensor.o (.text.DL_GPIO_setPins)
                  000028b4    00000018     main.o (.text.DL_GPIO_setPins)
                  000028cc    00000018     motor.o (.text.DL_GPIO_setPins)
                  000028e4    00000018     ti_msp_dl_config.o (.text.DL_I2C_enableAnalogGlitchFilter)
                  000028fc    00000018     ti_msp_dl_config.o (.text.DL_I2C_enableController)
                  00002914    00000018     ti_msp_dl_config.o (.text.DL_I2C_enableControllerClockStretching)
                  0000292c    00000018     ti_msp_dl_config.o (.text.DL_I2C_enablePower)
                  00002944    00000018     ti_msp_dl_config.o (.text.DL_I2C_reset)
                  0000295c    00000018     ti_msp_dl_config.o (.text.DL_I2C_setTimerPeriod)
                  00002974    00000018     ti_msp_dl_config.o (.text.DL_SYSCTL_setBORThreshold)
                  0000298c    00000018     ti_msp_dl_config.o (.text.DL_Timer_enablePower)
                  000029a4    00000018     ti_msp_dl_config.o (.text.DL_Timer_reset)
                  000029bc    00000018     driverlib.a : dl_timer.o (.text.DL_Timer_setCaptureCompareOutCtl)
                  000029d4    00000018     main.o (.text.DL_Timer_startCounter)
                  000029ec    00000018     motor.o (.text.DL_Timer_startCounter)
                  00002a04    00000018     ti_msp_dl_config.o (.text.DL_UART_enablePower)
                  00002a1c    00000018     ti_msp_dl_config.o (.text.DL_UART_reset)
                  00002a34    00000018     encoder.o (.text.Encoder_Init)
                  00002a4c    00000018     grayscale_sensor.o (.text.grayscale_read_out)
                  00002a64    00000016     grayscale_sensor.o (.text.DL_GPIO_readPins)
                  00002a7a    00000016     key.o (.text.DL_GPIO_readPins)
                  00002a90    00000016     ti_msp_dl_config.o (.text.DL_UART_enable)
                  00002aa6    00000014     grayscale_sensor.o (.text.DL_GPIO_clearPins)
                  00002aba    00000014     motor.o (.text.DL_GPIO_clearPins)
                  00002ace    00000014     ti_msp_dl_config.o (.text.DL_GPIO_clearPins)
                  00002ae2    00000002     --HOLE-- [fill = 0]
                  00002ae4    00000014     oled.o (.text.DL_I2C_getControllerStatus)
                  00002af8    00000014     oled.o (.text.DL_I2C_resetControllerTransfer)
                  00002b0c    00000014     ti_msp_dl_config.o (.text.DL_I2C_resetControllerTransfer)
                  00002b20    00000014     ti_msp_dl_config.o (.text.DL_SYSCTL_disableSYSPLL)
                  00002b34    00000014     ti_msp_dl_config.o (.text.DL_SYSCTL_enableSYSPLL)
                  00002b48    00000014     ti_msp_dl_config.o (.text.DL_Timer_enableClock)
                  00002b5c    00000014     ti_msp_dl_config.o (.text.DL_Timer_setCCPDirection)
                  00002b70    00000014     uart.o (.text.DL_UART_receiveData)
                  00002b84    00000014     grayscale_sensor.o (.text.grayscale_delay_us)
                  00002b98    00000012     motor.o (.text.DL_Timer_getPendingInterrupt)
                  00002baa    00000012     uart.o (.text.DL_UART_getPendingInterrupt)
                  00002bbc    00000012     driverlib.a : dl_uart.o (.text.DL_UART_setClockConfig)
                  00002bce    00000012     libc.a : memcpy16.S.obj (.text:TI_memcpy_small)
                  00002be0    00000012            : copy_decompress_none.c.obj (.text:decompress:none)
                  00002bf2    00000002     --HOLE-- [fill = 0]
                  00002bf4    00000010     ti_msp_dl_config.o (.text.DL_SYSCTL_disableHFXT)
                  00002c04    00000010     ti_msp_dl_config.o (.text.DL_SYSCTL_isFCCDone)
                  00002c14    00000010     ti_msp_dl_config.o (.text.DL_SYSCTL_startFCC)
                  00002c24    00000010     driverlib.a : dl_timer.o (.text.DL_Timer_setCaptureCompareValue)
                  00002c34    00000010     libc.a : copy_zero_init.c.obj (.text:decompress:ZI)
                  00002c44    0000000e            : memset16.S.obj (.text:TI_memset_small)
                  00002c52    00000002     --HOLE-- [fill = 0]
                  00002c54    0000000c     ti_msp_dl_config.o (.text.DL_SYSCTL_getClockStatus)
                  00002c60    0000000c     ti_msp_dl_config.o (.text.DL_SYSCTL_readFCC)
                  00002c6c    0000000c     libclang_rt.builtins.a : aeabi_memset.S.obj (.text.__aeabi_memclr)
                  00002c78    0000000c     motor.o (.text.motor_get_pid_ki)
                  00002c84    0000000c     motor.o (.text.motor_get_pid_kp)
                  00002c90    0000000a     driverlib.a : dl_common.o (.text.DL_Common_delayCycles)
                  00002c9a    00000002     --HOLE-- [fill = 0]
                  00002c9c    00000008     libclang_rt.builtins.a : aeabi_memcpy.S.obj (.text.__aeabi_memcpy)
                  00002ca4    00000006     libc.a : exit.c.obj (.text:abort)
                  00002caa    00000004     startup_mspm0g350x_ticlang.o (.text.Default_Handler)
                  00002cae    00000004     libsysbm.a : hostexit.c.obj (.text.HOSTexit)
                  00002cb2    00000004     startup_mspm0g350x_ticlang.o (.text.Reset_Handler)
                  00002cb6    00000004     libc.a : pre_init.c.obj (.text._system_pre_init)
                  00002cba    00000006     --HOLE-- [fill = 0]

.cinit     0    000044f8    00000038     
                  000044f8    0000000e     (.cinit..data.load) [load image, compression = lzss]
                  00004506    00000002     --HOLE-- [fill = 0]
                  00004508    0000000c     (__TI_handler_table)
                  00004514    00000008     (.cinit..bss.load) [load image, compression = zero_init]
                  0000451c    00000010     (__TI_cinit_table)
                  0000452c    00000004     --HOLE-- [fill = 0]

.rodata    0    00002cc0    00001838     
                  00002cc0    00000d5c     oled.o (.rodata.asc2_2412)
                  00003a1c    000005f0     oled.o (.rodata.asc2_1608)
                  0000400c    00000474     oled.o (.rodata.asc2_1206)
                  00004480    00000028     ti_msp_dl_config.o (.rodata.gSYSPLLConfig)
                  000044a8    00000014     ti_msp_dl_config.o (.rodata.gMOTOR_PIDTimerConfig)
                  000044bc    0000000a     ti_msp_dl_config.o (.rodata.gPRINTConfig)
                  000044c6    00000002     ti_msp_dl_config.o (.rodata.gMPU6050ClockConfig)
                  000044c8    00000008     ti_msp_dl_config.o (.rodata.gPWMABConfig)
                  000044d0    00000008     ti_msp_dl_config.o (.rodata.gSERVOConfig)
                  000044d8    00000004     main.o (.rodata.str1.2846389346932560359.1)
                  000044dc    00000003     ti_msp_dl_config.o (.rodata.gMOTOR_PIDClockConfig)
                  000044df    00000003     ti_msp_dl_config.o (.rodata.gPWMABClockConfig)
                  000044e2    00000003     ti_msp_dl_config.o (.rodata.gSERVOClockConfig)
                  000044e5    00000003     main.o (.rodata.str1.15159059442110792349.1)
                  000044e8    00000003     main.o (.rodata.str1.8154729771448623357.1)
                  000044eb    00000002     ti_msp_dl_config.o (.rodata.gOLEDClockConfig)
                  000044ed    00000002     ti_msp_dl_config.o (.rodata.gPRINTClockConfig)
                  000044ef    00000002     main.o (.rodata.str1.17100691992556644108.1)
                  000044f1    00000002     main.o (.rodata.str1.18227636981041470289.1)
                  000044f3    00000005     --HOLE-- [fill = 0]

.init_array 
*          0    00000000    00000000     UNINITIALIZED

.binit     0    00000000    00000000     

.bss       0    20200000    000005dc     UNINITIALIZED
                  20200000    00000480     (.common:OLED_GRAM)
                  20200480    000000bc     (.common:gMOTOR_PIDBackup)
                  2020053c    000000a0     (.common:gSERVOBackup)

.data      0    202005dc    0000003f     UNINITIALIZED
                  202005dc    00000018     motor.o (.data.motor_pid)
                  202005f4    00000008     encoder.o (.data.encoder_count)
                  202005fc    00000008     encoder.o (.data.encoder_last_count)
                  20200604    00000004     key.o (.data.Key_Process.filter)
                  20200608    00000004     key.o (.data.Key_Process.latched)
                  2020060c    00000004     motor.o (.data.motor_pid_ki)
                  20200610    00000004     motor.o (.data.motor_pid_kp)
                  20200614    00000004     motor.o (.data.motor_target_percent)
                  20200618    00000002     line_tracking.o (.data.g_last_correction_sign)
                  2020061a    00000001     oled.o (.data.g_oled_i2c_failed)

.stack     0    20207e00    00000200     UNINITIALIZED
                  20207e00    00000004     libc.a : boot_cortex_m.c.obj (.stack)
                  20207e04    000001fc     --HOLE--

__llvm_prf_cnts 
*          0    20200000    00000000     UNINITIALIZED

__llvm_prf_bits 
*          0    20200000    00000000     UNINITIALIZED

MODULE SUMMARY

       Module                         code    ro data   rw data
       ------                         ----    -------   -------
    .\
       ti_msp_dl_config.o             3058    101       348    
       main.o                         816     14        0      
       startup_mspm0g350x_ticlang.o   8       192       0      
    +--+------------------------------+-------+---------+---------+
       Total:                         3882    307       348    
                                                               
    .\user_driver\
       oled.o                         1824    6080      1153   
       motor.o                        1630    0         36     
       line_tracking.o                660     0         2      
       key.o                          414     0         8      
       grayscale_sensor.o             308     0         0      
       encoder.o                      188     0         16     
       uart.o                         118     0         0      
       delay.o                        28      0         0      
    +--+------------------------------+-------+---------+---------+
       Total:                         5170    6080      1215   
                                                               
    C:/TI/mspm0_sdk_2_10_00_04/source/ti/driverlib/lib/ticlang/m0p/mspm0g1x0x_g3x0x/driverlib.a
       dl_timer.o                     608     0         0      
       dl_sysctl_mspm0g1x0x_g3x0x.o   416     0         0      
       dl_i2c.o                       192     0         0      
       dl_uart.o                      138     0         0      
       dl_common.o                    10      0         0      
    +--+------------------------------+-------+---------+---------+
       Total:                         1364    0         0      
                                                               
    E:\install\keli\ti\css\ccs\tools\compiler\ti-cgt-armllvm_4.0.4.LTS\lib\armv6m-ti-none-eabi/c/libc.a
       copy_decompress_lzss.c.obj     124     0         0      
       autoinit.c.obj                 60      0         0      
       boot_cortex_m.c.obj            40      0         0      
       copy_decompress_none.c.obj     18      0         0      
       memcpy16.S.obj                 18      0         0      
       copy_zero_init.c.obj           16      0         0      
       memset16.S.obj                 14      0         0      
       exit.c.obj                     6       0         0      
       pre_init.c.obj                 4       0         0      
    +--+------------------------------+-------+---------+---------+
       Total:                         300     0         0      
                                                               
    E:\install\keli\ti\css\ccs\tools\compiler\ti-cgt-armllvm_4.0.4.LTS\lib\armv6m-ti-none-eabi/c/libsysbm.a
       hostexit.c.obj                 4       0         0      
    +--+------------------------------+-------+---------+---------+
       Total:                         4       0         0      
                                                               
    E:\install\keli\ti\css\ccs\tools\compiler\ti-cgt-armllvm_4.0.4.LTS\lib\armv6m-ti-none-eabi/libclang_rt.builtins.a
       comparedf2.c.obj               220     0         0      
       aeabi_dcmp.S.obj               98      0         0      
       aeabi_idivmod.S.obj            86      0         0      
       aeabi_uidivmod.S.obj           64      0         0      
       floatunsidf.S.obj              36      0         0      
       aeabi_memset.S.obj             12      0         0      
       aeabi_memcpy.S.obj             8       0         0      
       aeabi_div0.c.obj               2       0         0      
    +--+------------------------------+-------+---------+---------+
       Total:                         526     0         0      
                                                               
       Stack:                         0       0         512    
       Linker Generated:              0       50        0      
    +--+------------------------------+-------+---------+---------+
       Grand Total:                   11246   6437      2075   


LINKER GENERATED COPY TABLES

__TI_cinit_table @ 0000451c records: 2, size/record: 8, table size: 16
	.data: load addr=000044f8, load size=0000000e bytes, run addr=202005dc, run size=0000003f bytes, compression=lzss
	.bss: load addr=00004514, load size=00000008 bytes, run addr=20200000, run size=000005dc bytes, compression=zero_init


LINKER GENERATED HANDLER TABLE

__TI_handler_table @ 00004508 records: 3, size/record: 4, table size: 12
	index: 0, handler: __TI_decompress_lzss
	index: 1, handler: __TI_decompress_none
	index: 2, handler: __TI_zero_init


GLOBAL SYMBOLS: SORTED ALPHABETICALLY BY Name 

address   name                                 
-------   ----                                 
00002cab  ADC0_IRQHandler                      
00002cab  ADC1_IRQHandler                      
00002cab  AES_IRQHandler                       
00002cae  C$$EXIT                              
00002cab  CANFD0_IRQHandler                    
00002cab  DAC0_IRQHandler                      
00002c91  DL_Common_delayCycles                
00001c4d  DL_I2C_fillControllerTXFIFO          
000021a5  DL_I2C_flushControllerTXFIFO         
0000255f  DL_I2C_setClockConfig                
000026f5  DL_SYSCTL_configFCC                  
00001069  DL_SYSCTL_configSYSPLL               
00001a01  DL_SYSCTL_setHFCLKSourceHFXTParams   
0000209d  DL_SYSCTL_switchMCLKfromSYSOSCtoHSCLK
00000aa5  DL_Timer_initFourCCPWMMode           
00000ba9  DL_Timer_initTimerMode               
00002781  DL_Timer_setCaptCompUpdateMethod     
000029bd  DL_Timer_setCaptureCompareOutCtl     
00002c25  DL_Timer_setCaptureCompareValue      
0000279d  DL_Timer_setClockConfig              
00001fc5  DL_UART_init                         
00002bbd  DL_UART_setClockConfig               
00002339  DL_UART_transmitDataBlocking         
00002cab  DMA_IRQHandler                       
00002cab  Default_Handler                      
00001ee1  Encoder_Get_Count                    
00002369  Encoder_Get_Last_Count               
00002a35  Encoder_Init                         
000024c1  Encoder_Record_Pulse                 
00002cab  GROUP0_IRQHandler                    
00001f2d  GROUP1_IRQHandler                    
00001b2b  Grayscale_Sensor_Init                
00001df9  Grayscale_Sensor_Read_All            
00002caf  HOSTexit                             
00002cab  HardFault_Handler                    
00002cab  I2C0_IRQHandler                      
00002cab  I2C1_IRQHandler                      
0000099d  Key_Process                          
000000c1  Line_Tracking_Update                 
00002cab  NMI_Handler                          
00001b2d  OLED_Clear                           
00001a65  OLED_ClearPoint                      
0000200d  OLED_DrawPoint                       
20200000  OLED_GRAM                            
00000da1  OLED_Init                            
00002399  OLED_Pow                             
00001665  OLED_Refresh                         
00000499  OLED_ShowChar                        
00001145  OLED_ShowNum                         
00001291  OLED_ShowString                      
00000735  OLED_WR_Byte                         
00002cab  PendSV_Handler                       
00002cab  RTC_IRQHandler                       
00002cb3  Reset_Handler                        
00002cab  SPI0_IRQHandler                      
00002cab  SPI1_IRQHandler                      
00002cab  SVC_Handler                          
000002c9  SYSCFG_DL_GPIO_init                  
000022d1  SYSCFG_DL_MOTOR_PID_init             
00001b8d  SYSCFG_DL_MPU6050_init               
00001bed  SYSCFG_DL_OLED_init                  
00002055  SYSCFG_DL_PRINT_init                 
00001449  SYSCFG_DL_PWMAB_init                 
0000192d  SYSCFG_DL_SERVO_init                 
00000e99  SYSCFG_DL_SYSCTL_SYSPLL_init         
0000175d  SYSCFG_DL_SYSCTL_init                
00002125  SYSCFG_DL_init                       
000011f1  SYSCFG_DL_initPower                  
00002cab  SysTick_Handler                      
00001561  TIMA0_IRQHandler                     
00002cab  TIMA1_IRQHandler                     
00002cab  TIMG0_IRQHandler                     
00002cab  TIMG12_IRQHandler                    
00002cab  TIMG6_IRQHandler                     
00002cab  TIMG7_IRQHandler                     
00002cab  TIMG8_IRQHandler                     
00002bcf  TI_memcpy_small                      
00002c45  TI_memset_small                      
00002305  UART0_IRQHandler                     
00002cab  UART1_IRQHandler                     
00002cab  UART2_IRQHandler                     
00002cab  UART3_IRQHandler                     
000027d5  UART_send_char                       
20208000  __STACK_END                          
00000200  __STACK_SIZE                         
00000000  __TI_ATRegion0_region_sz             
00000000  __TI_ATRegion0_src_addr              
00000000  __TI_ATRegion0_trg_addr              
00000000  __TI_ATRegion1_region_sz             
00000000  __TI_ATRegion1_src_addr              
00000000  __TI_ATRegion1_trg_addr              
00000000  __TI_ATRegion2_region_sz             
00000000  __TI_ATRegion2_src_addr              
00000000  __TI_ATRegion2_trg_addr              
0000451c  __TI_CINIT_Base                      
0000452c  __TI_CINIT_Limit                     
0000452c  __TI_CINIT_Warm                      
00004508  __TI_Handler_Table_Base              
00004514  __TI_Handler_Table_Limit             
00002295  __TI_auto_init_nobinit_nopinit       
000016e1  __TI_decompress_lzss                 
00002be1  __TI_decompress_none                 
ffffffff  __TI_pprof_out_hndl                  
ffffffff  __TI_prof_data_size                  
ffffffff  __TI_prof_data_start                 
00000000  __TI_static_base__                   
00002c35  __TI_zero_init                       
00001ac9  __aeabi_dcmpeq                       
00001b05  __aeabi_dcmpge                       
00001b19  __aeabi_dcmpgt                       
00001af1  __aeabi_dcmple                       
00001add  __aeabi_dcmplt                       
00001cad  __aeabi_idiv                         
00001cab  __aeabi_idiv0                        
00001cad  __aeabi_idivmod                      
00002c6d  __aeabi_memclr                       
00002c6d  __aeabi_memclr4                      
00002c6d  __aeabi_memclr8                      
00002c9d  __aeabi_memcpy                       
00002c9d  __aeabi_memcpy4                      
00002c9d  __aeabi_memcpy8                      
000025a9  __aeabi_ui2d                         
00002165  __aeabi_uidiv                        
00002165  __aeabi_uidivmod                     
ffffffff  __binit__                            
00001999  __cmpdf2                             
00001999  __eqdf2                              
000025a9  __floatunsidf                        
000017d1  __gedf2                              
000017d1  __gtdf2                              
00001999  __ledf2                              
00001999  __ltdf2                              
UNDEFED   __mpu_init                           
00001999  __nedf2                              
20207e00  __stack                              
20200000  __start___llvm_prf_bits              
20200000  __start___llvm_prf_cnts              
20200000  __stop___llvm_prf_bits               
20200000  __stop___llvm_prf_cnts               
00002511  _c_int00_noargs                      
UNDEFED   _system_post_cinit                   
00002cb7  _system_pre_init                     
00002ca5  abort                                
0000400c  asc2_1206                            
00003a1c  asc2_1608                            
00002cc0  asc2_2412                            
ffffffff  binit                                
000027f1  delay_ms                             
20200480  gMOTOR_PIDBackup                     
2020053c  gSERVOBackup                         
00000000  interruptVectors                     
000005f1  main                                 
0000221d  motor_adjust_pid_ki                  
00002259  motor_adjust_pid_kp                  
00000869  motor_drive_percent                  
00002c79  motor_get_pid_ki                     
00002c85  motor_get_pid_kp                     
000020e1  motor_get_target_percent             
000013b9  motor_init                           
00000f81  motor_set_direction                  
00001f79  motor_set_duty                       
000018b9  motor_stop                           


GLOBAL SYMBOLS: SORTED BY Symbol Address 

address   name                                 
-------   ----                                 
00000000  __TI_ATRegion0_region_sz             
00000000  __TI_ATRegion0_src_addr              
00000000  __TI_ATRegion0_trg_addr              
00000000  __TI_ATRegion1_region_sz             
00000000  __TI_ATRegion1_src_addr              
00000000  __TI_ATRegion1_trg_addr              
00000000  __TI_ATRegion2_region_sz             
00000000  __TI_ATRegion2_src_addr              
00000000  __TI_ATRegion2_trg_addr              
00000000  __TI_static_base__                   
00000000  interruptVectors                     
000000c1  Line_Tracking_Update                 
00000200  __STACK_SIZE                         
000002c9  SYSCFG_DL_GPIO_init                  
00000499  OLED_ShowChar                        
000005f1  main                                 
00000735  OLED_WR_Byte                         
00000869  motor_drive_percent                  
0000099d  Key_Process                          
00000aa5  DL_Timer_initFourCCPWMMode           
00000ba9  DL_Timer_initTimerMode               
00000da1  OLED_Init                            
00000e99  SYSCFG_DL_SYSCTL_SYSPLL_init         
00000f81  motor_set_direction                  
00001069  DL_SYSCTL_configSYSPLL               
00001145  OLED_ShowNum                         
000011f1  SYSCFG_DL_initPower                  
00001291  OLED_ShowString                      
000013b9  motor_init                           
00001449  SYSCFG_DL_PWMAB_init                 
00001561  TIMA0_IRQHandler                     
00001665  OLED_Refresh                         
000016e1  __TI_decompress_lzss                 
0000175d  SYSCFG_DL_SYSCTL_init                
000017d1  __gedf2                              
000017d1  __gtdf2                              
000018b9  motor_stop                           
0000192d  SYSCFG_DL_SERVO_init                 
00001999  __cmpdf2                             
00001999  __eqdf2                              
00001999  __ledf2                              
00001999  __ltdf2                              
00001999  __nedf2                              
00001a01  DL_SYSCTL_setHFCLKSourceHFXTParams   
00001a65  OLED_ClearPoint                      
00001ac9  __aeabi_dcmpeq                       
00001add  __aeabi_dcmplt                       
00001af1  __aeabi_dcmple                       
00001b05  __aeabi_dcmpge                       
00001b19  __aeabi_dcmpgt                       
00001b2b  Grayscale_Sensor_Init                
00001b2d  OLED_Clear                           
00001b8d  SYSCFG_DL_MPU6050_init               
00001bed  SYSCFG_DL_OLED_init                  
00001c4d  DL_I2C_fillControllerTXFIFO          
00001cab  __aeabi_idiv0                        
00001cad  __aeabi_idiv                         
00001cad  __aeabi_idivmod                      
00001df9  Grayscale_Sensor_Read_All            
00001ee1  Encoder_Get_Count                    
00001f2d  GROUP1_IRQHandler                    
00001f79  motor_set_duty                       
00001fc5  DL_UART_init                         
0000200d  OLED_DrawPoint                       
00002055  SYSCFG_DL_PRINT_init                 
0000209d  DL_SYSCTL_switchMCLKfromSYSOSCtoHSCLK
000020e1  motor_get_target_percent             
00002125  SYSCFG_DL_init                       
00002165  __aeabi_uidiv                        
00002165  __aeabi_uidivmod                     
000021a5  DL_I2C_flushControllerTXFIFO         
0000221d  motor_adjust_pid_ki                  
00002259  motor_adjust_pid_kp                  
00002295  __TI_auto_init_nobinit_nopinit       
000022d1  SYSCFG_DL_MOTOR_PID_init             
00002305  UART0_IRQHandler                     
00002339  DL_UART_transmitDataBlocking         
00002369  Encoder_Get_Last_Count               
00002399  OLED_Pow                             
000024c1  Encoder_Record_Pulse                 
00002511  _c_int00_noargs                      
0000255f  DL_I2C_setClockConfig                
000025a9  __aeabi_ui2d                         
000025a9  __floatunsidf                        
000026f5  DL_SYSCTL_configFCC                  
00002781  DL_Timer_setCaptCompUpdateMethod     
0000279d  DL_Timer_setClockConfig              
000027d5  UART_send_char                       
000027f1  delay_ms                             
000029bd  DL_Timer_setCaptureCompareOutCtl     
00002a35  Encoder_Init                         
00002bbd  DL_UART_setClockConfig               
00002bcf  TI_memcpy_small                      
00002be1  __TI_decompress_none                 
00002c25  DL_Timer_setCaptureCompareValue      
00002c35  __TI_zero_init                       
00002c45  TI_memset_small                      
00002c6d  __aeabi_memclr                       
00002c6d  __aeabi_memclr4                      
00002c6d  __aeabi_memclr8                      
00002c79  motor_get_pid_ki                     
00002c85  motor_get_pid_kp                     
00002c91  DL_Common_delayCycles                
00002c9d  __aeabi_memcpy                       
00002c9d  __aeabi_memcpy4                      
00002c9d  __aeabi_memcpy8                      
00002ca5  abort                                
00002cab  ADC0_IRQHandler                      
00002cab  ADC1_IRQHandler                      
00002cab  AES_IRQHandler                       
00002cab  CANFD0_IRQHandler                    
00002cab  DAC0_IRQHandler                      
00002cab  DMA_IRQHandler                       
00002cab  Default_Handler                      
00002cab  GROUP0_IRQHandler                    
00002cab  HardFault_Handler                    
00002cab  I2C0_IRQHandler                      
00002cab  I2C1_IRQHandler                      
00002cab  NMI_Handler                          
00002cab  PendSV_Handler                       
00002cab  RTC_IRQHandler                       
00002cab  SPI0_IRQHandler                      
00002cab  SPI1_IRQHandler                      
00002cab  SVC_Handler                          
00002cab  SysTick_Handler                      
00002cab  TIMA1_IRQHandler                     
00002cab  TIMG0_IRQHandler                     
00002cab  TIMG12_IRQHandler                    
00002cab  TIMG6_IRQHandler                     
00002cab  TIMG7_IRQHandler                     
00002cab  TIMG8_IRQHandler                     
00002cab  UART1_IRQHandler                     
00002cab  UART2_IRQHandler                     
00002cab  UART3_IRQHandler                     
00002cae  C$$EXIT                              
00002caf  HOSTexit                             
00002cb3  Reset_Handler                        
00002cb7  _system_pre_init                     
00002cc0  asc2_2412                            
00003a1c  asc2_1608                            
0000400c  asc2_1206                            
00004508  __TI_Handler_Table_Base              
00004514  __TI_Handler_Table_Limit             
0000451c  __TI_CINIT_Base                      
0000452c  __TI_CINIT_Limit                     
0000452c  __TI_CINIT_Warm                      
20200000  OLED_GRAM                            
20200000  __start___llvm_prf_bits              
20200000  __start___llvm_prf_cnts              
20200000  __stop___llvm_prf_bits               
20200000  __stop___llvm_prf_cnts               
20200480  gMOTOR_PIDBackup                     
2020053c  gSERVOBackup                         
20207e00  __stack                              
20208000  __STACK_END                          
ffffffff  __TI_pprof_out_hndl                  
ffffffff  __TI_prof_data_size                  
ffffffff  __TI_prof_data_start                 
ffffffff  __binit__                            
ffffffff  binit                                
UNDEFED   __mpu_init                           
UNDEFED   _system_post_cinit                   

[162 symbols]
