******************************************************************************
            TI ARM Clang Linker PC v4.0.4                      
******************************************************************************
>> Linked Fri Jul 31 12:13:05 2026

OUTPUT FILE NAME:   <10_DC_MOTOR_PID_2.out>
ENTRY POINT SYMBOL: "_c_int00_noargs"  address: 00003671


MEMORY CONFIGURATION

         name            origin    length      used     unused   attr    fill
----------------------  --------  ---------  --------  --------  ----  --------
  FLASH                 00000000   00020000  00005358  0001aca8  R  X
  SRAM                  20200000   00008000  000009d0  00007630  RW X
  BCR_CONFIG            41c00000   000000ff  00000000  000000ff  R   
  BSL_CONFIG            41c00100   00000080  00000000  00000080  R   


SEGMENT ALLOCATION MAP

run origin  load origin   length   init length attrs members
----------  ----------- ---------- ----------- ----- -------
00000000    00000000    00005358   00005358    r-x
  00000000    00000000    000000c0   000000c0    r-- .intvecs
  000000c0    000000c0    00003a10   00003a10    r-x .text
  00003ad0    00003ad0    00001848   00001848    r-- .rodata
  00005318    00005318    00000040   00000040    r-- .cinit
20200000    20200000    000007d1   00000000    rw-
  20200000    20200000    00000723   00000000    rw- .bss
  20200724    20200724    000000ad   00000000    rw- .data
20207e00    20207e00    00000200   00000000    rw-
  20207e00    20207e00    00000200   00000000    rw- .stack


SECTION ALLOCATION MAP

 output                                  attributes/
section   page    origin      length       input sections
--------  ----  ----------  ----------   ----------------
.intvecs   0    00000000    000000c0     
                  00000000    000000c0     startup_mspm0g350x_ticlang.o (.intvecs)

.text      0    000000c0    00003a10     
                  000000c0    00000720     main.o (.text.Ball_ControlUpdate)
                  000007e0    00000284     main.o (.text.OLED_ShowControlInfo)
                  00000a64    00000214     main.o (.text.Sensor_PushByte)
                  00000c78    000001e4     Emm_V5.o (.text.Emm_V5_Read_Sys_Params)
                  00000e5c    000001dc     main.o (.text.main)
                  00001038    000001a0     main.o (.text.Ball_SequenceUpdate)
                  000011d8    0000019c     main.o (.text.Motor_ControlService)
                  00001374    00000174     main.o (.text.Motor_PushFeedbackByte)
                  000014e8    00000158     oled.o (.text.OLED_ShowChar)
                  00001640    00000148     main.o (.text.LLM_UART_ParseSetpointByte)
                  00001788    00000134     oled.o (.text.OLED_WR_Byte)
                  000018bc    00000130     oled.o (.text.OLED_WR_DataBlock)
                  000019ec    0000010e     pid.o (.text.PID_UpdateConditional)
                  00001afa    00000002     libclang_rt.builtins.a : aeabi_div0.c.obj (.text.__aeabi_idiv0)
                  00001afc    000000e0     pid.o (.text.PID_Init)
                  00001bdc    000000dc     main.o (.text.OLED_ShowSigned3)
                  00001cb8    000000d8     libclang_rt.builtins.a : addsf3.S.obj (.text)
                  00001d90    000000bc     oled.o (.text.OLED_RefreshPage)
                  00001e4c    000000b4     bianma.o (.text.Bianma_GetRotation)
                  00001f00    000000b0     oled.o (.text.OLED_Init)
                  00001fb0    000000ac     oled.o (.text.OLED_ShowNum)
                  0000205c    000000a8     main.o (.text.Ball_ControlStop)
                  00002104    000000a2     ti_msp_dl_config.o (.text.SYSCFG_DL_GPIO_init)
                  000021a6    00000002     --HOLE-- [fill = 0]
                  000021a8    00000098     bianma.o (.text.Bianma_Button_Pressed)
                  00002240    00000098     main.o (.text.Motor_StartupSynchronize)
                  000022d8    00000098     oled.o (.text.OLED_ShowString)
                  00002370    0000008e     main.o (.text.Sensor_CalculateCrc8)
                  000023fe    00000002     --HOLE-- [fill = 0]
                  00002400    0000008c     libclang_rt.builtins.a : mulsf3.S.obj (.text.__mulsf3)
                  0000248c    00000088     uart.o (.text.UART2_IRQHandler)
                  00002514    00000084     main.o (.text.__NVIC_SetPriority)
                  00002598    00000082     libclang_rt.builtins.a : divsf3.S.obj (.text.__divsf3)
                  0000261a    00000002     --HOLE-- [fill = 0]
                  0000261c    00000080     bianma.o (.text.Bianma_Init)
                  0000269c    0000007c     Emm_V5.o (.text.Emm_V5_Pos_Control)
                  00002718    0000007c     ti_msp_dl_config.o (.text.SYSCFG_DL_initPower)
                  00002794    0000007c     libc.a : copy_decompress_lzss.c.obj (.text:decompress:lzss)
                  00002810    00000078     uart.o (.text.UART0_IRQHandler)
                  00002888    00000068     Emm_V5.o (.text.Emm_V5_Angle_To_Pulses)
                  000028f0    00000068     uart.o (.text.Serial1_SendArrayTry)
                  00002958    00000064     oled.o (.text.OLED_ClearPoint)
                  000029bc    00000062     Emm_V5.o (.text.Emm_V5_Pos_Control_Angle)
                  00002a1e    00000002     --HOLE-- [fill = 0]
                  00002a20    00000062     libclang_rt.builtins.a : aeabi_fcmp.S.obj (.text.__aeabi_fcmp)
                  00002a82    00000002     --HOLE-- [fill = 0]
                  00002a84    00000060     oled.o (.text.OLED_Clear)
                  00002ae4    00000060     ti_msp_dl_config.o (.text.SYSCFG_DL_OLED_init)
                  00002b44    00000060     uart.o (.text.UART_EnableRxInterrupt)
                  00002ba4    00000060     uart.o (.text.UART_read_received_byte)
                  00002c04    0000005e     driverlib.a : dl_i2c.o (.text.DL_I2C_fillControllerTXFIFO)
                  00002c62    00000002     --HOLE-- [fill = 0]
                  00002c64    0000005c     uart.o (.text.Motor_UART_ReadByte)
                  00002cc0    00000056     pid.o (.text.PID_DecayIntegral)
                  00002d16    00000002     --HOLE-- [fill = 0]
                  00002d18    00000050     ti_msp_dl_config.o (.text.DL_GPIO_initPeripheralInputFunctionFeatures)
                  00002d68    00000050     oled.o (.text.DL_I2C_startControllerTransfer)
                  00002db8    00000050     uart.o (.text.Motor_UART_EnableRxInterrupt)
                  00002e08    00000050     main.o (.text.SysTick_Config)
                  00002e58    0000004c     ti_msp_dl_config.o (.text.DL_GPIO_initDigitalInputFeatures)
                  00002ea4    0000004c     ti_msp_dl_config.o (.text.DL_UART_setBaudRateDivisor)
                  00002ef0    00000048     driverlib.a : dl_uart.o (.text.DL_UART_init)
                  00002f38    00000048     main.o (.text.Motor_SetAngle)
                  00002f80    00000048     oled.o (.text.OLED_DrawPoint)
                  00002fc8    00000048     pid.o (.text.PID_Limit)
                  00003010    00000044     Emm_V5.o (.text.Emm_V5_En_Control)
                  00003054    00000040     ti_msp_dl_config.o (.text.SYSCFG_DL_LLM_UART_init)
                  00003094    00000040     ti_msp_dl_config.o (.text.SYSCFG_DL_MOTOR_UART_init)
                  000030d4    00000040     ti_msp_dl_config.o (.text.SYSCFG_DL_PRINT_init)
                  00003114    00000040     libclang_rt.builtins.a : aeabi_uidivmod.S.obj (.text.__aeabi_uidivmod)
                  00003154    0000003c     driverlib.a : dl_i2c.o (.text.DL_I2C_flushControllerTXFIFO)
                  00003190    0000003c     Emm_V5.o (.text.Emm_V5_Stop_Now)
                  000031cc    0000003c     libclang_rt.builtins.a : comparesf2.S.obj (.text.__gtsf2)
                  00003208    0000003c     libc.a : autoinit.c.obj (.text:__TI_auto_init_nobinit_nopinit)
                  00003244    0000003a     libclang_rt.builtins.a : comparesf2.S.obj (.text.__eqsf2)
                  0000327e    00000002     --HOLE-- [fill = 0]
                  00003280    0000003a                            : muldsi3.S.obj (.text.__muldsi3)
                  000032ba    00000002     --HOLE-- [fill = 0]
                  000032bc    00000038     main.o (.text.Ball_ControlIdle)
                  000032f4    00000038     main.o (.text.Target_PositionUpdate)
                  0000332c    00000038     libclang_rt.builtins.a : fixsfsi.S.obj (.text.__fixsfsi)
                  00003364    00000034     main.o (.text.__NVIC_DisableIRQ)
                  00003398    00000032     libclang_rt.builtins.a : fixunssfsi.S.obj (.text.__fixunssfsi)
                  000033ca    00000002     --HOLE-- [fill = 0]
                  000033cc    00000030     driverlib.a : dl_uart.o (.text.DL_UART_transmitDataBlocking)
                  000033fc    00000030     oled.o (.text.OLED_Pow)
                  0000342c    0000002e     oled.o (.text.OLED_Refresh)
                  0000345a    0000002c     pid.o (.text.PID_Reset)
                  00003486    00000002     --HOLE-- [fill = 0]
                  00003488    0000002c     uart.o (.text.__NVIC_ClearPendingIRQ)
                  000034b4    0000002c     uart.o (.text.__NVIC_EnableIRQ)
                  000034e0    00000028     main.o (.text.DL_Common_updateReg)
                  00003508    00000028     oled.o (.text.DL_Common_updateReg)
                  00003530    00000028     ti_msp_dl_config.o (.text.DL_Common_updateReg)
                  00003558    00000028     uart.o (.text.DL_Common_updateReg)
                  00003580    00000028     ti_msp_dl_config.o (.text.DL_I2C_setControllerRXFIFOThreshold)
                  000035a8    00000028     ti_msp_dl_config.o (.text.DL_I2C_setControllerTXFIFOThreshold)
                  000035d0    00000028     main.o (.text.DL_UART_setRXFIFOThreshold)
                  000035f8    00000028     uart.o (.text.DL_UART_setRXFIFOThreshold)
                  00003620    00000028     main.o (.text.LLM_UART_Poll)
                  00003648    00000028     libclang_rt.builtins.a : floatunsisf.S.obj (.text.__floatunsisf)
                  00003670    00000028     libc.a : boot_cortex_m.c.obj (.text:_c_int00_noargs)
                  00003698    00000026     ti_msp_dl_config.o (.text.DL_I2C_setAnalogGlitchFilterPulseWidth)
                  000036be    00000026     driverlib.a : dl_i2c.o (.text.DL_I2C_setClockConfig)
                  000036e4    00000024     ti_msp_dl_config.o (.text.DL_I2C_setDigitalGlitchFilterPulseWidth)
                  00003708    00000020     ti_msp_dl_config.o (.text.DL_GPIO_initPeripheralInputFunction)
                  00003728    00000020     ti_msp_dl_config.o (.text.SYSCFG_DL_init)
                  00003748    0000001e     ti_msp_dl_config.o (.text.DL_UART_setOversampling)
                  00003766    0000001e     ti_msp_dl_config.o (.text.SYSCFG_DL_SYSCTL_init)
                  00003784    0000001c     ti_msp_dl_config.o (.text.DL_GPIO_enableHiZ)
                  000037a0    0000001c     ti_msp_dl_config.o (.text.DL_GPIO_initPeripheralOutputFunction)
                  000037bc    0000001c     ti_msp_dl_config.o (.text.DL_SYSCTL_setSYSOSCFreq)
                  000037d8    0000001c     uart.o (.text.DL_UART_enableInterrupt)
                  000037f4    0000001c     driverlib.a : dl_uart.o (.text.DL_UART_receiveDataCheck)
                  00003810    0000001a     delay.o (.text.delay_ms)
                  0000382a    00000002     --HOLE-- [fill = 0]
                  0000382c    00000018     bianma.o (.text.Bianma_Button_IsPressed)
                  00003844    00000018     ti_msp_dl_config.o (.text.DL_GPIO_enablePower)
                  0000385c    00000018     ti_msp_dl_config.o (.text.DL_GPIO_reset)
                  00003874    00000018     ti_msp_dl_config.o (.text.DL_I2C_enableAnalogGlitchFilter)
                  0000388c    00000018     ti_msp_dl_config.o (.text.DL_I2C_enableController)
                  000038a4    00000018     ti_msp_dl_config.o (.text.DL_I2C_enableControllerClockStretching)
                  000038bc    00000018     ti_msp_dl_config.o (.text.DL_I2C_enablePower)
                  000038d4    00000018     ti_msp_dl_config.o (.text.DL_I2C_reset)
                  000038ec    00000018     ti_msp_dl_config.o (.text.DL_I2C_setTimerPeriod)
                  00003904    00000018     ti_msp_dl_config.o (.text.DL_SYSCTL_setBORThreshold)
                  0000391c    00000018     ti_msp_dl_config.o (.text.DL_UART_enablePower)
                  00003934    00000018     uart.o (.text.DL_UART_isRXFIFOEmpty)
                  0000394c    00000018     ti_msp_dl_config.o (.text.DL_UART_reset)
                  00003964    00000018     main.o (.text.LLM_UART_Init)
                  0000397c    00000016     bianma.o (.text.DL_GPIO_readPins)
                  00003992    00000016     ti_msp_dl_config.o (.text.DL_UART_enable)
                  000039a8    00000014     oled.o (.text.DL_I2C_getControllerStatus)
                  000039bc    00000014     oled.o (.text.DL_I2C_resetControllerTransfer)
                  000039d0    00000014     ti_msp_dl_config.o (.text.DL_I2C_resetControllerTransfer)
                  000039e4    00000014     ti_msp_dl_config.o (.text.DL_SYSCTL_disableSYSPLL)
                  000039f8    00000014     uart.o (.text.DL_UART_receiveData)
                  00003a0c    00000012     uart.o (.text.DL_UART_getPendingInterrupt)
                  00003a1e    00000012     driverlib.a : dl_uart.o (.text.DL_UART_setClockConfig)
                  00003a30    00000012     libc.a : memcpy16.S.obj (.text:TI_memcpy_small)
                  00003a42    00000012            : copy_decompress_none.c.obj (.text:decompress:none)
                  00003a54    00000010     ti_msp_dl_config.o (.text.DL_SYSCTL_disableHFXT)
                  00003a64    00000010     main.o (.text.SysTick_Handler)
                  00003a74    00000010     libc.a : copy_zero_init.c.obj (.text:decompress:ZI)
                  00003a84    0000000e            : memset16.S.obj (.text:TI_memset_small)
                  00003a92    00000002     --HOLE-- [fill = 0]
                  00003a94    0000000c     libclang_rt.builtins.a : aeabi_memset.S.obj (.text.__aeabi_memclr)
                  00003aa0    0000000a     driverlib.a : dl_common.o (.text.DL_Common_delayCycles)
                  00003aaa    00000002     --HOLE-- [fill = 0]
                  00003aac    00000008     libclang_rt.builtins.a : aeabi_memcpy.S.obj (.text.__aeabi_memcpy)
                  00003ab4    00000006     libc.a : exit.c.obj (.text:abort)
                  00003aba    00000004     startup_mspm0g350x_ticlang.o (.text.Default_Handler)
                  00003abe    00000004     libsysbm.a : hostexit.c.obj (.text.HOSTexit)
                  00003ac2    00000004     startup_mspm0g350x_ticlang.o (.text.Reset_Handler)
                  00003ac6    00000004     libc.a : pre_init.c.obj (.text._system_pre_init)
                  00003aca    00000006     --HOLE-- [fill = 0]

.cinit     0    00005318    00000040     
                  00005318    00000016     (.cinit..data.load) [load image, compression = lzss]
                  0000532e    00000002     --HOLE-- [fill = 0]
                  00005330    0000000c     (__TI_handler_table)
                  0000533c    00000008     (.cinit..bss.load) [load image, compression = zero_init]
                  00005344    00000010     (__TI_cinit_table)
                  00005354    00000004     --HOLE-- [fill = 0]

.rodata    0    00003ad0    00001848     
                  00003ad0    00000d5c     oled.o (.rodata.asc2_2412)
                  0000482c    000005f0     oled.o (.rodata.asc2_1608)
                  00004e1c    00000474     oled.o (.rodata.asc2_1206)
                  00005290    0000001c     oled.o (.rodata.OLED_Init.init_commands)
                  000052ac    00000010     bianma.o (.rodata.Bianma_GetRotation.transition_table)
                  000052bc    0000000a     ti_msp_dl_config.o (.rodata.gLLM_UARTConfig)
                  000052c6    0000000a     ti_msp_dl_config.o (.rodata.gMOTOR_UARTConfig)
                  000052d0    0000000a     ti_msp_dl_config.o (.rodata.gPRINTConfig)
                  000052da    00000005     main.o (.rodata.str1.14112174005742061988.1)
                  000052df    00000005     main.o (.rodata.str1.15996357275703397564.1)
                  000052e4    00000004     main.o (.rodata.str1.16265332423659789559.1)
                  000052e8    00000004     main.o (.rodata.str1.2123964117280943167.1)
                  000052ec    00000004     main.o (.rodata.str1.288608917962107522.1)
                  000052f0    00000004     main.o (.rodata.str1.8154729771448623357.1)
                  000052f4    00000004     main.o (.rodata.str1.9059077390166914652.1)
                  000052f8    00000003     main.o (.rodata.str1.12180500075719773345.1)
                  000052fb    00000003     main.o (.rodata.str1.14402440632258215044.1)
                  000052fe    00000003     main.o (.rodata.str1.15159059442110792349.1)
                  00005301    00000003     main.o (.rodata.str1.2846389346932560359.1)
                  00005304    00000003     main.o (.rodata.str1.7702501944640899365.1)
                  00005307    00000002     ti_msp_dl_config.o (.rodata.gLLM_UARTClockConfig)
                  00005309    00000002     ti_msp_dl_config.o (.rodata.gMOTOR_UARTClockConfig)
                  0000530b    00000002     ti_msp_dl_config.o (.rodata.gOLEDClockConfig)
                  0000530d    00000002     ti_msp_dl_config.o (.rodata.gPRINTClockConfig)
                  0000530f    00000002     main.o (.rodata.str1.11870794119293528247.1)
                  00005311    00000002     main.o (.rodata.str1.17100691992556644108.1)
                  00005313    00000002     main.o (.rodata.str1.18227636981041470289.1)
                  00005315    00000002     main.o (.rodata.str1.8108965883388295311.1)
                  00005317    00000001     --HOLE-- [fill = 0]

.init_array 
*          0    00000000    00000000     UNINITIALIZED

.binit     0    00000000    00000000     

.bss       0    20200000    00000723     UNINITIALIZED
                  20200000    00000480     (.common:OLED_GRAM)
                  20200480    00000200     uart.o (.bss.g_uart_rx_buffer)
                  20200680    00000030     main.o (.bss.g_position_pid)
                  202006b0    00000030     main.o (.bss.g_speed_pid)
                  202006e0    00000020     uart.o (.bss.g_motor_uart_rx_buffer)
                  20200700    00000014     main.o (.bss.g_llm_command)
                  20200714    00000008     main.o (.bss.g_motor_rx_frame)
                  2020071c    00000007     main.o (.bss.g_frame)

.data      0    20200724    000000ad     UNINITIALIZED
                  20200724    00000010     Emm_V5.o (.data.Emm_V5_En_Control.cmd)
                  20200734    00000010     Emm_V5.o (.data.Emm_V5_Pos_Control.cmd)
                  20200744    00000010     Emm_V5.o (.data.Emm_V5_Read_Sys_Params.cmd)
                  20200754    00000010     Emm_V5.o (.data.Emm_V5_Stop_Now.cmd)
                  20200764    00000004     main.o (.data.current_speed)
                  20200768    00000004     main.o (.data.g_last_control_ms)
                  2020076c    00000004     main.o (.data.g_last_encoder_ms)
                  20200770    00000004     main.o (.data.g_last_frame_ms)
                  20200774    00000004     main.o (.data.g_last_motor_command_ms)
                  20200778    00000004     main.o (.data.g_last_motor_feedback_ms)
                  2020077c    00000004     main.o (.data.g_last_motor_query_ms)
                  20200780    00000004     main.o (.data.g_last_oled_ms)
                  20200784    00000004     main.o (.data.g_last_position_sample_ms)
                  20200788    00000004     main.o (.data.g_milliseconds)
                  2020078c    00000004     main.o (.data.g_motor_actual_angle)
                  20200790    00000004     main.o (.data.g_motor_query_sent_ms)
                  20200794    00000004     main.o (.data.g_motor_requested_angle)
                  20200798    00000004     main.o (.data.g_motor_zero_absolute_angle)
                  2020079c    00000004     main.o (.data.g_sequence_last_frame_count)
                  202007a0    00000004     main.o (.data.pipe_angle)
                  202007a4    00000004     main.o (.data.target_speed)
                  202007a8    00000004     main.o (.data.valid_frame_count)
                  202007ac    00000002     main.o (.data.current_position)
                  202007ae    00000002     main.o (.data.g_last_position)
                  202007b0    00000002     main.o (.data.g_position_lock_target)
                  202007b2    00000002     uart.o (.data.g_uart_rx_head)
                  202007b4    00000002     uart.o (.data.g_uart_rx_overflow_count)
                  202007b6    00000002     uart.o (.data.g_uart_rx_tail)
                  202007b8    00000002     main.o (.data.target_position)
                  202007ba    00000001     bianma.o (.data.g_button_debounce_count)
                  202007bb    00000001     bianma.o (.data.g_button_last_raw)
                  202007bc    00000001     bianma.o (.data.g_button_state)
                  202007bd    00000001     main.o (.data.g_frame_index)
                  202007be    00000001     bianma.o (.data.g_last_ab)
                  202007bf    00000001     main.o (.data.g_llm_command_index)
                  202007c0    00000001     main.o (.data.g_motor_feedback_query_pending)
                  202007c1    00000001     main.o (.data.g_motor_feedback_valid)
                  202007c2    00000001     main.o (.data.g_motor_rx_index)
                  202007c3    00000001     main.o (.data.g_motor_stopped)
                  202007c4    00000001     uart.o (.data.g_motor_uart_rx_head)
                  202007c5    00000001     uart.o (.data.g_motor_uart_rx_tail)
                  202007c6    00000001     main.o (.data.g_motor_zero_captured)
                  202007c7    00000001     oled.o (.data.g_oled_i2c_failed)
                  202007c8    00000001     main.o (.data.g_oled_refresh_page)
                  202007c9    00000001     main.o (.data.g_position_locked)
                  202007ca    00000001     main.o (.data.g_position_valid)
                  202007cb    00000001     bianma.o (.data.g_rotation_accumulator)
                  202007cc    00000001     main.o (.data.g_sequence_stable_cycles)
                  202007cd    00000001     main.o (.data.g_sequence_start_requested)
                  202007ce    00000001     main.o (.data.g_sequence_state)
                  202007cf    00000001     main.o (.data.g_speed_sample_initialized)
                  202007d0    00000001     main.o (.data.g_speed_valid)

.stack     0    20207e00    00000200     UNINITIALIZED
                  20207e00    00000004     libc.a : boot_cortex_m.c.obj (.stack)
                  20207e04    000001fc     --HOLE--

__llvm_prf_cnts 
*          0    20200000    00000000     UNINITIALIZED

__llvm_prf_bits 
*          0    20200000    00000000     UNINITIALIZED

MODULE SUMMARY

       Module                         code    ro data   rw data
       ------                         ----    -------   -------
    .\
       main.o                         6294    53        226    
       ti_msp_dl_config.o             1550    38        0      
       startup_mspm0g350x_ticlang.o   8       192       0      
    +--+------------------------------+-------+---------+---------+
       Total:                         7852    283       226    
                                                               
    .\user_driver\
       oled.o                         2166    6108      1153   
       uart.o                         982     0         552    
       Emm_V5.o                       938     0         64     
       pid.o                          696     0         0      
       bianma.o                       506     16        5      
       delay.o                        26      0         0      
    +--+------------------------------+-------+---------+---------+
       Total:                         5314    6124      1774   
                                                               
    C:/TI/mspm0_sdk_2_10_00_04/source/ti/driverlib/lib/ticlang/m0p/mspm0g1x0x_g3x0x/driverlib.a
       dl_i2c.o                       192     0         0      
       dl_uart.o                      166     0         0      
       dl_common.o                    10      0         0      
    +--+------------------------------+-------+---------+---------+
       Total:                         368     0         0      
                                                               
    E:\install\keli\ti\css\ccs\tools\compiler\ti-cgt-armllvm_4.0.4.LTS\lib\armv6m-ti-none-eabi/c/libc.a
       copy_decompress_lzss.c.obj     124     0         0      
       autoinit.c.obj                 60      0         0      
       boot_cortex_m.c.obj            40      0         0      
       copy_decompress_none.c.obj     18      0         0      
       memcpy16.S.obj                 18      0         0      
       copy_zero_init.c.obj           16      0         0      
       memset16.S.obj                 14      0         0      
       exit.c.obj                     6       0         0      
       pre_init.c.obj                 4       0         0      
    +--+------------------------------+-------+---------+---------+
       Total:                         300     0         0      
                                                               
    E:\install\keli\ti\css\ccs\tools\compiler\ti-cgt-armllvm_4.0.4.LTS\lib\armv6m-ti-none-eabi/c/libsysbm.a
       hostexit.c.obj                 4       0         0      
    +--+------------------------------+-------+---------+---------+
       Total:                         4       0         0      
                                                               
    E:\install\keli\ti\css\ccs\tools\compiler\ti-cgt-armllvm_4.0.4.LTS\lib\armv6m-ti-none-eabi/libclang_rt.builtins.a
       addsf3.S.obj                   216     0         0      
       mulsf3.S.obj                   140     0         0      
       divsf3.S.obj                   130     0         0      
       comparesf2.S.obj               118     0         0      
       aeabi_fcmp.S.obj               98      0         0      
       aeabi_uidivmod.S.obj           64      0         0      
       muldsi3.S.obj                  58      0         0      
       fixsfsi.S.obj                  56      0         0      
       fixunssfsi.S.obj               50      0         0      
       floatunsisf.S.obj              40      0         0      
       aeabi_memset.S.obj             12      0         0      
       aeabi_memcpy.S.obj             8       0         0      
       aeabi_div0.c.obj               2       0         0      
    +--+------------------------------+-------+---------+---------+
       Total:                         992     0         0      
                                                               
       Stack:                         0       0         512    
       Linker Generated:              0       58        0      
    +--+------------------------------+-------+---------+---------+
       Grand Total:                   14830   6465      2512   


LINKER GENERATED COPY TABLES

__TI_cinit_table @ 00005344 records: 2, size/record: 8, table size: 16
	.data: load addr=00005318, load size=00000016 bytes, run addr=20200724, run size=000000ad bytes, compression=lzss
	.bss: load addr=0000533c, load size=00000008 bytes, run addr=20200000, run size=00000723 bytes, compression=zero_init


LINKER GENERATED HANDLER TABLE

__TI_handler_table @ 00005330 records: 3, size/record: 4, table size: 12
	index: 0, handler: __TI_decompress_lzss
	index: 1, handler: __TI_decompress_none
	index: 2, handler: __TI_zero_init


GLOBAL SYMBOLS: SORTED ALPHABETICALLY BY Name 

address   name                          
-------   ----                          
00003abb  ADC0_IRQHandler               
00003abb  ADC1_IRQHandler               
00003abb  AES_IRQHandler                
0000382d  Bianma_Button_IsPressed       
000021a9  Bianma_Button_Pressed         
00001e4d  Bianma_GetRotation            
0000261d  Bianma_Init                   
00003abe  C$$EXIT                       
00003abb  CANFD0_IRQHandler             
00003abb  DAC0_IRQHandler               
00003aa1  DL_Common_delayCycles         
00002c05  DL_I2C_fillControllerTXFIFO   
00003155  DL_I2C_flushControllerTXFIFO  
000036bf  DL_I2C_setClockConfig         
00002ef1  DL_UART_init                  
000037f5  DL_UART_receiveDataCheck      
00003a1f  DL_UART_setClockConfig        
000033cd  DL_UART_transmitDataBlocking  
00003abb  DMA_IRQHandler                
00003abb  Default_Handler               
00002889  Emm_V5_Angle_To_Pulses        
00003011  Emm_V5_En_Control             
0000269d  Emm_V5_Pos_Control            
000029bd  Emm_V5_Pos_Control_Angle      
00000c79  Emm_V5_Read_Sys_Params        
00003191  Emm_V5_Stop_Now               
00003abb  GROUP0_IRQHandler             
00003abb  GROUP1_IRQHandler             
00003abf  HOSTexit                      
00003abb  HardFault_Handler             
00003abb  I2C0_IRQHandler               
00003abb  I2C1_IRQHandler               
00002db9  Motor_UART_EnableRxInterrupt  
00002c65  Motor_UART_ReadByte           
00003abb  NMI_Handler                   
00002a85  OLED_Clear                    
00002959  OLED_ClearPoint               
00002f81  OLED_DrawPoint                
20200000  OLED_GRAM                     
00001f01  OLED_Init                     
000033fd  OLED_Pow                      
0000342d  OLED_Refresh                  
00001d91  OLED_RefreshPage              
000014e9  OLED_ShowChar                 
00001fb1  OLED_ShowNum                  
000022d9  OLED_ShowString               
00001789  OLED_WR_Byte                  
00002cc1  PID_DecayIntegral             
00001afd  PID_Init                      
0000345b  PID_Reset                     
000019ed  PID_UpdateConditional         
00003abb  PendSV_Handler                
00003abb  RTC_IRQHandler                
00003ac3  Reset_Handler                 
00003abb  SPI0_IRQHandler               
00003abb  SPI1_IRQHandler               
00003abb  SVC_Handler                   
00002105  SYSCFG_DL_GPIO_init           
00003055  SYSCFG_DL_LLM_UART_init       
00003095  SYSCFG_DL_MOTOR_UART_init     
00002ae5  SYSCFG_DL_OLED_init           
000030d5  SYSCFG_DL_PRINT_init          
00003767  SYSCFG_DL_SYSCTL_init         
00003729  SYSCFG_DL_init                
00002719  SYSCFG_DL_initPower           
000028f1  Serial1_SendArrayTry          
00003a65  SysTick_Handler               
00003abb  TIMA0_IRQHandler              
00003abb  TIMA1_IRQHandler              
00003abb  TIMG0_IRQHandler              
00003abb  TIMG12_IRQHandler             
00003abb  TIMG6_IRQHandler              
00003abb  TIMG7_IRQHandler              
00003abb  TIMG8_IRQHandler              
00003a31  TI_memcpy_small               
00003a85  TI_memset_small               
00002811  UART0_IRQHandler              
00003abb  UART1_IRQHandler              
0000248d  UART2_IRQHandler              
00003abb  UART3_IRQHandler              
00002b45  UART_EnableRxInterrupt        
00002ba5  UART_read_received_byte       
20208000  __STACK_END                   
00000200  __STACK_SIZE                  
00000000  __TI_ATRegion0_region_sz      
00000000  __TI_ATRegion0_src_addr       
00000000  __TI_ATRegion0_trg_addr       
00000000  __TI_ATRegion1_region_sz      
00000000  __TI_ATRegion1_src_addr       
00000000  __TI_ATRegion1_trg_addr       
00000000  __TI_ATRegion2_region_sz      
00000000  __TI_ATRegion2_src_addr       
00000000  __TI_ATRegion2_trg_addr       
00005344  __TI_CINIT_Base               
00005354  __TI_CINIT_Limit              
00005354  __TI_CINIT_Warm               
00005330  __TI_Handler_Table_Base       
0000533c  __TI_Handler_Table_Limit      
00003209  __TI_auto_init_nobinit_nopinit
00002795  __TI_decompress_lzss          
00003a43  __TI_decompress_none          
ffffffff  __TI_pprof_out_hndl           
ffffffff  __TI_prof_data_size           
ffffffff  __TI_prof_data_start          
00000000  __TI_static_base__            
00003a75  __TI_zero_init                
00001cc3  __addsf3                      
0000332d  __aeabi_f2iz                  
00003399  __aeabi_f2uiz                 
00001cc3  __aeabi_fadd                  
00002a21  __aeabi_fcmpeq                
00002a5d  __aeabi_fcmpge                
00002a71  __aeabi_fcmpgt                
00002a49  __aeabi_fcmple                
00002a35  __aeabi_fcmplt                
00002599  __aeabi_fdiv                  
00002401  __aeabi_fmul                  
00001cb9  __aeabi_fsub                  
00001afb  __aeabi_idiv0                 
00003a95  __aeabi_memclr                
00003a95  __aeabi_memclr4               
00003a95  __aeabi_memclr8               
00003aad  __aeabi_memcpy                
00003aad  __aeabi_memcpy4               
00003aad  __aeabi_memcpy8               
00003649  __aeabi_ui2f                  
00003115  __aeabi_uidiv                 
00003115  __aeabi_uidivmod              
ffffffff  __binit__                     
00003245  __cmpsf2                      
00002599  __divsf3                      
00003245  __eqsf2                       
0000332d  __fixsfsi                     
00003399  __fixunssfsi                  
00003649  __floatunsisf                 
000031cd  __gesf2                       
000031cd  __gtsf2                       
00003245  __lesf2                       
00003245  __ltsf2                       
UNDEFED   __mpu_init                    
00003281  __muldsi3                     
00002401  __mulsf3                      
00003245  __nesf2                       
20207e00  __stack                       
20200000  __start___llvm_prf_bits       
20200000  __start___llvm_prf_cnts       
20200000  __stop___llvm_prf_bits        
20200000  __stop___llvm_prf_cnts        
00001cb9  __subsf3                      
00003671  _c_int00_noargs               
UNDEFED   _system_post_cinit            
00003ac7  _system_pre_init              
00003ab5  abort                         
00004e1c  asc2_1206                     
0000482c  asc2_1608                     
00003ad0  asc2_2412                     
ffffffff  binit                         
202007ac  current_position              
20200764  current_speed                 
00003811  delay_ms                      
00000000  interruptVectors              
00000e5d  main                          
202007a0  pipe_angle                    
202007b8  target_position               
202007a4  target_speed                  
202007a8  valid_frame_count             


GLOBAL SYMBOLS: SORTED BY Symbol Address 

address   name                          
-------   ----                          
00000000  __TI_ATRegion0_region_sz      
00000000  __TI_ATRegion0_src_addr       
00000000  __TI_ATRegion0_trg_addr       
00000000  __TI_ATRegion1_region_sz      
00000000  __TI_ATRegion1_src_addr       
00000000  __TI_ATRegion1_trg_addr       
00000000  __TI_ATRegion2_region_sz      
00000000  __TI_ATRegion2_src_addr       
00000000  __TI_ATRegion2_trg_addr       
00000000  __TI_static_base__            
00000000  interruptVectors              
00000200  __STACK_SIZE                  
00000c79  Emm_V5_Read_Sys_Params        
00000e5d  main                          
000014e9  OLED_ShowChar                 
00001789  OLED_WR_Byte                  
000019ed  PID_UpdateConditional         
00001afb  __aeabi_idiv0                 
00001afd  PID_Init                      
00001cb9  __aeabi_fsub                  
00001cb9  __subsf3                      
00001cc3  __addsf3                      
00001cc3  __aeabi_fadd                  
00001d91  OLED_RefreshPage              
00001e4d  Bianma_GetRotation            
00001f01  OLED_Init                     
00001fb1  OLED_ShowNum                  
00002105  SYSCFG_DL_GPIO_init           
000021a9  Bianma_Button_Pressed         
000022d9  OLED_ShowString               
00002401  __aeabi_fmul                  
00002401  __mulsf3                      
0000248d  UART2_IRQHandler              
00002599  __aeabi_fdiv                  
00002599  __divsf3                      
0000261d  Bianma_Init                   
0000269d  Emm_V5_Pos_Control            
00002719  SYSCFG_DL_initPower           
00002795  __TI_decompress_lzss          
00002811  UART0_IRQHandler              
00002889  Emm_V5_Angle_To_Pulses        
000028f1  Serial1_SendArrayTry          
00002959  OLED_ClearPoint               
000029bd  Emm_V5_Pos_Control_Angle      
00002a21  __aeabi_fcmpeq                
00002a35  __aeabi_fcmplt                
00002a49  __aeabi_fcmple                
00002a5d  __aeabi_fcmpge                
00002a71  __aeabi_fcmpgt                
00002a85  OLED_Clear                    
00002ae5  SYSCFG_DL_OLED_init           
00002b45  UART_EnableRxInterrupt        
00002ba5  UART_read_received_byte       
00002c05  DL_I2C_fillControllerTXFIFO   
00002c65  Motor_UART_ReadByte           
00002cc1  PID_DecayIntegral             
00002db9  Motor_UART_EnableRxInterrupt  
00002ef1  DL_UART_init                  
00002f81  OLED_DrawPoint                
00003011  Emm_V5_En_Control             
00003055  SYSCFG_DL_LLM_UART_init       
00003095  SYSCFG_DL_MOTOR_UART_init     
000030d5  SYSCFG_DL_PRINT_init          
00003115  __aeabi_uidiv                 
00003115  __aeabi_uidivmod              
00003155  DL_I2C_flushControllerTXFIFO  
00003191  Emm_V5_Stop_Now               
000031cd  __gesf2                       
000031cd  __gtsf2                       
00003209  __TI_auto_init_nobinit_nopinit
00003245  __cmpsf2                      
00003245  __eqsf2                       
00003245  __lesf2                       
00003245  __ltsf2                       
00003245  __nesf2                       
00003281  __muldsi3                     
0000332d  __aeabi_f2iz                  
0000332d  __fixsfsi                     
00003399  __aeabi_f2uiz                 
00003399  __fixunssfsi                  
000033cd  DL_UART_transmitDataBlocking  
000033fd  OLED_Pow                      
0000342d  OLED_Refresh                  
0000345b  PID_Reset                     
00003649  __aeabi_ui2f                  
00003649  __floatunsisf                 
00003671  _c_int00_noargs               
000036bf  DL_I2C_setClockConfig         
00003729  SYSCFG_DL_init                
00003767  SYSCFG_DL_SYSCTL_init         
000037f5  DL_UART_receiveDataCheck      
00003811  delay_ms                      
0000382d  Bianma_Button_IsPressed       
00003a1f  DL_UART_setClockConfig        
00003a31  TI_memcpy_small               
00003a43  __TI_decompress_none          
00003a65  SysTick_Handler               
00003a75  __TI_zero_init                
00003a85  TI_memset_small               
00003a95  __aeabi_memclr                
00003a95  __aeabi_memclr4               
00003a95  __aeabi_memclr8               
00003aa1  DL_Common_delayCycles         
00003aad  __aeabi_memcpy                
00003aad  __aeabi_memcpy4               
00003aad  __aeabi_memcpy8               
00003ab5  abort                         
00003abb  ADC0_IRQHandler               
00003abb  ADC1_IRQHandler               
00003abb  AES_IRQHandler                
00003abb  CANFD0_IRQHandler             
00003abb  DAC0_IRQHandler               
00003abb  DMA_IRQHandler                
00003abb  Default_Handler               
00003abb  GROUP0_IRQHandler             
00003abb  GROUP1_IRQHandler             
00003abb  HardFault_Handler             
00003abb  I2C0_IRQHandler               
00003abb  I2C1_IRQHandler               
00003abb  NMI_Handler                   
00003abb  PendSV_Handler                
00003abb  RTC_IRQHandler                
00003abb  SPI0_IRQHandler               
00003abb  SPI1_IRQHandler               
00003abb  SVC_Handler                   
00003abb  TIMA0_IRQHandler              
00003abb  TIMA1_IRQHandler              
00003abb  TIMG0_IRQHandler              
00003abb  TIMG12_IRQHandler             
00003abb  TIMG6_IRQHandler              
00003abb  TIMG7_IRQHandler              
00003abb  TIMG8_IRQHandler              
00003abb  UART1_IRQHandler              
00003abb  UART3_IRQHandler              
00003abe  C$$EXIT                       
00003abf  HOSTexit                      
00003ac3  Reset_Handler                 
00003ac7  _system_pre_init              
00003ad0  asc2_2412                     
0000482c  asc2_1608                     
00004e1c  asc2_1206                     
00005330  __TI_Handler_Table_Base       
0000533c  __TI_Handler_Table_Limit      
00005344  __TI_CINIT_Base               
00005354  __TI_CINIT_Limit              
00005354  __TI_CINIT_Warm               
20200000  OLED_GRAM                     
20200000  __start___llvm_prf_bits       
20200000  __start___llvm_prf_cnts       
20200000  __stop___llvm_prf_bits        
20200000  __stop___llvm_prf_cnts        
20200764  current_speed                 
202007a0  pipe_angle                    
202007a4  target_speed                  
202007a8  valid_frame_count             
202007ac  current_position              
202007b8  target_position               
20207e00  __stack                       
20208000  __STACK_END                   
ffffffff  __TI_pprof_out_hndl           
ffffffff  __TI_prof_data_size           
ffffffff  __TI_prof_data_start          
ffffffff  __binit__                     
ffffffff  binit                         
UNDEFED   __mpu_init                    
UNDEFED   _system_post_cinit            

[166 symbols]
