<?xml version="1.0" encoding="ISO-8859-1" ?>
<link_info>
   <banner>TI ARM Clang Linker PC v4.0.4.LTS</banner>
   <copyright>Copyright (c) 1996-2018 Texas Instruments Incorporated</copyright>
   <command_line>E:\install\keli\ti\css\ccs\tools\compiler\ti-cgt-armllvm_4.0.4.LTS\bin\tiarmlnk -IE:\install\keli\ti\css\ccs\tools\compiler\ti-cgt-armllvm_4.0.4.LTS\lib -o 10_DC_MOTOR_PID_2.out -m10_DC_MOTOR_PID_2.map -iC:/TI/mspm0_sdk_2_10_00_04/source -iE:/install/keli/NEDC/10_DC_MOTOR_PID_3 -iE:/install/keli/NEDC/10_DC_MOTOR_PID_3/Debug/syscfg -iE:/install/keli/ti/css/ccs/tools/compiler/ti-cgt-armllvm_4.0.4.LTS/lib --diag_wrap=off --display_error_number --warn_sections --xml_link_info=10_DC_MOTOR_PID_2_linkInfo.xml --rom_model ./ti_msp_dl_config.o ./startup_mspm0g350x_ticlang.o ./main.o ./main_selector.o ./user_driver/Emm_V5.o ./user_driver/bianma.o ./user_driver/delay.o ./user_driver/oled.o ./user_driver/pid.o ./user_driver/uart.o -l./device_linker.cmd -ldevice.cmd.genlibs -llibc.a --start-group -llibc++.a -llibc++abi.a -llibc.a -llibsys.a -llibsysbm.a -llibclang_rt.builtins.a -llibclang_rt.profile.a --end-group --cg_opt_level=0</command_line>
   <link_time>0x6a6dd5e4</link_time>
   <link_errors>0x0</link_errors>
   <output_file>E:\install\keli\NEDC\10_DC_MOTOR_PID_3\Debug\10_DC_MOTOR_PID_2.out</output_file>
   <entry_point>
      <name>_c_int00_noargs</name>
      <address>0x453d</address>
   </entry_point>
   <input_file_list>
      <input_file id="fl-1">
         <path>E:\install\keli\NEDC\10_DC_MOTOR_PID_3\Debug\.\</path>
         <kind>object</kind>
         <file>ti_msp_dl_config.o</file>
         <name>ti_msp_dl_config.o</name>
      </input_file>
      <input_file id="fl-2">
         <path>E:\install\keli\NEDC\10_DC_MOTOR_PID_3\Debug\.\</path>
         <kind>object</kind>
         <file>startup_mspm0g350x_ticlang.o</file>
         <name>startup_mspm0g350x_ticlang.o</name>
      </input_file>
      <input_file id="fl-3">
         <path>E:\install\keli\NEDC\10_DC_MOTOR_PID_3\Debug\.\</path>
         <kind>object</kind>
         <file>main.o</file>
         <name>main.o</name>
      </input_file>
      <input_file id="fl-4">
         <path>E:\install\keli\NEDC\10_DC_MOTOR_PID_3\Debug\.\</path>
         <kind>object</kind>
         <file>main_selector.o</file>
         <name>main_selector.o</name>
      </input_file>
      <input_file id="fl-5">
         <path>E:\install\keli\NEDC\10_DC_MOTOR_PID_3\Debug\.\user_driver\</path>
         <kind>object</kind>
         <file>Emm_V5.o</file>
         <name>Emm_V5.o</name>
      </input_file>
      <input_file id="fl-6">
         <path>E:\install\keli\NEDC\10_DC_MOTOR_PID_3\Debug\.\user_driver\</path>
         <kind>object</kind>
         <file>bianma.o</file>
         <name>bianma.o</name>
      </input_file>
      <input_file id="fl-7">
         <path>E:\install\keli\NEDC\10_DC_MOTOR_PID_3\Debug\.\user_driver\</path>
         <kind>object</kind>
         <file>delay.o</file>
         <name>delay.o</name>
      </input_file>
      <input_file id="fl-8">
         <path>E:\install\keli\NEDC\10_DC_MOTOR_PID_3\Debug\.\user_driver\</path>
         <kind>object</kind>
         <file>oled.o</file>
         <name>oled.o</name>
      </input_file>
      <input_file id="fl-9">
         <path>E:\install\keli\NEDC\10_DC_MOTOR_PID_3\Debug\.\user_driver\</path>
         <kind>object</kind>
         <file>pid.o</file>
         <name>pid.o</name>
      </input_file>
      <input_file id="fl-a">
         <path>E:\install\keli\NEDC\10_DC_MOTOR_PID_3\Debug\.\user_driver\</path>
         <kind>object</kind>
         <file>uart.o</file>
         <name>uart.o</name>
      </input_file>
      <input_file id="fl-17">
         <path>E:\install\keli\NEDC\10_DC_MOTOR_PID_3\Debug\</path>
         <kind>object</kind>
         <file>&lt;internal&gt;</file>
         <name>&lt;internal&gt;</name>
      </input_file>
      <input_file id="fl-18">
         <path>C:\TI\mspm0_sdk_2_10_00_04\source\ti\driverlib\lib\ticlang\m0p\mspm0g1x0x_g3x0x\</path>
         <kind>archive</kind>
         <file>driverlib.a</file>
         <name>dl_common.o</name>
      </input_file>
      <input_file id="fl-19">
         <path>C:\TI\mspm0_sdk_2_10_00_04\source\ti\driverlib\lib\ticlang\m0p\mspm0g1x0x_g3x0x\</path>
         <kind>archive</kind>
         <file>driverlib.a</file>
         <name>dl_i2c.o</name>
      </input_file>
      <input_file id="fl-1a">
         <path>C:\TI\mspm0_sdk_2_10_00_04\source\ti\driverlib\lib\ticlang\m0p\mspm0g1x0x_g3x0x\</path>
         <kind>archive</kind>
         <file>driverlib.a</file>
         <name>dl_uart.o</name>
      </input_file>
      <input_file id="fl-31">
         <path>E:\install\keli\ti\css\ccs\tools\compiler\ti-cgt-armllvm_4.0.4.LTS\lib\armv6m-ti-none-eabi\c\</path>
         <kind>archive</kind>
         <file>libc.a</file>
         <name>boot_cortex_m.c.obj</name>
      </input_file>
      <input_file id="fl-32">
         <path>E:\install\keli\ti\css\ccs\tools\compiler\ti-cgt-armllvm_4.0.4.LTS\lib\armv6m-ti-none-eabi\c\</path>
         <kind>archive</kind>
         <file>libc.a</file>
         <name>mathacl_init.c.obj</name>
      </input_file>
      <input_file id="fl-33">
         <path>E:\install\keli\ti\css\ccs\tools\compiler\ti-cgt-armllvm_4.0.4.LTS\lib\armv6m-ti-none-eabi\c\</path>
         <kind>archive</kind>
         <file>libc.a</file>
         <name>autoinit.c.obj</name>
      </input_file>
      <input_file id="fl-34">
         <path>E:\install\keli\ti\css\ccs\tools\compiler\ti-cgt-armllvm_4.0.4.LTS\lib\armv6m-ti-none-eabi\c\</path>
         <kind>archive</kind>
         <file>libc.a</file>
         <name>pre_init.c.obj</name>
      </input_file>
      <input_file id="fl-35">
         <path>E:\install\keli\ti\css\ccs\tools\compiler\ti-cgt-armllvm_4.0.4.LTS\lib\armv6m-ti-none-eabi\c\</path>
         <kind>archive</kind>
         <file>libc.a</file>
         <name>cpy_tbl.c.obj</name>
      </input_file>
      <input_file id="fl-36">
         <path>E:\install\keli\ti\css\ccs\tools\compiler\ti-cgt-armllvm_4.0.4.LTS\lib\armv6m-ti-none-eabi\c\</path>
         <kind>archive</kind>
         <file>libc.a</file>
         <name>copy_zero_init.c.obj</name>
      </input_file>
      <input_file id="fl-37">
         <path>E:\install\keli\ti\css\ccs\tools\compiler\ti-cgt-armllvm_4.0.4.LTS\lib\armv6m-ti-none-eabi\c\</path>
         <kind>archive</kind>
         <file>libc.a</file>
         <name>copy_decompress_none.c.obj</name>
      </input_file>
      <input_file id="fl-38">
         <path>E:\install\keli\ti\css\ccs\tools\compiler\ti-cgt-armllvm_4.0.4.LTS\lib\armv6m-ti-none-eabi\c\</path>
         <kind>archive</kind>
         <file>libc.a</file>
         <name>copy_decompress_lzss.c.obj</name>
      </input_file>
      <input_file id="fl-39">
         <path>E:\install\keli\ti\css\ccs\tools\compiler\ti-cgt-armllvm_4.0.4.LTS\lib\armv6m-ti-none-eabi\c\</path>
         <kind>archive</kind>
         <file>libc.a</file>
         <name>exit.c.obj</name>
      </input_file>
      <input_file id="fl-3a">
         <path>E:\install\keli\ti\css\ccs\tools\compiler\ti-cgt-armllvm_4.0.4.LTS\lib\armv6m-ti-none-eabi\c\</path>
         <kind>archive</kind>
         <file>libc.a</file>
         <name>_lock.c.obj</name>
      </input_file>
      <input_file id="fl-3b">
         <path>E:\install\keli\ti\css\ccs\tools\compiler\ti-cgt-armllvm_4.0.4.LTS\lib\armv6m-ti-none-eabi\c\</path>
         <kind>archive</kind>
         <file>libc.a</file>
         <name>args_main.c.obj</name>
      </input_file>
      <input_file id="fl-db">
         <path>E:\install\keli\ti\css\ccs\tools\compiler\ti-cgt-armllvm_4.0.4.LTS\lib\armv6m-ti-none-eabi\c\</path>
         <kind>archive</kind>
         <file>libsysbm.a</file>
         <name>hostexit.c.obj</name>
      </input_file>
      <input_file id="fl-dc">
         <path>E:\install\keli\ti\css\ccs\tools\compiler\ti-cgt-armllvm_4.0.4.LTS\lib\armv6m-ti-none-eabi\</path>
         <kind>archive</kind>
         <file>libclang_rt.builtins.a</file>
         <name>addsf3.S.obj</name>
      </input_file>
      <input_file id="fl-dd">
         <path>E:\install\keli\ti\css\ccs\tools\compiler\ti-cgt-armllvm_4.0.4.LTS\lib\armv6m-ti-none-eabi\</path>
         <kind>archive</kind>
         <file>libclang_rt.builtins.a</file>
         <name>mulsf3.S.obj</name>
      </input_file>
      <input_file id="fl-de">
         <path>E:\install\keli\ti\css\ccs\tools\compiler\ti-cgt-armllvm_4.0.4.LTS\lib\armv6m-ti-none-eabi\</path>
         <kind>archive</kind>
         <file>libclang_rt.builtins.a</file>
         <name>divsf3.S.obj</name>
      </input_file>
      <input_file id="fl-df">
         <path>E:\install\keli\ti\css\ccs\tools\compiler\ti-cgt-armllvm_4.0.4.LTS\lib\armv6m-ti-none-eabi\</path>
         <kind>archive</kind>
         <file>libclang_rt.builtins.a</file>
         <name>fixsfsi.S.obj</name>
      </input_file>
      <input_file id="fl-e0">
         <path>E:\install\keli\ti\css\ccs\tools\compiler\ti-cgt-armllvm_4.0.4.LTS\lib\armv6m-ti-none-eabi\</path>
         <kind>archive</kind>
         <file>libclang_rt.builtins.a</file>
         <name>fixunssfsi.S.obj</name>
      </input_file>
      <input_file id="fl-e1">
         <path>E:\install\keli\ti\css\ccs\tools\compiler\ti-cgt-armllvm_4.0.4.LTS\lib\armv6m-ti-none-eabi\</path>
         <kind>archive</kind>
         <file>libclang_rt.builtins.a</file>
         <name>floatsisf.S.obj</name>
      </input_file>
      <input_file id="fl-e2">
         <path>E:\install\keli\ti\css\ccs\tools\compiler\ti-cgt-armllvm_4.0.4.LTS\lib\armv6m-ti-none-eabi\</path>
         <kind>archive</kind>
         <file>libclang_rt.builtins.a</file>
         <name>floatunsisf.S.obj</name>
      </input_file>
      <input_file id="fl-e3">
         <path>E:\install\keli\ti\css\ccs\tools\compiler\ti-cgt-armllvm_4.0.4.LTS\lib\armv6m-ti-none-eabi\</path>
         <kind>archive</kind>
         <file>libclang_rt.builtins.a</file>
         <name>aeabi_fcmp.S.obj</name>
      </input_file>
      <input_file id="fl-e4">
         <path>E:\install\keli\ti\css\ccs\tools\compiler\ti-cgt-armllvm_4.0.4.LTS\lib\armv6m-ti-none-eabi\</path>
         <kind>archive</kind>
         <file>libclang_rt.builtins.a</file>
         <name>aeabi_memcpy.S.obj</name>
      </input_file>
      <input_file id="fl-e5">
         <path>E:\install\keli\ti\css\ccs\tools\compiler\ti-cgt-armllvm_4.0.4.LTS\lib\armv6m-ti-none-eabi\</path>
         <kind>archive</kind>
         <file>libclang_rt.builtins.a</file>
         <name>aeabi_memset.S.obj</name>
      </input_file>
      <input_file id="fl-e6">
         <path>E:\install\keli\ti\css\ccs\tools\compiler\ti-cgt-armllvm_4.0.4.LTS\lib\armv6m-ti-none-eabi\</path>
         <kind>archive</kind>
         <file>libclang_rt.builtins.a</file>
         <name>aeabi_uidivmod.S.obj</name>
      </input_file>
      <input_file id="fl-e7">
         <path>E:\install\keli\ti\css\ccs\tools\compiler\ti-cgt-armllvm_4.0.4.LTS\lib\armv6m-ti-none-eabi\</path>
         <kind>archive</kind>
         <file>libclang_rt.builtins.a</file>
         <name>comparesf2.S.obj</name>
      </input_file>
      <input_file id="fl-e8">
         <path>E:\install\keli\ti\css\ccs\tools\compiler\ti-cgt-armllvm_4.0.4.LTS\lib\armv6m-ti-none-eabi\</path>
         <kind>archive</kind>
         <file>libclang_rt.builtins.a</file>
         <name>muldsi3.S.obj</name>
      </input_file>
      <input_file id="fl-e9">
         <path>E:\install\keli\ti\css\ccs\tools\compiler\ti-cgt-armllvm_4.0.4.LTS\lib\armv6m-ti-none-eabi\</path>
         <kind>archive</kind>
         <file>libclang_rt.builtins.a</file>
         <name>aeabi_div0.c.obj</name>
      </input_file>
      <input_file id="fl-ea">
         <path>E:\install\keli\ti\css\ccs\tools\compiler\ti-cgt-armllvm_4.0.4.LTS\lib\armv6m-ti-none-eabi\c\</path>
         <kind>archive</kind>
         <file>libc.a</file>
         <name>memcpy16.S.obj</name>
      </input_file>
      <input_file id="fl-eb">
         <path>E:\install\keli\ti\css\ccs\tools\compiler\ti-cgt-armllvm_4.0.4.LTS\lib\armv6m-ti-none-eabi\c\</path>
         <kind>archive</kind>
         <file>libc.a</file>
         <name>memset16.S.obj</name>
      </input_file>
   </input_file_list>
   <object_component_list>
      <object_component id="oc-18">
         <name>.intvecs</name>
         <load_address>0x0</load_address>
         <readonly>true</readonly>
         <run_address>0x0</run_address>
         <size>0xc0</size>
         <alignment>0x4</alignment>
         <input_file_ref idref="fl-2"/>
      </object_component>
      <object_component id="oc-f0">
         <name>.text.Ball_ControlUpdate</name>
         <load_address>0xc0</load_address>
         <readonly>true</readonly>
         <executable>true</executable>
         <run_address>0xc0</run_address>
         <size>0x7a0</size>
         <alignment>0x4</alignment>
         <input_file_ref idref="fl-3"/>
      </object_component>
      <object_component id="oc-f3">
         <name>.text.OLED_ShowControlInfo</name>
         <load_address>0x860</load_address>
         <readonly>true</readonly>
         <executable>true</executable>
         <run_address>0x860</run_address>
         <size>0x398</size>
         <alignment>0x4</alignment>
         <input_file_ref idref="fl-3"/>
      </object_component>
      <object_component id="oc-9d">
         <name>.text.New_Main</name>
         <load_address>0xbf8</load_address>
         <readonly>true</readonly>
         <executable>true</executable>
         <run_address>0xbf8</run_address>
         <size>0x2dc</size>
         <alignment>0x4</alignment>
         <input_file_ref idref="fl-3"/>
      </object_component>
      <object_component id="oc-208">
         <name>.text.Vehicle_AcceptFrame</name>
         <load_address>0xed4</load_address>
         <readonly>true</readonly>
         <executable>true</executable>
         <run_address>0xed4</run_address>
         <size>0x2a8</size>
         <alignment>0x4</alignment>
         <input_file_ref idref="fl-3"/>
      </object_component>
      <object_component id="oc-ea">
         <name>.text.Sensor_PushByte</name>
         <load_address>0x117c</load_address>
         <readonly>true</readonly>
         <executable>true</executable>
         <run_address>0x117c</run_address>
         <size>0x214</size>
         <alignment>0x4</alignment>
         <input_file_ref idref="fl-3"/>
      </object_component>
      <object_component id="oc-ed">
         <name>.text.NewMode_ProcessEncoder</name>
         <load_address>0x1390</load_address>
         <readonly>true</readonly>
         <executable>true</executable>
         <run_address>0x1390</run_address>
         <size>0x1e8</size>
         <alignment>0x4</alignment>
         <input_file_ref idref="fl-3"/>
      </object_component>
      <object_component id="oc-18b">
         <name>.text.Emm_V5_Read_Sys_Params</name>
         <load_address>0x1578</load_address>
         <readonly>true</readonly>
         <executable>true</executable>
         <run_address>0x1578</run_address>
         <size>0x1e4</size>
         <alignment>0x4</alignment>
         <input_file_ref idref="fl-5"/>
      </object_component>
      <object_component id="oc-f1">
         <name>.text.Ball_SequenceUpdate</name>
         <load_address>0x175c</load_address>
         <readonly>true</readonly>
         <executable>true</executable>
         <run_address>0x175c</run_address>
         <size>0x1a8</size>
         <alignment>0x4</alignment>
         <input_file_ref idref="fl-3"/>
      </object_component>
      <object_component id="oc-eb">
         <name>.text.Motor_ControlService</name>
         <load_address>0x1904</load_address>
         <readonly>true</readonly>
         <executable>true</executable>
         <run_address>0x1904</run_address>
         <size>0x19c</size>
         <alignment>0x4</alignment>
         <input_file_ref idref="fl-3"/>
      </object_component>
      <object_component id="oc-18a">
         <name>.text.Motor_PushFeedbackByte</name>
         <load_address>0x1aa0</load_address>
         <readonly>true</readonly>
         <executable>true</executable>
         <run_address>0x1aa0</run_address>
         <size>0x17c</size>
         <alignment>0x4</alignment>
         <input_file_ref idref="fl-3"/>
      </object_component>
      <object_component id="oc-d9">
         <name>.text.OLED_ShowModeMenu</name>
         <load_address>0x1c1c</load_address>
         <readonly>true</readonly>
         <executable>true</executable>
         <run_address>0x1c1c</run_address>
         <size>0x168</size>
         <alignment>0x4</alignment>
         <input_file_ref idref="fl-3"/>
      </object_component>
      <object_component id="oc-1ff">
         <name>.text.OLED_ShowChar</name>
         <load_address>0x1d84</load_address>
         <readonly>true</readonly>
         <executable>true</executable>
         <run_address>0x1d84</run_address>
         <size>0x158</size>
         <alignment>0x4</alignment>
         <input_file_ref idref="fl-8"/>
      </object_component>
      <object_component id="oc-16c">
         <name>.text.LLM_UART_ParseSetpointByte</name>
         <load_address>0x1edc</load_address>
         <readonly>true</readonly>
         <executable>true</executable>
         <run_address>0x1edc</run_address>
         <size>0x148</size>
         <alignment>0x4</alignment>
         <input_file_ref idref="fl-3"/>
      </object_component>
      <object_component id="oc-142">
         <name>.text.OLED_WR_Byte</name>
         <load_address>0x2024</load_address>
         <readonly>true</readonly>
         <executable>true</executable>
         <run_address>0x2024</run_address>
         <size>0x134</size>
         <alignment>0x4</alignment>
         <input_file_ref idref="fl-8"/>
      </object_component>
      <object_component id="oc-ee">
         <name>.text.Ball_CarCompensationOnlyUpdate</name>
         <load_address>0x2158</load_address>
         <readonly>true</readonly>
         <executable>true</executable>
         <run_address>0x2158</run_address>
         <size>0x130</size>
         <alignment>0x4</alignment>
         <input_file_ref idref="fl-3"/>
      </object_component>
      <object_component id="oc-1bd">
         <name>.text.OLED_WR_DataBlock</name>
         <load_address>0x2288</load_address>
         <readonly>true</readonly>
         <executable>true</executable>
         <run_address>0x2288</run_address>
         <size>0x130</size>
         <alignment>0x4</alignment>
         <input_file_ref idref="fl-8"/>
      </object_component>
      <object_component id="oc-19b">
         <name>.text.PID_UpdateConditional</name>
         <load_address>0x23b8</load_address>
         <readonly>true</readonly>
         <executable>true</executable>
         <run_address>0x23b8</run_address>
         <size>0x10e</size>
         <alignment>0x2</alignment>
         <input_file_ref idref="fl-9"/>
      </object_component>
      <object_component id="oc-23c">
         <name>.text.__aeabi_idiv0</name>
         <load_address>0x24c6</load_address>
         <readonly>true</readonly>
         <executable>true</executable>
         <run_address>0x24c6</run_address>
         <size>0x2</size>
         <alignment>0x2</alignment>
         <input_file_ref idref="fl-e9"/>
      </object_component>
      <object_component id="oc-196">
         <name>.text.Vehicle_GetCompensationAngle</name>
         <load_address>0x24c8</load_address>
         <readonly>true</readonly>
         <executable>true</executable>
         <run_address>0x24c8</run_address>
         <size>0xf4</size>
         <alignment>0x4</alignment>
         <input_file_ref idref="fl-3"/>
      </object_component>
      <object_component id="oc-ce">
         <name>.text.PID_Init</name>
         <load_address>0x25bc</load_address>
         <readonly>true</readonly>
         <executable>true</executable>
         <run_address>0x25bc</run_address>
         <size>0xe0</size>
         <alignment>0x4</alignment>
         <input_file_ref idref="fl-9"/>
      </object_component>
      <object_component id="oc-1a3">
         <name>.text.OLED_ShowSigned3</name>
         <load_address>0x269c</load_address>
         <readonly>true</readonly>
         <executable>true</executable>
         <run_address>0x269c</run_address>
         <size>0xdc</size>
         <alignment>0x4</alignment>
         <input_file_ref idref="fl-3"/>
      </object_component>
      <object_component id="oc-174">
         <name>.text</name>
         <load_address>0x2778</load_address>
         <readonly>true</readonly>
         <executable>true</executable>
         <run_address>0x2778</run_address>
         <size>0xd8</size>
         <alignment>0x4</alignment>
         <input_file_ref idref="fl-dc"/>
      </object_component>
      <object_component id="oc-f4">
         <name>.text.OLED_RefreshPage</name>
         <load_address>0x2850</load_address>
         <readonly>true</readonly>
         <executable>true</executable>
         <run_address>0x2850</run_address>
         <size>0xbc</size>
         <alignment>0x4</alignment>
         <input_file_ref idref="fl-8"/>
      </object_component>
      <object_component id="oc-ec">
         <name>.text.Bianma_GetRotation</name>
         <load_address>0x290c</load_address>
         <readonly>true</readonly>
         <executable>true</executable>
         <run_address>0x290c</run_address>
         <size>0xb4</size>
         <alignment>0x4</alignment>
         <input_file_ref idref="fl-6"/>
      </object_component>
      <object_component id="oc-116">
         <name>.text.SYSCFG_DL_GPIO_init</name>
         <load_address>0x29c0</load_address>
         <readonly>true</readonly>
         <executable>true</executable>
         <run_address>0x29c0</run_address>
         <size>0xb4</size>
         <alignment>0x2</alignment>
         <input_file_ref idref="fl-1"/>
      </object_component>
      <object_component id="oc-d4">
         <name>.text.OLED_Init</name>
         <load_address>0x2a74</load_address>
         <readonly>true</readonly>
         <executable>true</executable>
         <run_address>0x2a74</run_address>
         <size>0xb0</size>
         <alignment>0x4</alignment>
         <input_file_ref idref="fl-8"/>
      </object_component>
      <object_component id="oc-1a2">
         <name>.text.OLED_ShowNum</name>
         <load_address>0x2b24</load_address>
         <readonly>true</readonly>
         <executable>true</executable>
         <run_address>0x2b24</run_address>
         <size>0xac</size>
         <alignment>0x2</alignment>
         <input_file_ref idref="fl-8"/>
      </object_component>
      <object_component id="oc-f2">
         <name>.text.Ball_ControlStop</name>
         <load_address>0x2bd0</load_address>
         <readonly>true</readonly>
         <executable>true</executable>
         <run_address>0x2bd0</run_address>
         <size>0xa8</size>
         <alignment>0x4</alignment>
         <input_file_ref idref="fl-3"/>
      </object_component>
      <object_component id="oc-39">
         <name>.text.UART3_IRQHandler</name>
         <load_address>0x2c78</load_address>
         <readonly>true</readonly>
         <executable>true</executable>
         <run_address>0x2c78</run_address>
         <size>0xa8</size>
         <alignment>0x4</alignment>
         <input_file_ref idref="fl-a"/>
      </object_component>
      <object_component id="oc-194">
         <name>.text.Bianma_Button_Pressed</name>
         <load_address>0x2d20</load_address>
         <readonly>true</readonly>
         <executable>true</executable>
         <run_address>0x2d20</run_address>
         <size>0x98</size>
         <alignment>0x4</alignment>
         <input_file_ref idref="fl-6"/>
      </object_component>
      <object_component id="oc-e6">
         <name>.text.Motor_StartupSynchronize</name>
         <load_address>0x2db8</load_address>
         <readonly>true</readonly>
         <executable>true</executable>
         <run_address>0x2db8</run_address>
         <size>0x98</size>
         <alignment>0x4</alignment>
         <input_file_ref idref="fl-3"/>
      </object_component>
      <object_component id="oc-149">
         <name>.text.OLED_ShowString</name>
         <load_address>0x2e50</load_address>
         <readonly>true</readonly>
         <executable>true</executable>
         <run_address>0x2e50</run_address>
         <size>0x98</size>
         <alignment>0x2</alignment>
         <input_file_ref idref="fl-8"/>
      </object_component>
      <object_component id="oc-22e">
         <name>.text.Vehicle_CalculateCrc16</name>
         <load_address>0x2ee8</load_address>
         <readonly>true</readonly>
         <executable>true</executable>
         <run_address>0x2ee8</run_address>
         <size>0x98</size>
         <alignment>0x4</alignment>
         <input_file_ref idref="fl-3"/>
      </object_component>
      <object_component id="oc-16e">
         <name>.text.Vehicle_PushByte</name>
         <load_address>0x2f80</load_address>
         <readonly>true</readonly>
         <executable>true</executable>
         <run_address>0x2f80</run_address>
         <size>0x94</size>
         <alignment>0x4</alignment>
         <input_file_ref idref="fl-3"/>
      </object_component>
      <object_component id="oc-16f">
         <name>.text.Sensor_CalculateCrc8</name>
         <load_address>0x3014</load_address>
         <readonly>true</readonly>
         <executable>true</executable>
         <run_address>0x3014</run_address>
         <size>0x8e</size>
         <alignment>0x2</alignment>
         <input_file_ref idref="fl-3"/>
      </object_component>
      <object_component id="oc-115">
         <name>.text.SYSCFG_DL_initPower</name>
         <load_address>0x30a4</load_address>
         <readonly>true</readonly>
         <executable>true</executable>
         <run_address>0x30a4</run_address>
         <size>0x8c</size>
         <alignment>0x4</alignment>
         <input_file_ref idref="fl-1"/>
      </object_component>
      <object_component id="oc-178">
         <name>.text.__mulsf3</name>
         <load_address>0x3130</load_address>
         <readonly>true</readonly>
         <executable>true</executable>
         <run_address>0x3130</run_address>
         <size>0x8c</size>
         <alignment>0x4</alignment>
         <input_file_ref idref="fl-dd"/>
      </object_component>
      <object_component id="oc-3e">
         <name>.text.UART2_IRQHandler</name>
         <load_address>0x31bc</load_address>
         <readonly>true</readonly>
         <executable>true</executable>
         <run_address>0x31bc</run_address>
         <size>0x88</size>
         <alignment>0x4</alignment>
         <input_file_ref idref="fl-a"/>
      </object_component>
      <object_component id="oc-154">
         <name>.text.__NVIC_SetPriority</name>
         <load_address>0x3244</load_address>
         <readonly>true</readonly>
         <executable>true</executable>
         <run_address>0x3244</run_address>
         <size>0x84</size>
         <alignment>0x4</alignment>
         <input_file_ref idref="fl-3"/>
      </object_component>
      <object_component id="oc-17c">
         <name>.text.__divsf3</name>
         <load_address>0x32c8</load_address>
         <readonly>true</readonly>
         <executable>true</executable>
         <run_address>0x32c8</run_address>
         <size>0x82</size>
         <alignment>0x4</alignment>
         <input_file_ref idref="fl-de"/>
      </object_component>
      <object_component id="oc-c8">
         <name>.text.Bianma_Init</name>
         <load_address>0x334c</load_address>
         <readonly>true</readonly>
         <executable>true</executable>
         <run_address>0x334c</run_address>
         <size>0x80</size>
         <alignment>0x4</alignment>
         <input_file_ref idref="fl-6"/>
      </object_component>
      <object_component id="oc-216">
         <name>.text.Emm_V5_Pos_Control</name>
         <load_address>0x33cc</load_address>
         <readonly>true</readonly>
         <executable>true</executable>
         <run_address>0x33cc</run_address>
         <size>0x7c</size>
         <alignment>0x4</alignment>
         <input_file_ref idref="fl-5"/>
      </object_component>
      <object_component id="oc-1c">
         <name>.text:decompress:lzss</name>
         <load_address>0x3448</load_address>
         <readonly>true</readonly>
         <executable>true</executable>
         <run_address>0x3448</run_address>
         <size>0x7c</size>
         <alignment>0x4</alignment>
         <input_file_ref idref="fl-38"/>
      </object_component>
      <object_component id="oc-3f">
         <name>.text.UART0_IRQHandler</name>
         <load_address>0x34c4</load_address>
         <readonly>true</readonly>
         <executable>true</executable>
         <run_address>0x34c4</run_address>
         <size>0x78</size>
         <alignment>0x4</alignment>
         <input_file_ref idref="fl-a"/>
      </object_component>
      <object_component id="oc-c7">
         <name>.text.Vehicle_UART_EnableRxInterrupt</name>
         <load_address>0x353c</load_address>
         <readonly>true</readonly>
         <executable>true</executable>
         <run_address>0x353c</run_address>
         <size>0x74</size>
         <alignment>0x4</alignment>
         <input_file_ref idref="fl-a"/>
      </object_component>
      <object_component id="oc-215">
         <name>.text.Emm_V5_Angle_To_Pulses</name>
         <load_address>0x35b0</load_address>
         <readonly>true</readonly>
         <executable>true</executable>
         <run_address>0x35b0</run_address>
         <size>0x68</size>
         <alignment>0x4</alignment>
         <input_file_ref idref="fl-5"/>
      </object_component>
      <object_component id="oc-15b">
         <name>.text.Serial1_SendArrayTry</name>
         <load_address>0x3618</load_address>
         <readonly>true</readonly>
         <executable>true</executable>
         <run_address>0x3618</run_address>
         <size>0x68</size>
         <alignment>0x4</alignment>
         <input_file_ref idref="fl-a"/>
      </object_component>
      <object_component id="oc-229">
         <name>.text.OLED_ClearPoint</name>
         <load_address>0x3680</load_address>
         <readonly>true</readonly>
         <executable>true</executable>
         <run_address>0x3680</run_address>
         <size>0x64</size>
         <alignment>0x4</alignment>
         <input_file_ref idref="fl-8"/>
      </object_component>
      <object_component id="oc-18c">
         <name>.text.Emm_V5_Pos_Control_Angle</name>
         <load_address>0x36e4</load_address>
         <readonly>true</readonly>
         <executable>true</executable>
         <run_address>0x36e4</run_address>
         <size>0x62</size>
         <alignment>0x2</alignment>
         <input_file_ref idref="fl-5"/>
      </object_component>
      <object_component id="oc-12e">
         <name>.text.__aeabi_fcmp</name>
         <load_address>0x3748</load_address>
         <readonly>true</readonly>
         <executable>true</executable>
         <run_address>0x3748</run_address>
         <size>0x62</size>
         <alignment>0x4</alignment>
         <input_file_ref idref="fl-e3"/>
      </object_component>
      <object_component id="oc-143">
         <name>.text.OLED_Clear</name>
         <load_address>0x37ac</load_address>
         <readonly>true</readonly>
         <executable>true</executable>
         <run_address>0x37ac</run_address>
         <size>0x60</size>
         <alignment>0x4</alignment>
         <input_file_ref idref="fl-8"/>
      </object_component>
      <object_component id="oc-118">
         <name>.text.SYSCFG_DL_OLED_init</name>
         <load_address>0x380c</load_address>
         <readonly>true</readonly>
         <executable>true</executable>
         <run_address>0x380c</run_address>
         <size>0x60</size>
         <alignment>0x4</alignment>
         <input_file_ref idref="fl-1"/>
      </object_component>
      <object_component id="oc-cd">
         <name>.text.UART_EnableRxInterrupt</name>
         <load_address>0x386c</load_address>
         <readonly>true</readonly>
         <executable>true</executable>
         <run_address>0x386c</run_address>
         <size>0x60</size>
         <alignment>0x4</alignment>
         <input_file_ref idref="fl-a"/>
      </object_component>
      <object_component id="oc-e9">
         <name>.text.UART_read_received_byte</name>
         <load_address>0x38cc</load_address>
         <readonly>true</readonly>
         <executable>true</executable>
         <run_address>0x38cc</run_address>
         <size>0x60</size>
         <alignment>0x4</alignment>
         <input_file_ref idref="fl-a"/>
      </object_component>
      <object_component id="oc-1fd">
         <name>.text.DL_I2C_fillControllerTXFIFO</name>
         <load_address>0x392c</load_address>
         <readonly>true</readonly>
         <executable>true</executable>
         <run_address>0x392c</run_address>
         <size>0x5e</size>
         <alignment>0x2</alignment>
         <input_file_ref idref="fl-19"/>
      </object_component>
      <object_component id="oc-189">
         <name>.text.Motor_UART_ReadByte</name>
         <load_address>0x398c</load_address>
         <readonly>true</readonly>
         <executable>true</executable>
         <run_address>0x398c</run_address>
         <size>0x5c</size>
         <alignment>0x4</alignment>
         <input_file_ref idref="fl-a"/>
      </object_component>
      <object_component id="oc-148">
         <name>.text.OLED_ClearBuffer</name>
         <load_address>0x39e8</load_address>
         <readonly>true</readonly>
         <executable>true</executable>
         <run_address>0x39e8</run_address>
         <size>0x58</size>
         <alignment>0x4</alignment>
         <input_file_ref idref="fl-8"/>
      </object_component>
      <object_component id="oc-19a">
         <name>.text.PID_DecayIntegral</name>
         <load_address>0x3a40</load_address>
         <readonly>true</readonly>
         <executable>true</executable>
         <run_address>0x3a40</run_address>
         <size>0x56</size>
         <alignment>0x2</alignment>
         <input_file_ref idref="fl-9"/>
      </object_component>
      <object_component id="oc-16d">
         <name>.text.Vehicle_UART_ReadByte</name>
         <load_address>0x3a98</load_address>
         <readonly>true</readonly>
         <executable>true</executable>
         <run_address>0x3a98</run_address>
         <size>0x54</size>
         <alignment>0x4</alignment>
         <input_file_ref idref="fl-a"/>
      </object_component>
      <object_component id="oc-1d0">
         <name>.text.DL_GPIO_initPeripheralInputFunctionFeatures</name>
         <load_address>0x3aec</load_address>
         <readonly>true</readonly>
         <executable>true</executable>
         <run_address>0x3aec</run_address>
         <size>0x50</size>
         <alignment>0x4</alignment>
         <input_file_ref idref="fl-1"/>
      </object_component>
      <object_component id="oc-1fe">
         <name>.text.DL_I2C_startControllerTransfer</name>
         <load_address>0x3b3c</load_address>
         <readonly>true</readonly>
         <executable>true</executable>
         <run_address>0x3b3c</run_address>
         <size>0x50</size>
         <alignment>0x4</alignment>
         <input_file_ref idref="fl-8"/>
      </object_component>
      <object_component id="oc-c6">
         <name>.text.Motor_UART_EnableRxInterrupt</name>
         <load_address>0x3b8c</load_address>
         <readonly>true</readonly>
         <executable>true</executable>
         <run_address>0x3b8c</run_address>
         <size>0x50</size>
         <alignment>0x4</alignment>
         <input_file_ref idref="fl-a"/>
      </object_component>
      <object_component id="oc-d3">
         <name>.text.NewMode_ResetControlState</name>
         <load_address>0x3bdc</load_address>
         <readonly>true</readonly>
         <executable>true</executable>
         <run_address>0x3bdc</run_address>
         <size>0x50</size>
         <alignment>0x4</alignment>
         <input_file_ref idref="fl-3"/>
      </object_component>
      <object_component id="oc-db">
         <name>.text.SysTick_Config</name>
         <load_address>0x3c2c</load_address>
         <readonly>true</readonly>
         <executable>true</executable>
         <run_address>0x3c2c</run_address>
         <size>0x50</size>
         <alignment>0x4</alignment>
         <input_file_ref idref="fl-3"/>
      </object_component>
      <object_component id="oc-1d4">
         <name>.text.DL_GPIO_initDigitalInputFeatures</name>
         <load_address>0x3c7c</load_address>
         <readonly>true</readonly>
         <executable>true</executable>
         <run_address>0x3c7c</run_address>
         <size>0x4c</size>
         <alignment>0x4</alignment>
         <input_file_ref idref="fl-1"/>
      </object_component>
      <object_component id="oc-1e7">
         <name>.text.DL_UART_setBaudRateDivisor</name>
         <load_address>0x3cc8</load_address>
         <readonly>true</readonly>
         <executable>true</executable>
         <run_address>0x3cc8</run_address>
         <size>0x4c</size>
         <alignment>0x4</alignment>
         <input_file_ref idref="fl-1"/>
      </object_component>
      <object_component id="oc-1e5">
         <name>.text.DL_UART_init</name>
         <load_address>0x3d14</load_address>
         <readonly>true</readonly>
         <executable>true</executable>
         <run_address>0x3d14</run_address>
         <size>0x48</size>
         <alignment>0x4</alignment>
         <input_file_ref idref="fl-1a"/>
      </object_component>
      <object_component id="oc-135">
         <name>.text.Motor_SetAngle</name>
         <load_address>0x3d5c</load_address>
         <readonly>true</readonly>
         <executable>true</executable>
         <run_address>0x3d5c</run_address>
         <size>0x48</size>
         <alignment>0x4</alignment>
         <input_file_ref idref="fl-3"/>
      </object_component>
      <object_component id="oc-228">
         <name>.text.OLED_DrawPoint</name>
         <load_address>0x3da4</load_address>
         <readonly>true</readonly>
         <executable>true</executable>
         <run_address>0x3da4</run_address>
         <size>0x48</size>
         <alignment>0x4</alignment>
         <input_file_ref idref="fl-8"/>
      </object_component>
      <object_component id="oc-217">
         <name>.text.PID_Limit</name>
         <load_address>0x3dec</load_address>
         <readonly>true</readonly>
         <executable>true</executable>
         <run_address>0x3dec</run_address>
         <size>0x48</size>
         <alignment>0x2</alignment>
         <input_file_ref idref="fl-9"/>
      </object_component>
      <object_component id="oc-e0">
         <name>.text.Emm_V5_En_Control</name>
         <load_address>0x3e34</load_address>
         <readonly>true</readonly>
         <executable>true</executable>
         <run_address>0x3e34</run_address>
         <size>0x44</size>
         <alignment>0x4</alignment>
         <input_file_ref idref="fl-5"/>
      </object_component>
      <object_component id="oc-11b">
         <name>.text.SYSCFG_DL_LLM_UART_init</name>
         <load_address>0x3e78</load_address>
         <readonly>true</readonly>
         <executable>true</executable>
         <run_address>0x3e78</run_address>
         <size>0x40</size>
         <alignment>0x4</alignment>
         <input_file_ref idref="fl-1"/>
      </object_component>
      <object_component id="oc-11a">
         <name>.text.SYSCFG_DL_MOTOR_UART_init</name>
         <load_address>0x3eb8</load_address>
         <readonly>true</readonly>
         <executable>true</executable>
         <run_address>0x3eb8</run_address>
         <size>0x40</size>
         <alignment>0x4</alignment>
         <input_file_ref idref="fl-1"/>
      </object_component>
      <object_component id="oc-119">
         <name>.text.SYSCFG_DL_PRINT_init</name>
         <load_address>0x3ef8</load_address>
         <readonly>true</readonly>
         <executable>true</executable>
         <run_address>0x3ef8</run_address>
         <size>0x40</size>
         <alignment>0x4</alignment>
         <input_file_ref idref="fl-1"/>
      </object_component>
      <object_component id="oc-11c">
         <name>.text.SYSCFG_DL_VEHICLE_UART_init</name>
         <load_address>0x3f38</load_address>
         <readonly>true</readonly>
         <executable>true</executable>
         <run_address>0x3f38</run_address>
         <size>0x40</size>
         <alignment>0x4</alignment>
         <input_file_ref idref="fl-1"/>
      </object_component>
      <object_component id="oc-21e">
         <name>.text.__aeabi_uidivmod</name>
         <load_address>0x3f78</load_address>
         <readonly>true</readonly>
         <executable>true</executable>
         <run_address>0x3f78</run_address>
         <size>0x40</size>
         <alignment>0x4</alignment>
         <input_file_ref idref="fl-e6"/>
      </object_component>
      <object_component id="oc-13c">
         <name>.text.DL_I2C_flushControllerTXFIFO</name>
         <load_address>0x3fb8</load_address>
         <readonly>true</readonly>
         <executable>true</executable>
         <run_address>0x3fb8</run_address>
         <size>0x3c</size>
         <alignment>0x4</alignment>
         <input_file_ref idref="fl-19"/>
      </object_component>
      <object_component id="oc-e5">
         <name>.text.Emm_V5_Stop_Now</name>
         <load_address>0x3ff4</load_address>
         <readonly>true</readonly>
         <executable>true</executable>
         <run_address>0x3ff4</run_address>
         <size>0x3c</size>
         <alignment>0x4</alignment>
         <input_file_ref idref="fl-5"/>
      </object_component>
      <object_component id="oc-1a5">
         <name>.text.__floatsisf</name>
         <load_address>0x4030</load_address>
         <readonly>true</readonly>
         <executable>true</executable>
         <run_address>0x4030</run_address>
         <size>0x3c</size>
         <alignment>0x4</alignment>
         <input_file_ref idref="fl-e1"/>
      </object_component>
      <object_component id="oc-1f8">
         <name>.text.__gtsf2</name>
         <load_address>0x406c</load_address>
         <readonly>true</readonly>
         <executable>true</executable>
         <run_address>0x406c</run_address>
         <size>0x3c</size>
         <alignment>0x4</alignment>
         <input_file_ref idref="fl-e7"/>
      </object_component>
      <object_component id="oc-a7">
         <name>.text:__TI_auto_init_nobinit_nopinit</name>
         <load_address>0x40a8</load_address>
         <readonly>true</readonly>
         <executable>true</executable>
         <run_address>0x40a8</run_address>
         <size>0x3c</size>
         <alignment>0x4</alignment>
         <input_file_ref idref="fl-33"/>
      </object_component>
      <object_component id="oc-1f3">
         <name>.text.__eqsf2</name>
         <load_address>0x40e4</load_address>
         <readonly>true</readonly>
         <executable>true</executable>
         <run_address>0x40e4</run_address>
         <size>0x3a</size>
         <alignment>0x4</alignment>
         <input_file_ref idref="fl-e7"/>
      </object_component>
      <object_component id="oc-20d">
         <name>.text.__muldsi3</name>
         <load_address>0x4120</load_address>
         <readonly>true</readonly>
         <executable>true</executable>
         <run_address>0x4120</run_address>
         <size>0x3a</size>
         <alignment>0x4</alignment>
         <input_file_ref idref="fl-e8"/>
      </object_component>
      <object_component id="oc-ef">
         <name>.text.Ball_ControlIdle</name>
         <load_address>0x415c</load_address>
         <readonly>true</readonly>
         <executable>true</executable>
         <run_address>0x415c</run_address>
         <size>0x38</size>
         <alignment>0x4</alignment>
         <input_file_ref idref="fl-3"/>
      </object_component>
      <object_component id="oc-218">
         <name>.text.__fixsfsi</name>
         <load_address>0x4194</load_address>
         <readonly>true</readonly>
         <executable>true</executable>
         <run_address>0x4194</run_address>
         <size>0x38</size>
         <alignment>0x4</alignment>
         <input_file_ref idref="fl-df"/>
      </object_component>
      <object_component id="oc-121">
         <name>.text.__NVIC_DisableIRQ</name>
         <load_address>0x41cc</load_address>
         <readonly>true</readonly>
         <executable>true</executable>
         <run_address>0x41cc</run_address>
         <size>0x34</size>
         <alignment>0x4</alignment>
         <input_file_ref idref="fl-3"/>
      </object_component>
      <object_component id="oc-232">
         <name>.text.Vehicle_GetLongitudinalImuMg</name>
         <load_address>0x4200</load_address>
         <readonly>true</readonly>
         <executable>true</executable>
         <run_address>0x4200</run_address>
         <size>0x32</size>
         <alignment>0x2</alignment>
         <input_file_ref idref="fl-3"/>
      </object_component>
      <object_component id="oc-19e">
         <name>.text.__fixunssfsi</name>
         <load_address>0x4234</load_address>
         <readonly>true</readonly>
         <executable>true</executable>
         <run_address>0x4234</run_address>
         <size>0x32</size>
         <alignment>0x4</alignment>
         <input_file_ref idref="fl-e0"/>
      </object_component>
      <object_component id="oc-203">
         <name>.text.DL_UART_transmitDataBlocking</name>
         <load_address>0x4268</load_address>
         <readonly>true</readonly>
         <executable>true</executable>
         <run_address>0x4268</run_address>
         <size>0x30</size>
         <alignment>0x4</alignment>
         <input_file_ref idref="fl-1a"/>
      </object_component>
      <object_component id="oc-21d">
         <name>.text.OLED_Pow</name>
         <load_address>0x4298</load_address>
         <readonly>true</readonly>
         <executable>true</executable>
         <run_address>0x4298</run_address>
         <size>0x30</size>
         <alignment>0x2</alignment>
         <input_file_ref idref="fl-8"/>
      </object_component>
      <object_component id="oc-c0">
         <name>.text.SYSCFG_DL_init</name>
         <load_address>0x42c8</load_address>
         <readonly>true</readonly>
         <executable>true</executable>
         <run_address>0x42c8</run_address>
         <size>0x30</size>
         <alignment>0x4</alignment>
         <input_file_ref idref="fl-1"/>
      </object_component>
      <object_component id="oc-da">
         <name>.text.OLED_Refresh</name>
         <load_address>0x42f8</load_address>
         <readonly>true</readonly>
         <executable>true</executable>
         <run_address>0x42f8</run_address>
         <size>0x2e</size>
         <alignment>0x2</alignment>
         <input_file_ref idref="fl-8"/>
      </object_component>
      <object_component id="oc-132">
         <name>.text.PID_Reset</name>
         <load_address>0x4326</load_address>
         <readonly>true</readonly>
         <executable>true</executable>
         <run_address>0x4326</run_address>
         <size>0x2c</size>
         <alignment>0x2</alignment>
         <input_file_ref idref="fl-9"/>
      </object_component>
      <object_component id="oc-125">
         <name>.text.__NVIC_ClearPendingIRQ</name>
         <load_address>0x4354</load_address>
         <readonly>true</readonly>
         <executable>true</executable>
         <run_address>0x4354</run_address>
         <size>0x2c</size>
         <alignment>0x4</alignment>
         <input_file_ref idref="fl-a"/>
      </object_component>
      <object_component id="oc-124">
         <name>.text.__NVIC_EnableIRQ</name>
         <load_address>0x4380</load_address>
         <readonly>true</readonly>
         <executable>true</executable>
         <run_address>0x4380</run_address>
         <size>0x2c</size>
         <alignment>0x4</alignment>
         <input_file_ref idref="fl-a"/>
      </object_component>
      <object_component id="oc-1f1">
         <name>.text.DL_Common_updateReg</name>
         <load_address>0x43ac</load_address>
         <readonly>true</readonly>
         <executable>true</executable>
         <run_address>0x43ac</run_address>
         <size>0x28</size>
         <alignment>0x2</alignment>
         <input_file_ref idref="fl-3"/>
      </object_component>
      <object_component id="oc-227">
         <name>.text.DL_Common_updateReg</name>
         <load_address>0x43d4</load_address>
         <readonly>true</readonly>
         <executable>true</executable>
         <run_address>0x43d4</run_address>
         <size>0x28</size>
         <alignment>0x2</alignment>
         <input_file_ref idref="fl-8"/>
      </object_component>
      <object_component id="oc-225">
         <name>.text.DL_Common_updateReg</name>
         <load_address>0x43fc</load_address>
         <readonly>true</readonly>
         <executable>true</executable>
         <run_address>0x43fc</run_address>
         <size>0x28</size>
         <alignment>0x2</alignment>
         <input_file_ref idref="fl-1"/>
      </object_component>
      <object_component id="oc-1f2">
         <name>.text.DL_Common_updateReg</name>
         <load_address>0x4424</load_address>
         <readonly>true</readonly>
         <executable>true</executable>
         <run_address>0x4424</run_address>
         <size>0x28</size>
         <alignment>0x2</alignment>
         <input_file_ref idref="fl-a"/>
      </object_component>
      <object_component id="oc-1e0">
         <name>.text.DL_I2C_setControllerRXFIFOThreshold</name>
         <load_address>0x444c</load_address>
         <readonly>true</readonly>
         <executable>true</executable>
         <run_address>0x444c</run_address>
         <size>0x28</size>
         <alignment>0x4</alignment>
         <input_file_ref idref="fl-1"/>
      </object_component>
      <object_component id="oc-1df">
         <name>.text.DL_I2C_setControllerTXFIFOThreshold</name>
         <load_address>0x4474</load_address>
         <readonly>true</readonly>
         <executable>true</executable>
         <run_address>0x4474</run_address>
         <size>0x28</size>
         <alignment>0x4</alignment>
         <input_file_ref idref="fl-1"/>
      </object_component>
      <object_component id="oc-120">
         <name>.text.DL_UART_setRXFIFOThreshold</name>
         <load_address>0x449c</load_address>
         <readonly>true</readonly>
         <executable>true</executable>
         <run_address>0x449c</run_address>
         <size>0x28</size>
         <alignment>0x4</alignment>
         <input_file_ref idref="fl-3"/>
      </object_component>
      <object_component id="oc-122">
         <name>.text.DL_UART_setRXFIFOThreshold</name>
         <load_address>0x44c4</load_address>
         <readonly>true</readonly>
         <executable>true</executable>
         <run_address>0x44c4</run_address>
         <size>0x28</size>
         <alignment>0x4</alignment>
         <input_file_ref idref="fl-a"/>
      </object_component>
      <object_component id="oc-e7">
         <name>.text.LLM_UART_Poll</name>
         <load_address>0x44ec</load_address>
         <readonly>true</readonly>
         <executable>true</executable>
         <run_address>0x44ec</run_address>
         <size>0x28</size>
         <alignment>0x4</alignment>
         <input_file_ref idref="fl-3"/>
      </object_component>
      <object_component id="oc-170">
         <name>.text.__floatunsisf</name>
         <load_address>0x4514</load_address>
         <readonly>true</readonly>
         <executable>true</executable>
         <run_address>0x4514</run_address>
         <size>0x28</size>
         <alignment>0x4</alignment>
         <input_file_ref idref="fl-e2"/>
      </object_component>
      <object_component id="oc-5b">
         <name>.text:_c_int00_noargs</name>
         <load_address>0x453c</load_address>
         <readonly>true</readonly>
         <executable>true</executable>
         <run_address>0x453c</run_address>
         <size>0x28</size>
         <alignment>0x4</alignment>
         <input_file_ref idref="fl-31"/>
      </object_component>
      <object_component id="oc-1da">
         <name>.text.DL_I2C_setAnalogGlitchFilterPulseWidth</name>
         <load_address>0x4564</load_address>
         <readonly>true</readonly>
         <executable>true</executable>
         <run_address>0x4564</run_address>
         <size>0x26</size>
         <alignment>0x2</alignment>
         <input_file_ref idref="fl-1"/>
      </object_component>
      <object_component id="oc-1d9">
         <name>.text.DL_I2C_setClockConfig</name>
         <load_address>0x458a</load_address>
         <readonly>true</readonly>
         <executable>true</executable>
         <run_address>0x458a</run_address>
         <size>0x26</size>
         <alignment>0x2</alignment>
         <input_file_ref idref="fl-19"/>
      </object_component>
      <object_component id="oc-1dc">
         <name>.text.DL_I2C_setDigitalGlitchFilterPulseWidth</name>
         <load_address>0x45b0</load_address>
         <readonly>true</readonly>
         <executable>true</executable>
         <run_address>0x45b0</run_address>
         <size>0x24</size>
         <alignment>0x2</alignment>
         <input_file_ref idref="fl-1"/>
      </object_component>
      <object_component id="oc-1d3">
         <name>.text.DL_GPIO_initPeripheralInputFunction</name>
         <load_address>0x45d4</load_address>
         <readonly>true</readonly>
         <executable>true</executable>
         <run_address>0x45d4</run_address>
         <size>0x20</size>
         <alignment>0x4</alignment>
         <input_file_ref idref="fl-1"/>
      </object_component>
      <object_component id="oc-e8">
         <name>.text.Vehicle_UART_Poll</name>
         <load_address>0x45f4</load_address>
         <readonly>true</readonly>
         <executable>true</executable>
         <run_address>0x45f4</run_address>
         <size>0x20</size>
         <alignment>0x2</alignment>
         <input_file_ref idref="fl-3"/>
      </object_component>
      <object_component id="oc-1e6">
         <name>.text.DL_UART_setOversampling</name>
         <load_address>0x4614</load_address>
         <readonly>true</readonly>
         <executable>true</executable>
         <run_address>0x4614</run_address>
         <size>0x1e</size>
         <alignment>0x2</alignment>
         <input_file_ref idref="fl-1"/>
      </object_component>
      <object_component id="oc-117">
         <name>.text.SYSCFG_DL_SYSCTL_init</name>
         <load_address>0x4632</load_address>
         <readonly>true</readonly>
         <executable>true</executable>
         <run_address>0x4632</run_address>
         <size>0x1e</size>
         <alignment>0x2</alignment>
         <input_file_ref idref="fl-1"/>
      </object_component>
      <object_component id="oc-22f">
         <name>.text.Vehicle_ReadU32</name>
         <load_address>0x4650</load_address>
         <readonly>true</readonly>
         <executable>true</executable>
         <run_address>0x4650</run_address>
         <size>0x1e</size>
         <alignment>0x2</alignment>
         <input_file_ref idref="fl-3"/>
      </object_component>
      <object_component id="oc-1d1">
         <name>.text.DL_GPIO_enableHiZ</name>
         <load_address>0x4670</load_address>
         <readonly>true</readonly>
         <executable>true</executable>
         <run_address>0x4670</run_address>
         <size>0x1c</size>
         <alignment>0x4</alignment>
         <input_file_ref idref="fl-1"/>
      </object_component>
      <object_component id="oc-1d2">
         <name>.text.DL_GPIO_initPeripheralOutputFunction</name>
         <load_address>0x468c</load_address>
         <readonly>true</readonly>
         <executable>true</executable>
         <run_address>0x468c</run_address>
         <size>0x1c</size>
         <alignment>0x4</alignment>
         <input_file_ref idref="fl-1"/>
      </object_component>
      <object_component id="oc-1d6">
         <name>.text.DL_SYSCTL_setSYSOSCFreq</name>
         <load_address>0x46a8</load_address>
         <readonly>true</readonly>
         <executable>true</executable>
         <run_address>0x46a8</run_address>
         <size>0x1c</size>
         <alignment>0x4</alignment>
         <input_file_ref idref="fl-1"/>
      </object_component>
      <object_component id="oc-123">
         <name>.text.DL_UART_enableInterrupt</name>
         <load_address>0x46c4</load_address>
         <readonly>true</readonly>
         <executable>true</executable>
         <run_address>0x46c4</run_address>
         <size>0x1c</size>
         <alignment>0x4</alignment>
         <input_file_ref idref="fl-a"/>
      </object_component>
      <object_component id="oc-166">
         <name>.text.DL_UART_receiveDataCheck</name>
         <load_address>0x46e0</load_address>
         <readonly>true</readonly>
         <executable>true</executable>
         <run_address>0x46e0</run_address>
         <size>0x1c</size>
         <alignment>0x4</alignment>
         <input_file_ref idref="fl-1a"/>
      </object_component>
      <object_component id="oc-dc">
         <name>.text.delay_ms</name>
         <load_address>0x46fc</load_address>
         <readonly>true</readonly>
         <executable>true</executable>
         <run_address>0x46fc</run_address>
         <size>0x1a</size>
         <alignment>0x2</alignment>
         <input_file_ref idref="fl-7"/>
      </object_component>
      <object_component id="oc-195">
         <name>.text.Bianma_Button_IsPressed</name>
         <load_address>0x4718</load_address>
         <readonly>true</readonly>
         <executable>true</executable>
         <run_address>0x4718</run_address>
         <size>0x18</size>
         <alignment>0x4</alignment>
         <input_file_ref idref="fl-6"/>
      </object_component>
      <object_component id="oc-1cd">
         <name>.text.DL_GPIO_enablePower</name>
         <load_address>0x4730</load_address>
         <readonly>true</readonly>
         <executable>true</executable>
         <run_address>0x4730</run_address>
         <size>0x18</size>
         <alignment>0x4</alignment>
         <input_file_ref idref="fl-1"/>
      </object_component>
      <object_component id="oc-1ca">
         <name>.text.DL_GPIO_reset</name>
         <load_address>0x4748</load_address>
         <readonly>true</readonly>
         <executable>true</executable>
         <run_address>0x4748</run_address>
         <size>0x18</size>
         <alignment>0x4</alignment>
         <input_file_ref idref="fl-1"/>
      </object_component>
      <object_component id="oc-1db">
         <name>.text.DL_I2C_enableAnalogGlitchFilter</name>
         <load_address>0x4760</load_address>
         <readonly>true</readonly>
         <executable>true</executable>
         <run_address>0x4760</run_address>
         <size>0x18</size>
         <alignment>0x2</alignment>
         <input_file_ref idref="fl-1"/>
      </object_component>
      <object_component id="oc-1e2">
         <name>.text.DL_I2C_enableController</name>
         <load_address>0x4778</load_address>
         <readonly>true</readonly>
         <executable>true</executable>
         <run_address>0x4778</run_address>
         <size>0x18</size>
         <alignment>0x4</alignment>
         <input_file_ref idref="fl-1"/>
      </object_component>
      <object_component id="oc-1e1">
         <name>.text.DL_I2C_enableControllerClockStretching</name>
         <load_address>0x4790</load_address>
         <readonly>true</readonly>
         <executable>true</executable>
         <run_address>0x4790</run_address>
         <size>0x18</size>
         <alignment>0x4</alignment>
         <input_file_ref idref="fl-1"/>
      </object_component>
      <object_component id="oc-1ce">
         <name>.text.DL_I2C_enablePower</name>
         <load_address>0x47a8</load_address>
         <readonly>true</readonly>
         <executable>true</executable>
         <run_address>0x47a8</run_address>
         <size>0x18</size>
         <alignment>0x4</alignment>
         <input_file_ref idref="fl-1"/>
      </object_component>
      <object_component id="oc-1cb">
         <name>.text.DL_I2C_reset</name>
         <load_address>0x47c0</load_address>
         <readonly>true</readonly>
         <executable>true</executable>
         <run_address>0x47c0</run_address>
         <size>0x18</size>
         <alignment>0x4</alignment>
         <input_file_ref idref="fl-1"/>
      </object_component>
      <object_component id="oc-1de">
         <name>.text.DL_I2C_setTimerPeriod</name>
         <load_address>0x47d8</load_address>
         <readonly>true</readonly>
         <executable>true</executable>
         <run_address>0x47d8</run_address>
         <size>0x18</size>
         <alignment>0x4</alignment>
         <input_file_ref idref="fl-1"/>
      </object_component>
      <object_component id="oc-1d5">
         <name>.text.DL_SYSCTL_setBORThreshold</name>
         <load_address>0x47f0</load_address>
         <readonly>true</readonly>
         <executable>true</executable>
         <run_address>0x47f0</run_address>
         <size>0x18</size>
         <alignment>0x4</alignment>
         <input_file_ref idref="fl-1"/>
      </object_component>
      <object_component id="oc-66">
         <name>.text.DL_UART_clearInterruptStatus</name>
         <load_address>0x4808</load_address>
         <readonly>true</readonly>
         <executable>true</executable>
         <run_address>0x4808</run_address>
         <size>0x18</size>
         <alignment>0x4</alignment>
         <input_file_ref idref="fl-a"/>
      </object_component>
      <object_component id="oc-1cf">
         <name>.text.DL_UART_enablePower</name>
         <load_address>0x4820</load_address>
         <readonly>true</readonly>
         <executable>true</executable>
         <run_address>0x4820</run_address>
         <size>0x18</size>
         <alignment>0x4</alignment>
         <input_file_ref idref="fl-1"/>
      </object_component>
      <object_component id="oc-65">
         <name>.text.DL_UART_getRawInterruptStatus</name>
         <load_address>0x4838</load_address>
         <readonly>true</readonly>
         <executable>true</executable>
         <run_address>0x4838</run_address>
         <size>0x18</size>
         <alignment>0x4</alignment>
         <input_file_ref idref="fl-a"/>
      </object_component>
      <object_component id="oc-67">
         <name>.text.DL_UART_isRXFIFOEmpty</name>
         <load_address>0x4850</load_address>
         <readonly>true</readonly>
         <executable>true</executable>
         <run_address>0x4850</run_address>
         <size>0x18</size>
         <alignment>0x4</alignment>
         <input_file_ref idref="fl-a"/>
      </object_component>
      <object_component id="oc-1cc">
         <name>.text.DL_UART_reset</name>
         <load_address>0x4868</load_address>
         <readonly>true</readonly>
         <executable>true</executable>
         <run_address>0x4868</run_address>
         <size>0x18</size>
         <alignment>0x4</alignment>
         <input_file_ref idref="fl-1"/>
      </object_component>
      <object_component id="oc-c5">
         <name>.text.LLM_UART_Init</name>
         <load_address>0x4880</load_address>
         <readonly>true</readonly>
         <executable>true</executable>
         <run_address>0x4880</run_address>
         <size>0x18</size>
         <alignment>0x4</alignment>
         <input_file_ref idref="fl-3"/>
      </object_component>
      <object_component id="oc-126">
         <name>.text.DL_GPIO_readPins</name>
         <load_address>0x4898</load_address>
         <readonly>true</readonly>
         <executable>true</executable>
         <run_address>0x4898</run_address>
         <size>0x16</size>
         <alignment>0x2</alignment>
         <input_file_ref idref="fl-6"/>
      </object_component>
      <object_component id="oc-1e8">
         <name>.text.DL_UART_enable</name>
         <load_address>0x48ae</load_address>
         <readonly>true</readonly>
         <executable>true</executable>
         <run_address>0x48ae</run_address>
         <size>0x16</size>
         <alignment>0x2</alignment>
         <input_file_ref idref="fl-1"/>
      </object_component>
      <object_component id="oc-1fc">
         <name>.text.DL_I2C_getControllerStatus</name>
         <load_address>0x48c4</load_address>
         <readonly>true</readonly>
         <executable>true</executable>
         <run_address>0x48c4</run_address>
         <size>0x14</size>
         <alignment>0x4</alignment>
         <input_file_ref idref="fl-8"/>
      </object_component>
      <object_component id="oc-13b">
         <name>.text.DL_I2C_resetControllerTransfer</name>
         <load_address>0x48d8</load_address>
         <readonly>true</readonly>
         <executable>true</executable>
         <run_address>0x48d8</run_address>
         <size>0x14</size>
         <alignment>0x4</alignment>
         <input_file_ref idref="fl-8"/>
      </object_component>
      <object_component id="oc-1dd">
         <name>.text.DL_I2C_resetControllerTransfer</name>
         <load_address>0x48ec</load_address>
         <readonly>true</readonly>
         <executable>true</executable>
         <run_address>0x48ec</run_address>
         <size>0x14</size>
         <alignment>0x4</alignment>
         <input_file_ref idref="fl-1"/>
      </object_component>
      <object_component id="oc-1d8">
         <name>.text.DL_SYSCTL_disableSYSPLL</name>
         <load_address>0x4900</load_address>
         <readonly>true</readonly>
         <executable>true</executable>
         <run_address>0x4900</run_address>
         <size>0x14</size>
         <alignment>0x4</alignment>
         <input_file_ref idref="fl-1"/>
      </object_component>
      <object_component id="oc-68">
         <name>.text.DL_UART_receiveData</name>
         <load_address>0x4914</load_address>
         <readonly>true</readonly>
         <executable>true</executable>
         <run_address>0x4914</run_address>
         <size>0x14</size>
         <alignment>0x4</alignment>
         <input_file_ref idref="fl-a"/>
      </object_component>
      <object_component id="oc-70">
         <name>.text.DL_UART_getPendingInterrupt</name>
         <load_address>0x4928</load_address>
         <readonly>true</readonly>
         <executable>true</executable>
         <run_address>0x4928</run_address>
         <size>0x12</size>
         <alignment>0x2</alignment>
         <input_file_ref idref="fl-a"/>
      </object_component>
      <object_component id="oc-1e4">
         <name>.text.DL_UART_setClockConfig</name>
         <load_address>0x493a</load_address>
         <readonly>true</readonly>
         <executable>true</executable>
         <run_address>0x493a</run_address>
         <size>0x12</size>
         <alignment>0x2</alignment>
         <input_file_ref idref="fl-1a"/>
      </object_component>
      <object_component id="oc-230">
         <name>.text.Vehicle_ReadI16</name>
         <load_address>0x494c</load_address>
         <readonly>true</readonly>
         <executable>true</executable>
         <run_address>0x494c</run_address>
         <size>0x12</size>
         <alignment>0x2</alignment>
         <input_file_ref idref="fl-3"/>
      </object_component>
      <object_component id="oc-22d">
         <name>.text.Vehicle_ReadU16</name>
         <load_address>0x495e</load_address>
         <readonly>true</readonly>
         <executable>true</executable>
         <run_address>0x495e</run_address>
         <size>0x12</size>
         <alignment>0x2</alignment>
         <input_file_ref idref="fl-3"/>
      </object_component>
      <object_component id="oc-93">
         <name>.text:TI_memcpy_small</name>
         <load_address>0x4970</load_address>
         <readonly>true</readonly>
         <executable>true</executable>
         <run_address>0x4970</run_address>
         <size>0x12</size>
         <alignment>0x1</alignment>
         <input_file_ref idref="fl-ea"/>
      </object_component>
      <object_component id="oc-20">
         <name>.text:decompress:none</name>
         <load_address>0x4982</load_address>
         <readonly>true</readonly>
         <executable>true</executable>
         <run_address>0x4982</run_address>
         <size>0x12</size>
         <alignment>0x2</alignment>
         <input_file_ref idref="fl-37"/>
      </object_component>
      <object_component id="oc-1d7">
         <name>.text.DL_SYSCTL_disableHFXT</name>
         <load_address>0x4994</load_address>
         <readonly>true</readonly>
         <executable>true</executable>
         <run_address>0x4994</run_address>
         <size>0x10</size>
         <alignment>0x4</alignment>
         <input_file_ref idref="fl-1"/>
      </object_component>
      <object_component id="oc-34">
         <name>.text.SysTick_Handler</name>
         <load_address>0x49a4</load_address>
         <readonly>true</readonly>
         <executable>true</executable>
         <run_address>0x49a4</run_address>
         <size>0x10</size>
         <alignment>0x4</alignment>
         <input_file_ref idref="fl-3"/>
      </object_component>
      <object_component id="oc-231">
         <name>.text.Vehicle_ReadI32</name>
         <load_address>0x49b4</load_address>
         <readonly>true</readonly>
         <executable>true</executable>
         <run_address>0x49b4</run_address>
         <size>0x10</size>
         <alignment>0x2</alignment>
         <input_file_ref idref="fl-3"/>
      </object_component>
      <object_component id="oc-85">
         <name>.text.main</name>
         <load_address>0x49c4</load_address>
         <readonly>true</readonly>
         <executable>true</executable>
         <run_address>0x49c4</run_address>
         <size>0x10</size>
         <alignment>0x2</alignment>
         <input_file_ref idref="fl-4"/>
      </object_component>
      <object_component id="oc-58">
         <name>.text:decompress:ZI</name>
         <load_address>0x49d4</load_address>
         <readonly>true</readonly>
         <executable>true</executable>
         <run_address>0x49d4</run_address>
         <size>0x10</size>
         <alignment>0x2</alignment>
         <input_file_ref idref="fl-36"/>
      </object_component>
      <object_component id="oc-ba">
         <name>.text:TI_memset_small</name>
         <load_address>0x49e4</load_address>
         <readonly>true</readonly>
         <executable>true</executable>
         <run_address>0x49e4</run_address>
         <size>0xe</size>
         <alignment>0x1</alignment>
         <input_file_ref idref="fl-eb"/>
      </object_component>
      <object_component id="oc-1a4">
         <name>.text.Vehicle_UART_GetErrorCount</name>
         <load_address>0x49f4</load_address>
         <readonly>true</readonly>
         <executable>true</executable>
         <run_address>0x49f4</run_address>
         <size>0xc</size>
         <alignment>0x4</alignment>
         <input_file_ref idref="fl-a"/>
      </object_component>
      <object_component id="oc-7c">
         <name>.text.__aeabi_memclr</name>
         <load_address>0x4a00</load_address>
         <readonly>true</readonly>
         <executable>true</executable>
         <run_address>0x4a00</run_address>
         <size>0xc</size>
         <alignment>0x4</alignment>
         <input_file_ref idref="fl-e5"/>
      </object_component>
      <object_component id="oc-155">
         <name>.text.DL_Common_delayCycles</name>
         <load_address>0x4a0c</load_address>
         <readonly>true</readonly>
         <executable>true</executable>
         <run_address>0x4a0c</run_address>
         <size>0xa</size>
         <alignment>0x2</alignment>
         <input_file_ref idref="fl-18"/>
      </object_component>
      <object_component id="oc-4b">
         <name>.text.__aeabi_memcpy</name>
         <load_address>0x4a18</load_address>
         <readonly>true</readonly>
         <executable>true</executable>
         <run_address>0x4a18</run_address>
         <size>0x8</size>
         <alignment>0x4</alignment>
         <input_file_ref idref="fl-e4"/>
      </object_component>
      <object_component id="oc-a0">
         <name>.text:abort</name>
         <load_address>0x4a20</load_address>
         <readonly>true</readonly>
         <executable>true</executable>
         <run_address>0x4a20</run_address>
         <size>0x6</size>
         <alignment>0x2</alignment>
         <input_file_ref idref="fl-39"/>
      </object_component>
      <object_component id="oc-33">
         <name>.text.Default_Handler</name>
         <load_address>0x4a26</load_address>
         <readonly>true</readonly>
         <executable>true</executable>
         <run_address>0x4a26</run_address>
         <size>0x4</size>
         <alignment>0x2</alignment>
         <input_file_ref idref="fl-2"/>
      </object_component>
      <object_component id="oc-104">
         <name>.text.HOSTexit</name>
         <load_address>0x4a2a</load_address>
         <readonly>true</readonly>
         <executable>true</executable>
         <run_address>0x4a2a</run_address>
         <size>0x4</size>
         <alignment>0x2</alignment>
         <input_file_ref idref="fl-db"/>
      </object_component>
      <object_component id="oc-2f">
         <name>.text.Reset_Handler</name>
         <load_address>0x4a2e</load_address>
         <readonly>true</readonly>
         <executable>true</executable>
         <run_address>0x4a2e</run_address>
         <size>0x4</size>
         <alignment>0x2</alignment>
         <input_file_ref idref="fl-2"/>
      </object_component>
      <object_component id="oc-81">
         <name>.text._system_pre_init</name>
         <load_address>0x4a32</load_address>
         <readonly>true</readonly>
         <executable>true</executable>
         <run_address>0x4a32</run_address>
         <size>0x4</size>
         <alignment>0x2</alignment>
         <input_file_ref idref="fl-34"/>
      </object_component>
      <object_component id="oc-286">
         <name>.cinit..data.load</name>
         <load_address>0x6308</load_address>
         <readonly>true</readonly>
         <run_address>0x6308</run_address>
         <size>0x19</size>
         <alignment>0x1</alignment>
      </object_component>
      <object_component id="oc-284">
         <name>__TI_handler_table</name>
         <load_address>0x6324</load_address>
         <readonly>true</readonly>
         <run_address>0x6324</run_address>
         <size>0xc</size>
         <alignment>0x4</alignment>
      </object_component>
      <object_component id="oc-287">
         <name>.cinit..bss.load</name>
         <load_address>0x6330</load_address>
         <readonly>true</readonly>
         <run_address>0x6330</run_address>
         <size>0x8</size>
         <alignment>0x4</alignment>
      </object_component>
      <object_component id="oc-285">
         <name>__TI_cinit_table</name>
         <load_address>0x6338</load_address>
         <readonly>true</readonly>
         <run_address>0x6338</run_address>
         <size>0x10</size>
         <alignment>0x4</alignment>
      </object_component>
      <object_component id="oc-22a">
         <name>.rodata.asc2_2412</name>
         <load_address>0x4a38</load_address>
         <readonly>true</readonly>
         <run_address>0x4a38</run_address>
         <size>0xd5c</size>
         <alignment>0x1</alignment>
         <input_file_ref idref="fl-8"/>
      </object_component>
      <object_component id="oc-22b">
         <name>.rodata.asc2_1608</name>
         <load_address>0x5794</load_address>
         <readonly>true</readonly>
         <run_address>0x5794</run_address>
         <size>0x5f0</size>
         <alignment>0x1</alignment>
         <input_file_ref idref="fl-8"/>
      </object_component>
      <object_component id="oc-22c">
         <name>.rodata.asc2_1206</name>
         <load_address>0x5d84</load_address>
         <readonly>true</readonly>
         <run_address>0x5d84</run_address>
         <size>0x474</size>
         <alignment>0x1</alignment>
         <input_file_ref idref="fl-8"/>
      </object_component>
      <object_component id="oc-145">
         <name>.rodata.OLED_Init.init_commands</name>
         <load_address>0x61f8</load_address>
         <readonly>true</readonly>
         <run_address>0x61f8</run_address>
         <size>0x1c</size>
         <alignment>0x1</alignment>
         <input_file_ref idref="fl-8"/>
      </object_component>
      <object_component id="oc-193">
         <name>.rodata.Bianma_GetRotation.transition_table</name>
         <load_address>0x6214</load_address>
         <readonly>true</readonly>
         <run_address>0x6214</run_address>
         <size>0x10</size>
         <alignment>0x1</alignment>
         <input_file_ref idref="fl-6"/>
      </object_component>
      <object_component id="oc-152">
         <name>.rodata.str1.10635229749459437609.1</name>
         <load_address>0x6224</load_address>
         <readonly>true</readonly>
         <run_address>0x6224</run_address>
         <size>0xf</size>
         <alignment>0x1</alignment>
         <input_file_ref idref="fl-3"/>
      </object_component>
      <object_component id="oc-151">
         <name>.rodata.str1.11702106008850790973.1</name>
         <load_address>0x6233</load_address>
         <readonly>true</readonly>
         <run_address>0x6233</run_address>
         <size>0xf</size>
         <alignment>0x1</alignment>
         <input_file_ref idref="fl-3"/>
      </object_component>
      <object_component id="oc-153">
         <name>.rodata.str1.3530083166107438000.1</name>
         <load_address>0x6242</load_address>
         <readonly>true</readonly>
         <run_address>0x6242</run_address>
         <size>0xf</size>
         <alignment>0x1</alignment>
         <input_file_ref idref="fl-3"/>
      </object_component>
      <object_component id="oc-150">
         <name>.rodata.str1.16302215771116645891.1</name>
         <load_address>0x6251</load_address>
         <readonly>true</readonly>
         <run_address>0x6251</run_address>
         <size>0xd</size>
         <alignment>0x1</alignment>
         <input_file_ref idref="fl-3"/>
      </object_component>
      <object_component id="oc-14f">
         <name>.rodata.str1.7784929982665794503.1</name>
         <load_address>0x625e</load_address>
         <readonly>true</readonly>
         <run_address>0x625e</run_address>
         <size>0xd</size>
         <alignment>0x1</alignment>
         <input_file_ref idref="fl-3"/>
      </object_component>
      <object_component id="oc-14e">
         <name>.rodata.str1.1311392489248731986.1</name>
         <load_address>0x626b</load_address>
         <readonly>true</readonly>
         <run_address>0x626b</run_address>
         <size>0xb</size>
         <alignment>0x1</alignment>
         <input_file_ref idref="fl-3"/>
      </object_component>
      <object_component id="oc-14a">
         <name>.rodata.str1.13782249893155712474.1</name>
         <load_address>0x6276</load_address>
         <readonly>true</readonly>
         <run_address>0x6276</run_address>
         <size>0xb</size>
         <alignment>0x1</alignment>
         <input_file_ref idref="fl-3"/>
      </object_component>
      <object_component id="oc-14b">
         <name>.rodata.str1.17376258722486336754.1</name>
         <load_address>0x6281</load_address>
         <readonly>true</readonly>
         <run_address>0x6281</run_address>
         <size>0xb</size>
         <alignment>0x1</alignment>
         <input_file_ref idref="fl-3"/>
      </object_component>
      <object_component id="oc-1ee">
         <name>.rodata.gLLM_UARTConfig</name>
         <load_address>0x628c</load_address>
         <readonly>true</readonly>
[...]
         <value>0x4a27</value>
         <object_component_ref idref="oc-33"/>
      </symbol>
      <symbol id="sm-f7">
         <name>TIMG7_IRQHandler</name>
         <value>0x4a27</value>
         <object_component_ref idref="oc-33"/>
      </symbol>
      <symbol id="sm-f8">
         <name>TIMG12_IRQHandler</name>
         <value>0x4a27</value>
         <object_component_ref idref="oc-33"/>
      </symbol>
      <symbol id="sm-f9">
         <name>I2C0_IRQHandler</name>
         <value>0x4a27</value>
         <object_component_ref idref="oc-33"/>
      </symbol>
      <symbol id="sm-fa">
         <name>I2C1_IRQHandler</name>
         <value>0x4a27</value>
         <object_component_ref idref="oc-33"/>
      </symbol>
      <symbol id="sm-fb">
         <name>AES_IRQHandler</name>
         <value>0x4a27</value>
         <object_component_ref idref="oc-33"/>
      </symbol>
      <symbol id="sm-fc">
         <name>RTC_IRQHandler</name>
         <value>0x4a27</value>
         <object_component_ref idref="oc-33"/>
      </symbol>
      <symbol id="sm-fd">
         <name>DMA_IRQHandler</name>
         <value>0x4a27</value>
         <object_component_ref idref="oc-33"/>
      </symbol>
      <symbol id="sm-217">
         <name>SysTick_Handler</name>
         <value>0x49a5</value>
         <object_component_ref idref="oc-34"/>
      </symbol>
      <symbol id="sm-218">
         <name>target_position</name>
         <value>0x20200968</value>
         <object_component_ref idref="oc-fc"/>
      </symbol>
      <symbol id="sm-219">
         <name>current_position</name>
         <value>0x20200950</value>
         <object_component_ref idref="oc-187"/>
      </symbol>
      <symbol id="sm-21a">
         <name>target_speed</name>
         <value>0x20200948</value>
         <object_component_ref idref="oc-136"/>
      </symbol>
      <symbol id="sm-21b">
         <name>current_speed</name>
         <value>0x202008f4</value>
         <object_component_ref idref="oc-184"/>
      </symbol>
      <symbol id="sm-21c">
         <name>pipe_angle</name>
         <value>0x20200944</value>
         <object_component_ref idref="oc-137"/>
      </symbol>
      <symbol id="sm-21d">
         <name>valid_frame_count</name>
         <value>0x2020094c</value>
         <object_component_ref idref="oc-188"/>
      </symbol>
      <symbol id="sm-21e">
         <name>New_Main</name>
         <value>0xbf9</value>
         <object_component_ref idref="oc-9d"/>
      </symbol>
      <symbol id="sm-226">
         <name>main</name>
         <value>0x49c5</value>
         <object_component_ref idref="oc-85"/>
      </symbol>
      <symbol id="sm-248">
         <name>Emm_V5_En_Control</name>
         <value>0x3e35</value>
         <object_component_ref idref="oc-e0"/>
      </symbol>
      <symbol id="sm-249">
         <name>Emm_V5_Pos_Control</name>
         <value>0x33cd</value>
         <object_component_ref idref="oc-216"/>
      </symbol>
      <symbol id="sm-24a">
         <name>Emm_V5_Angle_To_Pulses</name>
         <value>0x35b1</value>
         <object_component_ref idref="oc-215"/>
      </symbol>
      <symbol id="sm-24b">
         <name>Emm_V5_Pos_Control_Angle</name>
         <value>0x36e5</value>
         <object_component_ref idref="oc-18c"/>
      </symbol>
      <symbol id="sm-24c">
         <name>Emm_V5_Stop_Now</name>
         <value>0x3ff5</value>
         <object_component_ref idref="oc-e5"/>
      </symbol>
      <symbol id="sm-24d">
         <name>Emm_V5_Read_Sys_Params</name>
         <value>0x1579</value>
         <object_component_ref idref="oc-18b"/>
      </symbol>
      <symbol id="sm-26f">
         <name>Bianma_Init</name>
         <value>0x334d</value>
         <object_component_ref idref="oc-c8"/>
      </symbol>
      <symbol id="sm-270">
         <name>Bianma_GetRotation</name>
         <value>0x290d</value>
         <object_component_ref idref="oc-ec"/>
      </symbol>
      <symbol id="sm-271">
         <name>Bianma_Button_Pressed</name>
         <value>0x2d21</value>
         <object_component_ref idref="oc-194"/>
      </symbol>
      <symbol id="sm-272">
         <name>Bianma_Button_IsPressed</name>
         <value>0x4719</value>
         <object_component_ref idref="oc-195"/>
      </symbol>
      <symbol id="sm-27a">
         <name>delay_ms</name>
         <value>0x46fd</value>
         <object_component_ref idref="oc-dc"/>
      </symbol>
      <symbol id="sm-2b8">
         <name>OLED_WR_Byte</name>
         <value>0x2025</value>
         <object_component_ref idref="oc-142"/>
      </symbol>
      <symbol id="sm-2b9">
         <name>OLED_RefreshPage</name>
         <value>0x2851</value>
         <object_component_ref idref="oc-f4"/>
      </symbol>
      <symbol id="sm-2ba">
         <name>OLED_GRAM</name>
         <value>0x20200000</value>
      </symbol>
      <symbol id="sm-2bb">
         <name>OLED_Refresh</name>
         <value>0x42f9</value>
         <object_component_ref idref="oc-da"/>
      </symbol>
      <symbol id="sm-2bc">
         <name>OLED_ClearBuffer</name>
         <value>0x39e9</value>
         <object_component_ref idref="oc-148"/>
      </symbol>
      <symbol id="sm-2bd">
         <name>OLED_Clear</name>
         <value>0x37ad</value>
         <object_component_ref idref="oc-143"/>
      </symbol>
      <symbol id="sm-2be">
         <name>OLED_DrawPoint</name>
         <value>0x3da5</value>
         <object_component_ref idref="oc-228"/>
      </symbol>
      <symbol id="sm-2bf">
         <name>OLED_ClearPoint</name>
         <value>0x3681</value>
         <object_component_ref idref="oc-229"/>
      </symbol>
      <symbol id="sm-2c0">
         <name>OLED_ShowChar</name>
         <value>0x1d85</value>
         <object_component_ref idref="oc-1ff"/>
      </symbol>
      <symbol id="sm-2c1">
         <name>asc2_2412</name>
         <value>0x4a38</value>
         <object_component_ref idref="oc-22a"/>
      </symbol>
      <symbol id="sm-2c2">
         <name>asc2_1608</name>
         <value>0x5794</value>
         <object_component_ref idref="oc-22b"/>
      </symbol>
      <symbol id="sm-2c3">
         <name>asc2_1206</name>
         <value>0x5d84</value>
         <object_component_ref idref="oc-22c"/>
      </symbol>
      <symbol id="sm-2c4">
         <name>OLED_ShowString</name>
         <value>0x2e51</value>
         <object_component_ref idref="oc-149"/>
      </symbol>
      <symbol id="sm-2c5">
         <name>OLED_Pow</name>
         <value>0x4299</value>
         <object_component_ref idref="oc-21d"/>
      </symbol>
      <symbol id="sm-2c6">
         <name>OLED_ShowNum</name>
         <value>0x2b25</value>
         <object_component_ref idref="oc-1a2"/>
      </symbol>
      <symbol id="sm-2c7">
         <name>OLED_Init</name>
         <value>0x2a75</value>
         <object_component_ref idref="oc-d4"/>
      </symbol>
      <symbol id="sm-2da">
         <name>PID_Init</name>
         <value>0x25bd</value>
         <object_component_ref idref="oc-ce"/>
      </symbol>
      <symbol id="sm-2db">
         <name>PID_Reset</name>
         <value>0x4327</value>
         <object_component_ref idref="oc-132"/>
      </symbol>
      <symbol id="sm-2dc">
         <name>PID_UpdateConditional</name>
         <value>0x23b9</value>
         <object_component_ref idref="oc-19b"/>
      </symbol>
      <symbol id="sm-2dd">
         <name>PID_DecayIntegral</name>
         <value>0x3a41</value>
         <object_component_ref idref="oc-19a"/>
      </symbol>
      <symbol id="sm-343">
         <name>UART_read_received_byte</name>
         <value>0x38cd</value>
         <object_component_ref idref="oc-e9"/>
      </symbol>
      <symbol id="sm-344">
         <name>UART_EnableRxInterrupt</name>
         <value>0x386d</value>
         <object_component_ref idref="oc-cd"/>
      </symbol>
      <symbol id="sm-345">
         <name>Motor_UART_ReadByte</name>
         <value>0x398d</value>
         <object_component_ref idref="oc-189"/>
      </symbol>
      <symbol id="sm-346">
         <name>Motor_UART_EnableRxInterrupt</name>
         <value>0x3b8d</value>
         <object_component_ref idref="oc-c6"/>
      </symbol>
      <symbol id="sm-347">
         <name>UART0_IRQHandler</name>
         <value>0x34c5</value>
         <object_component_ref idref="oc-3f"/>
      </symbol>
      <symbol id="sm-348">
         <name>Serial1_SendArrayTry</name>
         <value>0x3619</value>
         <object_component_ref idref="oc-15b"/>
      </symbol>
      <symbol id="sm-349">
         <name>Vehicle_UART_EnableRxInterrupt</name>
         <value>0x353d</value>
         <object_component_ref idref="oc-c7"/>
      </symbol>
      <symbol id="sm-34a">
         <name>Vehicle_UART_ReadByte</name>
         <value>0x3a99</value>
         <object_component_ref idref="oc-16d"/>
      </symbol>
      <symbol id="sm-34b">
         <name>Vehicle_UART_GetErrorCount</name>
         <value>0x49f5</value>
         <object_component_ref idref="oc-1a4"/>
      </symbol>
      <symbol id="sm-34c">
         <name>UART3_IRQHandler</name>
         <value>0x2c79</value>
         <object_component_ref idref="oc-39"/>
      </symbol>
      <symbol id="sm-34d">
         <name>UART2_IRQHandler</name>
         <value>0x31bd</value>
         <object_component_ref idref="oc-3e"/>
      </symbol>
      <symbol id="sm-34e">
         <name>__TI_ATRegion0_src_addr</name>
         <value>0x0</value>
      </symbol>
      <symbol id="sm-34f">
         <name>__TI_ATRegion0_trg_addr</name>
         <value>0x0</value>
      </symbol>
      <symbol id="sm-350">
         <name>__TI_ATRegion0_region_sz</name>
         <value>0x0</value>
      </symbol>
      <symbol id="sm-351">
         <name>__TI_ATRegion1_src_addr</name>
         <value>0x0</value>
      </symbol>
      <symbol id="sm-352">
         <name>__TI_ATRegion1_trg_addr</name>
         <value>0x0</value>
      </symbol>
      <symbol id="sm-353">
         <name>__TI_ATRegion1_region_sz</name>
         <value>0x0</value>
      </symbol>
      <symbol id="sm-354">
         <name>__TI_ATRegion2_src_addr</name>
         <value>0x0</value>
      </symbol>
      <symbol id="sm-355">
         <name>__TI_ATRegion2_trg_addr</name>
         <value>0x0</value>
      </symbol>
      <symbol id="sm-356">
         <name>__TI_ATRegion2_region_sz</name>
         <value>0x0</value>
      </symbol>
      <symbol id="sm-35f">
         <name>DL_Common_delayCycles</name>
         <value>0x4a0d</value>
         <object_component_ref idref="oc-155"/>
      </symbol>
      <symbol id="sm-36e">
         <name>DL_I2C_setClockConfig</name>
         <value>0x458b</value>
         <object_component_ref idref="oc-1d9"/>
      </symbol>
      <symbol id="sm-36f">
         <name>DL_I2C_fillControllerTXFIFO</name>
         <value>0x392d</value>
         <object_component_ref idref="oc-1fd"/>
      </symbol>
      <symbol id="sm-370">
         <name>DL_I2C_flushControllerTXFIFO</name>
         <value>0x3fb9</value>
         <object_component_ref idref="oc-13c"/>
      </symbol>
      <symbol id="sm-383">
         <name>DL_UART_init</name>
         <value>0x3d15</value>
         <object_component_ref idref="oc-1e5"/>
      </symbol>
      <symbol id="sm-384">
         <name>DL_UART_setClockConfig</name>
         <value>0x493b</value>
         <object_component_ref idref="oc-1e4"/>
      </symbol>
      <symbol id="sm-385">
         <name>DL_UART_transmitDataBlocking</name>
         <value>0x4269</value>
         <object_component_ref idref="oc-203"/>
      </symbol>
      <symbol id="sm-386">
         <name>DL_UART_receiveDataCheck</name>
         <value>0x46e1</value>
         <object_component_ref idref="oc-166"/>
      </symbol>
      <symbol id="sm-391">
         <name>_c_int00_noargs</name>
         <value>0x453d</value>
         <object_component_ref idref="oc-5b"/>
      </symbol>
      <symbol id="sm-392">
         <name>__stack</name>
         <value>0x20207e00</value>
         <object_component_ref idref="oc-1a"/>
      </symbol>
      <symbol id="sm-39e">
         <name>__TI_auto_init_nobinit_nopinit</name>
         <value>0x40a9</value>
         <object_component_ref idref="oc-a7"/>
      </symbol>
      <symbol id="sm-3a6">
         <name>_system_pre_init</name>
         <value>0x4a33</value>
         <object_component_ref idref="oc-81"/>
      </symbol>
      <symbol id="sm-3b1">
         <name>__TI_zero_init</name>
         <value>0x49d5</value>
         <object_component_ref idref="oc-58"/>
      </symbol>
      <symbol id="sm-3ba">
         <name>__TI_decompress_none</name>
         <value>0x4983</value>
         <object_component_ref idref="oc-20"/>
      </symbol>
      <symbol id="sm-3c5">
         <name>__TI_decompress_lzss</name>
         <value>0x3449</value>
         <object_component_ref idref="oc-1c"/>
      </symbol>
      <symbol id="sm-3cf">
         <name>abort</name>
         <value>0x4a21</value>
         <object_component_ref idref="oc-a0"/>
      </symbol>
      <symbol id="sm-3d9">
         <name>HOSTexit</name>
         <value>0x4a2b</value>
         <object_component_ref idref="oc-104"/>
      </symbol>
      <symbol id="sm-3da">
         <name>C$$EXIT</name>
         <value>0x4a2a</value>
         <object_component_ref idref="oc-104"/>
      </symbol>
      <symbol id="sm-3e0">
         <name>__aeabi_fadd</name>
         <value>0x2783</value>
         <object_component_ref idref="oc-174"/>
      </symbol>
      <symbol id="sm-3e1">
         <name>__addsf3</name>
         <value>0x2783</value>
         <object_component_ref idref="oc-174"/>
      </symbol>
      <symbol id="sm-3e2">
         <name>__aeabi_fsub</name>
         <value>0x2779</value>
         <object_component_ref idref="oc-174"/>
      </symbol>
      <symbol id="sm-3e3">
         <name>__subsf3</name>
         <value>0x2779</value>
         <object_component_ref idref="oc-174"/>
      </symbol>
      <symbol id="sm-3e9">
         <name>__aeabi_fmul</name>
         <value>0x3131</value>
         <object_component_ref idref="oc-178"/>
      </symbol>
      <symbol id="sm-3ea">
         <name>__mulsf3</name>
         <value>0x3131</value>
         <object_component_ref idref="oc-178"/>
      </symbol>
      <symbol id="sm-3f0">
         <name>__aeabi_fdiv</name>
         <value>0x32c9</value>
         <object_component_ref idref="oc-17c"/>
      </symbol>
      <symbol id="sm-3f1">
         <name>__divsf3</name>
         <value>0x32c9</value>
         <object_component_ref idref="oc-17c"/>
      </symbol>
      <symbol id="sm-3f7">
         <name>__aeabi_f2iz</name>
         <value>0x4195</value>
         <object_component_ref idref="oc-218"/>
      </symbol>
      <symbol id="sm-3f8">
         <name>__fixsfsi</name>
         <value>0x4195</value>
         <object_component_ref idref="oc-218"/>
      </symbol>
      <symbol id="sm-3fe">
         <name>__aeabi_f2uiz</name>
         <value>0x4235</value>
         <object_component_ref idref="oc-19e"/>
      </symbol>
      <symbol id="sm-3ff">
         <name>__fixunssfsi</name>
         <value>0x4235</value>
         <object_component_ref idref="oc-19e"/>
      </symbol>
      <symbol id="sm-405">
         <name>__aeabi_i2f</name>
         <value>0x4031</value>
         <object_component_ref idref="oc-1a5"/>
      </symbol>
      <symbol id="sm-406">
         <name>__floatsisf</name>
         <value>0x4031</value>
         <object_component_ref idref="oc-1a5"/>
      </symbol>
      <symbol id="sm-40c">
         <name>__aeabi_ui2f</name>
         <value>0x4515</value>
         <object_component_ref idref="oc-170"/>
      </symbol>
      <symbol id="sm-40d">
         <name>__floatunsisf</name>
         <value>0x4515</value>
         <object_component_ref idref="oc-170"/>
      </symbol>
      <symbol id="sm-413">
         <name>__aeabi_fcmpeq</name>
         <value>0x3749</value>
         <object_component_ref idref="oc-12e"/>
      </symbol>
      <symbol id="sm-414">
         <name>__aeabi_fcmplt</name>
         <value>0x375d</value>
         <object_component_ref idref="oc-12e"/>
      </symbol>
      <symbol id="sm-415">
         <name>__aeabi_fcmple</name>
         <value>0x3771</value>
         <object_component_ref idref="oc-12e"/>
      </symbol>
      <symbol id="sm-416">
         <name>__aeabi_fcmpge</name>
         <value>0x3785</value>
         <object_component_ref idref="oc-12e"/>
      </symbol>
      <symbol id="sm-417">
         <name>__aeabi_fcmpgt</name>
         <value>0x3799</value>
         <object_component_ref idref="oc-12e"/>
      </symbol>
      <symbol id="sm-41d">
         <name>__aeabi_memcpy</name>
         <value>0x4a19</value>
         <object_component_ref idref="oc-4b"/>
      </symbol>
      <symbol id="sm-41e">
         <name>__aeabi_memcpy4</name>
         <value>0x4a19</value>
         <object_component_ref idref="oc-4b"/>
      </symbol>
      <symbol id="sm-41f">
         <name>__aeabi_memcpy8</name>
         <value>0x4a19</value>
         <object_component_ref idref="oc-4b"/>
      </symbol>
      <symbol id="sm-426">
         <name>__aeabi_memclr</name>
         <value>0x4a01</value>
         <object_component_ref idref="oc-7c"/>
      </symbol>
      <symbol id="sm-427">
         <name>__aeabi_memclr4</name>
         <value>0x4a01</value>
         <object_component_ref idref="oc-7c"/>
      </symbol>
      <symbol id="sm-428">
         <name>__aeabi_memclr8</name>
         <value>0x4a01</value>
         <object_component_ref idref="oc-7c"/>
      </symbol>
      <symbol id="sm-42e">
         <name>__aeabi_uidiv</name>
         <value>0x3f79</value>
         <object_component_ref idref="oc-21e"/>
      </symbol>
      <symbol id="sm-42f">
         <name>__aeabi_uidivmod</name>
         <value>0x3f79</value>
         <object_component_ref idref="oc-21e"/>
      </symbol>
      <symbol id="sm-438">
         <name>__eqsf2</name>
         <value>0x40e5</value>
         <object_component_ref idref="oc-1f3"/>
      </symbol>
      <symbol id="sm-439">
         <name>__lesf2</name>
         <value>0x40e5</value>
         <object_component_ref idref="oc-1f3"/>
      </symbol>
      <symbol id="sm-43a">
         <name>__ltsf2</name>
         <value>0x40e5</value>
         <object_component_ref idref="oc-1f3"/>
      </symbol>
      <symbol id="sm-43b">
         <name>__nesf2</name>
         <value>0x40e5</value>
         <object_component_ref idref="oc-1f3"/>
      </symbol>
      <symbol id="sm-43c">
         <name>__cmpsf2</name>
         <value>0x40e5</value>
         <object_component_ref idref="oc-1f3"/>
      </symbol>
      <symbol id="sm-43d">
         <name>__gtsf2</name>
         <value>0x406d</value>
         <object_component_ref idref="oc-1f8"/>
      </symbol>
      <symbol id="sm-43e">
         <name>__gesf2</name>
         <value>0x406d</value>
         <object_component_ref idref="oc-1f8"/>
      </symbol>
      <symbol id="sm-444">
         <name>__muldsi3</name>
         <value>0x4121</value>
         <object_component_ref idref="oc-20d"/>
      </symbol>
      <symbol id="sm-44e">
         <name>__aeabi_idiv0</name>
         <value>0x24c7</value>
         <object_component_ref idref="oc-23c"/>
      </symbol>
      <symbol id="sm-457">
         <name>TI_memcpy_small</name>
         <value>0x4971</value>
         <object_component_ref idref="oc-93"/>
      </symbol>
      <symbol id="sm-460">
         <name>TI_memset_small</name>
         <value>0x49e5</value>
         <object_component_ref idref="oc-ba"/>
      </symbol>
      <symbol id="sm-461">
         <name>__TI_static_base__</name>
         <value>0x0</value>
      </symbol>
      <symbol id="sm-464">
         <name>__mpu_init</name>
         <value>0x0</value>
      </symbol>
      <symbol id="sm-465">
         <name>_system_post_cinit</name>
         <value>0x0</value>
      </symbol>
   </symbol_table>
   <title>Link successful</title>
</link_info>
