******************************************************************************
            TI ARM Clang Linker PC v4.0.4                      
******************************************************************************
>> Linked Wed Jul 22 19:11:57 2026

OUTPUT FILE NAME:   <10_DC_MOTOR_PID_2.out>
ENTRY POINT SYMBOL: "_c_int00_noargs"  address: 000021cd


MEMORY CONFIGURATION

         name            origin    length      used     unused   attr    fill
----------------------  --------  ---------  --------  --------  ----  --------
  FLASH                 00000000   00020000  000041e8  0001be18  R  X
  SRAM                  20200000   00008000  00000811  000077ef  RW X
  BCR_CONFIG            41c00000   000000ff  00000000  000000ff  R   
  BSL_CONFIG            41c00100   00000080  00000000  00000080  R   


SEGMENT ALLOCATION MAP

run origin  load origin   length   init length attrs members
----------  ----------- ---------- ----------- ----- -------
00000000    00000000    000041e8   000041e8    r-x
  00000000    00000000    000000c0   000000c0    r-- .intvecs
  000000c0    000000c0    000028b8   000028b8    r-x .text
  00002978    00002978    00001840   00001840    r-- .rodata
  000041b8    000041b8    00000030   00000030    r-- .cinit
20200000    20200000    00000611   00000000    rw-
  20200000    20200000    000005dc   00000000    rw- .bss
  202005dc    202005dc    00000035   00000000    rw- .data
20207e00    20207e00    00000200   00000000    rw-
  20207e00    20207e00    00000200   00000000    rw- .stack


SECTION ALLOCATION MAP

 output                                  attributes/
section   page    origin      length       input sections
--------  ----  ----------  ----------   ----------------
.intvecs   0    00000000    000000c0     
                  00000000    000000c0     startup_mspm0g350x_ticlang.o (.intvecs)

.text      0    000000c0    000028b8     
                  000000c0    00000290     line_tracking.o (.text.Line_Tracking_Update)
                  00000350    0000018c     ti_msp_dl_config.o (.text.SYSCFG_DL_GPIO_init)
                  000004dc    00000158     oled.o (.text.OLED_ShowChar)
                  00000634    00000144     motor.o (.text.motor_drive_percent)
                  00000778    00000134     oled.o (.text.OLED_WR_Byte)
                  000008ac    0000012c     motor.o (.text.motor_pid_update)
                  000009d8    00000120     main.o (.text.main)
                  00000af8    00000104     driverlib.a : dl_timer.o (.text.DL_Timer_initFourCCPWMMode)
                  00000bfc    000000fc                 : dl_timer.o (.text.DL_Timer_initTimerMode)
                  00000cf8    000000f8     oled.o (.text.OLED_Init)
                  00000df0    000000e8     ti_msp_dl_config.o (.text.SYSCFG_DL_SYSCTL_SYSPLL_init)
                  00000ed8    000000e8     motor.o (.text.motor_set_direction)
                  00000fc0    000000dc     driverlib.a : dl_sysctl_mspm0g1x0x_g3x0x.o (.text.DL_SYSCTL_configSYSPLL)
                  0000109c    000000ac     oled.o (.text.OLED_ShowNum)
                  00001148    000000a0     ti_msp_dl_config.o (.text.SYSCFG_DL_initPower)
                  000011e8    00000098     oled.o (.text.OLED_ShowString)
                  00001280    00000090     motor.o (.text.motor_init)
                  00001310    0000008c     ti_msp_dl_config.o (.text.SYSCFG_DL_PWMAB_init)
                  0000139c    00000084     motor.o (.text.TIMA0_IRQHandler)
                  00001420    0000007c     key.o (.text.GROUP1_IRQHandler)
                  0000149c    0000007c     oled.o (.text.OLED_Refresh)
                  00001518    0000007c     grayscale_sensor.o (.text.grayscale_select_channel)
                  00001594    0000007c     libc.a : copy_decompress_lzss.c.obj (.text:decompress:lzss)
                  00001610    00000074     ti_msp_dl_config.o (.text.SYSCFG_DL_SYSCTL_init)
                  00001684    00000074     libclang_rt.builtins.a : comparedf2.c.obj (.text.__gedf2)
                  000016f8    00000074     motor.o (.text.motor_stop)
                  0000176c    0000006c     ti_msp_dl_config.o (.text.SYSCFG_DL_SERVO_init)
                  000017d8    00000068     libclang_rt.builtins.a : comparedf2.c.obj (.text.__ledf2)
                  00001840    00000064     driverlib.a : dl_sysctl_mspm0g1x0x_g3x0x.o (.text.DL_SYSCTL_setHFCLKSourceHFXTParams)
                  000018a4    00000064     oled.o (.text.OLED_ClearPoint)
                  00001908    00000062     libclang_rt.builtins.a : aeabi_dcmp.S.obj (.text.__aeabi_dcmp)
                  0000196a    00000002                            : aeabi_div0.c.obj (.text.__aeabi_idiv0)
                  0000196c    00000060     grayscale_sensor.o (.text.Grayscale_Sensor_Read_All)
                  000019cc    00000060     oled.o (.text.OLED_Clear)
                  00001a2c    00000060     ti_msp_dl_config.o (.text.SYSCFG_DL_OLED_init)
                  00001a8c    0000005e     driverlib.a : dl_i2c.o (.text.DL_I2C_fillControllerTXFIFO)
                  00001aea    00000002     --HOLE-- [fill = 0]
                  00001aec    00000056     libclang_rt.builtins.a : aeabi_idivmod.S.obj (.text.__aeabi_idivmod)
                  00001b42    00000002     --HOLE-- [fill = 0]
                  00001b44    00000050     ti_msp_dl_config.o (.text.DL_GPIO_initPeripheralInputFunctionFeatures)
                  00001b94    00000050     oled.o (.text.DL_I2C_startControllerTransfer)
                  00001be4    0000004c     ti_msp_dl_config.o (.text.DL_GPIO_initDigitalInputFeatures)
                  00001c30    0000004c     ti_msp_dl_config.o (.text.DL_UART_setBaudRateDivisor)
                  00001c7c    0000004c     encoder.o (.text.Encoder_Get_Count)
                  00001cc8    0000004c     motor.o (.text.motor_set_duty)
                  00001d14    00000048     driverlib.a : dl_uart.o (.text.DL_UART_init)
                  00001d5c    00000048     oled.o (.text.OLED_DrawPoint)
                  00001da4    00000048     ti_msp_dl_config.o (.text.SYSCFG_DL_PRINT_init)
                  00001dec    00000044     driverlib.a : dl_sysctl_mspm0g1x0x_g3x0x.o (.text.DL_SYSCTL_switchMCLKfromSYSOSCtoHSCLK)
                  00001e30    00000040     ti_msp_dl_config.o (.text.SYSCFG_DL_init)
                  00001e70    00000040     libclang_rt.builtins.a : aeabi_uidivmod.S.obj (.text.__aeabi_uidivmod)
                  00001eb0    0000003c     driverlib.a : dl_i2c.o (.text.DL_I2C_flushControllerTXFIFO)
                  00001eec    0000003c     ti_msp_dl_config.o (.text.DL_Timer_setCounterControl)
                  00001f28    0000003c     libc.a : autoinit.c.obj (.text:__TI_auto_init_nobinit_nopinit)
                  00001f64    00000034     ti_msp_dl_config.o (.text.SYSCFG_DL_MOTOR_PID_init)
                  00001f98    00000034     uart.o (.text.UART0_IRQHandler)
                  00001fcc    00000030     driverlib.a : dl_uart.o (.text.DL_UART_transmitDataBlocking)
                  00001ffc    00000030     encoder.o (.text.Encoder_Get_Last_Count)
                  0000202c    00000030     oled.o (.text.OLED_Pow)
                  0000205c    0000002c     main.o (.text.__NVIC_ClearPendingIRQ)
                  00002088    0000002c     main.o (.text.__NVIC_EnableIRQ)
                  000020b4    00000028     oled.o (.text.DL_Common_updateReg)
                  000020dc    00000028     ti_msp_dl_config.o (.text.DL_Common_updateReg)
                  00002104    00000028     ti_msp_dl_config.o (.text.DL_I2C_setControllerRXFIFOThreshold)
                  0000212c    00000028     ti_msp_dl_config.o (.text.DL_I2C_setControllerTXFIFOThreshold)
                  00002154    00000028     encoder.o (.text.Encoder_Record_Pulse)
                  0000217c    00000028     ti_msp_dl_config.o (.text.SYSCFG_DL_VREF_init)
                  000021a4    00000028     motor.o (.text.limit_duty)
                  000021cc    00000028     libc.a : boot_cortex_m.c.obj (.text:_c_int00_noargs)
                  000021f4    00000026     ti_msp_dl_config.o (.text.DL_I2C_setAnalogGlitchFilterPulseWidth)
                  0000221a    00000026     driverlib.a : dl_i2c.o (.text.DL_I2C_setClockConfig)
                  00002240    00000024     ti_msp_dl_config.o (.text.DL_I2C_setDigitalGlitchFilterPulseWidth)
                  00002264    00000024     libclang_rt.builtins.a : floatunsidf.S.obj (.text.__floatunsidf)
                  00002288    00000022     driverlib.a : dl_vref.o (.text.DL_VREF_configReference)
                  000022aa    00000002     --HOLE-- [fill = 0]
                  000022ac    00000020     ti_msp_dl_config.o (.text.DL_GPIO_initPeripheralInputFunction)
                  000022cc    00000020     ti_msp_dl_config.o (.text.DL_SYSCTL_setFlashWaitState)
                  000022ec    00000020     grayscale_sensor.o (.text.grayscale_delay_us)
                  0000230c    0000001e     ti_msp_dl_config.o (.text.DL_UART_setOversampling)
                  0000232a    00000002     --HOLE-- [fill = 0]
                  0000232c    0000001c     ti_msp_dl_config.o (.text.DL_GPIO_clearInterruptStatus)
                  00002348    0000001c     ti_msp_dl_config.o (.text.DL_GPIO_enableHiZ)
                  00002364    0000001c     ti_msp_dl_config.o (.text.DL_GPIO_enableInterrupt)
                  00002380    0000001c     ti_msp_dl_config.o (.text.DL_GPIO_initPeripheralOutputFunction)
                  0000239c    0000001c     ti_msp_dl_config.o (.text.DL_GPIO_setLowerPinsPolarity)
                  000023b8    0000001c     driverlib.a : dl_sysctl_mspm0g1x0x_g3x0x.o (.text.DL_SYSCTL_configFCC)
                  000023d4    0000001c     ti_msp_dl_config.o (.text.DL_SYSCTL_setFCCPeriods)
                  000023f0    0000001c     ti_msp_dl_config.o (.text.DL_SYSCTL_setSYSOSCFreq)
                  0000240c    0000001c     ti_msp_dl_config.o (.text.DL_SYSCTL_setULPCLKDivider)
                  00002428    0000001c     ti_msp_dl_config.o (.text.DL_Timer_enableInterrupt)
                  00002444    0000001c     driverlib.a : dl_timer.o (.text.DL_Timer_setCaptCompUpdateMethod)
                  00002460    0000001c                 : dl_timer.o (.text.DL_Timer_setClockConfig)
                  0000247c    0000001c     ti_msp_dl_config.o (.text.DL_UART_enableInterrupt)
                  00002498    0000001c     uart.o (.text.UART_send_char)
                  000024b4    0000001c     delay.o (.text.delay_ms)
                  000024d0    00000018     ti_msp_dl_config.o (.text.DL_GPIO_enableOutput)
                  000024e8    00000018     ti_msp_dl_config.o (.text.DL_GPIO_enablePower)
                  00002500    00000018     ti_msp_dl_config.o (.text.DL_GPIO_initDigitalOutput)
                  00002518    00000018     ti_msp_dl_config.o (.text.DL_GPIO_initPeripheralAnalogFunction)
                  00002530    00000018     ti_msp_dl_config.o (.text.DL_GPIO_reset)
                  00002548    00000018     grayscale_sensor.o (.text.DL_GPIO_setPins)
                  00002560    00000018     main.o (.text.DL_GPIO_setPins)
                  00002578    00000018     motor.o (.text.DL_GPIO_setPins)
                  00002590    00000018     ti_msp_dl_config.o (.text.DL_GPIO_setUpperPinsPolarity)
                  000025a8    00000018     ti_msp_dl_config.o (.text.DL_I2C_enableAnalogGlitchFilter)
                  000025c0    00000018     ti_msp_dl_config.o (.text.DL_I2C_enableController)
                  000025d8    00000018     ti_msp_dl_config.o (.text.DL_I2C_enableControllerClockStretching)
                  000025f0    00000018     ti_msp_dl_config.o (.text.DL_I2C_enablePower)
                  00002608    00000018     ti_msp_dl_config.o (.text.DL_I2C_reset)
                  00002620    00000018     ti_msp_dl_config.o (.text.DL_I2C_setTimerPeriod)
                  00002638    00000018     ti_msp_dl_config.o (.text.DL_SYSCTL_setBORThreshold)
                  00002650    00000018     ti_msp_dl_config.o (.text.DL_Timer_enablePower)
                  00002668    00000018     ti_msp_dl_config.o (.text.DL_Timer_reset)
                  00002680    00000018     driverlib.a : dl_timer.o (.text.DL_Timer_setCaptureCompareOutCtl)
                  00002698    00000018     motor.o (.text.DL_Timer_startCounter)
                  000026b0    00000018     ti_msp_dl_config.o (.text.DL_UART_enablePower)
                  000026c8    00000018     ti_msp_dl_config.o (.text.DL_UART_reset)
                  000026e0    00000018     ti_msp_dl_config.o (.text.DL_VREF_enablePower)
                  000026f8    00000018     ti_msp_dl_config.o (.text.DL_VREF_reset)
                  00002710    00000018     encoder.o (.text.Encoder_Init)
                  00002728    00000018     grayscale_sensor.o (.text.Grayscale_Sensor_Init)
                  00002740    00000016     grayscale_sensor.o (.text.DL_GPIO_readPins)
                  00002756    00000016     ti_msp_dl_config.o (.text.DL_UART_enable)
                  0000276c    00000014     grayscale_sensor.o (.text.DL_GPIO_clearPins)
                  00002780    00000014     motor.o (.text.DL_GPIO_clearPins)
                  00002794    00000014     ti_msp_dl_config.o (.text.DL_GPIO_clearPins)
                  000027a8    00000014     oled.o (.text.DL_I2C_getControllerStatus)
                  000027bc    00000014     oled.o (.text.DL_I2C_resetControllerTransfer)
                  000027d0    00000014     ti_msp_dl_config.o (.text.DL_I2C_resetControllerTransfer)
                  000027e4    00000014     ti_msp_dl_config.o (.text.DL_SYSCTL_disableSYSPLL)
                  000027f8    00000014     ti_msp_dl_config.o (.text.DL_SYSCTL_enableSYSPLL)
                  0000280c    00000014     ti_msp_dl_config.o (.text.DL_Timer_enableClock)
                  00002820    00000014     ti_msp_dl_config.o (.text.DL_Timer_setCCPDirection)
                  00002834    00000014     uart.o (.text.DL_UART_receiveData)
                  00002848    00000012     key.o (.text.DL_GPIO_getPendingInterrupt)
                  0000285a    00000012     motor.o (.text.DL_Timer_getPendingInterrupt)
                  0000286c    00000012     uart.o (.text.DL_UART_getPendingInterrupt)
                  0000287e    00000012     driverlib.a : dl_uart.o (.text.DL_UART_setClockConfig)
                  00002890    00000012                 : dl_vref.o (.text.DL_VREF_setClockConfig)
                  000028a2    00000012     libc.a : memcpy16.S.obj (.text:TI_memcpy_small)
                  000028b4    00000012            : copy_decompress_none.c.obj (.text:decompress:none)
                  000028c6    00000002     --HOLE-- [fill = 0]
                  000028c8    00000010     ti_msp_dl_config.o (.text.DL_SYSCTL_disableHFXT)
                  000028d8    00000010     ti_msp_dl_config.o (.text.DL_SYSCTL_isFCCDone)
                  000028e8    00000010     ti_msp_dl_config.o (.text.DL_SYSCTL_startFCC)
                  000028f8    00000010     driverlib.a : dl_timer.o (.text.DL_Timer_setCaptureCompareValue)
                  00002908    00000010     libc.a : copy_zero_init.c.obj (.text:decompress:ZI)
                  00002918    0000000e            : memset16.S.obj (.text:TI_memset_small)
                  00002926    00000002     --HOLE-- [fill = 0]
                  00002928    0000000c     ti_msp_dl_config.o (.text.DL_SYSCTL_getClockStatus)
                  00002934    0000000c     ti_msp_dl_config.o (.text.DL_SYSCTL_readFCC)
                  00002940    0000000c     libclang_rt.builtins.a : aeabi_memset.S.obj (.text.__aeabi_memclr)
                  0000294c    0000000a     driverlib.a : dl_common.o (.text.DL_Common_delayCycles)
                  00002956    00000002     --HOLE-- [fill = 0]
                  00002958    00000008     libclang_rt.builtins.a : aeabi_memcpy.S.obj (.text.__aeabi_memcpy)
                  00002960    00000006     libc.a : exit.c.obj (.text:abort)
                  00002966    00000004     startup_mspm0g350x_ticlang.o (.text.Default_Handler)
                  0000296a    00000004     libsysbm.a : hostexit.c.obj (.text.HOSTexit)
                  0000296e    00000004     startup_mspm0g350x_ticlang.o (.text.Reset_Handler)
                  00002972    00000004     libc.a : pre_init.c.obj (.text._system_pre_init)
                  00002976    00000002     --HOLE-- [fill = 0]

.cinit     0    000041b8    00000030     
                  000041b8    0000000c     (__TI_handler_table)
                  000041c4    00000008     (.cinit..bss.load) [load image, compression = zero_init]
                  000041cc    00000008     (.cinit..data.load) [load image, compression = lzss]
                  000041d4    00000010     (__TI_cinit_table)
                  000041e4    00000004     --HOLE-- [fill = 0]

.rodata    0    00002978    00001840     
                  00002978    00000d5c     oled.o (.rodata.asc2_2412)
                  000036d4    000005f0     oled.o (.rodata.asc2_1608)
                  00003cc4    00000474     oled.o (.rodata.asc2_1206)
                  00004138    00000028     ti_msp_dl_config.o (.rodata.gSYSPLLConfig)
                  00004160    00000014     ti_msp_dl_config.o (.rodata.gMOTOR_PIDTimerConfig)
                  00004174    0000000a     ti_msp_dl_config.o (.rodata.gPRINTConfig)
                  0000417e    00000008     line_tracking.o (.rodata.Line_Tracking_Update.weights)
                  00004186    00000002     ti_msp_dl_config.o (.rodata.gOLEDClockConfig)
                  00004188    00000008     ti_msp_dl_config.o (.rodata.gPWMABConfig)
                  00004190    00000008     ti_msp_dl_config.o (.rodata.gSERVOConfig)
                  00004198    00000008     ti_msp_dl_config.o (.rodata.gVREFConfig)
                  000041a0    00000003     ti_msp_dl_config.o (.rodata.gMOTOR_PIDClockConfig)
                  000041a3    00000003     ti_msp_dl_config.o (.rodata.gPWMABClockConfig)
                  000041a6    00000003     ti_msp_dl_config.o (.rodata.gSERVOClockConfig)
                  000041a9    00000003     main.o (.rodata.str1.15159059442110792349.1)
                  000041ac    00000003     main.o (.rodata.str1.8154729771448623357.1)
                  000041af    00000002     ti_msp_dl_config.o (.rodata.gPRINTClockConfig)
                  000041b1    00000002     ti_msp_dl_config.o (.rodata.gVREFClockConfig)
                  000041b3    00000005     --HOLE-- [fill = 0]

.init_array 
*          0    00000000    00000000     UNINITIALIZED

.binit     0    00000000    00000000     

.bss       0    20200000    000005dc     UNINITIALIZED
                  20200000    00000480     (.common:OLED_GRAM)
                  20200480    000000bc     (.common:gMOTOR_PIDBackup)
                  2020053c    000000a0     (.common:gSERVOBackup)

.data      0    202005dc    00000035     UNINITIALIZED
                  202005dc    00000018     motor.o (.data.motor_pid)
                  202005f4    00000008     encoder.o (.data.encoder_count)
                  202005fc    00000008     encoder.o (.data.encoder_last_count)
                  20200604    00000004     motor.o (.data.motor_target_percent)
                  20200608    00000004     key.o (.data.status)
                  2020060c    00000001     line_tracking.o (.data.Line_Tracking_Update.center_updates)
                  2020060d    00000001     line_tracking.o (.data.Line_Tracking_Update.lost_updates)
                  2020060e    00000001     line_tracking.o (.data.Line_Tracking_Update.state)
                  2020060f    00000001     line_tracking.o (.data.Line_Tracking_Update.state_updates)
                  20200610    00000001     oled.o (.data.g_oled_i2c_failed)

.stack     0    20207e00    00000200     UNINITIALIZED
                  20207e00    00000004     libc.a : boot_cortex_m.c.obj (.stack)
                  20207e04    000001fc     --HOLE--

__llvm_prf_cnts 
*          0    20200000    00000000     UNINITIALIZED

__llvm_prf_bits 
*          0    20200000    00000000     UNINITIALIZED

MODULE SUMMARY

       Module                         code    ro data   rw data
       ------                         ----    -------   -------
    .\
       ti_msp_dl_config.o             3006    109       348    
       main.o                         400     6         0      
       startup_mspm0g350x_ticlang.o   8       192       0      
    +--+------------------------------+-------+---------+---------+
       Total:                         3414    307       348    
                                                               
    .\user_driver\
       oled.o                         1824    6080      1153   
       motor.o                        1450    0         28     
       line_tracking.o                656     8         4      
       grayscale_sensor.o             342     0         0      
       encoder.o                      188     0         16     
       key.o                          142     0         4      
       uart.o                         118     0         0      
       delay.o                        28      0         0      
    +--+------------------------------+-------+---------+---------+
       Total:                         4748    6088      1205   
                                                               
    C:/TI/mspm0_sdk_2_10_00_04/source/ti/driverlib/lib/ticlang/m0p/mspm0g1x0x_g3x0x/driverlib.a
       dl_timer.o                     608     0         0      
       dl_sysctl_mspm0g1x0x_g3x0x.o   416     0         0      
       dl_i2c.o                       192     0         0      
       dl_uart.o                      138     0         0      
       dl_vref.o                      52      0         0      
       dl_common.o                    10      0         0      
    +--+------------------------------+-------+---------+---------+
       Total:                         1416    0         0      
                                                               
    E:\install\keli\ti\css\ccs\tools\compiler\ti-cgt-armllvm_4.0.4.LTS\lib\armv6m-ti-none-eabi/c/libc.a
       copy_decompress_lzss.c.obj     124     0         0      
       autoinit.c.obj                 60      0         0      
       boot_cortex_m.c.obj            40      0         0      
       copy_decompress_none.c.obj     18      0         0      
       memcpy16.S.obj                 18      0         0      
       copy_zero_init.c.obj           16      0         0      
       memset16.S.obj                 14      0         0      
       exit.c.obj                     6       0         0      
       pre_init.c.obj                 4       0         0      
    +--+------------------------------+-------+---------+---------+
       Total:                         300     0         0      
                                                               
    E:\install\keli\ti\css\ccs\tools\compiler\ti-cgt-armllvm_4.0.4.LTS\lib\armv6m-ti-none-eabi/c/libsysbm.a
       hostexit.c.obj                 4       0         0      
    +--+------------------------------+-------+---------+---------+
       Total:                         4       0         0      
                                                               
    E:\install\keli\ti\css\ccs\tools\compiler\ti-cgt-armllvm_4.0.4.LTS\lib\armv6m-ti-none-eabi/libclang_rt.builtins.a
       comparedf2.c.obj               220     0         0      
       aeabi_dcmp.S.obj               98      0         0      
       aeabi_idivmod.S.obj            86      0         0      
       aeabi_uidivmod.S.obj           64      0         0      
       floatunsidf.S.obj              36      0         0      
       aeabi_memset.S.obj             12      0         0      
       aeabi_memcpy.S.obj             8       0         0      
       aeabi_div0.c.obj               2       0         0      
    +--+------------------------------+-------+---------+---------+
       Total:                         526     0         0      
                                                               
       Stack:                         0       0         512    
       Linker Generated:              0       44        0      
    +--+------------------------------+-------+---------+---------+
       Grand Total:                   10408   6439      2065   


LINKER GENERATED COPY TABLES

__TI_cinit_table @ 000041d4 records: 2, size/record: 8, table size: 16
	.bss: load addr=000041c4, load size=00000008 bytes, run addr=20200000, run size=000005dc bytes, compression=zero_init
	.data: load addr=000041cc, load size=00000008 bytes, run addr=202005dc, run size=00000035 bytes, compression=lzss


LINKER GENERATED HANDLER TABLE

__TI_handler_table @ 000041b8 records: 3, size/record: 4, table size: 12
	index: 0, handler: __TI_decompress_lzss
	index: 1, handler: __TI_decompress_none
	index: 2, handler: __TI_zero_init


GLOBAL SYMBOLS: SORTED ALPHABETICALLY BY Name 

address   name                                 
-------   ----                                 
00002967  ADC0_IRQHandler                      
00002967  ADC1_IRQHandler                      
00002967  AES_IRQHandler                       
0000296a  C$$EXIT                              
00002967  CANFD0_IRQHandler                    
00002967  DAC0_IRQHandler                      
0000294d  DL_Common_delayCycles                
00001a8d  DL_I2C_fillControllerTXFIFO          
00001eb1  DL_I2C_flushControllerTXFIFO         
0000221b  DL_I2C_setClockConfig                
000023b9  DL_SYSCTL_configFCC                  
00000fc1  DL_SYSCTL_configSYSPLL               
00001841  DL_SYSCTL_setHFCLKSourceHFXTParams   
00001ded  DL_SYSCTL_switchMCLKfromSYSOSCtoHSCLK
00000af9  DL_Timer_initFourCCPWMMode           
00000bfd  DL_Timer_initTimerMode               
00002445  DL_Timer_setCaptCompUpdateMethod     
00002681  DL_Timer_setCaptureCompareOutCtl     
000028f9  DL_Timer_setCaptureCompareValue      
00002461  DL_Timer_setClockConfig              
00001d15  DL_UART_init                         
0000287f  DL_UART_setClockConfig               
00001fcd  DL_UART_transmitDataBlocking         
00002289  DL_VREF_configReference              
00002891  DL_VREF_setClockConfig               
00002967  DMA_IRQHandler                       
00002967  Default_Handler                      
00001c7d  Encoder_Get_Count                    
00001ffd  Encoder_Get_Last_Count               
00002711  Encoder_Init                         
00002155  Encoder_Record_Pulse                 
00002967  GROUP0_IRQHandler                    
00001421  GROUP1_IRQHandler                    
00002729  Grayscale_Sensor_Init                
0000196d  Grayscale_Sensor_Read_All            
0000296b  HOSTexit                             
00002967  HardFault_Handler                    
00002967  I2C0_IRQHandler                      
00002967  I2C1_IRQHandler                      
000000c1  Line_Tracking_Update                 
00002967  NMI_Handler                          
000019cd  OLED_Clear                           
000018a5  OLED_ClearPoint                      
00001d5d  OLED_DrawPoint                       
20200000  OLED_GRAM                            
00000cf9  OLED_Init                            
0000202d  OLED_Pow                             
0000149d  OLED_Refresh                         
000004dd  OLED_ShowChar                        
0000109d  OLED_ShowNum                         
000011e9  OLED_ShowString                      
00000779  OLED_WR_Byte                         
00002967  PendSV_Handler                       
00002967  RTC_IRQHandler                       
0000296f  Reset_Handler                        
00002967  SPI0_IRQHandler                      
00002967  SPI1_IRQHandler                      
00002967  SVC_Handler                          
00000351  SYSCFG_DL_GPIO_init                  
00001f65  SYSCFG_DL_MOTOR_PID_init             
00001a2d  SYSCFG_DL_OLED_init                  
00001da5  SYSCFG_DL_PRINT_init                 
00001311  SYSCFG_DL_PWMAB_init                 
0000176d  SYSCFG_DL_SERVO_init                 
00000df1  SYSCFG_DL_SYSCTL_SYSPLL_init         
00001611  SYSCFG_DL_SYSCTL_init                
0000217d  SYSCFG_DL_VREF_init                  
00001e31  SYSCFG_DL_init                       
00001149  SYSCFG_DL_initPower                  
00002967  SysTick_Handler                      
0000139d  TIMA0_IRQHandler                     
00002967  TIMA1_IRQHandler                     
00002967  TIMG0_IRQHandler                     
00002967  TIMG12_IRQHandler                    
00002967  TIMG6_IRQHandler                     
00002967  TIMG7_IRQHandler                     
00002967  TIMG8_IRQHandler                     
000028a3  TI_memcpy_small                      
00002919  TI_memset_small                      
00001f99  UART0_IRQHandler                     
00002967  UART1_IRQHandler                     
00002967  UART2_IRQHandler                     
00002967  UART3_IRQHandler                     
00002499  UART_send_char                       
20208000  __STACK_END                          
00000200  __STACK_SIZE                         
00000000  __TI_ATRegion0_region_sz             
00000000  __TI_ATRegion0_src_addr              
00000000  __TI_ATRegion0_trg_addr              
00000000  __TI_ATRegion1_region_sz             
00000000  __TI_ATRegion1_src_addr              
00000000  __TI_ATRegion1_trg_addr              
00000000  __TI_ATRegion2_region_sz             
00000000  __TI_ATRegion2_src_addr              
00000000  __TI_ATRegion2_trg_addr              
000041d4  __TI_CINIT_Base                      
000041e4  __TI_CINIT_Limit                     
000041e4  __TI_CINIT_Warm                      
000041b8  __TI_Handler_Table_Base              
000041c4  __TI_Handler_Table_Limit             
00001f29  __TI_auto_init_nobinit_nopinit       
00001595  __TI_decompress_lzss                 
000028b5  __TI_decompress_none                 
ffffffff  __TI_pprof_out_hndl                  
ffffffff  __TI_prof_data_size                  
ffffffff  __TI_prof_data_start                 
00000000  __TI_static_base__                   
00002909  __TI_zero_init                       
00001909  __aeabi_dcmpeq                       
00001945  __aeabi_dcmpge                       
00001959  __aeabi_dcmpgt                       
00001931  __aeabi_dcmple                       
0000191d  __aeabi_dcmplt                       
00001aed  __aeabi_idiv                         
0000196b  __aeabi_idiv0                        
00001aed  __aeabi_idivmod                      
00002941  __aeabi_memclr                       
00002941  __aeabi_memclr4                      
00002941  __aeabi_memclr8                      
00002959  __aeabi_memcpy                       
00002959  __aeabi_memcpy4                      
00002959  __aeabi_memcpy8                      
00002265  __aeabi_ui2d                         
00001e71  __aeabi_uidiv                        
00001e71  __aeabi_uidivmod                     
ffffffff  __binit__                            
000017d9  __cmpdf2                             
000017d9  __eqdf2                              
00002265  __floatunsidf                        
00001685  __gedf2                              
00001685  __gtdf2                              
000017d9  __ledf2                              
000017d9  __ltdf2                              
UNDEFED   __mpu_init                           
000017d9  __nedf2                              
20207e00  __stack                              
20200000  __start___llvm_prf_bits              
20200000  __start___llvm_prf_cnts              
20200000  __stop___llvm_prf_bits               
20200000  __stop___llvm_prf_cnts               
000021cd  _c_int00_noargs                      
UNDEFED   _system_post_cinit                   
00002973  _system_pre_init                     
00002961  abort                                
00003cc4  asc2_1206                            
000036d4  asc2_1608                            
00002978  asc2_2412                            
ffffffff  binit                                
000024b5  delay_ms                             
20200480  gMOTOR_PIDBackup                     
2020053c  gSERVOBackup                         
00000000  interruptVectors                     
000009d9  main                                 
00000635  motor_drive_percent                  
00001281  motor_init                           
00000ed9  motor_set_direction                  
00001cc9  motor_set_duty                       
000016f9  motor_stop                           
20200608  status                               


GLOBAL SYMBOLS: SORTED BY Symbol Address 

address   name                                 
-------   ----                                 
00000000  __TI_ATRegion0_region_sz             
00000000  __TI_ATRegion0_src_addr              
00000000  __TI_ATRegion0_trg_addr              
00000000  __TI_ATRegion1_region_sz             
00000000  __TI_ATRegion1_src_addr              
00000000  __TI_ATRegion1_trg_addr              
00000000  __TI_ATRegion2_region_sz             
00000000  __TI_ATRegion2_src_addr              
00000000  __TI_ATRegion2_trg_addr              
00000000  __TI_static_base__                   
00000000  interruptVectors                     
000000c1  Line_Tracking_Update                 
00000200  __STACK_SIZE                         
00000351  SYSCFG_DL_GPIO_init                  
000004dd  OLED_ShowChar                        
00000635  motor_drive_percent                  
00000779  OLED_WR_Byte                         
000009d9  main                                 
00000af9  DL_Timer_initFourCCPWMMode           
00000bfd  DL_Timer_initTimerMode               
00000cf9  OLED_Init                            
00000df1  SYSCFG_DL_SYSCTL_SYSPLL_init         
00000ed9  motor_set_direction                  
00000fc1  DL_SYSCTL_configSYSPLL               
0000109d  OLED_ShowNum                         
00001149  SYSCFG_DL_initPower                  
000011e9  OLED_ShowString                      
00001281  motor_init                           
00001311  SYSCFG_DL_PWMAB_init                 
0000139d  TIMA0_IRQHandler                     
00001421  GROUP1_IRQHandler                    
0000149d  OLED_Refresh                         
00001595  __TI_decompress_lzss                 
00001611  SYSCFG_DL_SYSCTL_init                
00001685  __gedf2                              
00001685  __gtdf2                              
000016f9  motor_stop                           
0000176d  SYSCFG_DL_SERVO_init                 
000017d9  __cmpdf2                             
000017d9  __eqdf2                              
000017d9  __ledf2                              
000017d9  __ltdf2                              
000017d9  __nedf2                              
00001841  DL_SYSCTL_setHFCLKSourceHFXTParams   
000018a5  OLED_ClearPoint                      
00001909  __aeabi_dcmpeq                       
0000191d  __aeabi_dcmplt                       
00001931  __aeabi_dcmple                       
00001945  __aeabi_dcmpge                       
00001959  __aeabi_dcmpgt                       
0000196b  __aeabi_idiv0                        
0000196d  Grayscale_Sensor_Read_All            
000019cd  OLED_Clear                           
00001a2d  SYSCFG_DL_OLED_init                  
00001a8d  DL_I2C_fillControllerTXFIFO          
00001aed  __aeabi_idiv                         
00001aed  __aeabi_idivmod                      
00001c7d  Encoder_Get_Count                    
00001cc9  motor_set_duty                       
00001d15  DL_UART_init                         
00001d5d  OLED_DrawPoint                       
00001da5  SYSCFG_DL_PRINT_init                 
00001ded  DL_SYSCTL_switchMCLKfromSYSOSCtoHSCLK
00001e31  SYSCFG_DL_init                       
00001e71  __aeabi_uidiv                        
00001e71  __aeabi_uidivmod                     
00001eb1  DL_I2C_flushControllerTXFIFO         
00001f29  __TI_auto_init_nobinit_nopinit       
00001f65  SYSCFG_DL_MOTOR_PID_init             
00001f99  UART0_IRQHandler                     
00001fcd  DL_UART_transmitDataBlocking         
00001ffd  Encoder_Get_Last_Count               
0000202d  OLED_Pow                             
00002155  Encoder_Record_Pulse                 
0000217d  SYSCFG_DL_VREF_init                  
000021cd  _c_int00_noargs                      
0000221b  DL_I2C_setClockConfig                
00002265  __aeabi_ui2d                         
00002265  __floatunsidf                        
00002289  DL_VREF_configReference              
000023b9  DL_SYSCTL_configFCC                  
00002445  DL_Timer_setCaptCompUpdateMethod     
00002461  DL_Timer_setClockConfig              
00002499  UART_send_char                       
000024b5  delay_ms                             
00002681  DL_Timer_setCaptureCompareOutCtl     
00002711  Encoder_Init                         
00002729  Grayscale_Sensor_Init                
0000287f  DL_UART_setClockConfig               
00002891  DL_VREF_setClockConfig               
000028a3  TI_memcpy_small                      
000028b5  __TI_decompress_none                 
000028f9  DL_Timer_setCaptureCompareValue      
00002909  __TI_zero_init                       
00002919  TI_memset_small                      
00002941  __aeabi_memclr                       
00002941  __aeabi_memclr4                      
00002941  __aeabi_memclr8                      
0000294d  DL_Common_delayCycles                
00002959  __aeabi_memcpy                       
00002959  __aeabi_memcpy4                      
00002959  __aeabi_memcpy8                      
00002961  abort                                
00002967  ADC0_IRQHandler                      
00002967  ADC1_IRQHandler                      
00002967  AES_IRQHandler                       
00002967  CANFD0_IRQHandler                    
00002967  DAC0_IRQHandler                      
00002967  DMA_IRQHandler                       
00002967  Default_Handler                      
00002967  GROUP0_IRQHandler                    
00002967  HardFault_Handler                    
00002967  I2C0_IRQHandler                      
00002967  I2C1_IRQHandler                      
00002967  NMI_Handler                          
00002967  PendSV_Handler                       
00002967  RTC_IRQHandler                       
00002967  SPI0_IRQHandler                      
00002967  SPI1_IRQHandler                      
00002967  SVC_Handler                          
00002967  SysTick_Handler                      
00002967  TIMA1_IRQHandler                     
00002967  TIMG0_IRQHandler                     
00002967  TIMG12_IRQHandler                    
00002967  TIMG6_IRQHandler                     
00002967  TIMG7_IRQHandler                     
00002967  TIMG8_IRQHandler                     
00002967  UART1_IRQHandler                     
00002967  UART2_IRQHandler                     
00002967  UART3_IRQHandler                     
0000296a  C$$EXIT                              
0000296b  HOSTexit                             
0000296f  Reset_Handler                        
00002973  _system_pre_init                     
00002978  asc2_2412                            
000036d4  asc2_1608                            
00003cc4  asc2_1206                            
000041b8  __TI_Handler_Table_Base              
000041c4  __TI_Handler_Table_Limit             
000041d4  __TI_CINIT_Base                      
000041e4  __TI_CINIT_Limit                     
000041e4  __TI_CINIT_Warm                      
20200000  OLED_GRAM                            
20200000  __start___llvm_prf_bits              
20200000  __start___llvm_prf_cnts              
20200000  __stop___llvm_prf_bits               
20200000  __stop___llvm_prf_cnts               
20200480  gMOTOR_PIDBackup                     
2020053c  gSERVOBackup                         
20200608  status                               
20207e00  __stack                              
20208000  __STACK_END                          
ffffffff  __TI_pprof_out_hndl                  
ffffffff  __TI_prof_data_size                  
ffffffff  __TI_prof_data_start                 
ffffffff  __binit__                            
ffffffff  binit                                
UNDEFED   __mpu_init                           
UNDEFED   _system_post_cinit                   

[159 symbols]
