******************************************************************************
            TI ARM Clang Linker PC v4.0.4                      
******************************************************************************
>> Linked Thu Jul 23 13:07:05 2026

OUTPUT FILE NAME:   <10_DC_MOTOR_PID_2.out>
ENTRY POINT SYMBOL: "_c_int00_noargs"  address: 000027fd


MEMORY CONFIGURATION

         name            origin    length      used     unused   attr    fill
----------------------  --------  ---------  --------  --------  ----  --------
  FLASH                 00000000   00020000  000048c8  0001b738  R  X
  SRAM                  20200000   00008000  0000081f  000077e1  RW X
  BCR_CONFIG            41c00000   000000ff  00000000  000000ff  R   
  BSL_CONFIG            41c00100   00000080  00000000  00000080  R   


SEGMENT ALLOCATION MAP

run origin  load origin   length   init length attrs members
----------  ----------- ---------- ----------- ----- -------
00000000    00000000    000048c8   000048c8    r-x
  00000000    00000000    000000c0   000000c0    r-- .intvecs
  000000c0    000000c0    00002f90   00002f90    r-x .text
  00003050    00003050    00001848   00001848    r-- .rodata
  00004898    00004898    00000030   00000030    r-- .cinit
20200000    20200000    0000061f   00000000    rw-
  20200000    20200000    000005dc   00000000    rw- .bss
  202005dc    202005dc    00000043   00000000    rw- .data
20207e00    20207e00    00000200   00000000    rw-
  20207e00    20207e00    00000200   00000000    rw- .stack


SECTION ALLOCATION MAP

 output                                  attributes/
section   page    origin      length       input sections
--------  ----  ----------  ----------   ----------------
.intvecs   0    00000000    000000c0     
                  00000000    000000c0     startup_mspm0g350x_ticlang.o (.intvecs)

.text      0    000000c0    00002f90     
                  000000c0    00000208     line_tracking.o (.text.Line_Tracking_Update)
                  000002c8    000001bc     ti_msp_dl_config.o (.text.SYSCFG_DL_GPIO_init)
                  00000484    00000158     oled.o (.text.OLED_ShowChar)
                  000005dc    00000150     main.o (.text.main)
                  0000072c    00000144     motor.o (.text.motor_drive_percent)
                  00000870    00000134     oled.o (.text.OLED_WR_Byte)
                  000009a4    00000130     motor.o (.text.motor_pid_update)
                  00000ad4    00000110     mpu6050.o (.text.MPU6050_ReadRegisters)
                  00000be4    00000104     driverlib.a : dl_timer.o (.text.DL_Timer_initFourCCPWMMode)
                  00000ce8    000000fc                 : dl_timer.o (.text.DL_Timer_initTimerMode)
                  00000de4    000000f8     oled.o (.text.OLED_Init)
                  00000edc    000000e8     ti_msp_dl_config.o (.text.SYSCFG_DL_SYSCTL_SYSPLL_init)
                  00000fc4    000000e8     motor.o (.text.motor_set_direction)
                  000010ac    000000dc     driverlib.a : dl_sysctl_mspm0g1x0x_g3x0x.o (.text.DL_SYSCTL_configSYSPLL)
                  00001188    000000cc     mpu6050.o (.text.MPU6050_Init)
                  00001254    000000b0     ti_msp_dl_config.o (.text.SYSCFG_DL_initPower)
                  00001304    000000ac     oled.o (.text.OLED_ShowNum)
                  000013b0    000000a8     mpu6050.o (.text.MPU6050_Update)
                  00001458    000000a4     key.o (.text.GROUP1_IRQHandler)
                  000014fc    00000098     oled.o (.text.OLED_ShowString)
                  00001594    00000090     main.o (.text.OLED_ShowSignedPercent)
                  00001624    00000090     motor.o (.text.motor_init)
                  000016b4    0000008c     ti_msp_dl_config.o (.text.SYSCFG_DL_PWMAB_init)
                  00001740    00000088     line_tracking.o (.text.tracking_apply_motor_targets)
                  000017c8    00000084     motor.o (.text.TIMA0_IRQHandler)
                  0000184c    0000007c     oled.o (.text.OLED_Refresh)
                  000018c8    0000007c     main.o (.text.OLED_ShowMotorSpeed)
                  00001944    0000007c     libc.a : copy_decompress_lzss.c.obj (.text:decompress:lzss)
                  000019c0    00000074     ti_msp_dl_config.o (.text.SYSCFG_DL_SYSCTL_init)
                  00001a34    00000074     libclang_rt.builtins.a : comparedf2.c.obj (.text.__gedf2)
                  00001aa8    00000074     grayscale_sensor.o (.text.grayscale_select_channel)
                  00001b1c    00000074     motor.o (.text.motor_stop)
                  00001b90    0000006c     ti_msp_dl_config.o (.text.SYSCFG_DL_SERVO_init)
                  00001bfc    00000068     mpu6050.o (.text.MPU6050_WaitForStatus)
                  00001c64    00000068     libclang_rt.builtins.a : comparedf2.c.obj (.text.__ledf2)
                  00001ccc    00000064     driverlib.a : dl_sysctl_mspm0g1x0x_g3x0x.o (.text.DL_SYSCTL_setHFCLKSourceHFXTParams)
                  00001d30    00000064     mpu6050.o (.text.MPU6050_WriteRegister)
                  00001d94    00000064     oled.o (.text.OLED_ClearPoint)
                  00001df8    00000062     libclang_rt.builtins.a : aeabi_dcmp.S.obj (.text.__aeabi_dcmp)
                  00001e5a    00000002     grayscale_sensor.o (.text.Grayscale_Sensor_Init)
                  00001e5c    00000060     oled.o (.text.OLED_Clear)
                  00001ebc    00000060     ti_msp_dl_config.o (.text.SYSCFG_DL_MPU6050_init)
                  00001f1c    00000060     ti_msp_dl_config.o (.text.SYSCFG_DL_OLED_init)
                  00001f7c    0000005e     driverlib.a : dl_i2c.o (.text.DL_I2C_fillControllerTXFIFO)
                  00001fda    00000002     libclang_rt.builtins.a : aeabi_div0.c.obj (.text.__aeabi_idiv0)
                  00001fdc    00000056                            : aeabi_idivmod.S.obj (.text.__aeabi_idivmod)
                  00002032    00000002     --HOLE-- [fill = 0]
                  00002034    00000050     ti_msp_dl_config.o (.text.DL_GPIO_initPeripheralInputFunctionFeatures)
                  00002084    00000050     mpu6050.o (.text.DL_I2C_startControllerTransfer)
                  000020d4    00000050     oled.o (.text.DL_I2C_startControllerTransfer)
                  00002124    00000050     grayscale_sensor.o (.text.Grayscale_Sensor_Read_All)
                  00002174    0000004c     ti_msp_dl_config.o (.text.DL_GPIO_initDigitalInputFeatures)
                  000021c0    0000004c     ti_msp_dl_config.o (.text.DL_UART_setBaudRateDivisor)
                  0000220c    0000004c     encoder.o (.text.Encoder_Get_Count)
                  00002258    0000004c     motor.o (.text.motor_set_duty)
                  000022a4    00000048     driverlib.a : dl_uart.o (.text.DL_UART_init)
                  000022ec    00000048     oled.o (.text.OLED_DrawPoint)
                  00002334    00000048     ti_msp_dl_config.o (.text.SYSCFG_DL_PRINT_init)
                  0000237c    00000044     driverlib.a : dl_sysctl_mspm0g1x0x_g3x0x.o (.text.DL_SYSCTL_switchMCLKfromSYSOSCtoHSCLK)
                  000023c0    00000044     ti_msp_dl_config.o (.text.SYSCFG_DL_init)
                  00002404    00000044     motor.o (.text.motor_get_target_percent)
                  00002448    00000040     libclang_rt.builtins.a : aeabi_uidivmod.S.obj (.text.__aeabi_uidivmod)
                  00002488    0000003c     driverlib.a : dl_i2c.o (.text.DL_I2C_flushControllerTXFIFO)
                  000024c4    0000003c     ti_msp_dl_config.o (.text.DL_Timer_setCounterControl)
                  00002500    0000003c     libc.a : autoinit.c.obj (.text:__TI_auto_init_nobinit_nopinit)
                  0000253c    00000034     ti_msp_dl_config.o (.text.SYSCFG_DL_MOTOR_PID_init)
                  00002570    00000034     uart.o (.text.UART0_IRQHandler)
                  000025a4    00000030     driverlib.a : dl_i2c.o (.text.DL_I2C_flushControllerRXFIFO)
                  000025d4    00000030                 : dl_uart.o (.text.DL_UART_transmitDataBlocking)
                  00002604    00000030     encoder.o (.text.Encoder_Get_Last_Count)
                  00002634    00000030     oled.o (.text.OLED_Pow)
                  00002664    0000002c     main.o (.text.__NVIC_ClearPendingIRQ)
                  00002690    0000002c     main.o (.text.__NVIC_EnableIRQ)
                  000026bc    00000028     mpu6050.o (.text.DL_Common_updateReg)
                  000026e4    00000028     oled.o (.text.DL_Common_updateReg)
                  0000270c    00000028     ti_msp_dl_config.o (.text.DL_Common_updateReg)
                  00002734    00000028     ti_msp_dl_config.o (.text.DL_I2C_setControllerRXFIFOThreshold)
                  0000275c    00000028     ti_msp_dl_config.o (.text.DL_I2C_setControllerTXFIFOThreshold)
                  00002784    00000028     encoder.o (.text.Encoder_Record_Pulse)
                  000027ac    00000028     ti_msp_dl_config.o (.text.SYSCFG_DL_VREF_init)
                  000027d4    00000028     motor.o (.text.limit_duty)
                  000027fc    00000028     libc.a : boot_cortex_m.c.obj (.text:_c_int00_noargs)
                  00002824    00000026     ti_msp_dl_config.o (.text.DL_I2C_setAnalogGlitchFilterPulseWidth)
                  0000284a    00000026     driverlib.a : dl_i2c.o (.text.DL_I2C_setClockConfig)
                  00002870    00000024     ti_msp_dl_config.o (.text.DL_I2C_setDigitalGlitchFilterPulseWidth)
                  00002894    00000024     libclang_rt.builtins.a : floatunsidf.S.obj (.text.__floatunsidf)
                  000028b8    00000022     driverlib.a : dl_vref.o (.text.DL_VREF_configReference)
                  000028da    00000002     --HOLE-- [fill = 0]
                  000028dc    00000020     ti_msp_dl_config.o (.text.DL_GPIO_initPeripheralInputFunction)
                  000028fc    00000020     ti_msp_dl_config.o (.text.DL_SYSCTL_setFlashWaitState)
                  0000291c    00000020     mpu6050.o (.text.MPU6050_ResetTransfer)
                  0000293c    0000001e     ti_msp_dl_config.o (.text.DL_UART_setOversampling)
                  0000295a    00000002     --HOLE-- [fill = 0]
                  0000295c    0000001c     key.o (.text.DL_GPIO_clearInterruptStatus)
                  00002978    0000001c     ti_msp_dl_config.o (.text.DL_GPIO_clearInterruptStatus)
                  00002994    0000001c     ti_msp_dl_config.o (.text.DL_GPIO_enableHiZ)
                  000029b0    0000001c     ti_msp_dl_config.o (.text.DL_GPIO_enableInterrupt)
                  000029cc    0000001c     ti_msp_dl_config.o (.text.DL_GPIO_initPeripheralOutputFunction)
                  000029e8    0000001c     ti_msp_dl_config.o (.text.DL_GPIO_setLowerPinsPolarity)
                  00002a04    0000001c     mpu6050.o (.text.DL_I2C_isControllerRXFIFOEmpty)
                  00002a20    0000001c     driverlib.a : dl_sysctl_mspm0g1x0x_g3x0x.o (.text.DL_SYSCTL_configFCC)
                  00002a3c    0000001c     ti_msp_dl_config.o (.text.DL_SYSCTL_setFCCPeriods)
                  00002a58    0000001c     ti_msp_dl_config.o (.text.DL_SYSCTL_setSYSOSCFreq)
                  00002a74    0000001c     ti_msp_dl_config.o (.text.DL_SYSCTL_setULPCLKDivider)
                  00002a90    0000001c     ti_msp_dl_config.o (.text.DL_Timer_enableInterrupt)
                  00002aac    0000001c     driverlib.a : dl_timer.o (.text.DL_Timer_setCaptCompUpdateMethod)
                  00002ac8    0000001c                 : dl_timer.o (.text.DL_Timer_setClockConfig)
                  00002ae4    0000001c     ti_msp_dl_config.o (.text.DL_UART_enableInterrupt)
                  00002b00    0000001c     uart.o (.text.UART_send_char)
                  00002b1c    0000001c     delay.o (.text.delay_ms)
                  00002b38    00000018     ti_msp_dl_config.o (.text.DL_GPIO_enableOutput)
                  00002b50    00000018     ti_msp_dl_config.o (.text.DL_GPIO_enablePower)
                  00002b68    00000018     key.o (.text.DL_GPIO_getEnabledInterruptStatus)
                  00002b80    00000018     ti_msp_dl_config.o (.text.DL_GPIO_initDigitalOutput)
                  00002b98    00000018     ti_msp_dl_config.o (.text.DL_GPIO_initPeripheralAnalogFunction)
                  00002bb0    00000018     ti_msp_dl_config.o (.text.DL_GPIO_reset)
                  00002bc8    00000018     grayscale_sensor.o (.text.DL_GPIO_setPins)
                  00002be0    00000018     main.o (.text.DL_GPIO_setPins)
                  00002bf8    00000018     motor.o (.text.DL_GPIO_setPins)
                  00002c10    00000018     ti_msp_dl_config.o (.text.DL_I2C_enableAnalogGlitchFilter)
                  00002c28    00000018     ti_msp_dl_config.o (.text.DL_I2C_enableController)
                  00002c40    00000018     ti_msp_dl_config.o (.text.DL_I2C_enableControllerClockStretching)
                  00002c58    00000018     ti_msp_dl_config.o (.text.DL_I2C_enablePower)
                  00002c70    00000018     ti_msp_dl_config.o (.text.DL_I2C_reset)
                  00002c88    00000018     ti_msp_dl_config.o (.text.DL_I2C_setTimerPeriod)
                  00002ca0    00000018     ti_msp_dl_config.o (.text.DL_SYSCTL_setBORThreshold)
                  00002cb8    00000018     ti_msp_dl_config.o (.text.DL_Timer_enablePower)
                  00002cd0    00000018     ti_msp_dl_config.o (.text.DL_Timer_reset)
                  00002ce8    00000018     driverlib.a : dl_timer.o (.text.DL_Timer_setCaptureCompareOutCtl)
                  00002d00    00000018     main.o (.text.DL_Timer_startCounter)
                  00002d18    00000018     motor.o (.text.DL_Timer_startCounter)
                  00002d30    00000018     ti_msp_dl_config.o (.text.DL_UART_enablePower)
                  00002d48    00000018     ti_msp_dl_config.o (.text.DL_UART_reset)
                  00002d60    00000018     ti_msp_dl_config.o (.text.DL_VREF_enablePower)
                  00002d78    00000018     ti_msp_dl_config.o (.text.DL_VREF_reset)
                  00002d90    00000018     encoder.o (.text.Encoder_Init)
                  00002da8    00000018     grayscale_sensor.o (.text.grayscale_read_out)
                  00002dc0    00000016     grayscale_sensor.o (.text.DL_GPIO_readPins)
                  00002dd6    00000016     ti_msp_dl_config.o (.text.DL_UART_enable)
                  00002dec    00000014     grayscale_sensor.o (.text.DL_GPIO_clearPins)
                  00002e00    00000014     motor.o (.text.DL_GPIO_clearPins)
                  00002e14    00000014     ti_msp_dl_config.o (.text.DL_GPIO_clearPins)
                  00002e28    00000014     mpu6050.o (.text.DL_I2C_getControllerStatus)
                  00002e3c    00000014     oled.o (.text.DL_I2C_getControllerStatus)
                  00002e50    00000014     mpu6050.o (.text.DL_I2C_receiveControllerData)
                  00002e64    00000014     mpu6050.o (.text.DL_I2C_resetControllerTransfer)
                  00002e78    00000014     oled.o (.text.DL_I2C_resetControllerTransfer)
                  00002e8c    00000014     ti_msp_dl_config.o (.text.DL_I2C_resetControllerTransfer)
                  00002ea0    00000014     ti_msp_dl_config.o (.text.DL_SYSCTL_disableSYSPLL)
                  00002eb4    00000014     ti_msp_dl_config.o (.text.DL_SYSCTL_enableSYSPLL)
                  00002ec8    00000014     ti_msp_dl_config.o (.text.DL_Timer_enableClock)
                  00002edc    00000014     ti_msp_dl_config.o (.text.DL_Timer_setCCPDirection)
                  00002ef0    00000014     uart.o (.text.DL_UART_receiveData)
                  00002f04    00000014     grayscale_sensor.o (.text.grayscale_delay_us)
                  00002f18    00000012     motor.o (.text.DL_Timer_getPendingInterrupt)
                  00002f2a    00000012     uart.o (.text.DL_UART_getPendingInterrupt)
                  00002f3c    00000012     driverlib.a : dl_uart.o (.text.DL_UART_setClockConfig)
                  00002f4e    00000012                 : dl_vref.o (.text.DL_VREF_setClockConfig)
                  00002f60    00000012     libc.a : memcpy16.S.obj (.text:TI_memcpy_small)
                  00002f72    00000012            : copy_decompress_none.c.obj (.text:decompress:none)
                  00002f84    00000010     ti_msp_dl_config.o (.text.DL_SYSCTL_disableHFXT)
                  00002f94    00000010     ti_msp_dl_config.o (.text.DL_SYSCTL_isFCCDone)
                  00002fa4    00000010     ti_msp_dl_config.o (.text.DL_SYSCTL_startFCC)
                  00002fb4    00000010     driverlib.a : dl_timer.o (.text.DL_Timer_setCaptureCompareValue)
                  00002fc4    00000010     libc.a : copy_zero_init.c.obj (.text:decompress:ZI)
                  00002fd4    0000000e            : memset16.S.obj (.text:TI_memset_small)
                  00002fe2    00000002     --HOLE-- [fill = 0]
                  00002fe4    0000000c     ti_msp_dl_config.o (.text.DL_SYSCTL_getClockStatus)
                  00002ff0    0000000c     ti_msp_dl_config.o (.text.DL_SYSCTL_readFCC)
                  00002ffc    0000000c     mpu6050.o (.text.MPU6050_OnInterrupt)
                  00003008    0000000c     libclang_rt.builtins.a : aeabi_memset.S.obj (.text.__aeabi_memclr)
                  00003014    0000000a     driverlib.a : dl_common.o (.text.DL_Common_delayCycles)
                  0000301e    00000002     --HOLE-- [fill = 0]
                  00003020    00000008     libclang_rt.builtins.a : aeabi_memcpy.S.obj (.text.__aeabi_memcpy)
                  00003028    00000006     libc.a : exit.c.obj (.text:abort)
                  0000302e    00000004     startup_mspm0g350x_ticlang.o (.text.Default_Handler)
                  00003032    00000004     libsysbm.a : hostexit.c.obj (.text.HOSTexit)
                  00003036    00000004     startup_mspm0g350x_ticlang.o (.text.Reset_Handler)
                  0000303a    00000002     --HOLE-- [fill = 0]
                  0000303c    00000010     libc.a : boot_cortex_m.c.obj (.tramp._c_int00_noargs.1)
                  0000304c    00000004            : pre_init.c.obj (.text._system_pre_init)

.cinit     0    00004898    00000030     
                  00004898    0000000c     (.cinit..data.load) [load image, compression = lzss]
                  000048a4    0000000c     (__TI_handler_table)
                  000048b0    00000008     (.cinit..bss.load) [load image, compression = zero_init]
                  000048b8    00000010     (__TI_cinit_table)

.rodata    0    00003050    00001848     
                  00003050    00000d5c     oled.o (.rodata.asc2_2412)
                  00003dac    000005f0     oled.o (.rodata.asc2_1608)
                  0000439c    00000474     oled.o (.rodata.asc2_1206)
                  00004810    00000028     ti_msp_dl_config.o (.rodata.gSYSPLLConfig)
                  00004838    00000014     ti_msp_dl_config.o (.rodata.gMOTOR_PIDTimerConfig)
                  0000484c    0000000a     ti_msp_dl_config.o (.rodata.gPRINTConfig)
                  00004856    00000009     main.o (.rodata.str1.15159059442110792349.1)
                  0000485f    00000001     --HOLE-- [fill = 0]
                  00004860    00000008     ti_msp_dl_config.o (.rodata.gPWMABConfig)
                  00004868    00000008     ti_msp_dl_config.o (.rodata.gSERVOConfig)
                  00004870    00000008     ti_msp_dl_config.o (.rodata.gVREFConfig)
                  00004878    00000003     ti_msp_dl_config.o (.rodata.gMOTOR_PIDClockConfig)
                  0000487b    00000003     ti_msp_dl_config.o (.rodata.gPWMABClockConfig)
                  0000487e    00000003     ti_msp_dl_config.o (.rodata.gSERVOClockConfig)
                  00004881    00000003     main.o (.rodata.str1.17100691992556644108.1)
                  00004884    00000003     main.o (.rodata.str1.8154729771448623357.1)
                  00004887    00000002     ti_msp_dl_config.o (.rodata.gMPU6050ClockConfig)
                  00004889    00000002     ti_msp_dl_config.o (.rodata.gOLEDClockConfig)
                  0000488b    00000002     ti_msp_dl_config.o (.rodata.gPRINTClockConfig)
                  0000488d    00000002     ti_msp_dl_config.o (.rodata.gVREFClockConfig)
                  0000488f    00000002     main.o (.rodata.str1.18227636981041470289.1)
                  00004891    00000002     main.o (.rodata.str1.2846389346932560359.1)
                  00004893    00000005     --HOLE-- [fill = 0]

.init_array 
*          0    00000000    00000000     UNINITIALIZED

.binit     0    00000000    00000000     

.bss       0    20200000    000005dc     UNINITIALIZED
                  20200000    00000480     (.common:OLED_GRAM)
                  20200480    000000bc     (.common:gMOTOR_PIDBackup)
                  2020053c    000000a0     (.common:gSERVOBackup)

.data      0    202005dc    00000043     UNINITIALIZED
                  202005dc    00000018     motor.o (.data.motor_pid)
                  202005f4    0000000e     mpu6050.o (.data.g_mpu6050_raw_data)
                  20200602    00000002     line_tracking.o (.data.g_last_correction_sign)
                  20200604    00000008     encoder.o (.data.encoder_count)
                  2020060c    00000008     encoder.o (.data.encoder_last_count)
                  20200614    00000004     motor.o (.data.motor_target_percent)
                  20200618    00000004     key.o (.data.status)
                  2020061c    00000001     mpu6050.o (.data.g_mpu6050_data_ready)
                  2020061d    00000001     mpu6050.o (.data.g_mpu6050_online)
                  2020061e    00000001     oled.o (.data.g_oled_i2c_failed)

.stack     0    20207e00    00000200     UNINITIALIZED
                  20207e00    00000004     libc.a : boot_cortex_m.c.obj (.stack)
                  20207e04    000001fc     --HOLE--

__llvm_prf_cnts 
*          0    20200000    00000000     UNINITIALIZED

__llvm_prf_bits 
*          0    20200000    00000000     UNINITIALIZED

MODULE SUMMARY

       Module                         code    ro data   rw data
       ------                         ----    -------   -------
    .\
       ti_msp_dl_config.o             3146    111       348    
       main.o                         740     19        0      
       startup_mspm0g350x_ticlang.o   8       192       0      
    +--+------------------------------+-------+---------+---------+
       Total:                         3894    322       348    
                                                               
    .\user_driver\
       oled.o                         1824    6080      1153   
       motor.o                        1522    0         28     
       mpu6050.o                      1100    0         16     
       line_tracking.o                656     0         2      
       grayscale_sensor.o             308     0         0      
       key.o                          216     0         4      
       encoder.o                      188     0         16     
       uart.o                         118     0         0      
       delay.o                        28      0         0      
    +--+------------------------------+-------+---------+---------+
       Total:                         5960    6080      1219   
                                                               
    C:/TI/mspm0_sdk_2_10_00_04/source/ti/driverlib/lib/ticlang/m0p/mspm0g1x0x_g3x0x/driverlib.a
       dl_timer.o                     608     0         0      
       dl_sysctl_mspm0g1x0x_g3x0x.o   416     0         0      
       dl_i2c.o                       240     0         0      
       dl_uart.o                      138     0         0      
       dl_vref.o                      52      0         0      
       dl_common.o                    10      0         0      
    +--+------------------------------+-------+---------+---------+
       Total:                         1464    0         0      
                                                               
    E:\install\keli\ti\css\ccs\tools\compiler\ti-cgt-armllvm_4.0.4.LTS\lib\armv6m-ti-none-eabi/c/libc.a
       copy_decompress_lzss.c.obj     124     0         0      
       autoinit.c.obj                 60      0         0      
       boot_cortex_m.c.obj            56      0         0      
       copy_decompress_none.c.obj     18      0         0      
       memcpy16.S.obj                 18      0         0      
       copy_zero_init.c.obj           16      0         0      
       memset16.S.obj                 14      0         0      
       exit.c.obj                     6       0         0      
       pre_init.c.obj                 4       0         0      
    +--+------------------------------+-------+---------+---------+
       Total:                         316     0         0      
                                                               
    E:\install\keli\ti\css\ccs\tools\compiler\ti-cgt-armllvm_4.0.4.LTS\lib\armv6m-ti-none-eabi/c/libsysbm.a
       hostexit.c.obj                 4       0         0      
    +--+------------------------------+-------+---------+---------+
       Total:                         4       0         0      
                                                               
    E:\install\keli\ti\css\ccs\tools\compiler\ti-cgt-armllvm_4.0.4.LTS\lib\armv6m-ti-none-eabi/libclang_rt.builtins.a
       comparedf2.c.obj               220     0         0      
       aeabi_dcmp.S.obj               98      0         0      
       aeabi_idivmod.S.obj            86      0         0      
       aeabi_uidivmod.S.obj           64      0         0      
       floatunsidf.S.obj              36      0         0      
       aeabi_memset.S.obj             12      0         0      
       aeabi_memcpy.S.obj             8       0         0      
       aeabi_div0.c.obj               2       0         0      
    +--+------------------------------+-------+---------+---------+
       Total:                         526     0         0      
                                                               
       Stack:                         0       0         512    
       Linker Generated:              0       48        0      
    +--+------------------------------+-------+---------+---------+
       Grand Total:                   12164   6450      2079   


LINKER GENERATED COPY TABLES

__TI_cinit_table @ 000048b8 records: 2, size/record: 8, table size: 16
	.data: load addr=00004898, load size=0000000c bytes, run addr=202005dc, run size=00000043 bytes, compression=lzss
	.bss: load addr=000048b0, load size=00000008 bytes, run addr=20200000, run size=000005dc bytes, compression=zero_init


LINKER GENERATED HANDLER TABLE

__TI_handler_table @ 000048a4 records: 3, size/record: 4, table size: 12
	index: 0, handler: __TI_decompress_lzss
	index: 1, handler: __TI_decompress_none
	index: 2, handler: __TI_zero_init


FAR CALL TRAMPOLINES

callee name               trampoline name
   callee addr  tramp addr   call addr  call info
--------------  -----------  ---------  ----------------
_c_int00_noargs           $Tramp$TT$L$PI$$_c_int00_noargs
   000027fd     0000303c     00003036   startup_mspm0g350x_ticlang.o (.text.Reset_Handler)

[1 trampolines]
[1 trampoline calls]


GLOBAL SYMBOLS: SORTED ALPHABETICALLY BY Name 

address   name                                 
-------   ----                                 
0000302f  ADC0_IRQHandler                      
0000302f  ADC1_IRQHandler                      
0000302f  AES_IRQHandler                       
00003032  C$$EXIT                              
0000302f  CANFD0_IRQHandler                    
0000302f  DAC0_IRQHandler                      
00003015  DL_Common_delayCycles                
00001f7d  DL_I2C_fillControllerTXFIFO          
000025a5  DL_I2C_flushControllerRXFIFO         
00002489  DL_I2C_flushControllerTXFIFO         
0000284b  DL_I2C_setClockConfig                
00002a21  DL_SYSCTL_configFCC                  
000010ad  DL_SYSCTL_configSYSPLL               
00001ccd  DL_SYSCTL_setHFCLKSourceHFXTParams   
0000237d  DL_SYSCTL_switchMCLKfromSYSOSCtoHSCLK
00000be5  DL_Timer_initFourCCPWMMode           
00000ce9  DL_Timer_initTimerMode               
00002aad  DL_Timer_setCaptCompUpdateMethod     
00002ce9  DL_Timer_setCaptureCompareOutCtl     
00002fb5  DL_Timer_setCaptureCompareValue      
00002ac9  DL_Timer_setClockConfig              
000022a5  DL_UART_init                         
00002f3d  DL_UART_setClockConfig               
000025d5  DL_UART_transmitDataBlocking         
000028b9  DL_VREF_configReference              
00002f4f  DL_VREF_setClockConfig               
0000302f  DMA_IRQHandler                       
0000302f  Default_Handler                      
0000220d  Encoder_Get_Count                    
00002605  Encoder_Get_Last_Count               
00002d91  Encoder_Init                         
00002785  Encoder_Record_Pulse                 
0000302f  GROUP0_IRQHandler                    
00001459  GROUP1_IRQHandler                    
00001e5b  Grayscale_Sensor_Init                
00002125  Grayscale_Sensor_Read_All            
00003033  HOSTexit                             
0000302f  HardFault_Handler                    
0000302f  I2C0_IRQHandler                      
0000302f  I2C1_IRQHandler                      
000000c1  Line_Tracking_Update                 
00001189  MPU6050_Init                         
00002ffd  MPU6050_OnInterrupt                  
000013b1  MPU6050_Update                       
0000302f  NMI_Handler                          
00001e5d  OLED_Clear                           
00001d95  OLED_ClearPoint                      
000022ed  OLED_DrawPoint                       
20200000  OLED_GRAM                            
00000de5  OLED_Init                            
00002635  OLED_Pow                             
0000184d  OLED_Refresh                         
00000485  OLED_ShowChar                        
00001305  OLED_ShowNum                         
000014fd  OLED_ShowString                      
00000871  OLED_WR_Byte                         
0000302f  PendSV_Handler                       
0000302f  RTC_IRQHandler                       
00003037  Reset_Handler                        
0000302f  SPI0_IRQHandler                      
0000302f  SPI1_IRQHandler                      
0000302f  SVC_Handler                          
000002c9  SYSCFG_DL_GPIO_init                  
0000253d  SYSCFG_DL_MOTOR_PID_init             
00001ebd  SYSCFG_DL_MPU6050_init               
00001f1d  SYSCFG_DL_OLED_init                  
00002335  SYSCFG_DL_PRINT_init                 
000016b5  SYSCFG_DL_PWMAB_init                 
00001b91  SYSCFG_DL_SERVO_init                 
00000edd  SYSCFG_DL_SYSCTL_SYSPLL_init         
000019c1  SYSCFG_DL_SYSCTL_init                
000027ad  SYSCFG_DL_VREF_init                  
000023c1  SYSCFG_DL_init                       
00001255  SYSCFG_DL_initPower                  
0000302f  SysTick_Handler                      
000017c9  TIMA0_IRQHandler                     
0000302f  TIMA1_IRQHandler                     
0000302f  TIMG0_IRQHandler                     
0000302f  TIMG12_IRQHandler                    
0000302f  TIMG6_IRQHandler                     
0000302f  TIMG7_IRQHandler                     
0000302f  TIMG8_IRQHandler                     
00002f61  TI_memcpy_small                      
00002fd5  TI_memset_small                      
00002571  UART0_IRQHandler                     
0000302f  UART1_IRQHandler                     
0000302f  UART2_IRQHandler                     
0000302f  UART3_IRQHandler                     
00002b01  UART_send_char                       
20208000  __STACK_END                          
00000200  __STACK_SIZE                         
00000000  __TI_ATRegion0_region_sz             
00000000  __TI_ATRegion0_src_addr              
00000000  __TI_ATRegion0_trg_addr              
00000000  __TI_ATRegion1_region_sz             
00000000  __TI_ATRegion1_src_addr              
00000000  __TI_ATRegion1_trg_addr              
00000000  __TI_ATRegion2_region_sz             
00000000  __TI_ATRegion2_src_addr              
00000000  __TI_ATRegion2_trg_addr              
000048b8  __TI_CINIT_Base                      
000048c8  __TI_CINIT_Limit                     
000048c8  __TI_CINIT_Warm                      
000048a4  __TI_Handler_Table_Base              
000048b0  __TI_Handler_Table_Limit             
00002501  __TI_auto_init_nobinit_nopinit       
00001945  __TI_decompress_lzss                 
00002f73  __TI_decompress_none                 
ffffffff  __TI_pprof_out_hndl                  
ffffffff  __TI_prof_data_size                  
ffffffff  __TI_prof_data_start                 
00000000  __TI_static_base__                   
00002fc5  __TI_zero_init                       
00001df9  __aeabi_dcmpeq                       
00001e35  __aeabi_dcmpge                       
00001e49  __aeabi_dcmpgt                       
00001e21  __aeabi_dcmple                       
00001e0d  __aeabi_dcmplt                       
00001fdd  __aeabi_idiv                         
00001fdb  __aeabi_idiv0                        
00001fdd  __aeabi_idivmod                      
00003009  __aeabi_memclr                       
00003009  __aeabi_memclr4                      
00003009  __aeabi_memclr8                      
00003021  __aeabi_memcpy                       
00003021  __aeabi_memcpy4                      
00003021  __aeabi_memcpy8                      
00002895  __aeabi_ui2d                         
00002449  __aeabi_uidiv                        
00002449  __aeabi_uidivmod                     
ffffffff  __binit__                            
00001c65  __cmpdf2                             
00001c65  __eqdf2                              
00002895  __floatunsidf                        
00001a35  __gedf2                              
00001a35  __gtdf2                              
00001c65  __ledf2                              
00001c65  __ltdf2                              
UNDEFED   __mpu_init                           
00001c65  __nedf2                              
20207e00  __stack                              
20200000  __start___llvm_prf_bits              
20200000  __start___llvm_prf_cnts              
20200000  __stop___llvm_prf_bits               
20200000  __stop___llvm_prf_cnts               
000027fd  _c_int00_noargs                      
UNDEFED   _system_post_cinit                   
0000304d  _system_pre_init                     
00003029  abort                                
0000439c  asc2_1206                            
00003dac  asc2_1608                            
00003050  asc2_2412                            
ffffffff  binit                                
00002b1d  delay_ms                             
20200480  gMOTOR_PIDBackup                     
2020053c  gSERVOBackup                         
00000000  interruptVectors                     
000005dd  main                                 
0000072d  motor_drive_percent                  
00002405  motor_get_target_percent             
00001625  motor_init                           
00000fc5  motor_set_direction                  
00002259  motor_set_duty                       
00001b1d  motor_stop                           
20200618  status                               


GLOBAL SYMBOLS: SORTED BY Symbol Address 

address   name                                 
-------   ----                                 
00000000  __TI_ATRegion0_region_sz             
00000000  __TI_ATRegion0_src_addr              
00000000  __TI_ATRegion0_trg_addr              
00000000  __TI_ATRegion1_region_sz             
00000000  __TI_ATRegion1_src_addr              
00000000  __TI_ATRegion1_trg_addr              
00000000  __TI_ATRegion2_region_sz             
00000000  __TI_ATRegion2_src_addr              
00000000  __TI_ATRegion2_trg_addr              
00000000  __TI_static_base__                   
00000000  interruptVectors                     
000000c1  Line_Tracking_Update                 
00000200  __STACK_SIZE                         
000002c9  SYSCFG_DL_GPIO_init                  
00000485  OLED_ShowChar                        
000005dd  main                                 
0000072d  motor_drive_percent                  
00000871  OLED_WR_Byte                         
00000be5  DL_Timer_initFourCCPWMMode           
00000ce9  DL_Timer_initTimerMode               
00000de5  OLED_Init                            
00000edd  SYSCFG_DL_SYSCTL_SYSPLL_init         
00000fc5  motor_set_direction                  
000010ad  DL_SYSCTL_configSYSPLL               
00001189  MPU6050_Init                         
00001255  SYSCFG_DL_initPower                  
00001305  OLED_ShowNum                         
000013b1  MPU6050_Update                       
00001459  GROUP1_IRQHandler                    
000014fd  OLED_ShowString                      
00001625  motor_init                           
000016b5  SYSCFG_DL_PWMAB_init                 
000017c9  TIMA0_IRQHandler                     
0000184d  OLED_Refresh                         
00001945  __TI_decompress_lzss                 
000019c1  SYSCFG_DL_SYSCTL_init                
00001a35  __gedf2                              
00001a35  __gtdf2                              
00001b1d  motor_stop                           
00001b91  SYSCFG_DL_SERVO_init                 
00001c65  __cmpdf2                             
00001c65  __eqdf2                              
00001c65  __ledf2                              
00001c65  __ltdf2                              
00001c65  __nedf2                              
00001ccd  DL_SYSCTL_setHFCLKSourceHFXTParams   
00001d95  OLED_ClearPoint                      
00001df9  __aeabi_dcmpeq                       
00001e0d  __aeabi_dcmplt                       
00001e21  __aeabi_dcmple                       
00001e35  __aeabi_dcmpge                       
00001e49  __aeabi_dcmpgt                       
00001e5b  Grayscale_Sensor_Init                
00001e5d  OLED_Clear                           
00001ebd  SYSCFG_DL_MPU6050_init               
00001f1d  SYSCFG_DL_OLED_init                  
00001f7d  DL_I2C_fillControllerTXFIFO          
00001fdb  __aeabi_idiv0                        
00001fdd  __aeabi_idiv                         
00001fdd  __aeabi_idivmod                      
00002125  Grayscale_Sensor_Read_All            
0000220d  Encoder_Get_Count                    
00002259  motor_set_duty                       
000022a5  DL_UART_init                         
000022ed  OLED_DrawPoint                       
00002335  SYSCFG_DL_PRINT_init                 
0000237d  DL_SYSCTL_switchMCLKfromSYSOSCtoHSCLK
000023c1  SYSCFG_DL_init                       
00002405  motor_get_target_percent             
00002449  __aeabi_uidiv                        
00002449  __aeabi_uidivmod                     
00002489  DL_I2C_flushControllerTXFIFO         
00002501  __TI_auto_init_nobinit_nopinit       
0000253d  SYSCFG_DL_MOTOR_PID_init             
00002571  UART0_IRQHandler                     
000025a5  DL_I2C_flushControllerRXFIFO         
000025d5  DL_UART_transmitDataBlocking         
00002605  Encoder_Get_Last_Count               
00002635  OLED_Pow                             
00002785  Encoder_Record_Pulse                 
000027ad  SYSCFG_DL_VREF_init                  
000027fd  _c_int00_noargs                      
0000284b  DL_I2C_setClockConfig                
00002895  __aeabi_ui2d                         
00002895  __floatunsidf                        
000028b9  DL_VREF_configReference              
00002a21  DL_SYSCTL_configFCC                  
00002aad  DL_Timer_setCaptCompUpdateMethod     
00002ac9  DL_Timer_setClockConfig              
00002b01  UART_send_char                       
00002b1d  delay_ms                             
00002ce9  DL_Timer_setCaptureCompareOutCtl     
00002d91  Encoder_Init                         
00002f3d  DL_UART_setClockConfig               
00002f4f  DL_VREF_setClockConfig               
00002f61  TI_memcpy_small                      
00002f73  __TI_decompress_none                 
00002fb5  DL_Timer_setCaptureCompareValue      
00002fc5  __TI_zero_init                       
00002fd5  TI_memset_small                      
00002ffd  MPU6050_OnInterrupt                  
00003009  __aeabi_memclr                       
00003009  __aeabi_memclr4                      
00003009  __aeabi_memclr8                      
00003015  DL_Common_delayCycles                
00003021  __aeabi_memcpy                       
00003021  __aeabi_memcpy4                      
00003021  __aeabi_memcpy8                      
00003029  abort                                
0000302f  ADC0_IRQHandler                      
0000302f  ADC1_IRQHandler                      
0000302f  AES_IRQHandler                       
0000302f  CANFD0_IRQHandler                    
0000302f  DAC0_IRQHandler                      
0000302f  DMA_IRQHandler                       
0000302f  Default_Handler                      
0000302f  GROUP0_IRQHandler                    
0000302f  HardFault_Handler                    
0000302f  I2C0_IRQHandler                      
0000302f  I2C1_IRQHandler                      
0000302f  NMI_Handler                          
0000302f  PendSV_Handler                       
0000302f  RTC_IRQHandler                       
0000302f  SPI0_IRQHandler                      
0000302f  SPI1_IRQHandler                      
0000302f  SVC_Handler                          
0000302f  SysTick_Handler                      
0000302f  TIMA1_IRQHandler                     
0000302f  TIMG0_IRQHandler                     
0000302f  TIMG12_IRQHandler                    
0000302f  TIMG6_IRQHandler                     
0000302f  TIMG7_IRQHandler                     
0000302f  TIMG8_IRQHandler                     
0000302f  UART1_IRQHandler                     
0000302f  UART2_IRQHandler                     
0000302f  UART3_IRQHandler                     
00003032  C$$EXIT                              
00003033  HOSTexit                             
00003037  Reset_Handler                        
0000304d  _system_pre_init                     
00003050  asc2_2412                            
00003dac  asc2_1608                            
0000439c  asc2_1206                            
000048a4  __TI_Handler_Table_Base              
000048b0  __TI_Handler_Table_Limit             
000048b8  __TI_CINIT_Base                      
000048c8  __TI_CINIT_Limit                     
000048c8  __TI_CINIT_Warm                      
20200000  OLED_GRAM                            
20200000  __start___llvm_prf_bits              
20200000  __start___llvm_prf_cnts              
20200000  __stop___llvm_prf_bits               
20200000  __stop___llvm_prf_cnts               
20200480  gMOTOR_PIDBackup                     
2020053c  gSERVOBackup                         
20200618  status                               
20207e00  __stack                              
20208000  __STACK_END                          
ffffffff  __TI_pprof_out_hndl                  
ffffffff  __TI_prof_data_size                  
ffffffff  __TI_prof_data_start                 
ffffffff  __binit__                            
ffffffff  binit                                
UNDEFED   __mpu_init                           
UNDEFED   _system_post_cinit                   

[165 symbols]
