******************************************************************************
            TI ARM Clang Linker PC v4.0.4                      
******************************************************************************
>> Linked Fri Jul 31 04:30:56 2026

OUTPUT FILE NAME:   <10_DC_MOTOR_PID_2.out>
ENTRY POINT SYMBOL: "_c_int00_noargs"  address: 00003171


MEMORY CONFIGURATION

         name            origin    length      used     unused   attr    fill
----------------------  --------  ---------  --------  --------  ----  --------
  FLASH                 00000000   00020000  00004e48  0001b1b8  R  X
  SRAM                  20200000   00008000  000009ca  00007636  RW X
  BCR_CONFIG            41c00000   000000ff  00000000  000000ff  R   
  BSL_CONFIG            41c00100   00000080  00000000  00000080  R   


SEGMENT ALLOCATION MAP

run origin  load origin   length   init length attrs members
----------  ----------- ---------- ----------- ----- -------
00000000    00000000    00004e48   00004e48    r-x
  00000000    00000000    000000c0   000000c0    r-- .intvecs
  000000c0    000000c0    00003510   00003510    r-x .text
  000035d0    000035d0    00001838   00001838    r-- .rodata
  00004e08    00004e08    00000040   00000040    r-- .cinit
20200000    20200000    000007cb   00000000    rw-
  20200000    20200000    00000723   00000000    rw- .bss
  20200724    20200724    000000a7   00000000    rw- .data
20207e00    20207e00    00000200   00000000    rw-
  20207e00    20207e00    00000200   00000000    rw- .stack


SECTION ALLOCATION MAP

 output                                  attributes/
section   page    origin      length       input sections
--------  ----  ----------  ----------   ----------------
.intvecs   0    00000000    000000c0     
                  00000000    000000c0     startup_mspm0g350x_ticlang.o (.intvecs)

.text      0    000000c0    00003510     
                  000000c0    00000720     main.o (.text.Ball_ControlUpdate)
                  000007e0    00000284     main.o (.text.OLED_ShowControlInfo)
                  00000a64    00000210     main.o (.text.Sensor_PushByte)
                  00000c74    000001e4     Emm_V5.o (.text.Emm_V5_Read_Sys_Params)
                  00000e58    000001ac     main.o (.text.main)
                  00001004    0000019c     main.o (.text.Motor_ControlService)
                  000011a0    00000174     main.o (.text.Motor_PushFeedbackByte)
                  00001314    00000158     oled.o (.text.OLED_ShowChar)
                  0000146c    00000148     main.o (.text.LLM_UART_ParseSetpointByte)
                  000015b4    00000134     oled.o (.text.OLED_WR_Byte)
                  000016e8    00000130     oled.o (.text.OLED_WR_DataBlock)
                  00001818    0000010e     pid.o (.text.PID_UpdateConditional)
                  00001926    00000002     libclang_rt.builtins.a : aeabi_div0.c.obj (.text.__aeabi_idiv0)
                  00001928    000000e0     pid.o (.text.PID_Init)
                  00001a08    000000dc     main.o (.text.OLED_ShowSigned3)
                  00001ae4    000000d8     libclang_rt.builtins.a : addsf3.S.obj (.text)
                  00001bbc    000000bc     oled.o (.text.OLED_RefreshPage)
                  00001c78    000000b0     oled.o (.text.OLED_Init)
                  00001d28    000000ac     oled.o (.text.OLED_ShowNum)
                  00001dd4    000000a8     main.o (.text.Ball_ControlStop)
                  00001e7c    000000a2     ti_msp_dl_config.o (.text.SYSCFG_DL_GPIO_init)
                  00001f1e    00000098     oled.o (.text.OLED_ShowString)
                  00001fb6    0000008e     main.o (.text.Sensor_CalculateCrc8)
                  00002044    0000008c     libclang_rt.builtins.a : mulsf3.S.obj (.text.__mulsf3)
                  000020d0    00000088     uart.o (.text.UART2_IRQHandler)
                  00002158    00000084     main.o (.text.__NVIC_SetPriority)
                  000021dc    00000082     libclang_rt.builtins.a : divsf3.S.obj (.text.__divsf3)
                  0000225e    00000002     --HOLE-- [fill = 0]
                  00002260    00000080     bianma.o (.text.Bianma_Init)
                  000022e0    0000007c     Emm_V5.o (.text.Emm_V5_Pos_Control)
                  0000235c    0000007c     ti_msp_dl_config.o (.text.SYSCFG_DL_initPower)
                  000023d8    0000007c     libc.a : copy_decompress_lzss.c.obj (.text:decompress:lzss)
                  00002454    00000078     uart.o (.text.UART0_IRQHandler)
                  000024cc    00000068     Emm_V5.o (.text.Emm_V5_Angle_To_Pulses)
                  00002534    00000068     uart.o (.text.Serial1_SendArrayTry)
                  0000259c    00000064     oled.o (.text.OLED_ClearPoint)
                  00002600    00000062     Emm_V5.o (.text.Emm_V5_Pos_Control_Angle)
                  00002662    00000002     --HOLE-- [fill = 0]
                  00002664    00000062     libclang_rt.builtins.a : aeabi_fcmp.S.obj (.text.__aeabi_fcmp)
                  000026c6    00000002     --HOLE-- [fill = 0]
                  000026c8    00000060     oled.o (.text.OLED_Clear)
                  00002728    00000060     ti_msp_dl_config.o (.text.SYSCFG_DL_OLED_init)
                  00002788    0000005e     driverlib.a : dl_i2c.o (.text.DL_I2C_fillControllerTXFIFO)
                  000027e6    00000002     --HOLE-- [fill = 0]
                  000027e8    0000005c     uart.o (.text.Motor_UART_ReadByte)
                  00002844    00000056     pid.o (.text.PID_DecayIntegral)
                  0000289a    00000002     --HOLE-- [fill = 0]
                  0000289c    00000050     ti_msp_dl_config.o (.text.DL_GPIO_initPeripheralInputFunctionFeatures)
                  000028ec    00000050     oled.o (.text.DL_I2C_startControllerTransfer)
                  0000293c    00000050     main.o (.text.SysTick_Config)
                  0000298c    0000004c     ti_msp_dl_config.o (.text.DL_GPIO_initDigitalInputFeatures)
                  000029d8    0000004c     ti_msp_dl_config.o (.text.DL_UART_setBaudRateDivisor)
                  00002a24    00000048     driverlib.a : dl_uart.o (.text.DL_UART_init)
                  00002a6c    00000048     main.o (.text.Motor_SetAngle)
                  00002ab4    00000048     oled.o (.text.OLED_DrawPoint)
                  00002afc    00000048     pid.o (.text.PID_Limit)
                  00002b44    00000044     Emm_V5.o (.text.Emm_V5_En_Control)
                  00002b88    00000040     ti_msp_dl_config.o (.text.SYSCFG_DL_LLM_UART_init)
                  00002bc8    00000040     ti_msp_dl_config.o (.text.SYSCFG_DL_MOTOR_UART_init)
                  00002c08    00000040     ti_msp_dl_config.o (.text.SYSCFG_DL_PRINT_init)
                  00002c48    00000040     libclang_rt.builtins.a : aeabi_uidivmod.S.obj (.text.__aeabi_uidivmod)
                  00002c88    0000003c     driverlib.a : dl_i2c.o (.text.DL_I2C_flushControllerTXFIFO)
                  00002cc4    0000003c     Emm_V5.o (.text.Emm_V5_Stop_Now)
                  00002d00    0000003c     libclang_rt.builtins.a : comparesf2.S.obj (.text.__gtsf2)
                  00002d3c    0000003c     libc.a : autoinit.c.obj (.text:__TI_auto_init_nobinit_nopinit)
                  00002d78    0000003a     libclang_rt.builtins.a : comparesf2.S.obj (.text.__eqsf2)
                  00002db2    00000002     --HOLE-- [fill = 0]
                  00002db4    0000003a                            : muldsi3.S.obj (.text.__muldsi3)
                  00002dee    00000002     --HOLE-- [fill = 0]
                  00002df0    00000038     uart.o (.text.Motor_UART_EnableRxInterrupt)
                  00002e28    00000038     libclang_rt.builtins.a : fixsfsi.S.obj (.text.__fixsfsi)
                  00002e60    00000034     main.o (.text.__NVIC_DisableIRQ)
                  00002e94    00000032     libclang_rt.builtins.a : fixunssfsi.S.obj (.text.__fixunssfsi)
                  00002ec6    00000002     --HOLE-- [fill = 0]
                  00002ec8    00000030     driverlib.a : dl_uart.o (.text.DL_UART_transmitDataBlocking)
                  00002ef8    00000030     oled.o (.text.OLED_Pow)
                  00002f28    00000030     uart.o (.text.UART_read_received_byte)
                  00002f58    0000002e     oled.o (.text.OLED_Refresh)
                  00002f86    0000002c     pid.o (.text.PID_Reset)
                  00002fb2    00000002     --HOLE-- [fill = 0]
                  00002fb4    0000002c     uart.o (.text.__NVIC_EnableIRQ)
                  00002fe0    00000028     main.o (.text.DL_Common_updateReg)
                  00003008    00000028     oled.o (.text.DL_Common_updateReg)
                  00003030    00000028     ti_msp_dl_config.o (.text.DL_Common_updateReg)
                  00003058    00000028     uart.o (.text.DL_Common_updateReg)
                  00003080    00000028     ti_msp_dl_config.o (.text.DL_I2C_setControllerRXFIFOThreshold)
                  000030a8    00000028     ti_msp_dl_config.o (.text.DL_I2C_setControllerTXFIFOThreshold)
                  000030d0    00000028     main.o (.text.DL_UART_setRXFIFOThreshold)
                  000030f8    00000028     uart.o (.text.DL_UART_setRXFIFOThreshold)
                  00003120    00000028     main.o (.text.LLM_UART_Poll)
                  00003148    00000028     libclang_rt.builtins.a : floatunsisf.S.obj (.text.__floatunsisf)
                  00003170    00000028     libc.a : boot_cortex_m.c.obj (.text:_c_int00_noargs)
                  00003198    00000026     ti_msp_dl_config.o (.text.DL_I2C_setAnalogGlitchFilterPulseWidth)
                  000031be    00000026     driverlib.a : dl_i2c.o (.text.DL_I2C_setClockConfig)
                  000031e4    00000024     ti_msp_dl_config.o (.text.DL_I2C_setDigitalGlitchFilterPulseWidth)
                  00003208    00000020     ti_msp_dl_config.o (.text.DL_GPIO_initPeripheralInputFunction)
                  00003228    00000020     ti_msp_dl_config.o (.text.SYSCFG_DL_init)
                  00003248    0000001e     ti_msp_dl_config.o (.text.DL_UART_setOversampling)
                  00003266    0000001e     ti_msp_dl_config.o (.text.SYSCFG_DL_SYSCTL_init)
                  00003284    0000001c     ti_msp_dl_config.o (.text.DL_GPIO_enableHiZ)
                  000032a0    0000001c     ti_msp_dl_config.o (.text.DL_GPIO_initPeripheralOutputFunction)
                  000032bc    0000001c     ti_msp_dl_config.o (.text.DL_SYSCTL_setSYSOSCFreq)
                  000032d8    0000001c     uart.o (.text.DL_UART_enableInterrupt)
                  000032f4    0000001c     driverlib.a : dl_uart.o (.text.DL_UART_receiveDataCheck)
                  00003310    0000001a     delay.o (.text.delay_ms)
                  0000332a    00000002     --HOLE-- [fill = 0]
                  0000332c    00000018     bianma.o (.text.Bianma_Button_IsPressed)
                  00003344    00000018     ti_msp_dl_config.o (.text.DL_GPIO_enablePower)
                  0000335c    00000018     ti_msp_dl_config.o (.text.DL_GPIO_reset)
                  00003374    00000018     ti_msp_dl_config.o (.text.DL_I2C_enableAnalogGlitchFilter)
                  0000338c    00000018     ti_msp_dl_config.o (.text.DL_I2C_enableController)
                  000033a4    00000018     ti_msp_dl_config.o (.text.DL_I2C_enableControllerClockStretching)
                  000033bc    00000018     ti_msp_dl_config.o (.text.DL_I2C_enablePower)
                  000033d4    00000018     ti_msp_dl_config.o (.text.DL_I2C_reset)
                  000033ec    00000018     ti_msp_dl_config.o (.text.DL_I2C_setTimerPeriod)
                  00003404    00000018     ti_msp_dl_config.o (.text.DL_SYSCTL_setBORThreshold)
                  0000341c    00000018     ti_msp_dl_config.o (.text.DL_UART_enablePower)
                  00003434    00000018     uart.o (.text.DL_UART_isRXFIFOEmpty)
                  0000344c    00000018     ti_msp_dl_config.o (.text.DL_UART_reset)
                  00003464    00000018     main.o (.text.LLM_UART_Init)
                  0000347c    00000016     bianma.o (.text.DL_GPIO_readPins)
                  00003492    00000016     ti_msp_dl_config.o (.text.DL_UART_enable)
                  000034a8    00000014     oled.o (.text.DL_I2C_getControllerStatus)
                  000034bc    00000014     oled.o (.text.DL_I2C_resetControllerTransfer)
                  000034d0    00000014     ti_msp_dl_config.o (.text.DL_I2C_resetControllerTransfer)
                  000034e4    00000014     ti_msp_dl_config.o (.text.DL_SYSCTL_disableSYSPLL)
                  000034f8    00000014     uart.o (.text.DL_UART_receiveData)
                  0000350c    00000012     uart.o (.text.DL_UART_getPendingInterrupt)
                  0000351e    00000012     driverlib.a : dl_uart.o (.text.DL_UART_setClockConfig)
                  00003530    00000012     libc.a : memcpy16.S.obj (.text:TI_memcpy_small)
                  00003542    00000012            : copy_decompress_none.c.obj (.text:decompress:none)
                  00003554    00000010     ti_msp_dl_config.o (.text.DL_SYSCTL_disableHFXT)
                  00003564    00000010     main.o (.text.SysTick_Handler)
                  00003574    00000010     libc.a : copy_zero_init.c.obj (.text:decompress:ZI)
                  00003584    0000000e            : memset16.S.obj (.text:TI_memset_small)
                  00003592    00000002     --HOLE-- [fill = 0]
                  00003594    0000000c     libclang_rt.builtins.a : aeabi_memset.S.obj (.text.__aeabi_memclr)
                  000035a0    0000000a     driverlib.a : dl_common.o (.text.DL_Common_delayCycles)
                  000035aa    00000002     --HOLE-- [fill = 0]
                  000035ac    00000008     libclang_rt.builtins.a : aeabi_memcpy.S.obj (.text.__aeabi_memcpy)
                  000035b4    00000006     libc.a : exit.c.obj (.text:abort)
                  000035ba    00000004     startup_mspm0g350x_ticlang.o (.text.Default_Handler)
                  000035be    00000004     libsysbm.a : hostexit.c.obj (.text.HOSTexit)
                  000035c2    00000004     startup_mspm0g350x_ticlang.o (.text.Reset_Handler)
                  000035c6    00000004     libc.a : pre_init.c.obj (.text._system_pre_init)
                  000035ca    00000006     --HOLE-- [fill = 0]

.cinit     0    00004e08    00000040     
                  00004e08    00000015     (.cinit..data.load) [load image, compression = lzss]
                  00004e1d    00000003     --HOLE-- [fill = 0]
                  00004e20    0000000c     (__TI_handler_table)
                  00004e2c    00000008     (.cinit..bss.load) [load image, compression = zero_init]
                  00004e34    00000010     (__TI_cinit_table)
                  00004e44    00000004     --HOLE-- [fill = 0]

.rodata    0    000035d0    00001838     
                  000035d0    00000d5c     oled.o (.rodata.asc2_2412)
                  0000432c    000005f0     oled.o (.rodata.asc2_1608)
                  0000491c    00000474     oled.o (.rodata.asc2_1206)
                  00004d90    0000001c     oled.o (.rodata.OLED_Init.init_commands)
                  00004dac    0000000a     ti_msp_dl_config.o (.rodata.gLLM_UARTConfig)
                  00004db6    0000000a     ti_msp_dl_config.o (.rodata.gMOTOR_UARTConfig)
                  00004dc0    0000000a     ti_msp_dl_config.o (.rodata.gPRINTConfig)
                  00004dca    00000005     main.o (.rodata.str1.14112174005742061988.1)
                  00004dcf    00000005     main.o (.rodata.str1.15996357275703397564.1)
                  00004dd4    00000004     main.o (.rodata.str1.16265332423659789559.1)
                  00004dd8    00000004     main.o (.rodata.str1.2123964117280943167.1)
                  00004ddc    00000004     main.o (.rodata.str1.288608917962107522.1)
                  00004de0    00000004     main.o (.rodata.str1.8154729771448623357.1)
                  00004de4    00000004     main.o (.rodata.str1.9059077390166914652.1)
                  00004de8    00000003     main.o (.rodata.str1.12180500075719773345.1)
                  00004deb    00000003     main.o (.rodata.str1.14402440632258215044.1)
                  00004dee    00000003     main.o (.rodata.str1.15159059442110792349.1)
                  00004df1    00000003     main.o (.rodata.str1.2846389346932560359.1)
                  00004df4    00000003     main.o (.rodata.str1.7702501944640899365.1)
                  00004df7    00000002     ti_msp_dl_config.o (.rodata.gLLM_UARTClockConfig)
                  00004df9    00000002     ti_msp_dl_config.o (.rodata.gMOTOR_UARTClockConfig)
                  00004dfb    00000002     ti_msp_dl_config.o (.rodata.gOLEDClockConfig)
                  00004dfd    00000002     ti_msp_dl_config.o (.rodata.gPRINTClockConfig)
                  00004dff    00000002     main.o (.rodata.str1.11870794119293528247.1)
                  00004e01    00000002     main.o (.rodata.str1.17100691992556644108.1)
                  00004e03    00000002     main.o (.rodata.str1.18227636981041470289.1)
                  00004e05    00000002     main.o (.rodata.str1.8108965883388295311.1)
                  00004e07    00000001     --HOLE-- [fill = 0]

.init_array 
*          0    00000000    00000000     UNINITIALIZED

.binit     0    00000000    00000000     

.bss       0    20200000    00000723     UNINITIALIZED
                  20200000    00000480     (.common:OLED_GRAM)
                  20200480    00000200     uart.o (.bss.g_uart_rx_buffer)
                  20200680    00000030     main.o (.bss.g_position_pid)
                  202006b0    00000030     main.o (.bss.g_speed_pid)
                  202006e0    00000020     uart.o (.bss.g_motor_uart_rx_buffer)
                  20200700    00000014     main.o (.bss.g_llm_command)
                  20200714    00000008     main.o (.bss.g_motor_rx_frame)
                  2020071c    00000007     main.o (.bss.g_frame)

.data      0    20200724    000000a7     UNINITIALIZED
                  20200724    00000010     Emm_V5.o (.data.Emm_V5_En_Control.cmd)
                  20200734    00000010     Emm_V5.o (.data.Emm_V5_Pos_Control.cmd)
                  20200744    00000010     Emm_V5.o (.data.Emm_V5_Read_Sys_Params.cmd)
                  20200754    00000010     Emm_V5.o (.data.Emm_V5_Stop_Now.cmd)
                  20200764    00000004     main.o (.data.current_speed)
                  20200768    00000004     main.o (.data.g_last_control_ms)
                  2020076c    00000004     main.o (.data.g_last_encoder_ms)
                  20200770    00000004     main.o (.data.g_last_frame_ms)
                  20200774    00000004     main.o (.data.g_last_motor_command_ms)
                  20200778    00000004     main.o (.data.g_last_motor_feedback_ms)
                  2020077c    00000004     main.o (.data.g_last_motor_query_ms)
                  20200780    00000004     main.o (.data.g_last_oled_ms)
                  20200784    00000004     main.o (.data.g_last_position_sample_ms)
                  20200788    00000004     main.o (.data.g_milliseconds)
                  2020078c    00000004     main.o (.data.g_motor_actual_angle)
                  20200790    00000004     main.o (.data.g_motor_query_sent_ms)
                  20200794    00000004     main.o (.data.g_motor_requested_angle)
                  20200798    00000004     main.o (.data.g_motor_zero_absolute_angle)
                  2020079c    00000004     main.o (.data.pipe_angle)
                  202007a0    00000004     main.o (.data.target_speed)
                  202007a4    00000004     main.o (.data.valid_frame_count)
                  202007a8    00000002     main.o (.data.current_position)
                  202007aa    00000002     main.o (.data.g_last_position)
                  202007ac    00000002     main.o (.data.g_position_lock_target)
                  202007ae    00000002     uart.o (.data.g_uart_rx_head)
                  202007b0    00000002     uart.o (.data.g_uart_rx_overflow_count)
                  202007b2    00000002     uart.o (.data.g_uart_rx_tail)
                  202007b4    00000002     main.o (.data.target_position)
                  202007b6    00000001     bianma.o (.data.g_button_debounce_count)
                  202007b7    00000001     bianma.o (.data.g_button_last_raw)
                  202007b8    00000001     bianma.o (.data.g_button_state)
                  202007b9    00000001     main.o (.data.g_frame_index)
                  202007ba    00000001     bianma.o (.data.g_last_ab)
                  202007bb    00000001     main.o (.data.g_llm_command_index)
                  202007bc    00000001     main.o (.data.g_motor_feedback_query_pending)
                  202007bd    00000001     main.o (.data.g_motor_feedback_valid)
                  202007be    00000001     main.o (.data.g_motor_rx_index)
                  202007bf    00000001     main.o (.data.g_motor_stopped)
                  202007c0    00000001     uart.o (.data.g_motor_uart_rx_head)
                  202007c1    00000001     uart.o (.data.g_motor_uart_rx_tail)
                  202007c2    00000001     main.o (.data.g_motor_zero_captured)
                  202007c3    00000001     oled.o (.data.g_oled_i2c_failed)
                  202007c4    00000001     main.o (.data.g_oled_refresh_page)
                  202007c5    00000001     main.o (.data.g_position_locked)
                  202007c6    00000001     main.o (.data.g_position_valid)
                  202007c7    00000001     bianma.o (.data.g_rotation_accumulator)
                  202007c8    00000001     main.o (.data.g_sequence_state)
                  202007c9    00000001     main.o (.data.g_speed_sample_initialized)
                  202007ca    00000001     main.o (.data.g_speed_valid)

.stack     0    20207e00    00000200     UNINITIALIZED
                  20207e00    00000004     libc.a : boot_cortex_m.c.obj (.stack)
                  20207e04    000001fc     --HOLE--

__llvm_prf_cnts 
*          0    20200000    00000000     UNINITIALIZED

__llvm_prf_bits 
*          0    20200000    00000000     UNINITIALIZED

MODULE SUMMARY

       Module                         code    ro data   rw data
       ------                         ----    -------   -------
    .\
       main.o                         5562    53        220    
       ti_msp_dl_config.o             1550    38        0      
       startup_mspm0g350x_ticlang.o   8       192       0      
    +--+------------------------------+-------+---------+---------+
       Total:                         7120    283       220    
                                                               
    .\user_driver\
       oled.o                         2166    6108      1153   
       uart.o                         770     0         552    
       Emm_V5.o                       938     0         64     
       pid.o                          696     0         0      
       bianma.o                       174     0         5      
       delay.o                        26      0         0      
    +--+------------------------------+-------+---------+---------+
       Total:                         4770    6108      1774   
                                                               
    C:/TI/mspm0_sdk_2_10_00_04/source/ti/driverlib/lib/ticlang/m0p/mspm0g1x0x_g3x0x/driverlib.a
       dl_i2c.o                       192     0         0      
       dl_uart.o                      166     0         0      
       dl_common.o                    10      0         0      
    +--+------------------------------+-------+---------+---------+
       Total:                         368     0         0      
                                                               
    E:\install\keli\ti\css\ccs\tools\compiler\ti-cgt-armllvm_4.0.4.LTS\lib\armv6m-ti-none-eabi/c/libc.a
       copy_decompress_lzss.c.obj     124     0         0      
       autoinit.c.obj                 60      0         0      
       boot_cortex_m.c.obj            40      0         0      
       copy_decompress_none.c.obj     18      0         0      
       memcpy16.S.obj                 18      0         0      
       copy_zero_init.c.obj           16      0         0      
       memset16.S.obj                 14      0         0      
       exit.c.obj                     6       0         0      
       pre_init.c.obj                 4       0         0      
    +--+------------------------------+-------+---------+---------+
       Total:                         300     0         0      
                                                               
    E:\install\keli\ti\css\ccs\tools\compiler\ti-cgt-armllvm_4.0.4.LTS\lib\armv6m-ti-none-eabi/c/libsysbm.a
       hostexit.c.obj                 4       0         0      
    +--+------------------------------+-------+---------+---------+
       Total:                         4       0         0      
                                                               
    E:\install\keli\ti\css\ccs\tools\compiler\ti-cgt-armllvm_4.0.4.LTS\lib\armv6m-ti-none-eabi/libclang_rt.builtins.a
       addsf3.S.obj                   216     0         0      
       mulsf3.S.obj                   140     0         0      
       divsf3.S.obj                   130     0         0      
       comparesf2.S.obj               118     0         0      
       aeabi_fcmp.S.obj               98      0         0      
       aeabi_uidivmod.S.obj           64      0         0      
       muldsi3.S.obj                  58      0         0      
       fixsfsi.S.obj                  56      0         0      
       fixunssfsi.S.obj               50      0         0      
       floatunsisf.S.obj              40      0         0      
       aeabi_memset.S.obj             12      0         0      
       aeabi_memcpy.S.obj             8       0         0      
       aeabi_div0.c.obj               2       0         0      
    +--+------------------------------+-------+---------+---------+
       Total:                         992     0         0      
                                                               
       Stack:                         0       0         512    
       Linker Generated:              0       57        0      
    +--+------------------------------+-------+---------+---------+
       Grand Total:                   13554   6448      2506   


LINKER GENERATED COPY TABLES

__TI_cinit_table @ 00004e34 records: 2, size/record: 8, table size: 16
	.data: load addr=00004e08, load size=00000015 bytes, run addr=20200724, run size=000000a7 bytes, compression=lzss
	.bss: load addr=00004e2c, load size=00000008 bytes, run addr=20200000, run size=00000723 bytes, compression=zero_init


LINKER GENERATED HANDLER TABLE

__TI_handler_table @ 00004e20 records: 3, size/record: 4, table size: 12
	index: 0, handler: __TI_decompress_lzss
	index: 1, handler: __TI_decompress_none
	index: 2, handler: __TI_zero_init


GLOBAL SYMBOLS: SORTED ALPHABETICALLY BY Name 

address   name                          
-------   ----                          
000035bb  ADC0_IRQHandler               
000035bb  ADC1_IRQHandler               
000035bb  AES_IRQHandler                
0000332d  Bianma_Button_IsPressed       
00002261  Bianma_Init                   
000035be  C$$EXIT                       
000035bb  CANFD0_IRQHandler             
000035bb  DAC0_IRQHandler               
000035a1  DL_Common_delayCycles         
00002789  DL_I2C_fillControllerTXFIFO   
00002c89  DL_I2C_flushControllerTXFIFO  
000031bf  DL_I2C_setClockConfig         
00002a25  DL_UART_init                  
000032f5  DL_UART_receiveDataCheck      
0000351f  DL_UART_setClockConfig        
00002ec9  DL_UART_transmitDataBlocking  
000035bb  DMA_IRQHandler                
000035bb  Default_Handler               
000024cd  Emm_V5_Angle_To_Pulses        
00002b45  Emm_V5_En_Control             
000022e1  Emm_V5_Pos_Control            
00002601  Emm_V5_Pos_Control_Angle      
00000c75  Emm_V5_Read_Sys_Params        
00002cc5  Emm_V5_Stop_Now               
000035bb  GROUP0_IRQHandler             
000035bb  GROUP1_IRQHandler             
000035bf  HOSTexit                      
000035bb  HardFault_Handler             
000035bb  I2C0_IRQHandler               
000035bb  I2C1_IRQHandler               
00002df1  Motor_UART_EnableRxInterrupt  
000027e9  Motor_UART_ReadByte           
000035bb  NMI_Handler                   
000026c9  OLED_Clear                    
0000259d  OLED_ClearPoint               
00002ab5  OLED_DrawPoint                
20200000  OLED_GRAM                     
00001c79  OLED_Init                     
00002ef9  OLED_Pow                      
00002f59  OLED_Refresh                  
00001bbd  OLED_RefreshPage              
00001315  OLED_ShowChar                 
00001d29  OLED_ShowNum                  
00001f1f  OLED_ShowString               
000015b5  OLED_WR_Byte                  
00002845  PID_DecayIntegral             
00001929  PID_Init                      
00002f87  PID_Reset                     
00001819  PID_UpdateConditional         
000035bb  PendSV_Handler                
000035bb  RTC_IRQHandler                
000035c3  Reset_Handler                 
000035bb  SPI0_IRQHandler               
000035bb  SPI1_IRQHandler               
000035bb  SVC_Handler                   
00001e7d  SYSCFG_DL_GPIO_init           
00002b89  SYSCFG_DL_LLM_UART_init       
00002bc9  SYSCFG_DL_MOTOR_UART_init     
00002729  SYSCFG_DL_OLED_init           
00002c09  SYSCFG_DL_PRINT_init          
00003267  SYSCFG_DL_SYSCTL_init         
00003229  SYSCFG_DL_init                
0000235d  SYSCFG_DL_initPower           
00002535  Serial1_SendArrayTry          
00003565  SysTick_Handler               
000035bb  TIMA0_IRQHandler              
000035bb  TIMA1_IRQHandler              
000035bb  TIMG0_IRQHandler              
000035bb  TIMG12_IRQHandler             
000035bb  TIMG6_IRQHandler              
000035bb  TIMG7_IRQHandler              
000035bb  TIMG8_IRQHandler              
00003531  TI_memcpy_small               
00003585  TI_memset_small               
00002455  UART0_IRQHandler              
000035bb  UART1_IRQHandler              
000020d1  UART2_IRQHandler              
000035bb  UART3_IRQHandler              
00002f29  UART_read_received_byte       
20208000  __STACK_END                   
00000200  __STACK_SIZE                  
00000000  __TI_ATRegion0_region_sz      
00000000  __TI_ATRegion0_src_addr       
00000000  __TI_ATRegion0_trg_addr       
00000000  __TI_ATRegion1_region_sz      
00000000  __TI_ATRegion1_src_addr       
00000000  __TI_ATRegion1_trg_addr       
00000000  __TI_ATRegion2_region_sz      
00000000  __TI_ATRegion2_src_addr       
00000000  __TI_ATRegion2_trg_addr       
00004e34  __TI_CINIT_Base               
00004e44  __TI_CINIT_Limit              
00004e44  __TI_CINIT_Warm               
00004e20  __TI_Handler_Table_Base       
00004e2c  __TI_Handler_Table_Limit      
00002d3d  __TI_auto_init_nobinit_nopinit
000023d9  __TI_decompress_lzss          
00003543  __TI_decompress_none          
ffffffff  __TI_pprof_out_hndl           
ffffffff  __TI_prof_data_size           
ffffffff  __TI_prof_data_start          
00000000  __TI_static_base__            
00003575  __TI_zero_init                
00001aef  __addsf3                      
00002e29  __aeabi_f2iz                  
00002e95  __aeabi_f2uiz                 
00001aef  __aeabi_fadd                  
00002665  __aeabi_fcmpeq                
000026a1  __aeabi_fcmpge                
000026b5  __aeabi_fcmpgt                
0000268d  __aeabi_fcmple                
00002679  __aeabi_fcmplt                
000021dd  __aeabi_fdiv                  
00002045  __aeabi_fmul                  
00001ae5  __aeabi_fsub                  
00001927  __aeabi_idiv0                 
00003595  __aeabi_memclr                
00003595  __aeabi_memclr4               
00003595  __aeabi_memclr8               
000035ad  __aeabi_memcpy                
000035ad  __aeabi_memcpy4               
000035ad  __aeabi_memcpy8               
00003149  __aeabi_ui2f                  
00002c49  __aeabi_uidiv                 
00002c49  __aeabi_uidivmod              
ffffffff  __binit__                     
00002d79  __cmpsf2                      
000021dd  __divsf3                      
00002d79  __eqsf2                       
00002e29  __fixsfsi                     
00002e95  __fixunssfsi                  
00003149  __floatunsisf                 
00002d01  __gesf2                       
00002d01  __gtsf2                       
00002d79  __lesf2                       
00002d79  __ltsf2                       
UNDEFED   __mpu_init                    
00002db5  __muldsi3                     
00002045  __mulsf3                      
00002d79  __nesf2                       
20207e00  __stack                       
20200000  __start___llvm_prf_bits       
20200000  __start___llvm_prf_cnts       
20200000  __stop___llvm_prf_bits        
20200000  __stop___llvm_prf_cnts        
00001ae5  __subsf3                      
00003171  _c_int00_noargs               
UNDEFED   _system_post_cinit            
000035c7  _system_pre_init              
000035b5  abort                         
0000491c  asc2_1206                     
0000432c  asc2_1608                     
000035d0  asc2_2412                     
ffffffff  binit                         
202007a8  current_position              
20200764  current_speed                 
00003311  delay_ms                      
00000000  interruptVectors              
00000e59  main                          
2020079c  pipe_angle                    
202007b4  target_position               
202007a0  target_speed                  
202007a4  valid_frame_count             


GLOBAL SYMBOLS: SORTED BY Symbol Address 

address   name                          
-------   ----                          
00000000  __TI_ATRegion0_region_sz      
00000000  __TI_ATRegion0_src_addr       
00000000  __TI_ATRegion0_trg_addr       
00000000  __TI_ATRegion1_region_sz      
00000000  __TI_ATRegion1_src_addr       
00000000  __TI_ATRegion1_trg_addr       
00000000  __TI_ATRegion2_region_sz      
00000000  __TI_ATRegion2_src_addr       
00000000  __TI_ATRegion2_trg_addr       
00000000  __TI_static_base__            
00000000  interruptVectors              
00000200  __STACK_SIZE                  
00000c75  Emm_V5_Read_Sys_Params        
00000e59  main                          
00001315  OLED_ShowChar                 
000015b5  OLED_WR_Byte                  
00001819  PID_UpdateConditional         
00001927  __aeabi_idiv0                 
00001929  PID_Init                      
00001ae5  __aeabi_fsub                  
00001ae5  __subsf3                      
00001aef  __addsf3                      
00001aef  __aeabi_fadd                  
00001bbd  OLED_RefreshPage              
00001c79  OLED_Init                     
00001d29  OLED_ShowNum                  
00001e7d  SYSCFG_DL_GPIO_init           
00001f1f  OLED_ShowString               
00002045  __aeabi_fmul                  
00002045  __mulsf3                      
000020d1  UART2_IRQHandler              
000021dd  __aeabi_fdiv                  
000021dd  __divsf3                      
00002261  Bianma_Init                   
000022e1  Emm_V5_Pos_Control            
0000235d  SYSCFG_DL_initPower           
000023d9  __TI_decompress_lzss          
00002455  UART0_IRQHandler              
000024cd  Emm_V5_Angle_To_Pulses        
00002535  Serial1_SendArrayTry          
0000259d  OLED_ClearPoint               
00002601  Emm_V5_Pos_Control_Angle      
00002665  __aeabi_fcmpeq                
00002679  __aeabi_fcmplt                
0000268d  __aeabi_fcmple                
000026a1  __aeabi_fcmpge                
000026b5  __aeabi_fcmpgt                
000026c9  OLED_Clear                    
00002729  SYSCFG_DL_OLED_init           
00002789  DL_I2C_fillControllerTXFIFO   
000027e9  Motor_UART_ReadByte           
00002845  PID_DecayIntegral             
00002a25  DL_UART_init                  
00002ab5  OLED_DrawPoint                
00002b45  Emm_V5_En_Control             
00002b89  SYSCFG_DL_LLM_UART_init       
00002bc9  SYSCFG_DL_MOTOR_UART_init     
00002c09  SYSCFG_DL_PRINT_init          
00002c49  __aeabi_uidiv                 
00002c49  __aeabi_uidivmod              
00002c89  DL_I2C_flushControllerTXFIFO  
00002cc5  Emm_V5_Stop_Now               
00002d01  __gesf2                       
00002d01  __gtsf2                       
00002d3d  __TI_auto_init_nobinit_nopinit
00002d79  __cmpsf2                      
00002d79  __eqsf2                       
00002d79  __lesf2                       
00002d79  __ltsf2                       
00002d79  __nesf2                       
00002db5  __muldsi3                     
00002df1  Motor_UART_EnableRxInterrupt  
00002e29  __aeabi_f2iz                  
00002e29  __fixsfsi                     
00002e95  __aeabi_f2uiz                 
00002e95  __fixunssfsi                  
00002ec9  DL_UART_transmitDataBlocking  
00002ef9  OLED_Pow                      
00002f29  UART_read_received_byte       
00002f59  OLED_Refresh                  
00002f87  PID_Reset                     
00003149  __aeabi_ui2f                  
00003149  __floatunsisf                 
00003171  _c_int00_noargs               
000031bf  DL_I2C_setClockConfig         
00003229  SYSCFG_DL_init                
00003267  SYSCFG_DL_SYSCTL_init         
000032f5  DL_UART_receiveDataCheck      
00003311  delay_ms                      
0000332d  Bianma_Button_IsPressed       
0000351f  DL_UART_setClockConfig        
00003531  TI_memcpy_small               
00003543  __TI_decompress_none          
00003565  SysTick_Handler               
00003575  __TI_zero_init                
00003585  TI_memset_small               
00003595  __aeabi_memclr                
00003595  __aeabi_memclr4               
00003595  __aeabi_memclr8               
000035a1  DL_Common_delayCycles         
000035ad  __aeabi_memcpy                
000035ad  __aeabi_memcpy4               
000035ad  __aeabi_memcpy8               
000035b5  abort                         
000035bb  ADC0_IRQHandler               
000035bb  ADC1_IRQHandler               
000035bb  AES_IRQHandler                
000035bb  CANFD0_IRQHandler             
000035bb  DAC0_IRQHandler               
000035bb  DMA_IRQHandler                
000035bb  Default_Handler               
000035bb  GROUP0_IRQHandler             
000035bb  GROUP1_IRQHandler             
000035bb  HardFault_Handler             
000035bb  I2C0_IRQHandler               
000035bb  I2C1_IRQHandler               
000035bb  NMI_Handler                   
000035bb  PendSV_Handler                
000035bb  RTC_IRQHandler                
000035bb  SPI0_IRQHandler               
000035bb  SPI1_IRQHandler               
000035bb  SVC_Handler                   
000035bb  TIMA0_IRQHandler              
000035bb  TIMA1_IRQHandler              
000035bb  TIMG0_IRQHandler              
000035bb  TIMG12_IRQHandler             
000035bb  TIMG6_IRQHandler              
000035bb  TIMG7_IRQHandler              
000035bb  TIMG8_IRQHandler              
000035bb  UART1_IRQHandler              
000035bb  UART3_IRQHandler              
000035be  C$$EXIT                       
000035bf  HOSTexit                      
000035c3  Reset_Handler                 
000035c7  _system_pre_init              
000035d0  asc2_2412                     
0000432c  asc2_1608                     
0000491c  asc2_1206                     
00004e20  __TI_Handler_Table_Base       
00004e2c  __TI_Handler_Table_Limit      
00004e34  __TI_CINIT_Base               
00004e44  __TI_CINIT_Limit              
00004e44  __TI_CINIT_Warm               
20200000  OLED_GRAM                     
20200000  __start___llvm_prf_bits       
20200000  __start___llvm_prf_cnts       
20200000  __stop___llvm_prf_bits        
20200000  __stop___llvm_prf_cnts        
20200764  current_speed                 
2020079c  pipe_angle                    
202007a0  target_speed                  
202007a4  valid_frame_count             
202007a8  current_position              
202007b4  target_position               
20207e00  __stack                       
20208000  __STACK_END                   
ffffffff  __TI_pprof_out_hndl           
ffffffff  __TI_prof_data_size           
ffffffff  __TI_prof_data_start          
ffffffff  __binit__                     
ffffffff  binit                         
UNDEFED   __mpu_init                    
UNDEFED   _system_post_cinit            

[163 symbols]
