******************************************************************************
            TI ARM Clang Linker PC v4.0.4                      
******************************************************************************
>> Linked Thu Jul 23 19:37:02 2026

OUTPUT FILE NAME:   <10_DC_MOTOR_PID_2.out>
ENTRY POINT SYMBOL: "_c_int00_noargs"  address: 00002509


MEMORY CONFIGURATION

         name            origin    length      used     unused   attr    fill
----------------------  --------  ---------  --------  --------  ----  --------
  FLASH                 00000000   00020000  00004548  0001bab8  R  X
  SRAM                  20200000   00008000  00000825  000077db  RW X
  BCR_CONFIG            41c00000   000000ff  00000000  000000ff  R   
  BSL_CONFIG            41c00100   00000080  00000000  00000080  R   


SEGMENT ALLOCATION MAP

run origin  load origin   length   init length attrs members
----------  ----------- ---------- ----------- ----- -------
00000000    00000000    00004548   00004548    r-x
  00000000    00000000    000000c0   000000c0    r-- .intvecs
  000000c0    000000c0    00002c08   00002c08    r-x .text
  00002cc8    00002cc8    00001848   00001848    r-- .rodata
  00004510    00004510    00000038   00000038    r-- .cinit
20200000    20200000    00000625   00000000    rw-
  20200000    20200000    000005dc   00000000    rw- .bss
  202005dc    202005dc    00000049   00000000    rw- .data
20207e00    20207e00    00000200   00000000    rw-
  20207e00    20207e00    00000200   00000000    rw- .stack


SECTION ALLOCATION MAP

 output                                  attributes/
section   page    origin      length       input sections
--------  ----  ----------  ----------   ----------------
.intvecs   0    00000000    000000c0     
                  00000000    000000c0     startup_mspm0g350x_ticlang.o (.intvecs)

.text      0    000000c0    00002c08     
                  000000c0    000001ec     motor.o (.text.motor_drive_percent)
                  000002ac    000001d0     ti_msp_dl_config.o (.text.SYSCFG_DL_GPIO_init)
                  0000047c    00000158     oled.o (.text.OLED_ShowChar)
                  000005d4    00000144     main.o (.text.main)
                  00000718    00000134     oled.o (.text.OLED_WR_Byte)
                  0000084c    0000010c     motor.o (.text.motor_pid_update)
                  00000958    00000108     key.o (.text.Key_Process)
                  00000a60    00000104     driverlib.a : dl_timer.o (.text.DL_Timer_initFourCCPWMMode)
                  00000b64    000000fc                 : dl_timer.o (.text.DL_Timer_initTimerMode)
                  00000c60    000000fc     line_tracking.o (.text.Line_Tracking_Update)
                  00000d5c    000000f8     oled.o (.text.OLED_Init)
                  00000e54    000000e8     ti_msp_dl_config.o (.text.SYSCFG_DL_SYSCTL_SYSPLL_init)
                  00000f3c    000000e8     motor.o (.text.motor_set_direction)
                  00001024    000000dc     driverlib.a : dl_sysctl_mspm0g1x0x_g3x0x.o (.text.DL_SYSCTL_configSYSPLL)
                  00001100    000000ac     oled.o (.text.OLED_ShowNum)
                  000011ac    000000a0     ti_msp_dl_config.o (.text.SYSCFG_DL_initPower)
                  0000124c    00000098     oled.o (.text.OLED_ShowString)
                  000012e4    00000094     main.o (.text.OLED_ShowMotorPercent)
                  00001378    00000090     motor.o (.text.motor_init)
                  00001408    0000008c     ti_msp_dl_config.o (.text.SYSCFG_DL_PWMAB_init)
                  00001494    0000008c     line_tracking.o (.text.tracking_apply_motor_targets)
                  00001520    00000088     main.o (.text.OLED_ShowSignedPercent)
                  000015a8    00000084     motor.o (.text.TIMA0_IRQHandler)
                  0000162c    0000007c     oled.o (.text.OLED_Refresh)
                  000016a8    0000007c     libc.a : copy_decompress_lzss.c.obj (.text:decompress:lzss)
                  00001724    00000078     main.o (.text.OLED_ShowPidGains)
                  0000179c    00000074     ti_msp_dl_config.o (.text.SYSCFG_DL_SYSCTL_init)
                  00001810    00000074     libclang_rt.builtins.a : comparedf2.c.obj (.text.__gedf2)
                  00001884    00000074     grayscale_sensor.o (.text.grayscale_select_channel)
                  000018f8    00000074     motor.o (.text.motor_stop)
                  0000196c    0000006c     ti_msp_dl_config.o (.text.SYSCFG_DL_SERVO_init)
                  000019d8    00000068     libclang_rt.builtins.a : comparedf2.c.obj (.text.__ledf2)
                  00001a40    00000064     driverlib.a : dl_sysctl_mspm0g1x0x_g3x0x.o (.text.DL_SYSCTL_setHFCLKSourceHFXTParams)
                  00001aa4    00000064     oled.o (.text.OLED_ClearPoint)
                  00001b08    00000062     libclang_rt.builtins.a : aeabi_dcmp.S.obj (.text.__aeabi_dcmp)
                  00001b6a    00000002     grayscale_sensor.o (.text.Grayscale_Sensor_Init)
                  00001b6c    00000060     oled.o (.text.OLED_Clear)
                  00001bcc    00000060     ti_msp_dl_config.o (.text.SYSCFG_DL_MPU6050_init)
                  00001c2c    00000060     ti_msp_dl_config.o (.text.SYSCFG_DL_OLED_init)
                  00001c8c    0000005e     driverlib.a : dl_i2c.o (.text.DL_I2C_fillControllerTXFIFO)
                  00001cea    00000002     libclang_rt.builtins.a : aeabi_div0.c.obj (.text.__aeabi_idiv0)
                  00001cec    00000056                            : aeabi_idivmod.S.obj (.text.__aeabi_idivmod)
                  00001d42    00000002     --HOLE-- [fill = 0]
                  00001d44    00000050     ti_msp_dl_config.o (.text.DL_GPIO_initPeripheralInputFunctionFeatures)
                  00001d94    00000050     oled.o (.text.DL_I2C_startControllerTransfer)
                  00001de4    00000050     grayscale_sensor.o (.text.Grayscale_Sensor_Read_All)
                  00001e34    0000004c     ti_msp_dl_config.o (.text.DL_GPIO_initDigitalInputFeatures)
                  00001e80    0000004c     ti_msp_dl_config.o (.text.DL_UART_setBaudRateDivisor)
                  00001ecc    0000004c     encoder.o (.text.Encoder_Get_Count)
                  00001f18    0000004c     key.o (.text.GROUP1_IRQHandler)
                  00001f64    0000004c     motor.o (.text.motor_set_duty)
                  00001fb0    00000048     driverlib.a : dl_uart.o (.text.DL_UART_init)
                  00001ff8    00000048     oled.o (.text.OLED_DrawPoint)
                  00002040    00000048     ti_msp_dl_config.o (.text.SYSCFG_DL_PRINT_init)
                  00002088    00000044     driverlib.a : dl_sysctl_mspm0g1x0x_g3x0x.o (.text.DL_SYSCTL_switchMCLKfromSYSOSCtoHSCLK)
                  000020cc    00000044     motor.o (.text.motor_get_target_percent)
                  00002110    00000040     ti_msp_dl_config.o (.text.SYSCFG_DL_init)
                  00002150    00000040     libclang_rt.builtins.a : aeabi_uidivmod.S.obj (.text.__aeabi_uidivmod)
                  00002190    0000003c     driverlib.a : dl_i2c.o (.text.DL_I2C_flushControllerTXFIFO)
                  000021cc    0000003c     ti_msp_dl_config.o (.text.DL_Timer_setCounterControl)
                  00002208    0000003c     motor.o (.text.motor_adjust_pid_ki)
                  00002244    0000003c     motor.o (.text.motor_adjust_pid_kp)
                  00002280    0000003c     motor.o (.text.motor_get_actual_speed_percent)
                  000022bc    0000003c     libc.a : autoinit.c.obj (.text:__TI_auto_init_nobinit_nopinit)
                  000022f8    00000034     ti_msp_dl_config.o (.text.SYSCFG_DL_MOTOR_PID_init)
                  0000232c    00000034     uart.o (.text.UART0_IRQHandler)
                  00002360    00000030     driverlib.a : dl_uart.o (.text.DL_UART_transmitDataBlocking)
                  00002390    00000030     oled.o (.text.OLED_Pow)
                  000023c0    0000002c     main.o (.text.__NVIC_ClearPendingIRQ)
                  000023ec    0000002c     main.o (.text.__NVIC_EnableIRQ)
                  00002418    00000028     oled.o (.text.DL_Common_updateReg)
                  00002440    00000028     ti_msp_dl_config.o (.text.DL_Common_updateReg)
                  00002468    00000028     ti_msp_dl_config.o (.text.DL_I2C_setControllerRXFIFOThreshold)
                  00002490    00000028     ti_msp_dl_config.o (.text.DL_I2C_setControllerTXFIFOThreshold)
                  000024b8    00000028     encoder.o (.text.Encoder_Record_Pulse)
                  000024e0    00000028     motor.o (.text.limit_duty)
                  00002508    00000028     libc.a : boot_cortex_m.c.obj (.text:_c_int00_noargs)
                  00002530    00000026     ti_msp_dl_config.o (.text.DL_I2C_setAnalogGlitchFilterPulseWidth)
                  00002556    00000026     driverlib.a : dl_i2c.o (.text.DL_I2C_setClockConfig)
                  0000257c    00000024     ti_msp_dl_config.o (.text.DL_I2C_setDigitalGlitchFilterPulseWidth)
                  000025a0    00000024     libclang_rt.builtins.a : floatunsidf.S.obj (.text.__floatunsidf)
                  000025c4    00000020     ti_msp_dl_config.o (.text.DL_GPIO_initPeripheralInputFunction)
                  000025e4    00000020     ti_msp_dl_config.o (.text.DL_SYSCTL_setFlashWaitState)
                  00002604    0000001e     ti_msp_dl_config.o (.text.DL_UART_setOversampling)
                  00002622    00000002     --HOLE-- [fill = 0]
                  00002624    0000001c     key.o (.text.DL_GPIO_clearInterruptStatus)
                  00002640    0000001c     ti_msp_dl_config.o (.text.DL_GPIO_clearInterruptStatus)
                  0000265c    0000001c     ti_msp_dl_config.o (.text.DL_GPIO_enableHiZ)
                  00002678    0000001c     ti_msp_dl_config.o (.text.DL_GPIO_enableInterrupt)
                  00002694    0000001c     ti_msp_dl_config.o (.text.DL_GPIO_initPeripheralOutputFunction)
                  000026b0    0000001c     ti_msp_dl_config.o (.text.DL_GPIO_setLowerPinsPolarity)
                  000026cc    0000001c     driverlib.a : dl_sysctl_mspm0g1x0x_g3x0x.o (.text.DL_SYSCTL_configFCC)
                  000026e8    0000001c     ti_msp_dl_config.o (.text.DL_SYSCTL_setFCCPeriods)
                  00002704    0000001c     ti_msp_dl_config.o (.text.DL_SYSCTL_setSYSOSCFreq)
                  00002720    0000001c     ti_msp_dl_config.o (.text.DL_SYSCTL_setULPCLKDivider)
                  0000273c    0000001c     ti_msp_dl_config.o (.text.DL_Timer_enableInterrupt)
                  00002758    0000001c     driverlib.a : dl_timer.o (.text.DL_Timer_setCaptCompUpdateMethod)
                  00002774    0000001c                 : dl_timer.o (.text.DL_Timer_setClockConfig)
                  00002790    0000001c     ti_msp_dl_config.o (.text.DL_UART_enableInterrupt)
                  000027ac    0000001c     uart.o (.text.UART_send_char)
                  000027c8    0000001c     delay.o (.text.delay_ms)
                  000027e4    00000018     ti_msp_dl_config.o (.text.DL_GPIO_enableOutput)
                  000027fc    00000018     ti_msp_dl_config.o (.text.DL_GPIO_enablePower)
                  00002814    00000018     key.o (.text.DL_GPIO_getEnabledInterruptStatus)
                  0000282c    00000018     ti_msp_dl_config.o (.text.DL_GPIO_initDigitalOutput)
                  00002844    00000018     ti_msp_dl_config.o (.text.DL_GPIO_initPeripheralAnalogFunction)
                  0000285c    00000018     ti_msp_dl_config.o (.text.DL_GPIO_reset)
                  00002874    00000018     grayscale_sensor.o (.text.DL_GPIO_setPins)
                  0000288c    00000018     main.o (.text.DL_GPIO_setPins)
                  000028a4    00000018     motor.o (.text.DL_GPIO_setPins)
                  000028bc    00000018     ti_msp_dl_config.o (.text.DL_I2C_enableAnalogGlitchFilter)
                  000028d4    00000018     ti_msp_dl_config.o (.text.DL_I2C_enableController)
                  000028ec    00000018     ti_msp_dl_config.o (.text.DL_I2C_enableControllerClockStretching)
                  00002904    00000018     ti_msp_dl_config.o (.text.DL_I2C_enablePower)
                  0000291c    00000018     ti_msp_dl_config.o (.text.DL_I2C_reset)
                  00002934    00000018     ti_msp_dl_config.o (.text.DL_I2C_setTimerPeriod)
                  0000294c    00000018     ti_msp_dl_config.o (.text.DL_SYSCTL_setBORThreshold)
                  00002964    00000018     ti_msp_dl_config.o (.text.DL_Timer_enablePower)
                  0000297c    00000018     ti_msp_dl_config.o (.text.DL_Timer_reset)
                  00002994    00000018     driverlib.a : dl_timer.o (.text.DL_Timer_setCaptureCompareOutCtl)
                  000029ac    00000018     main.o (.text.DL_Timer_startCounter)
                  000029c4    00000018     motor.o (.text.DL_Timer_startCounter)
                  000029dc    00000018     ti_msp_dl_config.o (.text.DL_UART_enablePower)
                  000029f4    00000018     ti_msp_dl_config.o (.text.DL_UART_reset)
                  00002a0c    00000018     encoder.o (.text.Encoder_Init)
                  00002a24    00000018     grayscale_sensor.o (.text.grayscale_read_out)
                  00002a3c    00000016     grayscale_sensor.o (.text.DL_GPIO_readPins)
                  00002a52    00000016     key.o (.text.DL_GPIO_readPins)
                  00002a68    00000016     ti_msp_dl_config.o (.text.DL_UART_enable)
                  00002a7e    00000016     motor.o (.text.motor_calculate_speed_percent)
                  00002a94    00000014     grayscale_sensor.o (.text.DL_GPIO_clearPins)
                  00002aa8    00000014     motor.o (.text.DL_GPIO_clearPins)
                  00002abc    00000014     ti_msp_dl_config.o (.text.DL_GPIO_clearPins)
                  00002ad0    00000014     oled.o (.text.DL_I2C_getControllerStatus)
                  00002ae4    00000014     oled.o (.text.DL_I2C_resetControllerTransfer)
                  00002af8    00000014     ti_msp_dl_config.o (.text.DL_I2C_resetControllerTransfer)
                  00002b0c    00000014     ti_msp_dl_config.o (.text.DL_SYSCTL_disableSYSPLL)
                  00002b20    00000014     ti_msp_dl_config.o (.text.DL_SYSCTL_enableSYSPLL)
                  00002b34    00000014     ti_msp_dl_config.o (.text.DL_Timer_enableClock)
                  00002b48    00000014     ti_msp_dl_config.o (.text.DL_Timer_setCCPDirection)
                  00002b5c    00000014     uart.o (.text.DL_UART_receiveData)
                  00002b70    00000014     grayscale_sensor.o (.text.grayscale_delay_us)
                  00002b84    00000014     motor.o (.text.motor_get_target_speed_percent)
                  00002b98    00000012     motor.o (.text.DL_Timer_getPendingInterrupt)
                  00002baa    00000012     uart.o (.text.DL_UART_getPendingInterrupt)
                  00002bbc    00000012     driverlib.a : dl_uart.o (.text.DL_UART_setClockConfig)
                  00002bce    00000012     libc.a : memcpy16.S.obj (.text:TI_memcpy_small)
                  00002be0    00000012            : copy_decompress_none.c.obj (.text:decompress:none)
                  00002bf2    00000002     --HOLE-- [fill = 0]
                  00002bf4    00000010     ti_msp_dl_config.o (.text.DL_SYSCTL_disableHFXT)
                  00002c04    00000010     ti_msp_dl_config.o (.text.DL_SYSCTL_isFCCDone)
                  00002c14    00000010     ti_msp_dl_config.o (.text.DL_SYSCTL_startFCC)
                  00002c24    00000010     driverlib.a : dl_timer.o (.text.DL_Timer_setCaptureCompareValue)
                  00002c34    00000010     libc.a : copy_zero_init.c.obj (.text:decompress:ZI)
                  00002c44    0000000e            : memset16.S.obj (.text:TI_memset_small)
                  00002c52    00000002     --HOLE-- [fill = 0]
                  00002c54    0000000c     ti_msp_dl_config.o (.text.DL_SYSCTL_getClockStatus)
                  00002c60    0000000c     ti_msp_dl_config.o (.text.DL_SYSCTL_readFCC)
                  00002c6c    0000000c     libclang_rt.builtins.a : aeabi_memset.S.obj (.text.__aeabi_memclr)
                  00002c78    0000000c     motor.o (.text.motor_get_pid_kd)
                  00002c84    0000000c     motor.o (.text.motor_get_pid_ki)
                  00002c90    0000000c     motor.o (.text.motor_get_pid_kp)
                  00002c9c    0000000a     driverlib.a : dl_common.o (.text.DL_Common_delayCycles)
                  00002ca6    00000002     --HOLE-- [fill = 0]
                  00002ca8    00000008     libclang_rt.builtins.a : aeabi_memcpy.S.obj (.text.__aeabi_memcpy)
                  00002cb0    00000006     libc.a : exit.c.obj (.text:abort)
                  00002cb6    00000004     startup_mspm0g350x_ticlang.o (.text.Default_Handler)
                  00002cba    00000004     libsysbm.a : hostexit.c.obj (.text.HOSTexit)
                  00002cbe    00000004     startup_mspm0g350x_ticlang.o (.text.Reset_Handler)
                  00002cc2    00000004     libc.a : pre_init.c.obj (.text._system_pre_init)
                  00002cc6    00000002     --HOLE-- [fill = 0]

.cinit     0    00004510    00000038     
                  00004510    0000000e     (.cinit..data.load) [load image, compression = lzss]
                  0000451e    00000002     --HOLE-- [fill = 0]
                  00004520    0000000c     (__TI_handler_table)
                  0000452c    00000008     (.cinit..bss.load) [load image, compression = zero_init]
                  00004534    00000010     (__TI_cinit_table)
                  00004544    00000004     --HOLE-- [fill = 0]

.rodata    0    00002cc8    00001848     
                  00002cc8    00000d5c     oled.o (.rodata.asc2_2412)
                  00003a24    000005f0     oled.o (.rodata.asc2_1608)
                  00004014    00000474     oled.o (.rodata.asc2_1206)
                  00004488    00000028     ti_msp_dl_config.o (.rodata.gSYSPLLConfig)
                  000044b0    00000014     ti_msp_dl_config.o (.rodata.gMOTOR_PIDTimerConfig)
                  000044c4    00000010     line_tracking.o (.rodata.tracking_weights)
                  000044d4    0000000a     ti_msp_dl_config.o (.rodata.gPRINTConfig)
                  000044de    00000002     ti_msp_dl_config.o (.rodata.gMPU6050ClockConfig)
                  000044e0    00000008     ti_msp_dl_config.o (.rodata.gPWMABConfig)
                  000044e8    00000008     ti_msp_dl_config.o (.rodata.gSERVOConfig)
                  000044f0    00000003     ti_msp_dl_config.o (.rodata.gMOTOR_PIDClockConfig)
                  000044f3    00000003     ti_msp_dl_config.o (.rodata.gPWMABClockConfig)
                  000044f6    00000003     ti_msp_dl_config.o (.rodata.gSERVOClockConfig)
                  000044f9    00000003     main.o (.rodata.str1.12180500075719773345.1)
                  000044fc    00000003     main.o (.rodata.str1.15159059442110792349.1)
                  000044ff    00000003     main.o (.rodata.str1.2846389346932560359.1)
                  00004502    00000003     main.o (.rodata.str1.288608917962107522.1)
                  00004505    00000003     main.o (.rodata.str1.8154729771448623357.1)
                  00004508    00000002     ti_msp_dl_config.o (.rodata.gOLEDClockConfig)
                  0000450a    00000002     ti_msp_dl_config.o (.rodata.gPRINTClockConfig)
                  0000450c    00000002     main.o (.rodata.str1.17100691992556644108.1)
                  0000450e    00000002     main.o (.rodata.str1.18227636981041470289.1)

.init_array 
*          0    00000000    00000000     UNINITIALIZED

.binit     0    00000000    00000000     

.bss       0    20200000    000005dc     UNINITIALIZED
                  20200000    00000480     (.common:OLED_GRAM)
                  20200480    000000bc     (.common:gMOTOR_PIDBackup)
                  2020053c    000000a0     (.common:gSERVOBackup)

.data      0    202005dc    00000049     UNINITIALIZED
                  202005dc    00000020     motor.o (.data.motor_pid)
                  202005fc    00000008     encoder.o (.data.encoder_count)
                  20200604    00000008     encoder.o (.data.encoder_last_count)
                  2020060c    00000004     key.o (.data.Key_Process.filter)
                  20200610    00000004     key.o (.data.Key_Process.latched)
                  20200614    00000004     motor.o (.data.motor_pid_kd)
                  20200618    00000004     motor.o (.data.motor_pid_ki)
                  2020061c    00000004     motor.o (.data.motor_pid_kp)
                  20200620    00000004     motor.o (.data.motor_target_percent)
                  20200624    00000001     oled.o (.data.g_oled_i2c_failed)

.stack     0    20207e00    00000200     UNINITIALIZED
                  20207e00    00000004     libc.a : boot_cortex_m.c.obj (.stack)
                  20207e04    000001fc     --HOLE--

__llvm_prf_cnts 
*          0    20200000    00000000     UNINITIALIZED

__llvm_prf_bits 
*          0    20200000    00000000     UNINITIALIZED

MODULE SUMMARY

       Module                         code    ro data   rw data
       ------                         ----    -------   -------
    .\
       ti_msp_dl_config.o             3058    101       348    
       main.o                         864     19        0      
       startup_mspm0g350x_ticlang.o   8       192       0      
    +--+------------------------------+-------+---------+---------+
       Total:                         3930    312       348    
                                                               
    .\user_driver\
       oled.o                         1824    6080      1153   
       motor.o                        1912    0         48     
       key.o                          414     0         8      
       line_tracking.o                392     16        0      
       grayscale_sensor.o             308     0         0      
       encoder.o                      140     0         16     
       uart.o                         118     0         0      
       delay.o                        28      0         0      
    +--+------------------------------+-------+---------+---------+
       Total:                         5136    6096      1225   
                                                               
    C:/TI/mspm0_sdk_2_10_00_04/source/ti/driverlib/lib/ticlang/m0p/mspm0g1x0x_g3x0x/driverlib.a
       dl_timer.o                     608     0         0      
       dl_sysctl_mspm0g1x0x_g3x0x.o   416     0         0      
       dl_i2c.o                       192     0         0      
       dl_uart.o                      138     0         0      
       dl_common.o                    10      0         0      
    +--+------------------------------+-------+---------+---------+
       Total:                         1364    0         0      
                                                               
    E:\install\keli\ti\css\ccs\tools\compiler\ti-cgt-armllvm_4.0.4.LTS\lib\armv6m-ti-none-eabi/c/libc.a
       copy_decompress_lzss.c.obj     124     0         0      
       autoinit.c.obj                 60      0         0      
       boot_cortex_m.c.obj            40      0         0      
       copy_decompress_none.c.obj     18      0         0      
       memcpy16.S.obj                 18      0         0      
       copy_zero_init.c.obj           16      0         0      
       memset16.S.obj                 14      0         0      
       exit.c.obj                     6       0         0      
       pre_init.c.obj                 4       0         0      
    +--+------------------------------+-------+---------+---------+
       Total:                         300     0         0      
                                                               
    E:\install\keli\ti\css\ccs\tools\compiler\ti-cgt-armllvm_4.0.4.LTS\lib\armv6m-ti-none-eabi/c/libsysbm.a
       hostexit.c.obj                 4       0         0      
    +--+------------------------------+-------+---------+---------+
       Total:                         4       0         0      
                                                               
    E:\install\keli\ti\css\ccs\tools\compiler\ti-cgt-armllvm_4.0.4.LTS\lib\armv6m-ti-none-eabi/libclang_rt.builtins.a
       comparedf2.c.obj               220     0         0      
       aeabi_dcmp.S.obj               98      0         0      
       aeabi_idivmod.S.obj            86      0         0      
       aeabi_uidivmod.S.obj           64      0         0      
       floatunsidf.S.obj              36      0         0      
       aeabi_memset.S.obj             12      0         0      
       aeabi_memcpy.S.obj             8       0         0      
       aeabi_div0.c.obj               2       0         0      
    +--+------------------------------+-------+---------+---------+
       Total:                         526     0         0      
                                                               
       Stack:                         0       0         512    
       Linker Generated:              0       50        0      
    +--+------------------------------+-------+---------+---------+
       Grand Total:                   11260   6458      2085   


LINKER GENERATED COPY TABLES

__TI_cinit_table @ 00004534 records: 2, size/record: 8, table size: 16
	.data: load addr=00004510, load size=0000000e bytes, run addr=202005dc, run size=00000049 bytes, compression=lzss
	.bss: load addr=0000452c, load size=00000008 bytes, run addr=20200000, run size=000005dc bytes, compression=zero_init


LINKER GENERATED HANDLER TABLE

__TI_handler_table @ 00004520 records: 3, size/record: 4, table size: 12
	index: 0, handler: __TI_decompress_lzss
	index: 1, handler: __TI_decompress_none
	index: 2, handler: __TI_zero_init


GLOBAL SYMBOLS: SORTED ALPHABETICALLY BY Name 

address   name                                 
-------   ----                                 
00002cb7  ADC0_IRQHandler                      
00002cb7  ADC1_IRQHandler                      
00002cb7  AES_IRQHandler                       
00002cba  C$$EXIT                              
00002cb7  CANFD0_IRQHandler                    
00002cb7  DAC0_IRQHandler                      
00002c9d  DL_Common_delayCycles                
00001c8d  DL_I2C_fillControllerTXFIFO          
00002191  DL_I2C_flushControllerTXFIFO         
00002557  DL_I2C_setClockConfig                
000026cd  DL_SYSCTL_configFCC                  
00001025  DL_SYSCTL_configSYSPLL               
00001a41  DL_SYSCTL_setHFCLKSourceHFXTParams   
00002089  DL_SYSCTL_switchMCLKfromSYSOSCtoHSCLK
00000a61  DL_Timer_initFourCCPWMMode           
00000b65  DL_Timer_initTimerMode               
00002759  DL_Timer_setCaptCompUpdateMethod     
00002995  DL_Timer_setCaptureCompareOutCtl     
00002c25  DL_Timer_setCaptureCompareValue      
00002775  DL_Timer_setClockConfig              
00001fb1  DL_UART_init                         
00002bbd  DL_UART_setClockConfig               
00002361  DL_UART_transmitDataBlocking         
00002cb7  DMA_IRQHandler                       
00002cb7  Default_Handler                      
00001ecd  Encoder_Get_Count                    
00002a0d  Encoder_Init                         
000024b9  Encoder_Record_Pulse                 
00002cb7  GROUP0_IRQHandler                    
00001f19  GROUP1_IRQHandler                    
00001b6b  Grayscale_Sensor_Init                
00001de5  Grayscale_Sensor_Read_All            
00002cbb  HOSTexit                             
00002cb7  HardFault_Handler                    
00002cb7  I2C0_IRQHandler                      
00002cb7  I2C1_IRQHandler                      
00000959  Key_Process                          
00000c61  Line_Tracking_Update                 
00002cb7  NMI_Handler                          
00001b6d  OLED_Clear                           
00001aa5  OLED_ClearPoint                      
00001ff9  OLED_DrawPoint                       
20200000  OLED_GRAM                            
00000d5d  OLED_Init                            
00002391  OLED_Pow                             
0000162d  OLED_Refresh                         
0000047d  OLED_ShowChar                        
00001101  OLED_ShowNum                         
0000124d  OLED_ShowString                      
00000719  OLED_WR_Byte                         
00002cb7  PendSV_Handler                       
00002cb7  RTC_IRQHandler                       
00002cbf  Reset_Handler                        
00002cb7  SPI0_IRQHandler                      
00002cb7  SPI1_IRQHandler                      
00002cb7  SVC_Handler                          
000002ad  SYSCFG_DL_GPIO_init                  
000022f9  SYSCFG_DL_MOTOR_PID_init             
00001bcd  SYSCFG_DL_MPU6050_init               
00001c2d  SYSCFG_DL_OLED_init                  
00002041  SYSCFG_DL_PRINT_init                 
00001409  SYSCFG_DL_PWMAB_init                 
0000196d  SYSCFG_DL_SERVO_init                 
00000e55  SYSCFG_DL_SYSCTL_SYSPLL_init         
0000179d  SYSCFG_DL_SYSCTL_init                
00002111  SYSCFG_DL_init                       
000011ad  SYSCFG_DL_initPower                  
00002cb7  SysTick_Handler                      
000015a9  TIMA0_IRQHandler                     
00002cb7  TIMA1_IRQHandler                     
00002cb7  TIMG0_IRQHandler                     
00002cb7  TIMG12_IRQHandler                    
00002cb7  TIMG6_IRQHandler                     
00002cb7  TIMG7_IRQHandler                     
00002cb7  TIMG8_IRQHandler                     
00002bcf  TI_memcpy_small                      
00002c45  TI_memset_small                      
0000232d  UART0_IRQHandler                     
00002cb7  UART1_IRQHandler                     
00002cb7  UART2_IRQHandler                     
00002cb7  UART3_IRQHandler                     
000027ad  UART_send_char                       
20208000  __STACK_END                          
00000200  __STACK_SIZE                         
00000000  __TI_ATRegion0_region_sz             
00000000  __TI_ATRegion0_src_addr              
00000000  __TI_ATRegion0_trg_addr              
00000000  __TI_ATRegion1_region_sz             
00000000  __TI_ATRegion1_src_addr              
00000000  __TI_ATRegion1_trg_addr              
00000000  __TI_ATRegion2_region_sz             
00000000  __TI_ATRegion2_src_addr              
00000000  __TI_ATRegion2_trg_addr              
00004534  __TI_CINIT_Base                      
00004544  __TI_CINIT_Limit                     
00004544  __TI_CINIT_Warm                      
00004520  __TI_Handler_Table_Base              
0000452c  __TI_Handler_Table_Limit             
000022bd  __TI_auto_init_nobinit_nopinit       
000016a9  __TI_decompress_lzss                 
00002be1  __TI_decompress_none                 
ffffffff  __TI_pprof_out_hndl                  
ffffffff  __TI_prof_data_size                  
ffffffff  __TI_prof_data_start                 
00000000  __TI_static_base__                   
00002c35  __TI_zero_init                       
00001b09  __aeabi_dcmpeq                       
00001b45  __aeabi_dcmpge                       
00001b59  __aeabi_dcmpgt                       
00001b31  __aeabi_dcmple                       
00001b1d  __aeabi_dcmplt                       
00001ced  __aeabi_idiv                         
00001ceb  __aeabi_idiv0                        
00001ced  __aeabi_idivmod                      
00002c6d  __aeabi_memclr                       
00002c6d  __aeabi_memclr4                      
00002c6d  __aeabi_memclr8                      
00002ca9  __aeabi_memcpy                       
00002ca9  __aeabi_memcpy4                      
00002ca9  __aeabi_memcpy8                      
000025a1  __aeabi_ui2d                         
00002151  __aeabi_uidiv                        
00002151  __aeabi_uidivmod                     
ffffffff  __binit__                            
000019d9  __cmpdf2                             
000019d9  __eqdf2                              
000025a1  __floatunsidf                        
00001811  __gedf2                              
00001811  __gtdf2                              
000019d9  __ledf2                              
000019d9  __ltdf2                              
UNDEFED   __mpu_init                           
000019d9  __nedf2                              
20207e00  __stack                              
20200000  __start___llvm_prf_bits              
20200000  __start___llvm_prf_cnts              
20200000  __stop___llvm_prf_bits               
20200000  __stop___llvm_prf_cnts               
00002509  _c_int00_noargs                      
UNDEFED   _system_post_cinit                   
00002cc3  _system_pre_init                     
00002cb1  abort                                
00004014  asc2_1206                            
00003a24  asc2_1608                            
00002cc8  asc2_2412                            
ffffffff  binit                                
000027c9  delay_ms                             
20200480  gMOTOR_PIDBackup                     
2020053c  gSERVOBackup                         
00000000  interruptVectors                     
000005d5  main                                 
00002209  motor_adjust_pid_ki                  
00002245  motor_adjust_pid_kp                  
000000c1  motor_drive_percent                  
00002281  motor_get_actual_speed_percent       
00002c79  motor_get_pid_kd                     
00002c85  motor_get_pid_ki                     
00002c91  motor_get_pid_kp                     
000020cd  motor_get_target_percent             
00002b85  motor_get_target_speed_percent       
00001379  motor_init                           
00000f3d  motor_set_direction                  
00001f65  motor_set_duty                       
000018f9  motor_stop                           


GLOBAL SYMBOLS: SORTED BY Symbol Address 

address   name                                 
-------   ----                                 
00000000  __TI_ATRegion0_region_sz             
00000000  __TI_ATRegion0_src_addr              
00000000  __TI_ATRegion0_trg_addr              
00000000  __TI_ATRegion1_region_sz             
00000000  __TI_ATRegion1_src_addr              
00000000  __TI_ATRegion1_trg_addr              
00000000  __TI_ATRegion2_region_sz             
00000000  __TI_ATRegion2_src_addr              
00000000  __TI_ATRegion2_trg_addr              
00000000  __TI_static_base__                   
00000000  interruptVectors                     
000000c1  motor_drive_percent                  
00000200  __STACK_SIZE                         
000002ad  SYSCFG_DL_GPIO_init                  
0000047d  OLED_ShowChar                        
000005d5  main                                 
00000719  OLED_WR_Byte                         
00000959  Key_Process                          
00000a61  DL_Timer_initFourCCPWMMode           
00000b65  DL_Timer_initTimerMode               
00000c61  Line_Tracking_Update                 
00000d5d  OLED_Init                            
00000e55  SYSCFG_DL_SYSCTL_SYSPLL_init         
00000f3d  motor_set_direction                  
00001025  DL_SYSCTL_configSYSPLL               
00001101  OLED_ShowNum                         
000011ad  SYSCFG_DL_initPower                  
0000124d  OLED_ShowString                      
00001379  motor_init                           
00001409  SYSCFG_DL_PWMAB_init                 
000015a9  TIMA0_IRQHandler                     
0000162d  OLED_Refresh                         
000016a9  __TI_decompress_lzss                 
0000179d  SYSCFG_DL_SYSCTL_init                
00001811  __gedf2                              
00001811  __gtdf2                              
000018f9  motor_stop                           
0000196d  SYSCFG_DL_SERVO_init                 
000019d9  __cmpdf2                             
000019d9  __eqdf2                              
000019d9  __ledf2                              
000019d9  __ltdf2                              
000019d9  __nedf2                              
00001a41  DL_SYSCTL_setHFCLKSourceHFXTParams   
00001aa5  OLED_ClearPoint                      
00001b09  __aeabi_dcmpeq                       
00001b1d  __aeabi_dcmplt                       
00001b31  __aeabi_dcmple                       
00001b45  __aeabi_dcmpge                       
00001b59  __aeabi_dcmpgt                       
00001b6b  Grayscale_Sensor_Init                
00001b6d  OLED_Clear                           
00001bcd  SYSCFG_DL_MPU6050_init               
00001c2d  SYSCFG_DL_OLED_init                  
00001c8d  DL_I2C_fillControllerTXFIFO          
00001ceb  __aeabi_idiv0                        
00001ced  __aeabi_idiv                         
00001ced  __aeabi_idivmod                      
00001de5  Grayscale_Sensor_Read_All            
00001ecd  Encoder_Get_Count                    
00001f19  GROUP1_IRQHandler                    
00001f65  motor_set_duty                       
00001fb1  DL_UART_init                         
00001ff9  OLED_DrawPoint                       
00002041  SYSCFG_DL_PRINT_init                 
00002089  DL_SYSCTL_switchMCLKfromSYSOSCtoHSCLK
000020cd  motor_get_target_percent             
00002111  SYSCFG_DL_init                       
00002151  __aeabi_uidiv                        
00002151  __aeabi_uidivmod                     
00002191  DL_I2C_flushControllerTXFIFO         
00002209  motor_adjust_pid_ki                  
00002245  motor_adjust_pid_kp                  
00002281  motor_get_actual_speed_percent       
000022bd  __TI_auto_init_nobinit_nopinit       
000022f9  SYSCFG_DL_MOTOR_PID_init             
0000232d  UART0_IRQHandler                     
00002361  DL_UART_transmitDataBlocking         
00002391  OLED_Pow                             
000024b9  Encoder_Record_Pulse                 
00002509  _c_int00_noargs                      
00002557  DL_I2C_setClockConfig                
000025a1  __aeabi_ui2d                         
000025a1  __floatunsidf                        
000026cd  DL_SYSCTL_configFCC                  
00002759  DL_Timer_setCaptCompUpdateMethod     
00002775  DL_Timer_setClockConfig              
000027ad  UART_send_char                       
000027c9  delay_ms                             
00002995  DL_Timer_setCaptureCompareOutCtl     
00002a0d  Encoder_Init                         
00002b85  motor_get_target_speed_percent       
00002bbd  DL_UART_setClockConfig               
00002bcf  TI_memcpy_small                      
00002be1  __TI_decompress_none                 
00002c25  DL_Timer_setCaptureCompareValue      
00002c35  __TI_zero_init                       
00002c45  TI_memset_small                      
00002c6d  __aeabi_memclr                       
00002c6d  __aeabi_memclr4                      
00002c6d  __aeabi_memclr8                      
00002c79  motor_get_pid_kd                     
00002c85  motor_get_pid_ki                     
00002c91  motor_get_pid_kp                     
00002c9d  DL_Common_delayCycles                
00002ca9  __aeabi_memcpy                       
00002ca9  __aeabi_memcpy4                      
00002ca9  __aeabi_memcpy8                      
00002cb1  abort                                
00002cb7  ADC0_IRQHandler                      
00002cb7  ADC1_IRQHandler                      
00002cb7  AES_IRQHandler                       
00002cb7  CANFD0_IRQHandler                    
00002cb7  DAC0_IRQHandler                      
00002cb7  DMA_IRQHandler                       
00002cb7  Default_Handler                      
00002cb7  GROUP0_IRQHandler                    
00002cb7  HardFault_Handler                    
00002cb7  I2C0_IRQHandler                      
00002cb7  I2C1_IRQHandler                      
00002cb7  NMI_Handler                          
00002cb7  PendSV_Handler                       
00002cb7  RTC_IRQHandler                       
00002cb7  SPI0_IRQHandler                      
00002cb7  SPI1_IRQHandler                      
00002cb7  SVC_Handler                          
00002cb7  SysTick_Handler                      
00002cb7  TIMA1_IRQHandler                     
00002cb7  TIMG0_IRQHandler                     
00002cb7  TIMG12_IRQHandler                    
00002cb7  TIMG6_IRQHandler                     
00002cb7  TIMG7_IRQHandler                     
00002cb7  TIMG8_IRQHandler                     
00002cb7  UART1_IRQHandler                     
00002cb7  UART2_IRQHandler                     
00002cb7  UART3_IRQHandler                     
00002cba  C$$EXIT                              
00002cbb  HOSTexit                             
00002cbf  Reset_Handler                        
00002cc3  _system_pre_init                     
00002cc8  asc2_2412                            
00003a24  asc2_1608                            
00004014  asc2_1206                            
00004520  __TI_Handler_Table_Base              
0000452c  __TI_Handler_Table_Limit             
00004534  __TI_CINIT_Base                      
00004544  __TI_CINIT_Limit                     
00004544  __TI_CINIT_Warm                      
20200000  OLED_GRAM                            
20200000  __start___llvm_prf_bits              
20200000  __start___llvm_prf_cnts              
20200000  __stop___llvm_prf_bits               
20200000  __stop___llvm_prf_cnts               
20200480  gMOTOR_PIDBackup                     
2020053c  gSERVOBackup                         
20207e00  __stack                              
20208000  __STACK_END                          
ffffffff  __TI_pprof_out_hndl                  
ffffffff  __TI_prof_data_size                  
ffffffff  __TI_prof_data_start                 
ffffffff  __binit__                            
ffffffff  binit                                
UNDEFED   __mpu_init                           
UNDEFED   _system_post_cinit                   

[164 symbols]
