******************************************************************************
            TI ARM Clang Linker PC v4.0.4                      
******************************************************************************
>> Linked Thu Jul 30 20:58:54 2026

OUTPUT FILE NAME:   <10_DC_MOTOR_PID_2.out>
ENTRY POINT SYMBOL: "_c_int00_noargs"  address: 00002e81


MEMORY CONFIGURATION

         name            origin    length      used     unused   attr    fill
----------------------  --------  ---------  --------  --------  ----  --------
  FLASH                 00000000   00020000  00004b30  0001b4d0  R  X
  SRAM                  20200000   00008000  000009a1  0000765f  RW X
  BCR_CONFIG            41c00000   000000ff  00000000  000000ff  R   
  BSL_CONFIG            41c00100   00000080  00000000  00000080  R   


SEGMENT ALLOCATION MAP

run origin  load origin   length   init length attrs members
----------  ----------- ---------- ----------- ----- -------
00000000    00000000    00004b30   00004b30    r-x
  00000000    00000000    000000c0   000000c0    r-- .intvecs
  000000c0    000000c0    000031e8   000031e8    r-x .text
  000032a8    000032a8    00001848   00001848    r-- .rodata
  00004af0    00004af0    00000040   00000040    r-- .cinit
20200000    20200000    000007a2   00000000    rw-
  20200000    20200000    00000703   00000000    rw- .bss
  20200704    20200704    0000009e   00000000    rw- .data
20207e00    20207e00    00000200   00000000    rw-
  20207e00    20207e00    00000200   00000000    rw- .stack


SECTION ALLOCATION MAP

 output                                  attributes/
section   page    origin      length       input sections
--------  ----  ----------  ----------   ----------------
.intvecs   0    00000000    000000c0     
                  00000000    000000c0     startup_mspm0g350x_ticlang.o (.intvecs)

.text      0    000000c0    000031e8     
                  000000c0    00000494     main.o (.text.Ball_ControlUpdate)
                  00000554    00000238     main.o (.text.OLED_ShowControlInfo)
                  0000078c    00000200     main.o (.text.Sensor_PushByte)
                  0000098c    000001e4     Emm_V5.o (.text.Emm_V5_Read_Sys_Params)
                  00000b70    000001b0     main.o (.text.main)
                  00000d20    00000168     main.o (.text.Motor_PushFeedbackByte)
                  00000e88    00000158     oled.o (.text.OLED_ShowChar)
                  00000fe0    00000150     main.o (.text.LLM_UART_ParseSetpointByte)
                  00001130    00000148     main.o (.text.Motor_ControlService)
                  00001278    00000134     oled.o (.text.OLED_WR_Byte)
                  000013ac    00000130     oled.o (.text.OLED_WR_DataBlock)
                  000014dc    0000010e     pid.o (.text.PID_UpdateConditional)
                  000015ea    00000002     libclang_rt.builtins.a : aeabi_div0.c.obj (.text.__aeabi_idiv0)
                  000015ec    000000e0     pid.o (.text.PID_Init)
                  000016cc    000000dc     main.o (.text.OLED_ShowSigned3)
                  000017a8    000000d8     libclang_rt.builtins.a : addsf3.S.obj (.text)
                  00001880    000000bc     oled.o (.text.OLED_RefreshPage)
                  0000193c    000000b4     bianma.o (.text.Bianma_GetRotation)
                  000019f0    000000b0     oled.o (.text.OLED_Init)
                  00001aa0    000000ac     oled.o (.text.OLED_ShowNum)
                  00001b4c    000000a2     ti_msp_dl_config.o (.text.SYSCFG_DL_GPIO_init)
                  00001bee    00000002     --HOLE-- [fill = 0]
                  00001bf0    000000a0     main.o (.text.Ball_ControlStop)
                  00001c90    00000098     bianma.o (.text.Bianma_Button_Pressed)
                  00001d28    00000098     oled.o (.text.OLED_ShowString)
                  00001dc0    0000008e     main.o (.text.Sensor_CalculateCrc8)
                  00001e4e    00000002     --HOLE-- [fill = 0]
                  00001e50    0000008c     libclang_rt.builtins.a : mulsf3.S.obj (.text.__mulsf3)
                  00001edc    00000088     uart.o (.text.UART2_IRQHandler)
                  00001f64    00000084     main.o (.text.__NVIC_SetPriority)
                  00001fe8    00000082     libclang_rt.builtins.a : divsf3.S.obj (.text.__divsf3)
                  0000206a    00000002     --HOLE-- [fill = 0]
                  0000206c    00000080     bianma.o (.text.Bianma_Init)
                  000020ec    0000007c     Emm_V5.o (.text.Emm_V5_Pos_Control)
                  00002168    0000007c     ti_msp_dl_config.o (.text.SYSCFG_DL_initPower)
                  000021e4    0000007c     libc.a : copy_decompress_lzss.c.obj (.text:decompress:lzss)
                  00002260    00000068     Emm_V5.o (.text.Emm_V5_Angle_To_Pulses)
                  000022c8    00000068     uart.o (.text.Serial1_SendArrayTry)
                  00002330    00000064     oled.o (.text.OLED_ClearPoint)
                  00002394    00000062     Emm_V5.o (.text.Emm_V5_Pos_Control_Angle)
                  000023f6    00000002     --HOLE-- [fill = 0]
                  000023f8    00000062     libclang_rt.builtins.a : aeabi_fcmp.S.obj (.text.__aeabi_fcmp)
                  0000245a    00000002     --HOLE-- [fill = 0]
                  0000245c    00000060     oled.o (.text.OLED_Clear)
                  000024bc    00000060     ti_msp_dl_config.o (.text.SYSCFG_DL_OLED_init)
                  0000251c    0000005e     driverlib.a : dl_i2c.o (.text.DL_I2C_fillControllerTXFIFO)
                  0000257a    00000002     --HOLE-- [fill = 0]
                  0000257c    0000005c     main.o (.text.Target_PositionUpdate)
                  000025d8    00000056     pid.o (.text.PID_DecayIntegral)
                  0000262e    00000002     --HOLE-- [fill = 0]
                  00002630    00000050     ti_msp_dl_config.o (.text.DL_GPIO_initPeripheralInputFunctionFeatures)
                  00002680    00000050     oled.o (.text.DL_I2C_startControllerTransfer)
                  000026d0    00000050     main.o (.text.SysTick_Config)
                  00002720    0000004c     ti_msp_dl_config.o (.text.DL_GPIO_initDigitalInputFeatures)
                  0000276c    0000004c     ti_msp_dl_config.o (.text.DL_UART_setBaudRateDivisor)
                  000027b8    00000048     driverlib.a : dl_uart.o (.text.DL_UART_init)
                  00002800    00000048     main.o (.text.Motor_SetAngle)
                  00002848    00000048     oled.o (.text.OLED_DrawPoint)
                  00002890    00000048     pid.o (.text.PID_Limit)
                  000028d8    00000044     Emm_V5.o (.text.Emm_V5_En_Control)
                  0000291c    00000040     ti_msp_dl_config.o (.text.SYSCFG_DL_LLM_UART_init)
                  0000295c    00000040     ti_msp_dl_config.o (.text.SYSCFG_DL_MOTOR_UART_init)
                  0000299c    00000040     ti_msp_dl_config.o (.text.SYSCFG_DL_PRINT_init)
                  000029dc    00000040     libclang_rt.builtins.a : aeabi_uidivmod.S.obj (.text.__aeabi_uidivmod)
                  00002a1c    0000003c     driverlib.a : dl_i2c.o (.text.DL_I2C_flushControllerTXFIFO)
                  00002a58    0000003c     Emm_V5.o (.text.Emm_V5_Stop_Now)
                  00002a94    0000003c     libclang_rt.builtins.a : comparesf2.S.obj (.text.__gtsf2)
                  00002ad0    0000003c     libc.a : autoinit.c.obj (.text:__TI_auto_init_nobinit_nopinit)
                  00002b0c    0000003a     libclang_rt.builtins.a : comparesf2.S.obj (.text.__eqsf2)
                  00002b46    00000002     --HOLE-- [fill = 0]
                  00002b48    0000003a                            : muldsi3.S.obj (.text.__muldsi3)
                  00002b82    00000002     --HOLE-- [fill = 0]
                  00002b84    00000038                            : fixsfsi.S.obj (.text.__fixsfsi)
                  00002bbc    00000034     main.o (.text.__NVIC_DisableIRQ)
                  00002bf0    00000032     libclang_rt.builtins.a : fixunssfsi.S.obj (.text.__fixunssfsi)
                  00002c22    00000002     --HOLE-- [fill = 0]
                  00002c24    00000030     driverlib.a : dl_uart.o (.text.DL_UART_transmitDataBlocking)
                  00002c54    00000030     uart.o (.text.Motor_UART_ReadByte)
                  00002c84    00000030     oled.o (.text.OLED_Pow)
                  00002cb4    00000030     uart.o (.text.UART_read_received_byte)
                  00002ce4    0000002e     oled.o (.text.OLED_Refresh)
                  00002d12    0000002c     pid.o (.text.PID_Reset)
                  00002d3e    00000028     main.o (.text.DL_Common_updateReg)
                  00002d66    00000028     oled.o (.text.DL_Common_updateReg)
                  00002d8e    00000028     ti_msp_dl_config.o (.text.DL_Common_updateReg)
                  00002db6    00000002     --HOLE-- [fill = 0]
                  00002db8    00000028     ti_msp_dl_config.o (.text.DL_I2C_setControllerRXFIFOThreshold)
                  00002de0    00000028     ti_msp_dl_config.o (.text.DL_I2C_setControllerTXFIFOThreshold)
                  00002e08    00000028     main.o (.text.DL_UART_setRXFIFOThreshold)
                  00002e30    00000028     main.o (.text.LLM_UART_Poll)
                  00002e58    00000028     libclang_rt.builtins.a : floatunsisf.S.obj (.text.__floatunsisf)
                  00002e80    00000028     libc.a : boot_cortex_m.c.obj (.text:_c_int00_noargs)
                  00002ea8    00000026     ti_msp_dl_config.o (.text.DL_I2C_setAnalogGlitchFilterPulseWidth)
                  00002ece    00000026     driverlib.a : dl_i2c.o (.text.DL_I2C_setClockConfig)
                  00002ef4    00000024     ti_msp_dl_config.o (.text.DL_I2C_setDigitalGlitchFilterPulseWidth)
                  00002f18    00000020     ti_msp_dl_config.o (.text.DL_GPIO_initPeripheralInputFunction)
                  00002f38    00000020     ti_msp_dl_config.o (.text.SYSCFG_DL_init)
                  00002f58    0000001e     ti_msp_dl_config.o (.text.DL_UART_setOversampling)
                  00002f76    0000001e     ti_msp_dl_config.o (.text.SYSCFG_DL_SYSCTL_init)
                  00002f94    0000001c     ti_msp_dl_config.o (.text.DL_GPIO_enableHiZ)
                  00002fb0    0000001c     ti_msp_dl_config.o (.text.DL_GPIO_initPeripheralOutputFunction)
                  00002fcc    0000001c     ti_msp_dl_config.o (.text.DL_SYSCTL_setSYSOSCFreq)
                  00002fe8    0000001c     driverlib.a : dl_uart.o (.text.DL_UART_receiveDataCheck)
                  00003004    0000001a     delay.o (.text.delay_ms)
                  0000301e    00000002     --HOLE-- [fill = 0]
                  00003020    00000018     ti_msp_dl_config.o (.text.DL_GPIO_enablePower)
                  00003038    00000018     ti_msp_dl_config.o (.text.DL_GPIO_reset)
                  00003050    00000018     ti_msp_dl_config.o (.text.DL_I2C_enableAnalogGlitchFilter)
                  00003068    00000018     ti_msp_dl_config.o (.text.DL_I2C_enableController)
                  00003080    00000018     ti_msp_dl_config.o (.text.DL_I2C_enableControllerClockStretching)
                  00003098    00000018     ti_msp_dl_config.o (.text.DL_I2C_enablePower)
                  000030b0    00000018     ti_msp_dl_config.o (.text.DL_I2C_reset)
                  000030c8    00000018     ti_msp_dl_config.o (.text.DL_I2C_setTimerPeriod)
                  000030e0    00000018     ti_msp_dl_config.o (.text.DL_SYSCTL_setBORThreshold)
                  000030f8    00000018     ti_msp_dl_config.o (.text.DL_UART_enablePower)
                  00003110    00000018     uart.o (.text.DL_UART_isRXFIFOEmpty)
                  00003128    00000018     ti_msp_dl_config.o (.text.DL_UART_reset)
                  00003140    00000018     main.o (.text.LLM_UART_Init)
                  00003158    00000016     bianma.o (.text.DL_GPIO_readPins)
                  0000316e    00000016     ti_msp_dl_config.o (.text.DL_UART_enable)
                  00003184    00000014     oled.o (.text.DL_I2C_getControllerStatus)
                  00003198    00000014     oled.o (.text.DL_I2C_resetControllerTransfer)
                  000031ac    00000014     ti_msp_dl_config.o (.text.DL_I2C_resetControllerTransfer)
                  000031c0    00000014     ti_msp_dl_config.o (.text.DL_SYSCTL_disableSYSPLL)
                  000031d4    00000014     uart.o (.text.DL_UART_receiveData)
                  000031e8    00000012     uart.o (.text.DL_UART_getPendingInterrupt)
                  000031fa    00000012     driverlib.a : dl_uart.o (.text.DL_UART_setClockConfig)
                  0000320c    00000012     libc.a : memcpy16.S.obj (.text:TI_memcpy_small)
                  0000321e    00000012            : copy_decompress_none.c.obj (.text:decompress:none)
                  00003230    00000010     ti_msp_dl_config.o (.text.DL_SYSCTL_disableHFXT)
                  00003240    00000010     main.o (.text.SysTick_Handler)
                  00003250    00000010     libc.a : copy_zero_init.c.obj (.text:decompress:ZI)
                  00003260    0000000e            : memset16.S.obj (.text:TI_memset_small)
                  0000326e    00000002     --HOLE-- [fill = 0]
                  00003270    0000000c     libclang_rt.builtins.a : aeabi_memset.S.obj (.text.__aeabi_memclr)
                  0000327c    0000000a     driverlib.a : dl_common.o (.text.DL_Common_delayCycles)
                  00003286    00000002     --HOLE-- [fill = 0]
                  00003288    00000008     libclang_rt.builtins.a : aeabi_memcpy.S.obj (.text.__aeabi_memcpy)
                  00003290    00000006     libc.a : exit.c.obj (.text:abort)
                  00003296    00000004     startup_mspm0g350x_ticlang.o (.text.Default_Handler)
                  0000329a    00000004     libsysbm.a : hostexit.c.obj (.text.HOSTexit)
                  0000329e    00000004     startup_mspm0g350x_ticlang.o (.text.Reset_Handler)
                  000032a2    00000004     libc.a : pre_init.c.obj (.text._system_pre_init)
                  000032a6    00000002     --HOLE-- [fill = 0]

.cinit     0    00004af0    00000040     
                  00004af0    00000015     (.cinit..data.load) [load image, compression = lzss]
                  00004b05    00000003     --HOLE-- [fill = 0]
                  00004b08    0000000c     (__TI_handler_table)
                  00004b14    00000008     (.cinit..bss.load) [load image, compression = zero_init]
                  00004b1c    00000010     (__TI_cinit_table)
                  00004b2c    00000004     --HOLE-- [fill = 0]

.rodata    0    000032a8    00001848     
                  000032a8    00000d5c     oled.o (.rodata.asc2_2412)
                  00004004    000005f0     oled.o (.rodata.asc2_1608)
                  000045f4    00000474     oled.o (.rodata.asc2_1206)
                  00004a68    0000001c     oled.o (.rodata.OLED_Init.init_commands)
                  00004a84    00000010     bianma.o (.rodata.Bianma_GetRotation.transition_table)
                  00004a94    0000000a     ti_msp_dl_config.o (.rodata.gLLM_UARTConfig)
                  00004a9e    0000000a     ti_msp_dl_config.o (.rodata.gMOTOR_UARTConfig)
                  00004aa8    0000000a     ti_msp_dl_config.o (.rodata.gPRINTConfig)
                  00004ab2    00000005     main.o (.rodata.str1.12180500075719773345.1)
                  00004ab7    00000005     main.o (.rodata.str1.7702501944640899365.1)
                  00004abc    00000004     main.o (.rodata.str1.14112174005742061988.1)
                  00004ac0    00000004     main.o (.rodata.str1.14402440632258215044.1)
                  00004ac4    00000004     main.o (.rodata.str1.15996357275703397564.1)
                  00004ac8    00000004     main.o (.rodata.str1.2846389346932560359.1)
                  00004acc    00000004     main.o (.rodata.str1.8154729771448623357.1)
                  00004ad0    00000003     main.o (.rodata.str1.15159059442110792349.1)
                  00004ad3    00000003     main.o (.rodata.str1.16265332423659789559.1)
                  00004ad6    00000003     main.o (.rodata.str1.288608917962107522.1)
                  00004ad9    00000002     ti_msp_dl_config.o (.rodata.gLLM_UARTClockConfig)
                  00004adb    00000002     ti_msp_dl_config.o (.rodata.gMOTOR_UARTClockConfig)
                  00004add    00000002     ti_msp_dl_config.o (.rodata.gOLEDClockConfig)
                  00004adf    00000002     ti_msp_dl_config.o (.rodata.gPRINTClockConfig)
                  00004ae1    00000002     main.o (.rodata.str1.17100691992556644108.1)
                  00004ae3    00000002     main.o (.rodata.str1.18227636981041470289.1)
                  00004ae5    00000002     main.o (.rodata.str1.2123964117280943167.1)
                  00004ae7    00000002     main.o (.rodata.str1.9059077390166914652.1)
                  00004ae9    00000007     --HOLE-- [fill = 0]

.init_array 
*          0    00000000    00000000     UNINITIALIZED

.binit     0    00000000    00000000     

.bss       0    20200000    00000703     UNINITIALIZED
                  20200000    00000480     (.common:OLED_GRAM)
                  20200480    00000200     uart.o (.bss.g_uart_rx_buffer)
                  20200680    00000030     main.o (.bss.g_position_pid)
                  202006b0    00000030     main.o (.bss.g_speed_pid)
                  202006e0    00000014     main.o (.bss.g_llm_command)
                  202006f4    00000008     main.o (.bss.g_motor_rx_frame)
                  202006fc    00000007     main.o (.bss.g_frame)

.data      0    20200704    0000009e     UNINITIALIZED
                  20200704    00000010     Emm_V5.o (.data.Emm_V5_En_Control.cmd)
                  20200714    00000010     Emm_V5.o (.data.Emm_V5_Pos_Control.cmd)
                  20200724    00000010     Emm_V5.o (.data.Emm_V5_Read_Sys_Params.cmd)
                  20200734    00000010     Emm_V5.o (.data.Emm_V5_Stop_Now.cmd)
                  20200744    00000004     main.o (.data.current_speed)
                  20200748    00000004     main.o (.data.g_last_control_ms)
                  2020074c    00000004     main.o (.data.g_last_encoder_ms)
                  20200750    00000004     main.o (.data.g_last_frame_ms)
                  20200754    00000004     main.o (.data.g_last_motor_command_ms)
                  20200758    00000004     main.o (.data.g_last_motor_feedback_ms)
                  2020075c    00000004     main.o (.data.g_last_motor_query_ms)
                  20200760    00000004     main.o (.data.g_last_oled_ms)
                  20200764    00000004     main.o (.data.g_last_position_sample_ms)
                  20200768    00000004     main.o (.data.g_milliseconds)
                  2020076c    00000004     main.o (.data.g_motor_actual_angle)
                  20200770    00000004     main.o (.data.g_motor_requested_angle)
                  20200774    00000004     main.o (.data.g_motor_zero_absolute_angle)
                  20200778    00000004     main.o (.data.pipe_angle)
                  2020077c    00000004     main.o (.data.target_speed)
                  20200780    00000004     main.o (.data.valid_frame_count)
                  20200784    00000002     main.o (.data.current_position)
                  20200786    00000002     main.o (.data.g_last_position)
                  20200788    00000002     main.o (.data.g_position_lock_target)
                  2020078a    00000002     uart.o (.data.g_uart_rx_head)
                  2020078c    00000002     uart.o (.data.g_uart_rx_overflow_count)
                  2020078e    00000002     uart.o (.data.g_uart_rx_tail)
                  20200790    00000002     main.o (.data.target_position)
                  20200792    00000001     bianma.o (.data.g_button_debounce_count)
                  20200793    00000001     bianma.o (.data.g_button_last_raw)
                  20200794    00000001     bianma.o (.data.g_button_state)
                  20200795    00000001     main.o (.data.g_frame_index)
                  20200796    00000001     bianma.o (.data.g_last_ab)
                  20200797    00000001     main.o (.data.g_llm_command_index)
                  20200798    00000001     main.o (.data.g_motor_feedback_valid)
                  20200799    00000001     main.o (.data.g_motor_rx_index)
                  2020079a    00000001     main.o (.data.g_motor_stopped)
                  2020079b    00000001     main.o (.data.g_motor_zero_captured)
                  2020079c    00000001     oled.o (.data.g_oled_i2c_failed)
                  2020079d    00000001     main.o (.data.g_oled_refresh_page)
                  2020079e    00000001     main.o (.data.g_position_locked)
                  2020079f    00000001     main.o (.data.g_position_valid)
                  202007a0    00000001     bianma.o (.data.g_rotation_accumulator)
                  202007a1    00000001     main.o (.data.g_speed_sample_initialized)

.stack     0    20207e00    00000200     UNINITIALIZED
                  20207e00    00000004     libc.a : boot_cortex_m.c.obj (.stack)
                  20207e04    000001fc     --HOLE--

__llvm_prf_cnts 
*          0    20200000    00000000     UNINITIALIZED

__llvm_prf_bits 
*          0    20200000    00000000     UNINITIALIZED

MODULE SUMMARY

       Module                         code    ro data   rw data
       ------                         ----    -------   -------
    .\
       main.o                         4818    47        213    
       ti_msp_dl_config.o             1550    38        0      
       startup_mspm0g350x_ticlang.o   8       192       0      
    +--+------------------------------+-------+---------+---------+
       Total:                         6376    277       213    
                                                               
    .\user_driver\
       oled.o                         2166    6108      1153   
       Emm_V5.o                       938     0         64     
       uart.o                         398     0         518    
       pid.o                          696     0         0      
       bianma.o                       482     16        5      
       delay.o                        26      0         0      
    +--+------------------------------+-------+---------+---------+
       Total:                         4706    6124      1740   
                                                               
    C:/TI/mspm0_sdk_2_10_00_04/source/ti/driverlib/lib/ticlang/m0p/mspm0g1x0x_g3x0x/driverlib.a
       dl_i2c.o                       192     0         0      
       dl_uart.o                      166     0         0      
       dl_common.o                    10      0         0      
    +--+------------------------------+-------+---------+---------+
       Total:                         368     0         0      
                                                               
    E:\install\keli\ti\css\ccs\tools\compiler\ti-cgt-armllvm_4.0.4.LTS\lib\armv6m-ti-none-eabi/c/libc.a
       copy_decompress_lzss.c.obj     124     0         0      
       autoinit.c.obj                 60      0         0      
       boot_cortex_m.c.obj            40      0         0      
       copy_decompress_none.c.obj     18      0         0      
       memcpy16.S.obj                 18      0         0      
       copy_zero_init.c.obj           16      0         0      
       memset16.S.obj                 14      0         0      
       exit.c.obj                     6       0         0      
       pre_init.c.obj                 4       0         0      
    +--+------------------------------+-------+---------+---------+
       Total:                         300     0         0      
                                                               
    E:\install\keli\ti\css\ccs\tools\compiler\ti-cgt-armllvm_4.0.4.LTS\lib\armv6m-ti-none-eabi/c/libsysbm.a
       hostexit.c.obj                 4       0         0      
    +--+------------------------------+-------+---------+---------+
       Total:                         4       0         0      
                                                               
    E:\install\keli\ti\css\ccs\tools\compiler\ti-cgt-armllvm_4.0.4.LTS\lib\armv6m-ti-none-eabi/libclang_rt.builtins.a
       addsf3.S.obj                   216     0         0      
       mulsf3.S.obj                   140     0         0      
       divsf3.S.obj                   130     0         0      
       comparesf2.S.obj               118     0         0      
       aeabi_fcmp.S.obj               98      0         0      
       aeabi_uidivmod.S.obj           64      0         0      
       muldsi3.S.obj                  58      0         0      
       fixsfsi.S.obj                  56      0         0      
       fixunssfsi.S.obj               50      0         0      
       floatunsisf.S.obj              40      0         0      
       aeabi_memset.S.obj             12      0         0      
       aeabi_memcpy.S.obj             8       0         0      
       aeabi_div0.c.obj               2       0         0      
    +--+------------------------------+-------+---------+---------+
       Total:                         992     0         0      
                                                               
       Stack:                         0       0         512    
       Linker Generated:              0       57        0      
    +--+------------------------------+-------+---------+---------+
       Grand Total:                   12746   6458      2465   


LINKER GENERATED COPY TABLES

__TI_cinit_table @ 00004b1c records: 2, size/record: 8, table size: 16
	.data: load addr=00004af0, load size=00000015 bytes, run addr=20200704, run size=0000009e bytes, compression=lzss
	.bss: load addr=00004b14, load size=00000008 bytes, run addr=20200000, run size=00000703 bytes, compression=zero_init


LINKER GENERATED HANDLER TABLE

__TI_handler_table @ 00004b08 records: 3, size/record: 4, table size: 12
	index: 0, handler: __TI_decompress_lzss
	index: 1, handler: __TI_decompress_none
	index: 2, handler: __TI_zero_init


GLOBAL SYMBOLS: SORTED ALPHABETICALLY BY Name 

address   name                          
-------   ----                          
00003297  ADC0_IRQHandler               
00003297  ADC1_IRQHandler               
00003297  AES_IRQHandler                
00001c91  Bianma_Button_Pressed         
0000193d  Bianma_GetRotation            
0000206d  Bianma_Init                   
0000329a  C$$EXIT                       
00003297  CANFD0_IRQHandler             
00003297  DAC0_IRQHandler               
0000327d  DL_Common_delayCycles         
0000251d  DL_I2C_fillControllerTXFIFO   
00002a1d  DL_I2C_flushControllerTXFIFO  
00002ecf  DL_I2C_setClockConfig         
000027b9  DL_UART_init                  
00002fe9  DL_UART_receiveDataCheck      
000031fb  DL_UART_setClockConfig        
00002c25  DL_UART_transmitDataBlocking  
00003297  DMA_IRQHandler                
00003297  Default_Handler               
00002261  Emm_V5_Angle_To_Pulses        
000028d9  Emm_V5_En_Control             
000020ed  Emm_V5_Pos_Control            
00002395  Emm_V5_Pos_Control_Angle      
0000098d  Emm_V5_Read_Sys_Params        
00002a59  Emm_V5_Stop_Now               
00003297  GROUP0_IRQHandler             
00003297  GROUP1_IRQHandler             
0000329b  HOSTexit                      
00003297  HardFault_Handler             
00003297  I2C0_IRQHandler               
00003297  I2C1_IRQHandler               
00002c55  Motor_UART_ReadByte           
00003297  NMI_Handler                   
0000245d  OLED_Clear                    
00002331  OLED_ClearPoint               
00002849  OLED_DrawPoint                
20200000  OLED_GRAM                     
000019f1  OLED_Init                     
00002c85  OLED_Pow                      
00002ce5  OLED_Refresh                  
00001881  OLED_RefreshPage              
00000e89  OLED_ShowChar                 
00001aa1  OLED_ShowNum                  
00001d29  OLED_ShowString               
00001279  OLED_WR_Byte                  
000025d9  PID_DecayIntegral             
000015ed  PID_Init                      
00002d13  PID_Reset                     
000014dd  PID_UpdateConditional         
00003297  PendSV_Handler                
00003297  RTC_IRQHandler                
0000329f  Reset_Handler                 
00003297  SPI0_IRQHandler               
00003297  SPI1_IRQHandler               
00003297  SVC_Handler                   
00001b4d  SYSCFG_DL_GPIO_init           
0000291d  SYSCFG_DL_LLM_UART_init       
0000295d  SYSCFG_DL_MOTOR_UART_init     
000024bd  SYSCFG_DL_OLED_init           
0000299d  SYSCFG_DL_PRINT_init          
00002f77  SYSCFG_DL_SYSCTL_init         
00002f39  SYSCFG_DL_init                
00002169  SYSCFG_DL_initPower           
000022c9  Serial1_SendArrayTry          
00003241  SysTick_Handler               
00003297  TIMA0_IRQHandler              
00003297  TIMA1_IRQHandler              
00003297  TIMG0_IRQHandler              
00003297  TIMG12_IRQHandler             
00003297  TIMG6_IRQHandler              
00003297  TIMG7_IRQHandler              
00003297  TIMG8_IRQHandler              
0000320d  TI_memcpy_small               
00003261  TI_memset_small               
00003297  UART0_IRQHandler              
00003297  UART1_IRQHandler              
00001edd  UART2_IRQHandler              
00003297  UART3_IRQHandler              
00002cb5  UART_read_received_byte       
20208000  __STACK_END                   
00000200  __STACK_SIZE                  
00000000  __TI_ATRegion0_region_sz      
00000000  __TI_ATRegion0_src_addr       
00000000  __TI_ATRegion0_trg_addr       
00000000  __TI_ATRegion1_region_sz      
00000000  __TI_ATRegion1_src_addr       
00000000  __TI_ATRegion1_trg_addr       
00000000  __TI_ATRegion2_region_sz      
00000000  __TI_ATRegion2_src_addr       
00000000  __TI_ATRegion2_trg_addr       
00004b1c  __TI_CINIT_Base               
00004b2c  __TI_CINIT_Limit              
00004b2c  __TI_CINIT_Warm               
00004b08  __TI_Handler_Table_Base       
00004b14  __TI_Handler_Table_Limit      
00002ad1  __TI_auto_init_nobinit_nopinit
000021e5  __TI_decompress_lzss          
0000321f  __TI_decompress_none          
ffffffff  __TI_pprof_out_hndl           
ffffffff  __TI_prof_data_size           
ffffffff  __TI_prof_data_start          
00000000  __TI_static_base__            
00003251  __TI_zero_init                
000017b3  __addsf3                      
00002b85  __aeabi_f2iz                  
00002bf1  __aeabi_f2uiz                 
000017b3  __aeabi_fadd                  
000023f9  __aeabi_fcmpeq                
00002435  __aeabi_fcmpge                
00002449  __aeabi_fcmpgt                
00002421  __aeabi_fcmple                
0000240d  __aeabi_fcmplt                
00001fe9  __aeabi_fdiv                  
00001e51  __aeabi_fmul                  
000017a9  __aeabi_fsub                  
000015eb  __aeabi_idiv0                 
00003271  __aeabi_memclr                
00003271  __aeabi_memclr4               
00003271  __aeabi_memclr8               
00003289  __aeabi_memcpy                
00003289  __aeabi_memcpy4               
00003289  __aeabi_memcpy8               
00002e59  __aeabi_ui2f                  
000029dd  __aeabi_uidiv                 
000029dd  __aeabi_uidivmod              
ffffffff  __binit__                     
00002b0d  __cmpsf2                      
00001fe9  __divsf3                      
00002b0d  __eqsf2                       
00002b85  __fixsfsi                     
00002bf1  __fixunssfsi                  
00002e59  __floatunsisf                 
00002a95  __gesf2                       
00002a95  __gtsf2                       
00002b0d  __lesf2                       
00002b0d  __ltsf2                       
UNDEFED   __mpu_init                    
00002b49  __muldsi3                     
00001e51  __mulsf3                      
00002b0d  __nesf2                       
20207e00  __stack                       
20200000  __start___llvm_prf_bits       
20200000  __start___llvm_prf_cnts       
20200000  __stop___llvm_prf_bits        
20200000  __stop___llvm_prf_cnts        
000017a9  __subsf3                      
00002e81  _c_int00_noargs               
UNDEFED   _system_post_cinit            
000032a3  _system_pre_init              
00003291  abort                         
000045f4  asc2_1206                     
00004004  asc2_1608                     
000032a8  asc2_2412                     
ffffffff  binit                         
20200784  current_position              
20200744  current_speed                 
00003005  delay_ms                      
00000000  interruptVectors              
00000b71  main                          
20200778  pipe_angle                    
20200790  target_position               
2020077c  target_speed                  
20200780  valid_frame_count             


GLOBAL SYMBOLS: SORTED BY Symbol Address 

address   name                          
-------   ----                          
00000000  __TI_ATRegion0_region_sz      
00000000  __TI_ATRegion0_src_addr       
00000000  __TI_ATRegion0_trg_addr       
00000000  __TI_ATRegion1_region_sz      
00000000  __TI_ATRegion1_src_addr       
00000000  __TI_ATRegion1_trg_addr       
00000000  __TI_ATRegion2_region_sz      
00000000  __TI_ATRegion2_src_addr       
00000000  __TI_ATRegion2_trg_addr       
00000000  __TI_static_base__            
00000000  interruptVectors              
00000200  __STACK_SIZE                  
0000098d  Emm_V5_Read_Sys_Params        
00000b71  main                          
00000e89  OLED_ShowChar                 
00001279  OLED_WR_Byte                  
000014dd  PID_UpdateConditional         
000015eb  __aeabi_idiv0                 
000015ed  PID_Init                      
000017a9  __aeabi_fsub                  
000017a9  __subsf3                      
000017b3  __addsf3                      
000017b3  __aeabi_fadd                  
00001881  OLED_RefreshPage              
0000193d  Bianma_GetRotation            
000019f1  OLED_Init                     
00001aa1  OLED_ShowNum                  
00001b4d  SYSCFG_DL_GPIO_init           
00001c91  Bianma_Button_Pressed         
00001d29  OLED_ShowString               
00001e51  __aeabi_fmul                  
00001e51  __mulsf3                      
00001edd  UART2_IRQHandler              
00001fe9  __aeabi_fdiv                  
00001fe9  __divsf3                      
0000206d  Bianma_Init                   
000020ed  Emm_V5_Pos_Control            
00002169  SYSCFG_DL_initPower           
000021e5  __TI_decompress_lzss          
00002261  Emm_V5_Angle_To_Pulses        
000022c9  Serial1_SendArrayTry          
00002331  OLED_ClearPoint               
00002395  Emm_V5_Pos_Control_Angle      
000023f9  __aeabi_fcmpeq                
0000240d  __aeabi_fcmplt                
00002421  __aeabi_fcmple                
00002435  __aeabi_fcmpge                
00002449  __aeabi_fcmpgt                
0000245d  OLED_Clear                    
000024bd  SYSCFG_DL_OLED_init           
0000251d  DL_I2C_fillControllerTXFIFO   
000025d9  PID_DecayIntegral             
000027b9  DL_UART_init                  
00002849  OLED_DrawPoint                
000028d9  Emm_V5_En_Control             
0000291d  SYSCFG_DL_LLM_UART_init       
0000295d  SYSCFG_DL_MOTOR_UART_init     
0000299d  SYSCFG_DL_PRINT_init          
000029dd  __aeabi_uidiv                 
000029dd  __aeabi_uidivmod              
00002a1d  DL_I2C_flushControllerTXFIFO  
00002a59  Emm_V5_Stop_Now               
00002a95  __gesf2                       
00002a95  __gtsf2                       
00002ad1  __TI_auto_init_nobinit_nopinit
00002b0d  __cmpsf2                      
00002b0d  __eqsf2                       
00002b0d  __lesf2                       
00002b0d  __ltsf2                       
00002b0d  __nesf2                       
00002b49  __muldsi3                     
00002b85  __aeabi_f2iz                  
00002b85  __fixsfsi                     
00002bf1  __aeabi_f2uiz                 
00002bf1  __fixunssfsi                  
00002c25  DL_UART_transmitDataBlocking  
00002c55  Motor_UART_ReadByte           
00002c85  OLED_Pow                      
00002cb5  UART_read_received_byte       
00002ce5  OLED_Refresh                  
00002d13  PID_Reset                     
00002e59  __aeabi_ui2f                  
00002e59  __floatunsisf                 
00002e81  _c_int00_noargs               
00002ecf  DL_I2C_setClockConfig         
00002f39  SYSCFG_DL_init                
00002f77  SYSCFG_DL_SYSCTL_init         
00002fe9  DL_UART_receiveDataCheck      
00003005  delay_ms                      
000031fb  DL_UART_setClockConfig        
0000320d  TI_memcpy_small               
0000321f  __TI_decompress_none          
00003241  SysTick_Handler               
00003251  __TI_zero_init                
00003261  TI_memset_small               
00003271  __aeabi_memclr                
00003271  __aeabi_memclr4               
00003271  __aeabi_memclr8               
0000327d  DL_Common_delayCycles         
00003289  __aeabi_memcpy                
00003289  __aeabi_memcpy4               
00003289  __aeabi_memcpy8               
00003291  abort                         
00003297  ADC0_IRQHandler               
00003297  ADC1_IRQHandler               
00003297  AES_IRQHandler                
00003297  CANFD0_IRQHandler             
00003297  DAC0_IRQHandler               
00003297  DMA_IRQHandler                
00003297  Default_Handler               
00003297  GROUP0_IRQHandler             
00003297  GROUP1_IRQHandler             
00003297  HardFault_Handler             
00003297  I2C0_IRQHandler               
00003297  I2C1_IRQHandler               
00003297  NMI_Handler                   
00003297  PendSV_Handler                
00003297  RTC_IRQHandler                
00003297  SPI0_IRQHandler               
00003297  SPI1_IRQHandler               
00003297  SVC_Handler                   
00003297  TIMA0_IRQHandler              
00003297  TIMA1_IRQHandler              
00003297  TIMG0_IRQHandler              
00003297  TIMG12_IRQHandler             
00003297  TIMG6_IRQHandler              
00003297  TIMG7_IRQHandler              
00003297  TIMG8_IRQHandler              
00003297  UART0_IRQHandler              
00003297  UART1_IRQHandler              
00003297  UART3_IRQHandler              
0000329a  C$$EXIT                       
0000329b  HOSTexit                      
0000329f  Reset_Handler                 
000032a3  _system_pre_init              
000032a8  asc2_2412                     
00004004  asc2_1608                     
000045f4  asc2_1206                     
00004b08  __TI_Handler_Table_Base       
00004b14  __TI_Handler_Table_Limit      
00004b1c  __TI_CINIT_Base               
00004b2c  __TI_CINIT_Limit              
00004b2c  __TI_CINIT_Warm               
20200000  OLED_GRAM                     
20200000  __start___llvm_prf_bits       
20200000  __start___llvm_prf_cnts       
20200000  __stop___llvm_prf_bits        
20200000  __stop___llvm_prf_cnts        
20200744  current_speed                 
20200778  pipe_angle                    
2020077c  target_speed                  
20200780  valid_frame_count             
20200784  current_position              
20200790  target_position               
20207e00  __stack                       
20208000  __STACK_END                   
ffffffff  __TI_pprof_out_hndl           
ffffffff  __TI_prof_data_size           
ffffffff  __TI_prof_data_start          
ffffffff  __binit__                     
ffffffff  binit                         
UNDEFED   __mpu_init                    
UNDEFED   _system_post_cinit            

[163 symbols]
