******************************************************************************
            TI ARM Clang Linker PC v4.0.4                      
******************************************************************************
>> Linked Thu Jul 30 14:29:33 2026

OUTPUT FILE NAME:   <10_DC_MOTOR_PID_2.out>
ENTRY POINT SYMBOL: "_c_int00_noargs"  address: 00002711


MEMORY CONFIGURATION

         name            origin    length      used     unused   attr    fill
----------------------  --------  ---------  --------  --------  ----  --------
  FLASH                 00000000   00020000  000043d0  0001bc30  R  X
  SRAM                  20200000   00008000  00000969  00007697  RW X
  BCR_CONFIG            41c00000   000000ff  00000000  000000ff  R   
  BSL_CONFIG            41c00100   00000080  00000000  00000080  R   


SEGMENT ALLOCATION MAP

run origin  load origin   length   init length attrs members
----------  ----------- ---------- ----------- ----- -------
00000000    00000000    000043d0   000043d0    r-x
  00000000    00000000    000000c0   000000c0    r-- .intvecs
  000000c0    000000c0    00002a98   00002a98    r-x .text
  00002b58    00002b58    00001840   00001840    r-- .rodata
  00004398    00004398    00000038   00000038    r-- .cinit
20200000    20200000    0000076a   00000000    rw-
  20200000    20200000    000006fb   00000000    rw- .bss
  202006fc    202006fc    0000006e   00000000    rw- .data
20207e00    20207e00    00000200   00000000    rw-
  20207e00    20207e00    00000200   00000000    rw- .stack


SECTION ALLOCATION MAP

 output                                  attributes/
section   page    origin      length       input sections
--------  ----  ----------  ----------   ----------------
.intvecs   0    00000000    000000c0     
                  00000000    000000c0     startup_mspm0g350x_ticlang.o (.intvecs)

.text      0    000000c0    00002a98     
                  000000c0    000001f8     main.o (.text.OLED_ShowControlInfo)
                  000002b8    00000170     main.o (.text.main)
                  00000428    00000158     oled.o (.text.OLED_ShowChar)
                  00000580    00000150     main.o (.text.LLM_UART_ParseSetpointByte)
                  000006d0    00000134     oled.o (.text.OLED_WR_Byte)
                  00000804    00000130     oled.o (.text.OLED_WR_DataBlock)
                  00000934    00000130     main.o (.text.Sensor_PushByte)
                  00000a64    00000110     main.o (.text.Ball_ControlUpdate)
                  00000b74    000000fe     pid.o (.text.PID_Update)
                  00000c72    00000002     libclang_rt.builtins.a : aeabi_div0.c.obj (.text.__aeabi_idiv0)
                  00000c74    000000e0     pid.o (.text.PID_Init)
                  00000d54    000000dc     main.o (.text.OLED_ShowSigned3)
                  00000e30    000000d8     libclang_rt.builtins.a : addsf3.S.obj (.text)
                  00000f08    000000d4     main.o (.text.LLM_UART_Report)
                  00000fdc    000000cc     main.o (.text.Motor_SetAngle)
                  000010a8    000000cc     oled.o (.text.OLED_Refresh)
                  00001174    000000b4     bianma.o (.text.Bianma_GetRotation)
                  00001228    000000b0     oled.o (.text.OLED_Init)
                  000012d8    000000ac     oled.o (.text.OLED_ShowNum)
                  00001384    000000a4     main.o (.text.LLM_SendUnsigned)
                  00001428    000000a2     ti_msp_dl_config.o (.text.SYSCFG_DL_GPIO_init)
                  000014ca    00000002     --HOLE-- [fill = 0]
                  000014cc    00000098     bianma.o (.text.Bianma_Button_Pressed)
                  00001564    00000098     oled.o (.text.OLED_ShowString)
                  000015fc    0000008e     main.o (.text.Sensor_CalculateCrc8)
                  0000168a    00000002     --HOLE-- [fill = 0]
                  0000168c    0000008c     main.o (.text.LLM_SendFixed2)
                  00001718    0000008c     libclang_rt.builtins.a : mulsf3.S.obj (.text.__mulsf3)
                  000017a4    00000088     uart.o (.text.UART2_IRQHandler)
                  0000182c    00000084     main.o (.text.__NVIC_SetPriority)
                  000018b0    00000082     libclang_rt.builtins.a : divsf3.S.obj (.text.__divsf3)
                  00001932    00000002     --HOLE-- [fill = 0]
                  00001934    00000080     bianma.o (.text.Bianma_Init)
                  000019b4    0000007c     Emm_V5.o (.text.Emm_V5_Pos_Control)
                  00001a30    0000007c     ti_msp_dl_config.o (.text.SYSCFG_DL_initPower)
                  00001aac    0000007c     libc.a : copy_decompress_lzss.c.obj (.text:decompress:lzss)
                  00001b28    00000070     main.o (.text.Ball_ControlStop)
                  00001b98    00000068     Emm_V5.o (.text.Emm_V5_Angle_To_Pulses)
                  00001c00    00000068     uart.o (.text.Serial1_SendArrayTry)
                  00001c68    00000064     oled.o (.text.OLED_ClearPoint)
                  00001ccc    00000062     Emm_V5.o (.text.Emm_V5_Pos_Control_Angle)
                  00001d2e    00000002     --HOLE-- [fill = 0]
                  00001d30    00000062     libclang_rt.builtins.a : aeabi_fcmp.S.obj (.text.__aeabi_fcmp)
                  00001d92    00000002     --HOLE-- [fill = 0]
                  00001d94    00000060     oled.o (.text.OLED_Clear)
                  00001df4    00000060     ti_msp_dl_config.o (.text.SYSCFG_DL_OLED_init)
                  00001e54    0000005e     driverlib.a : dl_i2c.o (.text.DL_I2C_fillControllerTXFIFO)
                  00001eb2    00000002     --HOLE-- [fill = 0]
                  00001eb4    0000005c     main.o (.text.Target_PositionUpdate)
                  00001f10    00000056     libclang_rt.builtins.a : aeabi_idivmod.S.obj (.text.__aeabi_idivmod)
                  00001f66    00000002     --HOLE-- [fill = 0]
                  00001f68    00000050     ti_msp_dl_config.o (.text.DL_GPIO_initPeripheralInputFunctionFeatures)
                  00001fb8    00000050     oled.o (.text.DL_I2C_startControllerTransfer)
                  00002008    00000050     main.o (.text.SysTick_Config)
                  00002058    0000004c     ti_msp_dl_config.o (.text.DL_GPIO_initDigitalInputFeatures)
                  000020a4    0000004c     ti_msp_dl_config.o (.text.DL_UART_setBaudRateDivisor)
                  000020f0    00000048     driverlib.a : dl_uart.o (.text.DL_UART_init)
                  00002138    00000048     oled.o (.text.OLED_DrawPoint)
                  00002180    00000048     pid.o (.text.PID_Limit)
                  000021c8    00000044     Emm_V5.o (.text.Emm_V5_En_Control)
                  0000220c    00000040     ti_msp_dl_config.o (.text.SYSCFG_DL_LLM_UART_init)
                  0000224c    00000040     ti_msp_dl_config.o (.text.SYSCFG_DL_MOTOR_UART_init)
                  0000228c    00000040     ti_msp_dl_config.o (.text.SYSCFG_DL_PRINT_init)
                  000022cc    00000040     libclang_rt.builtins.a : aeabi_uidivmod.S.obj (.text.__aeabi_uidivmod)
                  0000230c    0000003c     driverlib.a : dl_i2c.o (.text.DL_I2C_flushControllerTXFIFO)
                  00002348    0000003c     Emm_V5.o (.text.Emm_V5_Stop_Now)
                  00002384    0000003c     libclang_rt.builtins.a : comparesf2.S.obj (.text.__gtsf2)
                  000023c0    0000003c     libc.a : autoinit.c.obj (.text:__TI_auto_init_nobinit_nopinit)
                  000023fc    0000003a     libclang_rt.builtins.a : comparesf2.S.obj (.text.__eqsf2)
                  00002436    00000002     --HOLE-- [fill = 0]
                  00002438    0000003a                            : muldsi3.S.obj (.text.__muldsi3)
                  00002472    00000002     --HOLE-- [fill = 0]
                  00002474    00000038                            : fixsfsi.S.obj (.text.__fixsfsi)
                  000024ac    00000034     main.o (.text.__NVIC_DisableIRQ)
                  000024e0    00000032     libclang_rt.builtins.a : fixunssfsi.S.obj (.text.__fixunssfsi)
                  00002512    00000002     --HOLE-- [fill = 0]
                  00002514    00000030     driverlib.a : dl_uart.o (.text.DL_UART_transmitDataBlocking)
                  00002544    00000030     oled.o (.text.OLED_Pow)
                  00002574    00000030     uart.o (.text.UART_read_received_byte)
                  000025a4    0000002c     pid.o (.text.PID_Reset)
                  000025d0    00000028     main.o (.text.DL_Common_updateReg)
                  000025f8    00000028     oled.o (.text.DL_Common_updateReg)
                  00002620    00000028     ti_msp_dl_config.o (.text.DL_Common_updateReg)
                  00002648    00000028     ti_msp_dl_config.o (.text.DL_I2C_setControllerRXFIFOThreshold)
                  00002670    00000028     ti_msp_dl_config.o (.text.DL_I2C_setControllerTXFIFOThreshold)
                  00002698    00000028     main.o (.text.DL_UART_setRXFIFOThreshold)
                  000026c0    00000028     main.o (.text.LLM_UART_Poll)
                  000026e8    00000028     libclang_rt.builtins.a : floatunsisf.S.obj (.text.__floatunsisf)
                  00002710    00000028     libc.a : boot_cortex_m.c.obj (.text:_c_int00_noargs)
                  00002738    00000026     ti_msp_dl_config.o (.text.DL_I2C_setAnalogGlitchFilterPulseWidth)
                  0000275e    00000026     driverlib.a : dl_i2c.o (.text.DL_I2C_setClockConfig)
                  00002784    00000024     ti_msp_dl_config.o (.text.DL_I2C_setDigitalGlitchFilterPulseWidth)
                  000027a8    00000020     ti_msp_dl_config.o (.text.DL_GPIO_initPeripheralInputFunction)
                  000027c8    00000020     ti_msp_dl_config.o (.text.SYSCFG_DL_init)
                  000027e8    0000001e     ti_msp_dl_config.o (.text.DL_UART_setOversampling)
                  00002806    0000001e     ti_msp_dl_config.o (.text.SYSCFG_DL_SYSCTL_init)
                  00002824    0000001c     ti_msp_dl_config.o (.text.DL_GPIO_enableHiZ)
                  00002840    0000001c     ti_msp_dl_config.o (.text.DL_GPIO_initPeripheralOutputFunction)
                  0000285c    0000001c     ti_msp_dl_config.o (.text.DL_SYSCTL_setSYSOSCFreq)
                  00002878    0000001c     driverlib.a : dl_uart.o (.text.DL_UART_receiveDataCheck)
                  00002894    0000001c     uart.o (.text.UART_send_char)
                  000028b0    0000001a     delay.o (.text.delay_ms)
                  000028ca    00000002     --HOLE-- [fill = 0]
                  000028cc    00000018     ti_msp_dl_config.o (.text.DL_GPIO_enablePower)
                  000028e4    00000018     ti_msp_dl_config.o (.text.DL_GPIO_reset)
                  000028fc    00000018     ti_msp_dl_config.o (.text.DL_I2C_enableAnalogGlitchFilter)
                  00002914    00000018     ti_msp_dl_config.o (.text.DL_I2C_enableController)
                  0000292c    00000018     ti_msp_dl_config.o (.text.DL_I2C_enableControllerClockStretching)
                  00002944    00000018     ti_msp_dl_config.o (.text.DL_I2C_enablePower)
                  0000295c    00000018     ti_msp_dl_config.o (.text.DL_I2C_reset)
                  00002974    00000018     ti_msp_dl_config.o (.text.DL_I2C_setTimerPeriod)
                  0000298c    00000018     ti_msp_dl_config.o (.text.DL_SYSCTL_setBORThreshold)
                  000029a4    00000018     ti_msp_dl_config.o (.text.DL_UART_enablePower)
                  000029bc    00000018     uart.o (.text.DL_UART_isRXFIFOEmpty)
                  000029d4    00000018     ti_msp_dl_config.o (.text.DL_UART_reset)
                  000029ec    00000018     main.o (.text.LLM_UART_Init)
                  00002a04    00000016     bianma.o (.text.DL_GPIO_readPins)
                  00002a1a    00000016     ti_msp_dl_config.o (.text.DL_UART_enable)
                  00002a30    00000014     oled.o (.text.DL_I2C_getControllerStatus)
                  00002a44    00000014     oled.o (.text.DL_I2C_resetControllerTransfer)
                  00002a58    00000014     ti_msp_dl_config.o (.text.DL_I2C_resetControllerTransfer)
                  00002a6c    00000014     ti_msp_dl_config.o (.text.DL_SYSCTL_disableSYSPLL)
                  00002a80    00000014     uart.o (.text.DL_UART_receiveData)
                  00002a94    00000012     uart.o (.text.DL_UART_getPendingInterrupt)
                  00002aa6    00000012     driverlib.a : dl_uart.o (.text.DL_UART_setClockConfig)
                  00002ab8    00000012     libc.a : memcpy16.S.obj (.text:TI_memcpy_small)
                  00002aca    00000012            : copy_decompress_none.c.obj (.text:decompress:none)
                  00002adc    00000010     ti_msp_dl_config.o (.text.DL_SYSCTL_disableHFXT)
                  00002aec    00000010     main.o (.text.SysTick_Handler)
                  00002afc    00000010     libc.a : copy_zero_init.c.obj (.text:decompress:ZI)
                  00002b0c    0000000e            : memset16.S.obj (.text:TI_memset_small)
                  00002b1a    00000002     --HOLE-- [fill = 0]
                  00002b1c    0000000c     libclang_rt.builtins.a : aeabi_memset.S.obj (.text.__aeabi_memclr)
                  00002b28    0000000a     driverlib.a : dl_common.o (.text.DL_Common_delayCycles)
                  00002b32    00000002     --HOLE-- [fill = 0]
                  00002b34    00000008     libclang_rt.builtins.a : aeabi_memcpy.S.obj (.text.__aeabi_memcpy)
                  00002b3c    00000006     libc.a : exit.c.obj (.text:abort)
                  00002b42    00000004     startup_mspm0g350x_ticlang.o (.text.Default_Handler)
                  00002b46    00000004     libsysbm.a : hostexit.c.obj (.text.HOSTexit)
                  00002b4a    00000004     startup_mspm0g350x_ticlang.o (.text.Reset_Handler)
                  00002b4e    00000004     libc.a : pre_init.c.obj (.text._system_pre_init)
                  00002b52    00000006     --HOLE-- [fill = 0]

.cinit     0    00004398    00000038     
                  00004398    00000012     (.cinit..data.load) [load image, compression = lzss]
                  000043aa    00000002     --HOLE-- [fill = 0]
                  000043ac    0000000c     (__TI_handler_table)
                  000043b8    00000008     (.cinit..bss.load) [load image, compression = zero_init]
                  000043c0    00000010     (__TI_cinit_table)

.rodata    0    00002b58    00001840     
                  00002b58    00000d5c     oled.o (.rodata.asc2_2412)
                  000038b4    000005f0     oled.o (.rodata.asc2_1608)
                  00003ea4    00000474     oled.o (.rodata.asc2_1206)
                  00004318    0000001c     oled.o (.rodata.OLED_Init.init_commands)
                  00004334    00000010     bianma.o (.rodata.Bianma_GetRotation.transition_table)
                  00004344    0000000a     ti_msp_dl_config.o (.rodata.gLLM_UARTConfig)
                  0000434e    0000000a     ti_msp_dl_config.o (.rodata.gMOTOR_UARTConfig)
                  00004358    0000000a     ti_msp_dl_config.o (.rodata.gPRINTConfig)
                  00004362    00000008     main.o (.rodata.str1.14112174005742061988.1)
                  0000436a    00000005     main.o (.rodata.str1.12180500075719773345.1)
                  0000436f    00000004     main.o (.rodata.str1.15996357275703397564.1)
                  00004373    00000004     main.o (.rodata.str1.16265332423659789559.1)
                  00004377    00000004     main.o (.rodata.str1.2846389346932560359.1)
                  0000437b    00000004     main.o (.rodata.str1.8154729771448623357.1)
                  0000437f    00000003     main.o (.rodata.str1.15159059442110792349.1)
                  00004382    00000003     main.o (.rodata.str1.288608917962107522.1)
                  00004385    00000003     main.o (.rodata.str1.7702501944640899365.1)
                  00004388    00000002     ti_msp_dl_config.o (.rodata.gLLM_UARTClockConfig)
                  0000438a    00000002     ti_msp_dl_config.o (.rodata.gMOTOR_UARTClockConfig)
                  0000438c    00000002     ti_msp_dl_config.o (.rodata.gOLEDClockConfig)
                  0000438e    00000002     ti_msp_dl_config.o (.rodata.gPRINTClockConfig)
                  00004390    00000002     main.o (.rodata.str1.14402440632258215044.1)
                  00004392    00000002     main.o (.rodata.str1.17100691992556644108.1)
                  00004394    00000002     main.o (.rodata.str1.18227636981041470289.1)
                  00004396    00000002     main.o (.rodata.str1.2123964117280943167.1)

.init_array 
*          0    00000000    00000000     UNINITIALIZED

.binit     0    00000000    00000000     

.bss       0    20200000    000006fb     UNINITIALIZED
                  20200000    00000480     (.common:OLED_GRAM)
                  20200480    00000200     uart.o (.bss.g_uart_rx_buffer)
                  20200680    00000030     main.o (.bss.g_position_pid)
                  202006b0    00000030     main.o (.bss.g_speed_pid)
                  202006e0    00000014     main.o (.bss.g_llm_command)
                  202006f4    00000007     main.o (.bss.g_frame)

.data      0    202006fc    0000006e     UNINITIALIZED
                  202006fc    00000010     Emm_V5.o (.data.Emm_V5_En_Control.cmd)
                  2020070c    00000010     Emm_V5.o (.data.Emm_V5_Pos_Control.cmd)
                  2020071c    00000010     Emm_V5.o (.data.Emm_V5_Stop_Now.cmd)
                  2020072c    00000004     main.o (.data.current_speed)
                  20200730    00000004     main.o (.data.g_last_commanded_angle)
                  20200734    00000004     main.o (.data.g_last_control_ms)
                  20200738    00000004     main.o (.data.g_last_encoder_ms)
                  2020073c    00000004     main.o (.data.g_last_frame_ms)
                  20200740    00000004     main.o (.data.g_last_oled_ms)
                  20200744    00000004     main.o (.data.g_milliseconds)
                  20200748    00000004     main.o (.data.pipe_angle)
                  2020074c    00000004     main.o (.data.target_speed)
                  20200750    00000004     main.o (.data.valid_frame_count)
                  20200754    00000002     main.o (.data.current_position)
                  20200756    00000002     main.o (.data.g_last_position)
                  20200758    00000002     uart.o (.data.g_uart_rx_head)
                  2020075a    00000002     uart.o (.data.g_uart_rx_overflow_count)
                  2020075c    00000002     uart.o (.data.g_uart_rx_tail)
                  2020075e    00000002     main.o (.data.target_position)
                  20200760    00000001     bianma.o (.data.g_button_debounce_count)
                  20200761    00000001     bianma.o (.data.g_button_last_raw)
                  20200762    00000001     bianma.o (.data.g_button_state)
                  20200763    00000001     main.o (.data.g_frame_index)
                  20200764    00000001     bianma.o (.data.g_last_ab)
                  20200765    00000001     main.o (.data.g_llm_command_index)
                  20200766    00000001     main.o (.data.g_motor_stopped)
                  20200767    00000001     oled.o (.data.g_oled_i2c_failed)
                  20200768    00000001     main.o (.data.g_position_valid)
                  20200769    00000001     bianma.o (.data.g_rotation_accumulator)

.stack     0    20207e00    00000200     UNINITIALIZED
                  20207e00    00000004     libc.a : boot_cortex_m.c.obj (.stack)
                  20207e04    000001fc     --HOLE--

__llvm_prf_cnts 
*          0    20200000    00000000     UNINITIALIZED

__llvm_prf_bits 
*          0    20200000    00000000     UNINITIALIZED

MODULE SUMMARY

       Module                         code    ro data   rw data
       ------                         ----    -------   -------
    .\
       main.o                         3494    46        173    
       ti_msp_dl_config.o             1550    38        0      
       startup_mspm0g350x_ticlang.o   8       192       0      
    +--+------------------------------+-------+---------+---------+
       Total:                         5052    276       173    
                                                               
    .\user_driver\
       oled.o                         2136    6108      1153   
       uart.o                         378     0         518    
       pid.o                          594     0         0      
       bianma.o                       482     16        5      
       Emm_V5.o                       454     0         48     
       delay.o                        26      0         0      
    +--+------------------------------+-------+---------+---------+
       Total:                         4070    6124      1724   
                                                               
    C:/TI/mspm0_sdk_2_10_00_04/source/ti/driverlib/lib/ticlang/m0p/mspm0g1x0x_g3x0x/driverlib.a
       dl_i2c.o                       192     0         0      
       dl_uart.o                      166     0         0      
       dl_common.o                    10      0         0      
    +--+------------------------------+-------+---------+---------+
       Total:                         368     0         0      
                                                               
    E:\install\keli\ti\css\ccs\tools\compiler\ti-cgt-armllvm_4.0.4.LTS\lib\armv6m-ti-none-eabi/c/libc.a
       copy_decompress_lzss.c.obj     124     0         0      
       autoinit.c.obj                 60      0         0      
       boot_cortex_m.c.obj            40      0         0      
       copy_decompress_none.c.obj     18      0         0      
       memcpy16.S.obj                 18      0         0      
       copy_zero_init.c.obj           16      0         0      
       memset16.S.obj                 14      0         0      
       exit.c.obj                     6       0         0      
       pre_init.c.obj                 4       0         0      
    +--+------------------------------+-------+---------+---------+
       Total:                         300     0         0      
                                                               
    E:\install\keli\ti\css\ccs\tools\compiler\ti-cgt-armllvm_4.0.4.LTS\lib\armv6m-ti-none-eabi/c/libsysbm.a
       hostexit.c.obj                 4       0         0      
    +--+------------------------------+-------+---------+---------+
       Total:                         4       0         0      
                                                               
    E:\install\keli\ti\css\ccs\tools\compiler\ti-cgt-armllvm_4.0.4.LTS\lib\armv6m-ti-none-eabi/libclang_rt.builtins.a
       addsf3.S.obj                   216     0         0      
       mulsf3.S.obj                   140     0         0      
       divsf3.S.obj                   130     0         0      
       comparesf2.S.obj               118     0         0      
       aeabi_fcmp.S.obj               98      0         0      
       aeabi_idivmod.S.obj            86      0         0      
       aeabi_uidivmod.S.obj           64      0         0      
       muldsi3.S.obj                  58      0         0      
       fixsfsi.S.obj                  56      0         0      
       fixunssfsi.S.obj               50      0         0      
       floatunsisf.S.obj              40      0         0      
       aeabi_memset.S.obj             12      0         0      
       aeabi_memcpy.S.obj             8       0         0      
       aeabi_div0.c.obj               2       0         0      
    +--+------------------------------+-------+---------+---------+
       Total:                         1078    0         0      
                                                               
       Stack:                         0       0         512    
       Linker Generated:              0       54        0      
    +--+------------------------------+-------+---------+---------+
       Grand Total:                   10872   6454      2409   


LINKER GENERATED COPY TABLES

__TI_cinit_table @ 000043c0 records: 2, size/record: 8, table size: 16
	.data: load addr=00004398, load size=00000012 bytes, run addr=202006fc, run size=0000006e bytes, compression=lzss
	.bss: load addr=000043b8, load size=00000008 bytes, run addr=20200000, run size=000006fb bytes, compression=zero_init


LINKER GENERATED HANDLER TABLE

__TI_handler_table @ 000043ac records: 3, size/record: 4, table size: 12
	index: 0, handler: __TI_decompress_lzss
	index: 1, handler: __TI_decompress_none
	index: 2, handler: __TI_zero_init


GLOBAL SYMBOLS: SORTED ALPHABETICALLY BY Name 

address   name                          
-------   ----                          
00002b43  ADC0_IRQHandler               
00002b43  ADC1_IRQHandler               
00002b43  AES_IRQHandler                
000014cd  Bianma_Button_Pressed         
00001175  Bianma_GetRotation            
00001935  Bianma_Init                   
00002b46  C$$EXIT                       
00002b43  CANFD0_IRQHandler             
00002b43  DAC0_IRQHandler               
00002b29  DL_Common_delayCycles         
00001e55  DL_I2C_fillControllerTXFIFO   
0000230d  DL_I2C_flushControllerTXFIFO  
0000275f  DL_I2C_setClockConfig         
000020f1  DL_UART_init                  
00002879  DL_UART_receiveDataCheck      
00002aa7  DL_UART_setClockConfig        
00002515  DL_UART_transmitDataBlocking  
00002b43  DMA_IRQHandler                
00002b43  Default_Handler               
00001b99  Emm_V5_Angle_To_Pulses        
000021c9  Emm_V5_En_Control             
000019b5  Emm_V5_Pos_Control            
00001ccd  Emm_V5_Pos_Control_Angle      
00002349  Emm_V5_Stop_Now               
00002b43  GROUP0_IRQHandler             
00002b43  GROUP1_IRQHandler             
00002b47  HOSTexit                      
00002b43  HardFault_Handler             
00002b43  I2C0_IRQHandler               
00002b43  I2C1_IRQHandler               
00002b43  NMI_Handler                   
00001d95  OLED_Clear                    
00001c69  OLED_ClearPoint               
00002139  OLED_DrawPoint                
20200000  OLED_GRAM                     
00001229  OLED_Init                     
00002545  OLED_Pow                      
000010a9  OLED_Refresh                  
00000429  OLED_ShowChar                 
000012d9  OLED_ShowNum                  
00001565  OLED_ShowString               
000006d1  OLED_WR_Byte                  
00000c75  PID_Init                      
000025a5  PID_Reset                     
00000b75  PID_Update                    
00002b43  PendSV_Handler                
00002b43  RTC_IRQHandler                
00002b4b  Reset_Handler                 
00002b43  SPI0_IRQHandler               
00002b43  SPI1_IRQHandler               
00002b43  SVC_Handler                   
00001429  SYSCFG_DL_GPIO_init           
0000220d  SYSCFG_DL_LLM_UART_init       
0000224d  SYSCFG_DL_MOTOR_UART_init     
00001df5  SYSCFG_DL_OLED_init           
0000228d  SYSCFG_DL_PRINT_init          
00002807  SYSCFG_DL_SYSCTL_init         
000027c9  SYSCFG_DL_init                
00001a31  SYSCFG_DL_initPower           
00001c01  Serial1_SendArrayTry          
00002aed  SysTick_Handler               
00002b43  TIMA0_IRQHandler              
00002b43  TIMA1_IRQHandler              
00002b43  TIMG0_IRQHandler              
00002b43  TIMG12_IRQHandler             
00002b43  TIMG6_IRQHandler              
00002b43  TIMG7_IRQHandler              
00002b43  TIMG8_IRQHandler              
00002ab9  TI_memcpy_small               
00002b0d  TI_memset_small               
00002b43  UART0_IRQHandler              
00002b43  UART1_IRQHandler              
000017a5  UART2_IRQHandler              
00002b43  UART3_IRQHandler              
00002575  UART_read_received_byte       
00002895  UART_send_char                
20208000  __STACK_END                   
00000200  __STACK_SIZE                  
00000000  __TI_ATRegion0_region_sz      
00000000  __TI_ATRegion0_src_addr       
00000000  __TI_ATRegion0_trg_addr       
00000000  __TI_ATRegion1_region_sz      
00000000  __TI_ATRegion1_src_addr       
00000000  __TI_ATRegion1_trg_addr       
00000000  __TI_ATRegion2_region_sz      
00000000  __TI_ATRegion2_src_addr       
00000000  __TI_ATRegion2_trg_addr       
000043c0  __TI_CINIT_Base               
000043d0  __TI_CINIT_Limit              
000043d0  __TI_CINIT_Warm               
000043ac  __TI_Handler_Table_Base       
000043b8  __TI_Handler_Table_Limit      
000023c1  __TI_auto_init_nobinit_nopinit
00001aad  __TI_decompress_lzss          
00002acb  __TI_decompress_none          
ffffffff  __TI_pprof_out_hndl           
ffffffff  __TI_prof_data_size           
ffffffff  __TI_prof_data_start          
00000000  __TI_static_base__            
00002afd  __TI_zero_init                
00000e3b  __addsf3                      
00002475  __aeabi_f2iz                  
000024e1  __aeabi_f2uiz                 
00000e3b  __aeabi_fadd                  
00001d31  __aeabi_fcmpeq                
00001d6d  __aeabi_fcmpge                
00001d81  __aeabi_fcmpgt                
00001d59  __aeabi_fcmple                
00001d45  __aeabi_fcmplt                
000018b1  __aeabi_fdiv                  
00001719  __aeabi_fmul                  
00000e31  __aeabi_fsub                  
00001f11  __aeabi_idiv                  
00000c73  __aeabi_idiv0                 
00001f11  __aeabi_idivmod               
00002b1d  __aeabi_memclr                
00002b1d  __aeabi_memclr4               
00002b1d  __aeabi_memclr8               
00002b35  __aeabi_memcpy                
00002b35  __aeabi_memcpy4               
00002b35  __aeabi_memcpy8               
000026e9  __aeabi_ui2f                  
000022cd  __aeabi_uidiv                 
000022cd  __aeabi_uidivmod              
ffffffff  __binit__                     
000023fd  __cmpsf2                      
000018b1  __divsf3                      
000023fd  __eqsf2                       
00002475  __fixsfsi                     
000024e1  __fixunssfsi                  
000026e9  __floatunsisf                 
00002385  __gesf2                       
00002385  __gtsf2                       
000023fd  __lesf2                       
000023fd  __ltsf2                       
UNDEFED   __mpu_init                    
00002439  __muldsi3                     
00001719  __mulsf3                      
000023fd  __nesf2                       
20207e00  __stack                       
20200000  __start___llvm_prf_bits       
20200000  __start___llvm_prf_cnts       
20200000  __stop___llvm_prf_bits        
20200000  __stop___llvm_prf_cnts        
00000e31  __subsf3                      
00002711  _c_int00_noargs               
UNDEFED   _system_post_cinit            
00002b4f  _system_pre_init              
00002b3d  abort                         
00003ea4  asc2_1206                     
000038b4  asc2_1608                     
00002b58  asc2_2412                     
ffffffff  binit                         
20200754  current_position              
2020072c  current_speed                 
000028b1  delay_ms                      
00000000  interruptVectors              
000002b9  main                          
20200748  pipe_angle                    
2020075e  target_position               
2020074c  target_speed                  
20200750  valid_frame_count             


GLOBAL SYMBOLS: SORTED BY Symbol Address 

address   name                          
-------   ----                          
00000000  __TI_ATRegion0_region_sz      
00000000  __TI_ATRegion0_src_addr       
00000000  __TI_ATRegion0_trg_addr       
00000000  __TI_ATRegion1_region_sz      
00000000  __TI_ATRegion1_src_addr       
00000000  __TI_ATRegion1_trg_addr       
00000000  __TI_ATRegion2_region_sz      
00000000  __TI_ATRegion2_src_addr       
00000000  __TI_ATRegion2_trg_addr       
00000000  __TI_static_base__            
00000000  interruptVectors              
00000200  __STACK_SIZE                  
000002b9  main                          
00000429  OLED_ShowChar                 
000006d1  OLED_WR_Byte                  
00000b75  PID_Update                    
00000c73  __aeabi_idiv0                 
00000c75  PID_Init                      
00000e31  __aeabi_fsub                  
00000e31  __subsf3                      
00000e3b  __addsf3                      
00000e3b  __aeabi_fadd                  
000010a9  OLED_Refresh                  
00001175  Bianma_GetRotation            
00001229  OLED_Init                     
000012d9  OLED_ShowNum                  
00001429  SYSCFG_DL_GPIO_init           
000014cd  Bianma_Button_Pressed         
00001565  OLED_ShowString               
00001719  __aeabi_fmul                  
00001719  __mulsf3                      
000017a5  UART2_IRQHandler              
000018b1  __aeabi_fdiv                  
000018b1  __divsf3                      
00001935  Bianma_Init                   
000019b5  Emm_V5_Pos_Control            
00001a31  SYSCFG_DL_initPower           
00001aad  __TI_decompress_lzss          
00001b99  Emm_V5_Angle_To_Pulses        
00001c01  Serial1_SendArrayTry          
00001c69  OLED_ClearPoint               
00001ccd  Emm_V5_Pos_Control_Angle      
00001d31  __aeabi_fcmpeq                
00001d45  __aeabi_fcmplt                
00001d59  __aeabi_fcmple                
00001d6d  __aeabi_fcmpge                
00001d81  __aeabi_fcmpgt                
00001d95  OLED_Clear                    
00001df5  SYSCFG_DL_OLED_init           
00001e55  DL_I2C_fillControllerTXFIFO   
00001f11  __aeabi_idiv                  
00001f11  __aeabi_idivmod               
000020f1  DL_UART_init                  
00002139  OLED_DrawPoint                
000021c9  Emm_V5_En_Control             
0000220d  SYSCFG_DL_LLM_UART_init       
0000224d  SYSCFG_DL_MOTOR_UART_init     
0000228d  SYSCFG_DL_PRINT_init          
000022cd  __aeabi_uidiv                 
000022cd  __aeabi_uidivmod              
0000230d  DL_I2C_flushControllerTXFIFO  
00002349  Emm_V5_Stop_Now               
00002385  __gesf2                       
00002385  __gtsf2                       
000023c1  __TI_auto_init_nobinit_nopinit
000023fd  __cmpsf2                      
000023fd  __eqsf2                       
000023fd  __lesf2                       
000023fd  __ltsf2                       
000023fd  __nesf2                       
00002439  __muldsi3                     
00002475  __aeabi_f2iz                  
00002475  __fixsfsi                     
000024e1  __aeabi_f2uiz                 
000024e1  __fixunssfsi                  
00002515  DL_UART_transmitDataBlocking  
00002545  OLED_Pow                      
00002575  UART_read_received_byte       
000025a5  PID_Reset                     
000026e9  __aeabi_ui2f                  
000026e9  __floatunsisf                 
00002711  _c_int00_noargs               
0000275f  DL_I2C_setClockConfig         
000027c9  SYSCFG_DL_init                
00002807  SYSCFG_DL_SYSCTL_init         
00002879  DL_UART_receiveDataCheck      
00002895  UART_send_char                
000028b1  delay_ms                      
00002aa7  DL_UART_setClockConfig        
00002ab9  TI_memcpy_small               
00002acb  __TI_decompress_none          
00002aed  SysTick_Handler               
00002afd  __TI_zero_init                
00002b0d  TI_memset_small               
00002b1d  __aeabi_memclr                
00002b1d  __aeabi_memclr4               
00002b1d  __aeabi_memclr8               
00002b29  DL_Common_delayCycles         
00002b35  __aeabi_memcpy                
00002b35  __aeabi_memcpy4               
00002b35  __aeabi_memcpy8               
00002b3d  abort                         
00002b43  ADC0_IRQHandler               
00002b43  ADC1_IRQHandler               
00002b43  AES_IRQHandler                
00002b43  CANFD0_IRQHandler             
00002b43  DAC0_IRQHandler               
00002b43  DMA_IRQHandler                
00002b43  Default_Handler               
00002b43  GROUP0_IRQHandler             
00002b43  GROUP1_IRQHandler             
00002b43  HardFault_Handler             
00002b43  I2C0_IRQHandler               
00002b43  I2C1_IRQHandler               
00002b43  NMI_Handler                   
00002b43  PendSV_Handler                
00002b43  RTC_IRQHandler                
00002b43  SPI0_IRQHandler               
00002b43  SPI1_IRQHandler               
00002b43  SVC_Handler                   
00002b43  TIMA0_IRQHandler              
00002b43  TIMA1_IRQHandler              
00002b43  TIMG0_IRQHandler              
00002b43  TIMG12_IRQHandler             
00002b43  TIMG6_IRQHandler              
00002b43  TIMG7_IRQHandler              
00002b43  TIMG8_IRQHandler              
00002b43  UART0_IRQHandler              
00002b43  UART1_IRQHandler              
00002b43  UART3_IRQHandler              
00002b46  C$$EXIT                       
00002b47  HOSTexit                      
00002b4b  Reset_Handler                 
00002b4f  _system_pre_init              
00002b58  asc2_2412                     
000038b4  asc2_1608                     
00003ea4  asc2_1206                     
000043ac  __TI_Handler_Table_Base       
000043b8  __TI_Handler_Table_Limit      
000043c0  __TI_CINIT_Base               
000043d0  __TI_CINIT_Limit              
000043d0  __TI_CINIT_Warm               
20200000  OLED_GRAM                     
20200000  __start___llvm_prf_bits       
20200000  __start___llvm_prf_cnts       
20200000  __stop___llvm_prf_bits        
20200000  __stop___llvm_prf_cnts        
2020072c  current_speed                 
20200748  pipe_angle                    
2020074c  target_speed                  
20200750  valid_frame_count             
20200754  current_position              
2020075e  target_position               
20207e00  __stack                       
20208000  __STACK_END                   
ffffffff  __TI_pprof_out_hndl           
ffffffff  __TI_prof_data_size           
ffffffff  __TI_prof_data_start          
ffffffff  __binit__                     
ffffffff  binit                         
UNDEFED   __mpu_init                    
UNDEFED   _system_post_cinit            

[162 symbols]
