******************************************************************************
            TI ARM Clang Linker PC v4.0.4                      
******************************************************************************
>> Linked Sat Aug  1 17:04:32 2026

OUTPUT FILE NAME:   <11_TIANMENGXING_H_TASK_2456.out>
ENTRY POINT SYMBOL: "_c_int00_noargs"  address: 000044f1


MEMORY CONFIGURATION

         name            origin    length      used     unused   attr    fill
----------------------  --------  ---------  --------  --------  ----  --------
  FLASH                 00000000   00020000  00006870  00019790  R  X
  SRAM                  20200000   00008000  0000085d  000077a3  RW X
  BCR_CONFIG            41c00000   000000ff  00000000  000000ff  R   
  BSL_CONFIG            41c00100   00000080  00000000  00000080  R   


SEGMENT ALLOCATION MAP

run origin  load origin   length   init length attrs members
----------  ----------- ---------- ----------- ----- -------
00000000    00000000    00006870   00006870    r-x
  00000000    00000000    000000c0   000000c0    r-- .intvecs
  000000c0    000000c0    00004eb0   00004eb0    r-x .text
  00004f70    00004f70    000018c8   000018c8    r-- .rodata
  00006838    00006838    00000038   00000038    r-- .cinit
20200000    20200000    00000660   00000000    rw-
  20200000    20200000    000005fd   00000000    rw- .bss
  20200600    20200600    00000060   00000000    rw- .data
20207e00    20207e00    00000200   00000000    rw-
  20207e00    20207e00    00000200   00000000    rw- .stack


SECTION ALLOCATION MAP

 output                                  attributes/
section   page    origin      length       input sections
--------  ----  ----------  ----------   ----------------
.intvecs   0    00000000    000000c0     
                  00000000    000000c0     startup_mspm0g350x_ticlang.o (.intvecs)

.text      0    000000c0    00004eb0     
                  000000c0    00000340     chassis_controller.o (.text.ChassisController_Update)
                  00000400    00000338     main.o (.text.display_update)
                  00000738    000002a0     main.o (.text.telemetry_start_frame)
                  000009d8    00000214     motor.o (.text.motor_set_speed_target)
                  00000bec    00000210     atk_ms6dsv.o (.text.ATK_MS6DSV_Init)
                  00000dfc    000001c8     motor.o (.text.motor_pid_update)
                  00000fc4    000001ac     ti_msp_dl_config.o (.text.SYSCFG_DL_GPIO_init)
                  00001170    00000158     oled.o (.text.OLED_ShowChar)
                  000012c8    00000148     imu_heading.o (.text.ImuHeading_Update)
                  00001410    00000134     oled.o (.text.OLED_WR_Byte)
                  00001544    00000130     oled.o (.text.OLED_WR_DataBlock)
                  00001674    00000130     main.o (.text.main)
                  000017a4    00000110     line_sensor.o (.text.LineSensor_Read)
                  000018b4    00000104     driverlib.a : dl_timer.o (.text.DL_Timer_initFourCCPWMMode)
                  000019b8    00000104     chassis_controller.o (.text.chassis_apply_wheels)
                  00001abc    00000100     chassis_controller.o (.text.chassis_drive_curve)
                  00001bbc    000000fc     driverlib.a : dl_timer.o (.text.DL_Timer_initTimerMode)
                  00001cb8    000000ec     motor.o (.text.motor_drive_mmps)
                  00001da4    000000e8     atk_ms6dsv.o (.text.ATK_MS6DSV_Update)
                  00001e8c    000000e8     ti_msp_dl_config.o (.text.SYSCFG_DL_SYSCTL_SYSPLL_init)
                  00001f74    000000e8     motor.o (.text.motor_set_direction)
                  0000205c    000000e0     atk_ms6dsv.o (.text.ms6dsv_read_registers)
                  0000213c    000000dc     driverlib.a : dl_sysctl_mspm0g1x0x_g3x0x.o (.text.DL_SYSCTL_configSYSPLL)
                  00002218    000000d8     atk_ms6dsv.o (.text.ms6dsv_i2c_gpio_init)
                  000022f0    000000d4     chassis_controller.o (.text.ChassisController_Start)
                  000023c4    000000d2     main.o (.text.telemetry_state_flags)
                  00002496    00000002     infrared.o (.text.Infrared_Init)
                  00002498    000000cc     main.o (.text.process_buttons)
                  00002564    000000bc     oled.o (.text.OLED_RefreshPage)
                  00002620    000000b4     chassis_controller.o (.text.chassis_drive_straight)
                  000026d4    000000b0     oled.o (.text.OLED_Init)
                  00002784    000000b0     motor.o (.text.motor_init)
                  00002834    000000ac     oled.o (.text.OLED_ShowNum)
                  000028e0    000000a2     libclang_rt.builtins.a : udivmoddi4.S.obj (.text)
                  00002982    00000098     oled.o (.text.OLED_ShowString)
                  00002a1a    00000098     chassis_controller.o (.text.chassis_slew_speed)
                  00002ab2    00000002     libclang_rt.builtins.a : aeabi_div0.c.obj (.text.__aeabi_idiv0)
                  00002ab4    00000098     main.o (.text.telemetry_crc16)
                  00002b4c    00000094     motor.o (.text.motor_stop)
                  00002be0    00000094     atk_ms6dsv.o (.text.ms6dsv_i2c_read_byte)
                  00002c74    0000008c     infrared.o (.text.Infrared_Read)
                  00002d00    0000008c     ti_msp_dl_config.o (.text.SYSCFG_DL_PWMAB_init)
                  00002d8c    0000008c     ti_msp_dl_config.o (.text.SYSCFG_DL_initPower)
                  00002e18    00000084     main.o (.text.__NVIC_SetPriority)
                  00002e9c    00000084     atk_ms6dsv.o (.text.ms6dsv_i2c_send_byte)
                  00002f20    00000080     chassis_controller.o (.text.ChassisController_Init)
                  00002fa0    0000007c     libc.a : copy_decompress_lzss.c.obj (.text:decompress:lzss)
                  0000301c    00000074     ti_msp_dl_config.o (.text.SYSCFG_DL_SYSCTL_init)
                  00003090    00000074     motor.o (.text.TIMA0_IRQHandler)
                  00003104    00000074     libclang_rt.builtins.a : comparedf2.c.obj (.text.__gedf2)
                  00003178    00000074     main.o (.text.telemetry_service)
                  000031ec    00000070     oled.o (.text.OLED_Refresh)
                  0000325c    00000068     libclang_rt.builtins.a : comparedf2.c.obj (.text.__ledf2)
                  000032c4    00000064     driverlib.a : dl_sysctl_mspm0g1x0x_g3x0x.o (.text.DL_SYSCTL_setHFCLKSourceHFXTParams)
                  00003328    00000064     imu_heading.o (.text.ImuHeading_Init)
                  0000338c    00000064     oled.o (.text.OLED_ClearPoint)
                  000033f0    00000064     atk_ms6dsv.o (.text.ms6dsv_write_register)
                  00003454    00000062     libclang_rt.builtins.a : aeabi_dcmp.S.obj (.text.__aeabi_dcmp)
                  000034b6    00000002                            : aeabi_div0.c.obj (.text.__aeabi_ldiv0)
                  000034b8    00000060     oled.o (.text.OLED_Clear)
                  00003518    00000060     ti_msp_dl_config.o (.text.SYSCFG_DL_MS6DSV_init)
                  00003578    00000060     ti_msp_dl_config.o (.text.SYSCFG_DL_OLED_init)
                  000035d8    00000060     main.o (.text.button_pressed_event)
                  00003638    0000005e     driverlib.a : dl_i2c.o (.text.DL_I2C_fillControllerTXFIFO)
                  00003696    0000005c     chassis_controller.o (.text.chassis_slew_steering)
                  000036f2    00000002     --HOLE-- [fill = 0]
                  000036f4    00000058     chassis_controller.o (.text.chassis_total_distance_mm)
                  0000374c    00000056     libclang_rt.builtins.a : aeabi_idivmod.S.obj (.text.__aeabi_idivmod)
                  000037a2    00000002     --HOLE-- [fill = 0]
                  000037a4    00000054     chassis_controller.o (.text.ChassisController_GetElapsedMs)
                  000037f8    00000054     chassis_controller.o (.text.chassis_task2_braking_distance_mm)
                  0000384c    00000050     ti_msp_dl_config.o (.text.DL_GPIO_initPeripheralInputFunctionFeatures)
                  0000389c    00000050     oled.o (.text.DL_I2C_startControllerTransfer)
                  000038ec    00000050     main.o (.text.SysTick_Config)
                  0000393c    00000050     atk_ms6dsv.o (.text.ms6dsv_update_register)
                  0000398c    0000004c     atk_ms6dsv.o (.text.DL_GPIO_initDigitalInputFeatures)
                  000039d8    0000004c     ti_msp_dl_config.o (.text.DL_GPIO_initDigitalInputFeatures)
                  00003a24    0000004c     ti_msp_dl_config.o (.text.DL_UART_setBaudRateDivisor)
                  00003a70    0000004c     encoder.o (.text.Encoder_Get_Count)
                  00003abc    0000004c     main.o (.text.display_refresh_service)
                  00003b08    0000004c     motor.o (.text.motor_set_duty)
                  00003b54    00000048     driverlib.a : dl_uart.o (.text.DL_UART_init)
                  00003b9c    00000048     main.o (.text.GROUP1_IRQHandler)
                  00003be4    00000048     oled.o (.text.OLED_DrawPoint)
                  00003c2c    00000048     main.o (.text.telemetry_limit_i16)
                  00003c74    00000044     driverlib.a : dl_sysctl_mspm0g1x0x_g3x0x.o (.text.DL_SYSCTL_switchMCLKfromSYSOSCtoHSCLK)
                  00003cb8    00000040     ti_msp_dl_config.o (.text.SYSCFG_DL_TELEMETRY_UART_init)
                  00003cf8    00000040     libclang_rt.builtins.a : aeabi_uidivmod.S.obj (.text.__aeabi_uidivmod)
                  00003d38    00000040     chassis_controller.o (.text.chassis_curve_speed)
                  00003d78    00000040     motor.o (.text.motor_get_actual_rpm_x10)
                  00003db8    00000040     atk_ms6dsv.o (.text.ms6dsv_scl)
                  00003df8    00000040     atk_ms6dsv.o (.text.ms6dsv_sda)
                  00003e38    0000003e     libclang_rt.builtins.a : divmoddi4.c.obj (.text.__divmoddi4)
                  00003e76    00000002     --HOLE-- [fill = 0]
                  00003e78    0000003c     driverlib.a : dl_i2c.o (.text.DL_I2C_flushControllerTXFIFO)
                  00003eb4    0000003c     ti_msp_dl_config.o (.text.DL_Timer_setCounterControl)
                  00003ef0    0000003c     motor.o (.text.motor_get_target_rpm_x10)
                  00003f2c    0000003c     main.o (.text.telemetry_put_u32)
                  00003f68    0000003c     libc.a : autoinit.c.obj (.text:__TI_auto_init_nobinit_nopinit)
                  00003fa4    0000003a     libclang_rt.builtins.a : muldsi3.S.obj (.text.__muldsi3)
                  00003fde    0000003a     main.o (.text.button_init)
                  00004018    00000038     chassis_controller.o (.text.ChassisController_IsRunning)
                  00004050    00000038     encoder.o (.text.Encoder_Record_Pulse)
                  00004088    00000038     chassis_controller.o (.text.chassis_straight_speed)
                  000040c0    00000036     chassis_controller.o (.text.chassis_limit32)
                  000040f6    00000002     --HOLE-- [fill = 0]
                  000040f8    00000034     ti_msp_dl_config.o (.text.SYSCFG_DL_MOTOR_PID_init)
                  0000412c    00000034     chassis_controller.o (.text.chassis_brake)
                  00004160    00000034     motor.o (.text.motor_get_actual_mmps_x10)
                  00004194    00000034     motor.o (.text.motor_get_target_mmps_x10)
                  000041c8    00000030     encoder.o (.text.Encoder_Get_Total_Count)
                  000041f8    00000030     oled.o (.text.OLED_Pow)
                  00004228    00000030     ti_msp_dl_config.o (.text.SYSCFG_DL_init)
                  00004258    00000030     atk_ms6dsv.o (.text.ms6dsv_i2c_start)
                  00004288    0000002c     oled.o (.text.OLED_RecoverI2C)
                  000042b4    0000002c     main.o (.text.__NVIC_ClearPendingIRQ)
                  000042e0    0000002c     main.o (.text.__NVIC_EnableIRQ)
                  0000430c    0000002c     motor.o (.text.motor_max_duty_for_target)
                  00004338    00000028     chassis_controller.o (.text.ChassisController_GetDistanceMm)
                  00004360    00000028     oled.o (.text.DL_Common_updateReg)
                  00004388    00000028     ti_msp_dl_config.o (.text.DL_Common_updateReg)
                  000043b0    00000028     ti_msp_dl_config.o (.text.DL_I2C_setControllerRXFIFOThreshold)
                  000043d8    00000028     ti_msp_dl_config.o (.text.DL_I2C_setControllerTXFIFOThreshold)
                  00004400    00000028     chassis_controller.o (.text.chassis_cd_straight_distance_mm)
                  00004428    00000028     chassis_controller.o (.text.chassis_lap_length_mm)
                  00004450    00000028     motor.o (.text.limit_duty)
                  00004478    00000028     motor.o (.text.motor_calculate_rpm_x10)
                  000044a0    00000028     atk_ms6dsv.o (.text.ms6dsv_i2c_stop)
                  000044c8    00000028     main.o (.text.telemetry_put_u16)
                  000044f0    00000028     libc.a : boot_cortex_m.c.obj (.text:_c_int00_noargs)
                  00004518    00000026     ti_msp_dl_config.o (.text.DL_I2C_setAnalogGlitchFilterPulseWidth)
                  0000453e    00000026     driverlib.a : dl_i2c.o (.text.DL_I2C_setClockConfig)
                  00004564    00000024     atk_ms6dsv.o (.text.ATK_MS6DSV_GetRawData)
                  00004588    00000024     ti_msp_dl_config.o (.text.DL_I2C_setDigitalGlitchFilterPulseWidth)
                  000045ac    00000024     encoder.o (.text.Encoder_Init)
                  000045d0    00000024     libclang_rt.builtins.a : floatunsidf.S.obj (.text.__floatunsidf)
                  000045f4    00000024                            : muldi3.S.obj (.text.__muldi3)
                  00004618    00000024     chassis_controller.o (.text.chassis_accel_mmps2)
                  0000463c    00000024     chassis_controller.o (.text.chassis_decel_mmps2)
                  00004660    00000024     chassis_controller.o (.text.chassis_set_state)
                  00004684    00000022     main.o (.text.display_speed_mmps)
                  000046a6    00000002     --HOLE-- [fill = 0]
                  000046a8    00000020     ti_msp_dl_config.o (.text.DL_GPIO_initPeripheralInputFunction)
                  000046c8    00000020     ti_msp_dl_config.o (.text.DL_SYSCTL_setFlashWaitState)
                  000046e8    00000020     chassis_controller.o (.text.chassis_abs32)
                  00004708    00000020     chassis_controller.o (.text.chassis_begin_stop)
                  00004728    00000020     main.o (.text.display_clear_row)
                  00004748    00000020     atk_ms6dsv.o (.text.ms6dsv_read_sda)
                  00004768    0000001e     ti_msp_dl_config.o (.text.DL_UART_setOversampling)
                  00004786    00000002     --HOLE-- [fill = 0]
                  00004788    0000001e     libclang_rt.builtins.a : ashldi3.S.obj (.text.__ashldi3)
                  000047a6    00000002     --HOLE-- [fill = 0]
                  000047a8    0000001c     main.o (.text.DL_GPIO_clearInterruptStatus)
                  000047c4    0000001c     ti_msp_dl_config.o (.text.DL_GPIO_clearInterruptStatus)
                  000047e0    0000001c     ti_msp_dl_config.o (.text.DL_GPIO_enableHiZ)
                  000047fc    0000001c     ti_msp_dl_config.o (.text.DL_GPIO_enableInterrupt)
                  00004818    0000001c     ti_msp_dl_config.o (.text.DL_GPIO_initPeripheralOutputFunction)
                  00004834    0000001c     ti_msp_dl_config.o (.text.DL_GPIO_setLowerPinsPolarity)
                  00004850    0000001c     driverlib.a : dl_sysctl_mspm0g1x0x_g3x0x.o (.text.DL_SYSCTL_configFCC)
                  0000486c    0000001c     ti_msp_dl_config.o (.text.DL_SYSCTL_setFCCPeriods)
                  00004888    0000001c     ti_msp_dl_config.o (.text.DL_SYSCTL_setSYSOSCFreq)
                  000048a4    0000001c     ti_msp_dl_config.o (.text.DL_SYSCTL_setULPCLKDivider)
                  000048c0    0000001c     ti_msp_dl_config.o (.text.DL_Timer_enableInterrupt)
                  000048dc    0000001c     driverlib.a : dl_timer.o (.text.DL_Timer_setCaptCompUpdateMethod)
                  000048f8    0000001c                 : dl_timer.o (.text.DL_Timer_setClockConfig)
                  00004914    0000001c     main.o (.text.DL_UART_disableInterrupt)
                  00004930    0000001c     main.o (.text.DL_UART_enableInterrupt)
                  0000494c    0000001c     main.o (.text.UART0_IRQHandler)
                  00004968    0000001c     delay.o (.text.delay_ms)
                  00004984    00000018     atk_ms6dsv.o (.text.DL_GPIO_enableOutput)
                  0000499c    00000018     ti_msp_dl_config.o (.text.DL_GPIO_enableOutput)
                  000049b4    00000018     ti_msp_dl_config.o (.text.DL_GPIO_enablePower)
                  000049cc    00000018     main.o (.text.DL_GPIO_getEnabledInterruptStatus)
                  000049e4    00000018     ti_msp_dl_config.o (.text.DL_GPIO_initDigitalOutput)
                  000049fc    00000018     ti_msp_dl_config.o (.text.DL_GPIO_initPeripheralAnalogFunction)
                  00004a14    00000018     ti_msp_dl_config.o (.text.DL_GPIO_reset)
                  00004a2c    00000018     motor.o (.text.DL_GPIO_setPins)
                  00004a44    00000018     atk_ms6dsv.o (.text.DL_I2C_disableController)
                  00004a5c    00000018     ti_msp_dl_config.o (.text.DL_I2C_enableAnalogGlitchFilter)
                  00004a74    00000018     ti_msp_dl_config.o (.text.DL_I2C_enableController)
                  00004a8c    00000018     ti_msp_dl_config.o (.text.DL_I2C_enableControllerClockStretching)
                  00004aa4    00000018     ti_msp_dl_config.o (.text.DL_I2C_enablePower)
                  00004abc    00000018     ti_msp_dl_config.o (.text.DL_I2C_reset)
                  00004ad4    00000018     ti_msp_dl_config.o (.text.DL_I2C_setTimerPeriod)
                  00004aec    00000018     ti_msp_dl_config.o (.text.DL_SYSCTL_setBORThreshold)
                  00004b04    00000018     ti_msp_dl_config.o (.text.DL_Timer_enablePower)
                  00004b1c    00000018     ti_msp_dl_config.o (.text.DL_Timer_reset)
                  00004b34    00000018     driverlib.a : dl_timer.o (.text.DL_Timer_setCaptureCompareOutCtl)
                  00004b4c    00000018     main.o (.text.DL_Timer_startCounter)
                  00004b64    00000018     motor.o (.text.DL_Timer_startCounter)
                  00004b7c    00000018     ti_msp_dl_config.o (.text.DL_UART_enablePower)
                  00004b94    00000018     main.o (.text.DL_UART_isTXFIFOFull)
                  00004bac    00000018     ti_msp_dl_config.o (.text.DL_UART_reset)
                  00004bc4    00000018     main.o (.text.display_request_refresh)
                  00004bdc    00000018     atk_ms6dsv.o (.text.ms6dsv_read_scl)
                  00004bf4    00000016     atk_ms6dsv.o (.text.DL_GPIO_readPins)
                  00004c0a    00000016     infrared.o (.text.DL_GPIO_readPins)
                  00004c20    00000016     main.o (.text.DL_GPIO_readPins)
                  00004c36    00000016     ti_msp_dl_config.o (.text.DL_UART_enable)
                  00004c4c    00000016     main.o (.text.DL_UART_transmitData)
                  00004c62    00000014     atk_ms6dsv.o (.text.ATK_MS6DSV_AccelRawToUg)
                  00004c76    00000014     atk_ms6dsv.o (.text.DL_GPIO_clearPins)
                  00004c8a    00000014     motor.o (.text.DL_GPIO_clearPins)
                  00004c9e    00000014     ti_msp_dl_config.o (.text.DL_GPIO_clearPins)
                  00004cb2    00000014     atk_ms6dsv.o (.text.DL_GPIO_disableOutput)
                  00004cc6    00000002     --HOLE-- [fill = 0]
                  00004cc8    00000014     oled.o (.text.DL_I2C_getControllerStatus)
                  00004cdc    00000014     oled.o (.text.DL_I2C_resetControllerTransfer)
                  00004cf0    00000014     ti_msp_dl_config.o (.text.DL_I2C_resetControllerTransfer)
                  00004d04    00000014     ti_msp_dl_config.o (.text.DL_SYSCTL_disableSYSPLL)
                  00004d18    00000014     ti_msp_dl_config.o (.text.DL_SYSCTL_enableSYSPLL)
                  00004d2c    00000014     ti_msp_dl_config.o (.text.DL_Timer_enableClock)
                  00004d40    00000014     ti_msp_dl_config.o (.text.DL_Timer_setCCPDirection)
                  00004d54    00000014     line_sensor.o (.text.LineSensor_Init)
                  00004d68    00000014     libclang_rt.builtins.a : aeabi_ldivmod.S.obj (.text.__aeabi_ldivmod)
                  00004d7c    00000014                            : aeabi_uldivmod.S.obj (.text.__aeabi_uldivmod)
                  00004d90    00000014     main.o (.text.selected_mode)
                  00004da4    00000012     motor.o (.text.DL_Timer_getPendingInterrupt)
                  00004db6    00000012     main.o (.text.DL_UART_getPendingInterrupt)
                  00004dc8    00000012     driverlib.a : dl_uart.o (.text.DL_UART_setClockConfig)
                  00004dda    00000012     libc.a : memcpy16.S.obj (.text:TI_memcpy_small)
                  00004dec    00000012            : copy_decompress_none.c.obj (.text:decompress:none)
                  00004dfe    00000002     --HOLE-- [fill = 0]
                  00004e00    00000010     ti_msp_dl_config.o (.text.DL_SYSCTL_disableHFXT)
                  00004e10    00000010     ti_msp_dl_config.o (.text.DL_SYSCTL_isFCCDone)
                  00004e20    00000010     ti_msp_dl_config.o (.text.DL_SYSCTL_startFCC)
                  00004e30    00000010     driverlib.a : dl_timer.o (.text.DL_Timer_setCaptureCompareValue)
                  00004e40    00000010     main.o (.text.SysTick_Handler)
                  00004e50    00000010     libc.a : copy_zero_init.c.obj (.text:decompress:ZI)
                  00004e60    0000000e            : memset16.S.obj (.text:TI_memset_small)
                  00004e6e    00000002     --HOLE-- [fill = 0]
                  00004e70    0000000c     atk_ms6dsv.o (.text.ATK_MS6DSV_GetStatus)
                  00004e7c    0000000c     atk_ms6dsv.o (.text.ATK_MS6DSV_IsOnline)
                  00004e88    0000000c     chassis_controller.o (.text.ChassisController_GetState)
                  00004e94    0000000c     chassis_controller.o (.text.ChassisController_GetTaskMode)
                  00004ea0    0000000c     ti_msp_dl_config.o (.text.DL_SYSCTL_getClockStatus)
                  00004eac    0000000c     ti_msp_dl_config.o (.text.DL_SYSCTL_readFCC)
                  00004eb8    0000000c     imu_heading.o (.text.ImuHeading_GetAccelXMg)
                  00004ec4    0000000c     imu_heading.o (.text.ImuHeading_GetAccelYMg)
                  00004ed0    0000000c     imu_heading.o (.text.ImuHeading_GetAccelZMg)
                  00004edc    0000000c     imu_heading.o (.text.ImuHeading_GetAngleMdeg)
                  00004ee8    0000000c     imu_heading.o (.text.ImuHeading_GetRateMdps)
                  00004ef4    0000000c     imu_heading.o (.text.ImuHeading_IsReady)
                  00004f00    0000000c     imu_heading.o (.text.ImuHeading_ResetAngle)
                  00004f0c    0000000c     libclang_rt.builtins.a : aeabi_memset.S.obj (.text.__aeabi_memclr)
                  00004f18    0000000a     driverlib.a : dl_common.o (.text.DL_Common_delayCycles)
                  00004f22    0000000a     chassis_controller.o (.text.chassis_line_correction)
                  00004f2c    0000000a     atk_ms6dsv.o (.text.ms6dsv_i2c_delay)
                  00004f36    00000008     imu_heading.o (.text.ImuHeading_IsOnline)
                  00004f3e    00000002     --HOLE-- [fill = 0]
                  00004f40    00000008     libclang_rt.builtins.a : aeabi_memcpy.S.obj (.text.__aeabi_memcpy)
                  00004f48    00000006     libc.a : exit.c.obj (.text:abort)
                  00004f4e    00000004     startup_mspm0g350x_ticlang.o (.text.Default_Handler)
                  00004f52    00000004     libsysbm.a : hostexit.c.obj (.text.HOSTexit)
                  00004f56    00000004     startup_mspm0g350x_ticlang.o (.text.Reset_Handler)
                  00004f5a    00000002     --HOLE-- [fill = 0]
                  00004f5c    00000010     libc.a : boot_cortex_m.c.obj (.tramp._c_int00_noargs.1)
                  00004f6c    00000004            : pre_init.c.obj (.text._system_pre_init)

.cinit     0    00006838    00000038     
                  00006838    00000013     (.cinit..data.load) [load image, compression = lzss]
                  0000684b    00000001     --HOLE-- [fill = 0]
                  0000684c    0000000c     (__TI_handler_table)
                  00006858    00000008     (.cinit..bss.load) [load image, compression = zero_init]
                  00006860    00000010     (__TI_cinit_table)

.rodata    0    00004f70    000018c8     
                  00004f70    00000d5c     oled.o (.rodata.asc2_2412)
                  00005ccc    000005f0     oled.o (.rodata.asc2_1608)
                  000062bc    00000474     oled.o (.rodata.asc2_1206)
                  00006730    00000028     ti_msp_dl_config.o (.rodata.gSYSPLLConfig)
                  00006758    0000001c     oled.o (.rodata.OLED_Init.init_commands)
                  00006774    00000016     main.o (.rodata.str1.2763581881760962609.1)
                  0000678a    00000002     atk_ms6dsv.o (.rodata.ATK_MS6DSV_Init.addresses)
                  0000678c    00000014     ti_msp_dl_config.o (.rodata.gMOTOR_PIDTimerConfig)
                  000067a0    0000000c     main.o (.rodata.str1.2846389346932560359.1)
                  000067ac    0000000c     main.o (.rodata.str1.8154729771448623357.1)
                  000067b8    0000000b     main.o (.rodata.str1.18227636981041470289.1)
                  000067c3    00000001     --HOLE-- [fill = 0]
                  000067c4    0000000a     ti_msp_dl_config.o (.rodata.gTELEMETRY_UARTConfig)
                  000067ce    00000002     ti_msp_dl_config.o (.rodata.gMS6DSVClockConfig)
                  000067d0    00000008     ti_msp_dl_config.o (.rodata.gPWMABConfig)
                  000067d8    00000008     line_sensor.o (.rodata.g_weights)
                  000067e0    00000008     main.o (.rodata.str1.15159059442110792349.1)
                  000067e8    00000007     main.o (.rodata.str1.15996357275703397564.1)
                  000067ef    00000007     main.o (.rodata.str1.7702501944640899365.1)
                  000067f6    00000006     main.o (.rodata.str1.12180500075719773345.1)
                  000067fc    00000006     main.o (.rodata.str1.16265332423659789559.1)
                  00006802    00000006     main.o (.rodata.str1.17100691992556644108.1)
                  00006808    00000006     main.o (.rodata.str1.8108965883388295311.1)
                  0000680e    00000006     main.o (.rodata.str1.9059077390166914652.1)
                  00006814    00000005     main.o (.rodata.str1.2123964117280943167.1)
                  00006819    00000004     main.o (.rodata.str1.14079361385603432444.1)
                  0000681d    00000003     ti_msp_dl_config.o (.rodata.gMOTOR_PIDClockConfig)
                  00006820    00000003     ti_msp_dl_config.o (.rodata.gPWMABClockConfig)
                  00006823    00000003     main.o (.rodata.g_modes)
                  00006826    00000003     main.o (.rodata.str1.14402440632258215044.1)
                  00006829    00000002     ti_msp_dl_config.o (.rodata.gOLEDClockConfig)
                  0000682b    00000002     ti_msp_dl_config.o (.rodata.gTELEMETRY_UARTClockConfig)
                  0000682d    00000002     main.o (.rodata.str1.11870794119293528247.1)
                  0000682f    00000002     main.o (.rodata.str1.14112174005742061988.1)
                  00006831    00000002     main.o (.rodata.str1.288608917962107522.1)
                  00006833    00000002     main.o (.rodata.str1.8076846746581808073.1)
                  00006835    00000003     --HOLE-- [fill = 0]

.init_array 
*          0    00000000    00000000     UNINITIALIZED

.binit     0    00000000    00000000     

.bss       0    20200000    000005fd     UNINITIALIZED
                  20200000    00000480     (.common:OLED_GRAM)
                  20200480    000000bc     (.common:gMOTOR_PIDBackup)
                  2020053c    00000030     main.o (.bss.g_telemetry_frame)
                  2020056c    0000000e     atk_ms6dsv.o (.bss.g_ms6dsv_raw_data)
                  2020057a    00000002     imu_heading.o (.bss.g_accel_x_mg)
                  2020057c    0000000c     main.o (.bss.g_mode_button)
                  20200588    0000000c     main.o (.bss.g_start_button)
                  20200594    00000004     imu_heading.o (.bss.g_angle_mdeg)
                  20200598    00000004     imu_heading.o (.bss.g_bias_sum)
                  2020059c    00000004     chassis_controller.o (.bss.g_center_command_x1000)
                  202005a0    00000004     chassis_controller.o (.bss.g_finish_ms)
                  202005a4    00000004     chassis_controller.o (.bss.g_last_update_ms)
                  202005a8    00000004     imu_heading.o (.bss.g_last_update_ms)
                  202005ac    00000004     chassis_controller.o (.bss.g_left_command_x1000)
                  202005b0    00000004     chassis_controller.o (.bss.g_left_start_count)
                  202005b4    00000004     main.o (.bss.g_milliseconds)
                  202005b8    00000004     imu_heading.o (.bss.g_rate_mdps)
                  202005bc    00000004     chassis_controller.o (.bss.g_right_command_x1000)
                  202005c0    00000004     chassis_controller.o (.bss.g_right_start_count)
                  202005c4    00000004     chassis_controller.o (.bss.g_start_ms)
                  202005c8    00000004     chassis_controller.o (.bss.g_state_start_distance_mm)
                  202005cc    00000004     chassis_controller.o (.bss.g_steering_command_x1000)
                  202005d0    00000004     main.o (.bss.g_telemetry_encoder_accel_mmps2)
                  202005d4    00000004     main.o (.bss.g_telemetry_last_actual_mmps)
                  202005d8    00000004     main.o (.bss.g_telemetry_last_encoder_ms)
                  202005dc    00000004     main.o (.bss.g_telemetry_last_target_mmps)
                  202005e0    00000004     main.o (.bss.g_telemetry_last_target_ms)
                  202005e4    00000002     imu_heading.o (.bss.g_accel_y_mg)
                  202005e6    00000002     imu_heading.o (.bss.g_accel_z_mg)
                  202005e8    00000002     imu_heading.o (.bss.g_bias_raw)
                  202005ea    00000002     imu_heading.o (.bss.g_bias_samples)
                  202005ec    00000002     atk_ms6dsv.o (.bss.g_ms6dsv_reconnect_count)
                  202005ee    00000002     main.o (.bss.g_telemetry_sequence)
                  202005f0    00000001     main.o (.bss.g_display_refresh_page)
                  202005f1    00000001     main.o (.bss.g_display_refresh_pending)
                  202005f2    00000001     chassis_controller.o (.bss.g_marker_samples)
                  202005f3    00000001     main.o (.bss.g_mode_confirmed)
                  202005f4    00000001     main.o (.bss.g_mode_index)
                  202005f5    00000001     atk_ms6dsv.o (.bss.g_ms6dsv_online)
                  202005f6    00000001     atk_ms6dsv.o (.bss.g_ms6dsv_read_fail_count)
                  202005f7    00000001     atk_ms6dsv.o (.bss.g_ms6dsv_status)
                  202005f8    00000001     atk_ms6dsv.o (.bss.g_ms6dsv_who_am_i)
                  202005f9    00000001     imu_heading.o (.bss.g_ready)
                  202005fa    00000001     chassis_controller.o (.bss.g_stop_final_state)
                  202005fb    00000001     main.o (.bss.g_telemetry_tx_busy)
                  202005fc    00000001     main.o (.bss.g_telemetry_tx_index)

.data      0    20200600    00000060     UNINITIALIZED
                  20200600    00000028     motor.o (.data.motor_pid)
                  20200628    00000008     encoder.o (.data.encoder_count)
                  20200630    00000008     encoder.o (.data.encoder_last_count)
                  20200638    00000008     encoder.o (.data.encoder_total_count)
                  20200640    00000008     motor.o (.data.motor_target_rpm_x10)
                  20200648    00000004     line_sensor.o (.data.g_last_error_x100)
                  2020064c    00000004     motor.o (.data.motor_pid_kd)
                  20200650    00000004     motor.o (.data.motor_pid_ki)
                  20200654    00000004     motor.o (.data.motor_pid_kp)
                  20200658    00000004     motor.o (.data.motor_target_percent)
                  2020065c    00000001     atk_ms6dsv.o (.data.g_ms6dsv_address)
                  2020065d    00000001     oled.o (.data.g_oled_i2c_failed)
                  2020065e    00000001     chassis_controller.o (.data.g_state)
                  2020065f    00000001     chassis_controller.o (.data.g_task_mode)

.stack     0    20207e00    00000200     UNINITIALIZED
                  20207e00    00000004     libc.a : boot_cortex_m.c.obj (.stack)
                  20207e04    000001fc     --HOLE--

__llvm_prf_cnts 
*          0    20200000    00000000     UNINITIALIZED

__llvm_prf_bits 
*          0    20200000    00000000     UNINITIALIZED

MODULE SUMMARY

       Module                         code    ro data   rw data
       ------                         ----    -------   -------
    .\
       main.o                         3628    132       104    
       ti_msp_dl_config.o             2842    90        188    
       chassis_controller.o           2976    0         44     
       imu_heading.o                  520     0         27     
       line_sensor.o                  292     8         4      
       startup_mspm0g350x_ticlang.o   8       192       0      
       infrared.o                     164     0         0      
    +--+------------------------------+-------+---------+---------+
       Total:                         10430   422       367    
                                                               
    .\user_driver\
       oled.o                         2276    6108      1153   
       motor.o                        2410    0         64     
       atk_ms6dsv.o                   2208    2         21     
       encoder.o                      216     0         24     
       delay.o                        28      0         0      
    +--+------------------------------+-------+---------+---------+
       Total:                         7138    6110      1262   
                                                               
    C:/TI/mspm0_sdk_2_10_00_04/source/ti/driverlib/lib/ticlang/m0p/mspm0g1x0x_g3x0x/driverlib.a
       dl_timer.o                     608     0         0      
       dl_sysctl_mspm0g1x0x_g3x0x.o   416     0         0      
       dl_i2c.o                       192     0         0      
       dl_uart.o                      90      0         0      
       dl_common.o                    10      0         0      
    +--+------------------------------+-------+---------+---------+
       Total:                         1316    0         0      
                                                               
    E:\install\keli\ti\css\ccs\tools\compiler\ti-cgt-armllvm_4.0.4.LTS\lib\armv6m-ti-none-eabi/c/libc.a
       copy_decompress_lzss.c.obj     124     0         0      
       autoinit.c.obj                 60      0         0      
       boot_cortex_m.c.obj            56      0         0      
       copy_decompress_none.c.obj     18      0         0      
       memcpy16.S.obj                 18      0         0      
       copy_zero_init.c.obj           16      0         0      
       memset16.S.obj                 14      0         0      
       exit.c.obj                     6       0         0      
       pre_init.c.obj                 4       0         0      
    +--+------------------------------+-------+---------+---------+
       Total:                         316     0         0      
                                                               
    E:\install\keli\ti\css\ccs\tools\compiler\ti-cgt-armllvm_4.0.4.LTS\lib\armv6m-ti-none-eabi/c/libsysbm.a
       hostexit.c.obj                 4       0         0      
    +--+------------------------------+-------+---------+---------+
       Total:                         4       0         0      
                                                               
    E:\install\keli\ti\css\ccs\tools\compiler\ti-cgt-armllvm_4.0.4.LTS\lib\armv6m-ti-none-eabi/libclang_rt.builtins.a
       comparedf2.c.obj               220     0         0      
       udivmoddi4.S.obj               162     0         0      
       aeabi_dcmp.S.obj               98      0         0      
       aeabi_idivmod.S.obj            86      0         0      
       aeabi_uidivmod.S.obj           64      0         0      
       divmoddi4.c.obj                62      0         0      
       muldsi3.S.obj                  58      0         0      
       floatunsidf.S.obj              36      0         0      
       muldi3.S.obj                   36      0         0      
       ashldi3.S.obj                  30      0         0      
       aeabi_ldivmod.S.obj            20      0         0      
       aeabi_uldivmod.S.obj           20      0         0      
       aeabi_memset.S.obj             12      0         0      
       aeabi_memcpy.S.obj             8       0         0      
       aeabi_div0.c.obj               4       0         0      
    +--+------------------------------+-------+---------+---------+
       Total:                         916     0         0      
                                                               
       Stack:                         0       0         512    
       Linker Generated:              0       55        0      
    +--+------------------------------+-------+---------+---------+
       Grand Total:                   20120   6587      2141   


LINKER GENERATED COPY TABLES

__TI_cinit_table @ 00006860 records: 2, size/record: 8, table size: 16
	.data: load addr=00006838, load size=00000013 bytes, run addr=20200600, run size=00000060 bytes, compression=lzss
	.bss: load addr=00006858, load size=00000008 bytes, run addr=20200000, run size=000005fd bytes, compression=zero_init


LINKER GENERATED HANDLER TABLE

__TI_handler_table @ 0000684c records: 3, size/record: 4, table size: 12
	index: 0, handler: __TI_decompress_lzss
	index: 1, handler: __TI_decompress_none
	index: 2, handler: __TI_zero_init


FAR CALL TRAMPOLINES

callee name               trampoline name
   callee addr  tramp addr   call addr  call info
--------------  -----------  ---------  ----------------
_c_int00_noargs           $Tramp$TT$L$PI$$_c_int00_noargs
   000044f1     00004f5c     00004f56   startup_mspm0g350x_ticlang.o (.text.Reset_Handler)

[1 trampolines]
[1 trampoline calls]


GLOBAL SYMBOLS: SORTED ALPHABETICALLY BY Name 

address   name                                 
-------   ----                                 
00004f4f  ADC0_IRQHandler                      
00004f4f  ADC1_IRQHandler                      
00004f4f  AES_IRQHandler                       
00004c63  ATK_MS6DSV_AccelRawToUg              
00004565  ATK_MS6DSV_GetRawData                
00004e71  ATK_MS6DSV_GetStatus                 
00000bed  ATK_MS6DSV_Init                      
00004e7d  ATK_MS6DSV_IsOnline                  
00001da5  ATK_MS6DSV_Update                    
00004f52  C$$EXIT                              
00004f4f  CANFD0_IRQHandler                    
00004339  ChassisController_GetDistanceMm      
000037a5  ChassisController_GetElapsedMs       
00004e89  ChassisController_GetState           
00004e95  ChassisController_GetTaskMode        
00002f21  ChassisController_Init               
00004019  ChassisController_IsRunning          
000022f1  ChassisController_Start              
000000c1  ChassisController_Update             
00004f4f  DAC0_IRQHandler                      
00004f19  DL_Common_delayCycles                
00003639  DL_I2C_fillControllerTXFIFO          
00003e79  DL_I2C_flushControllerTXFIFO         
0000453f  DL_I2C_setClockConfig                
00004851  DL_SYSCTL_configFCC                  
0000213d  DL_SYSCTL_configSYSPLL               
000032c5  DL_SYSCTL_setHFCLKSourceHFXTParams   
00003c75  DL_SYSCTL_switchMCLKfromSYSOSCtoHSCLK
000018b5  DL_Timer_initFourCCPWMMode           
00001bbd  DL_Timer_initTimerMode               
000048dd  DL_Timer_setCaptCompUpdateMethod     
00004b35  DL_Timer_setCaptureCompareOutCtl     
00004e31  DL_Timer_setCaptureCompareValue      
000048f9  DL_Timer_setClockConfig              
00003b55  DL_UART_init                         
00004dc9  DL_UART_setClockConfig               
00004f4f  DMA_IRQHandler                       
00004f4f  Default_Handler                      
00003a71  Encoder_Get_Count                    
000041c9  Encoder_Get_Total_Count              
000045ad  Encoder_Init                         
00004051  Encoder_Record_Pulse                 
00004f4f  GROUP0_IRQHandler                    
00003b9d  GROUP1_IRQHandler                    
00004f53  HOSTexit                             
00004f4f  HardFault_Handler                    
00004f4f  I2C0_IRQHandler                      
00004f4f  I2C1_IRQHandler                      
00004eb9  ImuHeading_GetAccelXMg               
00004ec5  ImuHeading_GetAccelYMg               
00004ed1  ImuHeading_GetAccelZMg               
00004edd  ImuHeading_GetAngleMdeg              
00004ee9  ImuHeading_GetRateMdps               
00003329  ImuHeading_Init                      
00004f37  ImuHeading_IsOnline                  
00004ef5  ImuHeading_IsReady                   
00004f01  ImuHeading_ResetAngle                
000012c9  ImuHeading_Update                    
00002497  Infrared_Init                        
00002c75  Infrared_Read                        
00004d55  LineSensor_Init                      
000017a5  LineSensor_Read                      
00004f4f  NMI_Handler                          
000034b9  OLED_Clear                           
0000338d  OLED_ClearPoint                      
00003be5  OLED_DrawPoint                       
20200000  OLED_GRAM                            
000026d5  OLED_Init                            
000041f9  OLED_Pow                             
000031ed  OLED_Refresh                         
00002565  OLED_RefreshPage                     
00001171  OLED_ShowChar                        
00002835  OLED_ShowNum                         
00002983  OLED_ShowString                      
00001411  OLED_WR_Byte                         
00004f4f  PendSV_Handler                       
00004f4f  RTC_IRQHandler                       
00004f57  Reset_Handler                        
00004f4f  SPI0_IRQHandler                      
00004f4f  SPI1_IRQHandler                      
00004f4f  SVC_Handler                          
00000fc5  SYSCFG_DL_GPIO_init                  
000040f9  SYSCFG_DL_MOTOR_PID_init             
00003519  SYSCFG_DL_MS6DSV_init                
00003579  SYSCFG_DL_OLED_init                  
00002d01  SYSCFG_DL_PWMAB_init                 
00001e8d  SYSCFG_DL_SYSCTL_SYSPLL_init         
0000301d  SYSCFG_DL_SYSCTL_init                
00003cb9  SYSCFG_DL_TELEMETRY_UART_init        
00004229  SYSCFG_DL_init                       
00002d8d  SYSCFG_DL_initPower                  
00004e41  SysTick_Handler                      
00003091  TIMA0_IRQHandler                     
00004f4f  TIMA1_IRQHandler                     
00004f4f  TIMG0_IRQHandler                     
00004f4f  TIMG12_IRQHandler                    
00004f4f  TIMG6_IRQHandler                     
00004f4f  TIMG7_IRQHandler                     
00004f4f  TIMG8_IRQHandler                     
00004ddb  TI_memcpy_small                      
00004e61  TI_memset_small                      
0000494d  UART0_IRQHandler                     
00004f4f  UART1_IRQHandler                     
00004f4f  UART2_IRQHandler                     
00004f4f  UART3_IRQHandler                     
20208000  __STACK_END                          
00000200  __STACK_SIZE                         
00000000  __TI_ATRegion0_region_sz             
00000000  __TI_ATRegion0_src_addr              
00000000  __TI_ATRegion0_trg_addr              
00000000  __TI_ATRegion1_region_sz             
00000000  __TI_ATRegion1_src_addr              
00000000  __TI_ATRegion1_trg_addr              
00000000  __TI_ATRegion2_region_sz             
00000000  __TI_ATRegion2_src_addr              
00000000  __TI_ATRegion2_trg_addr              
00006860  __TI_CINIT_Base                      
00006870  __TI_CINIT_Limit                     
00006870  __TI_CINIT_Warm                      
0000684c  __TI_Handler_Table_Base              
00006858  __TI_Handler_Table_Limit             
00003f69  __TI_auto_init_nobinit_nopinit       
00002fa1  __TI_decompress_lzss                 
00004ded  __TI_decompress_none                 
ffffffff  __TI_pprof_out_hndl                  
ffffffff  __TI_prof_data_size                  
ffffffff  __TI_prof_data_start                 
00000000  __TI_static_base__                   
00004e51  __TI_zero_init                       
00003455  __aeabi_dcmpeq                       
00003491  __aeabi_dcmpge                       
000034a5  __aeabi_dcmpgt                       
0000347d  __aeabi_dcmple                       
00003469  __aeabi_dcmplt                       
0000374d  __aeabi_idiv                         
00002ab3  __aeabi_idiv0                        
0000374d  __aeabi_idivmod                      
000034b7  __aeabi_ldiv0                        
00004d69  __aeabi_ldivmod                      
00004789  __aeabi_llsl                         
000045f5  __aeabi_lmul                         
00004f0d  __aeabi_memclr                       
00004f0d  __aeabi_memclr4                      
00004f0d  __aeabi_memclr8                      
00004f41  __aeabi_memcpy                       
00004f41  __aeabi_memcpy4                      
00004f41  __aeabi_memcpy8                      
000045d1  __aeabi_ui2d                         
00003cf9  __aeabi_uidiv                        
00003cf9  __aeabi_uidivmod                     
00004d7d  __aeabi_uldivmod                     
00004789  __ashldi3                            
ffffffff  __binit__                            
0000325d  __cmpdf2                             
00003e39  __divmoddi4                          
0000325d  __eqdf2                              
000045d1  __floatunsidf                        
00003105  __gedf2                              
00003105  __gtdf2                              
0000325d  __ledf2                              
0000325d  __ltdf2                              
UNDEFED   __mpu_init                           
000045f5  __muldi3                             
00003fa5  __muldsi3                            
0000325d  __nedf2                              
20207e00  __stack                              
20200000  __start___llvm_prf_bits              
20200000  __start___llvm_prf_cnts              
20200000  __stop___llvm_prf_bits               
20200000  __stop___llvm_prf_cnts               
000028e1  __udivmoddi4                         
000044f1  _c_int00_noargs                      
UNDEFED   _system_post_cinit                   
00004f6d  _system_pre_init                     
00004f49  abort                                
000062bc  asc2_1206                            
00005ccc  asc2_1608                            
00004f70  asc2_2412                            
ffffffff  binit                                
00004969  delay_ms                             
20200480  gMOTOR_PIDBackup                     
00000000  interruptVectors                     
00001675  main                                 
00001cb9  motor_drive_mmps                     
00004161  motor_get_actual_mmps_x10            
00003d79  motor_get_actual_rpm_x10             
00004195  motor_get_target_mmps_x10            
00003ef1  motor_get_target_rpm_x10             
00002785  motor_init                           
00001f75  motor_set_direction                  
00003b09  motor_set_duty                       
00002b4d  motor_stop                           


GLOBAL SYMBOLS: SORTED BY Symbol Address 

address   name                                 
-------   ----                                 
00000000  __TI_ATRegion0_region_sz             
00000000  __TI_ATRegion0_src_addr              
00000000  __TI_ATRegion0_trg_addr              
00000000  __TI_ATRegion1_region_sz             
00000000  __TI_ATRegion1_src_addr              
00000000  __TI_ATRegion1_trg_addr              
00000000  __TI_ATRegion2_region_sz             
00000000  __TI_ATRegion2_src_addr              
00000000  __TI_ATRegion2_trg_addr              
00000000  __TI_static_base__                   
00000000  interruptVectors                     
000000c1  ChassisController_Update             
00000200  __STACK_SIZE                         
00000bed  ATK_MS6DSV_Init                      
00000fc5  SYSCFG_DL_GPIO_init                  
00001171  OLED_ShowChar                        
000012c9  ImuHeading_Update                    
00001411  OLED_WR_Byte                         
00001675  main                                 
000017a5  LineSensor_Read                      
000018b5  DL_Timer_initFourCCPWMMode           
00001bbd  DL_Timer_initTimerMode               
00001cb9  motor_drive_mmps                     
00001da5  ATK_MS6DSV_Update                    
00001e8d  SYSCFG_DL_SYSCTL_SYSPLL_init         
00001f75  motor_set_direction                  
0000213d  DL_SYSCTL_configSYSPLL               
000022f1  ChassisController_Start              
00002497  Infrared_Init                        
00002565  OLED_RefreshPage                     
000026d5  OLED_Init                            
00002785  motor_init                           
00002835  OLED_ShowNum                         
000028e1  __udivmoddi4                         
00002983  OLED_ShowString                      
00002ab3  __aeabi_idiv0                        
00002b4d  motor_stop                           
00002c75  Infrared_Read                        
00002d01  SYSCFG_DL_PWMAB_init                 
00002d8d  SYSCFG_DL_initPower                  
00002f21  ChassisController_Init               
00002fa1  __TI_decompress_lzss                 
0000301d  SYSCFG_DL_SYSCTL_init                
00003091  TIMA0_IRQHandler                     
00003105  __gedf2                              
00003105  __gtdf2                              
000031ed  OLED_Refresh                         
0000325d  __cmpdf2                             
0000325d  __eqdf2                              
0000325d  __ledf2                              
0000325d  __ltdf2                              
0000325d  __nedf2                              
000032c5  DL_SYSCTL_setHFCLKSourceHFXTParams   
00003329  ImuHeading_Init                      
0000338d  OLED_ClearPoint                      
00003455  __aeabi_dcmpeq                       
00003469  __aeabi_dcmplt                       
0000347d  __aeabi_dcmple                       
00003491  __aeabi_dcmpge                       
000034a5  __aeabi_dcmpgt                       
000034b7  __aeabi_ldiv0                        
000034b9  OLED_Clear                           
00003519  SYSCFG_DL_MS6DSV_init                
00003579  SYSCFG_DL_OLED_init                  
00003639  DL_I2C_fillControllerTXFIFO          
0000374d  __aeabi_idiv                         
0000374d  __aeabi_idivmod                      
000037a5  ChassisController_GetElapsedMs       
00003a71  Encoder_Get_Count                    
00003b09  motor_set_duty                       
00003b55  DL_UART_init                         
00003b9d  GROUP1_IRQHandler                    
00003be5  OLED_DrawPoint                       
00003c75  DL_SYSCTL_switchMCLKfromSYSOSCtoHSCLK
00003cb9  SYSCFG_DL_TELEMETRY_UART_init        
00003cf9  __aeabi_uidiv                        
00003cf9  __aeabi_uidivmod                     
00003d79  motor_get_actual_rpm_x10             
00003e39  __divmoddi4                          
00003e79  DL_I2C_flushControllerTXFIFO         
00003ef1  motor_get_target_rpm_x10             
00003f69  __TI_auto_init_nobinit_nopinit       
00003fa5  __muldsi3                            
00004019  ChassisController_IsRunning          
00004051  Encoder_Record_Pulse                 
000040f9  SYSCFG_DL_MOTOR_PID_init             
00004161  motor_get_actual_mmps_x10            
00004195  motor_get_target_mmps_x10            
000041c9  Encoder_Get_Total_Count              
000041f9  OLED_Pow                             
00004229  SYSCFG_DL_init                       
00004339  ChassisController_GetDistanceMm      
000044f1  _c_int00_noargs                      
0000453f  DL_I2C_setClockConfig                
00004565  ATK_MS6DSV_GetRawData                
000045ad  Encoder_Init                         
000045d1  __aeabi_ui2d                         
000045d1  __floatunsidf                        
000045f5  __aeabi_lmul                         
000045f5  __muldi3                             
00004789  __aeabi_llsl                         
00004789  __ashldi3                            
00004851  DL_SYSCTL_configFCC                  
000048dd  DL_Timer_setCaptCompUpdateMethod     
000048f9  DL_Timer_setClockConfig              
0000494d  UART0_IRQHandler                     
00004969  delay_ms                             
00004b35  DL_Timer_setCaptureCompareOutCtl     
00004c63  ATK_MS6DSV_AccelRawToUg              
00004d55  LineSensor_Init                      
00004d69  __aeabi_ldivmod                      
00004d7d  __aeabi_uldivmod                     
00004dc9  DL_UART_setClockConfig               
00004ddb  TI_memcpy_small                      
00004ded  __TI_decompress_none                 
00004e31  DL_Timer_setCaptureCompareValue      
00004e41  SysTick_Handler                      
00004e51  __TI_zero_init                       
00004e61  TI_memset_small                      
00004e71  ATK_MS6DSV_GetStatus                 
00004e7d  ATK_MS6DSV_IsOnline                  
00004e89  ChassisController_GetState           
00004e95  ChassisController_GetTaskMode        
00004eb9  ImuHeading_GetAccelXMg               
00004ec5  ImuHeading_GetAccelYMg               
00004ed1  ImuHeading_GetAccelZMg               
00004edd  ImuHeading_GetAngleMdeg              
00004ee9  ImuHeading_GetRateMdps               
00004ef5  ImuHeading_IsReady                   
00004f01  ImuHeading_ResetAngle                
00004f0d  __aeabi_memclr                       
00004f0d  __aeabi_memclr4                      
00004f0d  __aeabi_memclr8                      
00004f19  DL_Common_delayCycles                
00004f37  ImuHeading_IsOnline                  
00004f41  __aeabi_memcpy                       
00004f41  __aeabi_memcpy4                      
00004f41  __aeabi_memcpy8                      
00004f49  abort                                
00004f4f  ADC0_IRQHandler                      
00004f4f  ADC1_IRQHandler                      
00004f4f  AES_IRQHandler                       
00004f4f  CANFD0_IRQHandler                    
00004f4f  DAC0_IRQHandler                      
00004f4f  DMA_IRQHandler                       
00004f4f  Default_Handler                      
00004f4f  GROUP0_IRQHandler                    
00004f4f  HardFault_Handler                    
00004f4f  I2C0_IRQHandler                      
00004f4f  I2C1_IRQHandler                      
00004f4f  NMI_Handler                          
00004f4f  PendSV_Handler                       
00004f4f  RTC_IRQHandler                       
00004f4f  SPI0_IRQHandler                      
00004f4f  SPI1_IRQHandler                      
00004f4f  SVC_Handler                          
00004f4f  TIMA1_IRQHandler                     
00004f4f  TIMG0_IRQHandler                     
00004f4f  TIMG12_IRQHandler                    
00004f4f  TIMG6_IRQHandler                     
00004f4f  TIMG7_IRQHandler                     
00004f4f  TIMG8_IRQHandler                     
00004f4f  UART1_IRQHandler                     
00004f4f  UART2_IRQHandler                     
00004f4f  UART3_IRQHandler                     
00004f52  C$$EXIT                              
00004f53  HOSTexit                             
00004f57  Reset_Handler                        
00004f6d  _system_pre_init                     
00004f70  asc2_2412                            
00005ccc  asc2_1608                            
000062bc  asc2_1206                            
0000684c  __TI_Handler_Table_Base              
00006858  __TI_Handler_Table_Limit             
00006860  __TI_CINIT_Base                      
00006870  __TI_CINIT_Limit                     
00006870  __TI_CINIT_Warm                      
20200000  OLED_GRAM                            
20200000  __start___llvm_prf_bits              
20200000  __start___llvm_prf_cnts              
20200000  __stop___llvm_prf_bits               
20200000  __stop___llvm_prf_cnts               
20200480  gMOTOR_PIDBackup                     
20207e00  __stack                              
20208000  __STACK_END                          
ffffffff  __TI_pprof_out_hndl                  
ffffffff  __TI_prof_data_size                  
ffffffff  __TI_prof_data_start                 
ffffffff  __binit__                            
ffffffff  binit                                
UNDEFED   __mpu_init                           
UNDEFED   _system_post_cinit                   

[192 symbols]
