******************************************************************************
            TI ARM Clang Linker PC v4.0.4                      
******************************************************************************
>> Linked Sat Aug  1 11:01:10 2026

OUTPUT FILE NAME:   <11_TIANMENGXING_H_TASK_2456.out>
ENTRY POINT SYMBOL: "_c_int00_noargs"  address: 00003b85


MEMORY CONFIGURATION

         name            origin    length      used     unused   attr    fill
----------------------  --------  ---------  --------  --------  ----  --------
  FLASH                 00000000   00020000  00005d70  0001a290  R  X
  SRAM                  20200000   00008000  0000080d  000077f3  RW X
  BCR_CONFIG            41c00000   000000ff  00000000  000000ff  R   
  BSL_CONFIG            41c00100   00000080  00000000  00000080  R   


SEGMENT ALLOCATION MAP

run origin  load origin   length   init length attrs members
----------  ----------- ---------- ----------- ----- -------
00000000    00000000    00005d70   00005d70    r-x
  00000000    00000000    000000c0   000000c0    r-- .intvecs
  000000c0    000000c0    000043d0   000043d0    r-x .text
  00004490    00004490    000018a8   000018a8    r-- .rodata
  00005d38    00005d38    00000038   00000038    r-- .cinit
20200000    20200000    00000610   00000000    rw-
  20200000    20200000    000005ad   00000000    rw- .bss
  202005b0    202005b0    00000060   00000000    rw- .data
20207e00    20207e00    00000200   00000000    rw-
  20207e00    20207e00    00000200   00000000    rw- .stack


SECTION ALLOCATION MAP

 output                                  attributes/
section   page    origin      length       input sections
--------  ----  ----------  ----------   ----------------
.intvecs   0    00000000    000000c0     
                  00000000    000000c0     startup_mspm0g350x_ticlang.o (.intvecs)

.text      0    000000c0    000043d0     
                  000000c0    0000032c     chassis_controller.o (.text.ChassisController_Update)
                  000003ec    00000254     main.o (.text.display_update)
                  00000640    00000214     motor.o (.text.motor_set_speed_target)
                  00000854    00000210     atk_ms6dsv.o (.text.ATK_MS6DSV_Init)
                  00000a64    000001c8     motor.o (.text.motor_pid_update)
                  00000c2c    00000198     ti_msp_dl_config.o (.text.SYSCFG_DL_GPIO_init)
                  00000dc4    00000158     oled.o (.text.OLED_ShowChar)
                  00000f1c    00000134     oled.o (.text.OLED_WR_Byte)
                  00001050    00000130     oled.o (.text.OLED_WR_DataBlock)
                  00001180    00000110     line_sensor.o (.text.LineSensor_Read)
                  00001290    00000104     driverlib.a : dl_timer.o (.text.DL_Timer_initFourCCPWMMode)
                  00001394    00000104     chassis_controller.o (.text.chassis_apply_wheels)
                  00001498    00000100     chassis_controller.o (.text.chassis_drive_curve)
                  00001598    000000fc     driverlib.a : dl_timer.o (.text.DL_Timer_initTimerMode)
                  00001694    000000f8     imu_heading.o (.text.ImuHeading_Update)
                  0000178c    000000f0     main.o (.text.main)
                  0000187c    000000ec     motor.o (.text.motor_drive_mmps)
                  00001968    000000e8     atk_ms6dsv.o (.text.ATK_MS6DSV_Update)
                  00001a50    000000e8     ti_msp_dl_config.o (.text.SYSCFG_DL_SYSCTL_SYSPLL_init)
                  00001b38    000000e8     motor.o (.text.motor_set_direction)
                  00001c20    000000e0     atk_ms6dsv.o (.text.ms6dsv_read_registers)
                  00001d00    000000dc     driverlib.a : dl_sysctl_mspm0g1x0x_g3x0x.o (.text.DL_SYSCTL_configSYSPLL)
                  00001ddc    000000d8     atk_ms6dsv.o (.text.ms6dsv_i2c_gpio_init)
                  00001eb4    000000d4     chassis_controller.o (.text.ChassisController_Start)
                  00001f88    000000c0     main.o (.text.process_buttons)
                  00002048    000000bc     oled.o (.text.OLED_RefreshPage)
                  00002104    000000b0     oled.o (.text.OLED_Init)
                  000021b4    000000b0     motor.o (.text.motor_init)
                  00002264    000000ac     oled.o (.text.OLED_ShowNum)
                  00002310    000000ac     chassis_controller.o (.text.chassis_drive_straight)
                  000023bc    000000a2     libclang_rt.builtins.a : udivmoddi4.S.obj (.text)
                  0000245e    00000098     oled.o (.text.OLED_ShowString)
                  000024f6    00000098     chassis_controller.o (.text.chassis_slew_speed)
                  0000258e    00000002     infrared.o (.text.Infrared_Init)
                  00002590    00000094     motor.o (.text.motor_stop)
                  00002624    00000094     atk_ms6dsv.o (.text.ms6dsv_i2c_read_byte)
                  000026b8    0000008c     infrared.o (.text.Infrared_Read)
                  00002744    0000008c     ti_msp_dl_config.o (.text.SYSCFG_DL_PWMAB_init)
                  000027d0    00000084     main.o (.text.__NVIC_SetPriority)
                  00002854    00000084     atk_ms6dsv.o (.text.ms6dsv_i2c_send_byte)
                  000028d8    00000080     chassis_controller.o (.text.ChassisController_Init)
                  00002958    0000007c     ti_msp_dl_config.o (.text.SYSCFG_DL_initPower)
                  000029d4    0000007c     libc.a : copy_decompress_lzss.c.obj (.text:decompress:lzss)
                  00002a50    00000074     ti_msp_dl_config.o (.text.SYSCFG_DL_SYSCTL_init)
                  00002ac4    00000074     motor.o (.text.TIMA0_IRQHandler)
                  00002b38    00000074     libclang_rt.builtins.a : comparedf2.c.obj (.text.__gedf2)
                  00002bac    00000070     oled.o (.text.OLED_Refresh)
                  00002c1c    00000068     libclang_rt.builtins.a : comparedf2.c.obj (.text.__ledf2)
                  00002c84    00000064     driverlib.a : dl_sysctl_mspm0g1x0x_g3x0x.o (.text.DL_SYSCTL_setHFCLKSourceHFXTParams)
                  00002ce8    00000064     oled.o (.text.OLED_ClearPoint)
                  00002d4c    00000064     atk_ms6dsv.o (.text.ms6dsv_write_register)
                  00002db0    00000062     libclang_rt.builtins.a : aeabi_dcmp.S.obj (.text.__aeabi_dcmp)
                  00002e12    00000002                            : aeabi_div0.c.obj (.text.__aeabi_idiv0)
                  00002e14    00000060     oled.o (.text.OLED_Clear)
                  00002e74    00000060     ti_msp_dl_config.o (.text.SYSCFG_DL_MS6DSV_init)
                  00002ed4    00000060     ti_msp_dl_config.o (.text.SYSCFG_DL_OLED_init)
                  00002f34    00000060     main.o (.text.button_pressed_event)
                  00002f94    0000005e     driverlib.a : dl_i2c.o (.text.DL_I2C_fillControllerTXFIFO)
                  00002ff2    0000005c     chassis_controller.o (.text.chassis_slew_steering)
                  0000304e    00000002     libclang_rt.builtins.a : aeabi_div0.c.obj (.text.__aeabi_ldiv0)
                  00003050    00000058     chassis_controller.o (.text.chassis_total_distance_mm)
                  000030a8    00000056     libclang_rt.builtins.a : aeabi_idivmod.S.obj (.text.__aeabi_idivmod)
                  000030fe    00000054     chassis_controller.o (.text.chassis_task2_braking_distance_mm)
                  00003152    00000002     --HOLE-- [fill = 0]
                  00003154    00000050     ti_msp_dl_config.o (.text.DL_GPIO_initPeripheralInputFunctionFeatures)
                  000031a4    00000050     oled.o (.text.DL_I2C_startControllerTransfer)
                  000031f4    00000050     main.o (.text.SysTick_Config)
                  00003244    00000050     atk_ms6dsv.o (.text.ms6dsv_update_register)
                  00003294    0000004c     atk_ms6dsv.o (.text.DL_GPIO_initDigitalInputFeatures)
                  000032e0    0000004c     ti_msp_dl_config.o (.text.DL_GPIO_initDigitalInputFeatures)
                  0000332c    0000004c     encoder.o (.text.Encoder_Get_Count)
                  00003378    0000004c     imu_heading.o (.text.ImuHeading_Init)
                  000033c4    0000004c     motor.o (.text.motor_set_duty)
                  00003410    00000048     main.o (.text.GROUP1_IRQHandler)
                  00003458    00000048     oled.o (.text.OLED_DrawPoint)
                  000034a0    00000044     driverlib.a : dl_sysctl_mspm0g1x0x_g3x0x.o (.text.DL_SYSCTL_switchMCLKfromSYSOSCtoHSCLK)
                  000034e4    00000040     libclang_rt.builtins.a : aeabi_uidivmod.S.obj (.text.__aeabi_uidivmod)
                  00003524    00000040     motor.o (.text.motor_get_actual_rpm_x10)
                  00003564    00000040     atk_ms6dsv.o (.text.ms6dsv_scl)
                  000035a4    00000040     atk_ms6dsv.o (.text.ms6dsv_sda)
                  000035e4    0000003e     libclang_rt.builtins.a : divmoddi4.c.obj (.text.__divmoddi4)
                  00003622    00000002     --HOLE-- [fill = 0]
                  00003624    0000003c     driverlib.a : dl_i2c.o (.text.DL_I2C_flushControllerTXFIFO)
                  00003660    0000003c     ti_msp_dl_config.o (.text.DL_Timer_setCounterControl)
                  0000369c    0000003c     motor.o (.text.motor_get_target_rpm_x10)
                  000036d8    0000003c     libc.a : autoinit.c.obj (.text:__TI_auto_init_nobinit_nopinit)
                  00003714    0000003a     libclang_rt.builtins.a : muldsi3.S.obj (.text.__muldsi3)
                  0000374e    0000003a     main.o (.text.button_init)
                  00003788    00000038     encoder.o (.text.Encoder_Record_Pulse)
                  000037c0    00000038     chassis_controller.o (.text.chassis_straight_speed)
                  000037f8    00000036     chassis_controller.o (.text.chassis_limit32)
                  0000382e    00000002     --HOLE-- [fill = 0]
                  00003830    00000034     ti_msp_dl_config.o (.text.SYSCFG_DL_MOTOR_PID_init)
                  00003864    00000034     chassis_controller.o (.text.chassis_brake)
                  00003898    00000034     motor.o (.text.motor_get_actual_mmps_x10)
                  000038cc    00000034     motor.o (.text.motor_get_target_mmps_x10)
                  00003900    00000030     encoder.o (.text.Encoder_Get_Total_Count)
                  00003930    00000030     oled.o (.text.OLED_Pow)
                  00003960    00000030     atk_ms6dsv.o (.text.ms6dsv_i2c_start)
                  00003990    0000002c     oled.o (.text.OLED_RecoverI2C)
                  000039bc    0000002c     ti_msp_dl_config.o (.text.SYSCFG_DL_init)
                  000039e8    0000002c     main.o (.text.__NVIC_ClearPendingIRQ)
                  00003a14    0000002c     main.o (.text.__NVIC_EnableIRQ)
                  00003a40    0000002c     motor.o (.text.motor_max_duty_for_target)
                  00003a6c    00000028     oled.o (.text.DL_Common_updateReg)
                  00003a94    00000028     ti_msp_dl_config.o (.text.DL_Common_updateReg)
                  00003abc    00000028     ti_msp_dl_config.o (.text.DL_I2C_setControllerRXFIFOThreshold)
                  00003ae4    00000028     ti_msp_dl_config.o (.text.DL_I2C_setControllerTXFIFOThreshold)
                  00003b0c    00000028     motor.o (.text.limit_duty)
                  00003b34    00000028     motor.o (.text.motor_calculate_rpm_x10)
                  00003b5c    00000028     atk_ms6dsv.o (.text.ms6dsv_i2c_stop)
                  00003b84    00000028     libc.a : boot_cortex_m.c.obj (.text:_c_int00_noargs)
                  00003bac    00000026     ti_msp_dl_config.o (.text.DL_I2C_setAnalogGlitchFilterPulseWidth)
                  00003bd2    00000026     driverlib.a : dl_i2c.o (.text.DL_I2C_setClockConfig)
                  00003bf8    00000024     atk_ms6dsv.o (.text.ATK_MS6DSV_GetRawData)
                  00003c1c    00000024     ti_msp_dl_config.o (.text.DL_I2C_setDigitalGlitchFilterPulseWidth)
                  00003c40    00000024     encoder.o (.text.Encoder_Init)
                  00003c64    00000024     libclang_rt.builtins.a : floatunsidf.S.obj (.text.__floatunsidf)
                  00003c88    00000024                            : muldi3.S.obj (.text.__muldi3)
                  00003cac    00000024     chassis_controller.o (.text.chassis_accel_mmps2)
                  00003cd0    00000024     chassis_controller.o (.text.chassis_curve_speed)
                  00003cf4    00000024     chassis_controller.o (.text.chassis_decel_mmps2)
                  00003d18    00000024     chassis_controller.o (.text.chassis_set_state)
                  00003d3c    00000022     main.o (.text.display_speed_mmps)
                  00003d5e    00000002     --HOLE-- [fill = 0]
                  00003d60    00000020     ti_msp_dl_config.o (.text.DL_SYSCTL_setFlashWaitState)
                  00003d80    00000020     chassis_controller.o (.text.chassis_abs32)
                  00003da0    00000020     chassis_controller.o (.text.chassis_begin_stop)
                  00003dc0    00000020     main.o (.text.display_clear_row)
                  00003de0    00000020     atk_ms6dsv.o (.text.ms6dsv_read_sda)
                  00003e00    0000001e     libclang_rt.builtins.a : ashldi3.S.obj (.text.__ashldi3)
                  00003e1e    00000002     --HOLE-- [fill = 0]
                  00003e20    0000001c     main.o (.text.DL_GPIO_clearInterruptStatus)
                  00003e3c    0000001c     ti_msp_dl_config.o (.text.DL_GPIO_clearInterruptStatus)
                  00003e58    0000001c     ti_msp_dl_config.o (.text.DL_GPIO_enableHiZ)
                  00003e74    0000001c     ti_msp_dl_config.o (.text.DL_GPIO_enableInterrupt)
                  00003e90    0000001c     ti_msp_dl_config.o (.text.DL_GPIO_initPeripheralOutputFunction)
                  00003eac    0000001c     ti_msp_dl_config.o (.text.DL_GPIO_setLowerPinsPolarity)
                  00003ec8    0000001c     driverlib.a : dl_sysctl_mspm0g1x0x_g3x0x.o (.text.DL_SYSCTL_configFCC)
                  00003ee4    0000001c     ti_msp_dl_config.o (.text.DL_SYSCTL_setFCCPeriods)
                  00003f00    0000001c     ti_msp_dl_config.o (.text.DL_SYSCTL_setSYSOSCFreq)
                  00003f1c    0000001c     ti_msp_dl_config.o (.text.DL_SYSCTL_setULPCLKDivider)
                  00003f38    0000001c     ti_msp_dl_config.o (.text.DL_Timer_enableInterrupt)
                  00003f54    0000001c     driverlib.a : dl_timer.o (.text.DL_Timer_setCaptCompUpdateMethod)
                  00003f70    0000001c                 : dl_timer.o (.text.DL_Timer_setClockConfig)
                  00003f8c    0000001c     delay.o (.text.delay_ms)
                  00003fa8    00000018     atk_ms6dsv.o (.text.DL_GPIO_enableOutput)
                  00003fc0    00000018     ti_msp_dl_config.o (.text.DL_GPIO_enableOutput)
                  00003fd8    00000018     ti_msp_dl_config.o (.text.DL_GPIO_enablePower)
                  00003ff0    00000018     main.o (.text.DL_GPIO_getEnabledInterruptStatus)
                  00004008    00000018     ti_msp_dl_config.o (.text.DL_GPIO_initDigitalOutput)
                  00004020    00000018     ti_msp_dl_config.o (.text.DL_GPIO_initPeripheralAnalogFunction)
                  00004038    00000018     ti_msp_dl_config.o (.text.DL_GPIO_reset)
                  00004050    00000018     motor.o (.text.DL_GPIO_setPins)
                  00004068    00000018     atk_ms6dsv.o (.text.DL_I2C_disableController)
                  00004080    00000018     ti_msp_dl_config.o (.text.DL_I2C_enableAnalogGlitchFilter)
                  00004098    00000018     ti_msp_dl_config.o (.text.DL_I2C_enableController)
                  000040b0    00000018     ti_msp_dl_config.o (.text.DL_I2C_enableControllerClockStretching)
                  000040c8    00000018     ti_msp_dl_config.o (.text.DL_I2C_enablePower)
                  000040e0    00000018     ti_msp_dl_config.o (.text.DL_I2C_reset)
                  000040f8    00000018     ti_msp_dl_config.o (.text.DL_I2C_setTimerPeriod)
                  00004110    00000018     ti_msp_dl_config.o (.text.DL_SYSCTL_setBORThreshold)
                  00004128    00000018     ti_msp_dl_config.o (.text.DL_Timer_enablePower)
                  00004140    00000018     ti_msp_dl_config.o (.text.DL_Timer_reset)
                  00004158    00000018     driverlib.a : dl_timer.o (.text.DL_Timer_setCaptureCompareOutCtl)
                  00004170    00000018     main.o (.text.DL_Timer_startCounter)
                  00004188    00000018     motor.o (.text.DL_Timer_startCounter)
                  000041a0    00000018     atk_ms6dsv.o (.text.ms6dsv_read_scl)
                  000041b8    00000016     atk_ms6dsv.o (.text.DL_GPIO_readPins)
                  000041ce    00000016     infrared.o (.text.DL_GPIO_readPins)
                  000041e4    00000016     main.o (.text.DL_GPIO_readPins)
                  000041fa    00000014     atk_ms6dsv.o (.text.DL_GPIO_clearPins)
                  0000420e    00000014     motor.o (.text.DL_GPIO_clearPins)
                  00004222    00000014     ti_msp_dl_config.o (.text.DL_GPIO_clearPins)
                  00004236    00000014     atk_ms6dsv.o (.text.DL_GPIO_disableOutput)
                  0000424a    00000002     --HOLE-- [fill = 0]
                  0000424c    00000014     oled.o (.text.DL_I2C_getControllerStatus)
                  00004260    00000014     oled.o (.text.DL_I2C_resetControllerTransfer)
                  00004274    00000014     ti_msp_dl_config.o (.text.DL_I2C_resetControllerTransfer)
                  00004288    00000014     ti_msp_dl_config.o (.text.DL_SYSCTL_disableSYSPLL)
                  0000429c    00000014     ti_msp_dl_config.o (.text.DL_SYSCTL_enableSYSPLL)
                  000042b0    00000014     ti_msp_dl_config.o (.text.DL_Timer_enableClock)
                  000042c4    00000014     ti_msp_dl_config.o (.text.DL_Timer_setCCPDirection)
                  000042d8    00000014     line_sensor.o (.text.LineSensor_Init)
                  000042ec    00000014     libclang_rt.builtins.a : aeabi_ldivmod.S.obj (.text.__aeabi_ldivmod)
                  00004300    00000014                            : aeabi_uldivmod.S.obj (.text.__aeabi_uldivmod)
                  00004314    00000014     main.o (.text.selected_mode)
                  00004328    00000012     motor.o (.text.DL_Timer_getPendingInterrupt)
                  0000433a    00000012     libc.a : memcpy16.S.obj (.text:TI_memcpy_small)
                  0000434c    00000012            : copy_decompress_none.c.obj (.text:decompress:none)
                  0000435e    00000002     --HOLE-- [fill = 0]
                  00004360    00000010     ti_msp_dl_config.o (.text.DL_SYSCTL_disableHFXT)
                  00004370    00000010     ti_msp_dl_config.o (.text.DL_SYSCTL_isFCCDone)
                  00004380    00000010     ti_msp_dl_config.o (.text.DL_SYSCTL_startFCC)
                  00004390    00000010     driverlib.a : dl_timer.o (.text.DL_Timer_setCaptureCompareValue)
                  000043a0    00000010     main.o (.text.SysTick_Handler)
                  000043b0    00000010     libc.a : copy_zero_init.c.obj (.text:decompress:ZI)
                  000043c0    0000000e            : memset16.S.obj (.text:TI_memset_small)
                  000043ce    00000002     --HOLE-- [fill = 0]
                  000043d0    0000000c     atk_ms6dsv.o (.text.ATK_MS6DSV_GetStatus)
                  000043dc    0000000c     chassis_controller.o (.text.ChassisController_GetState)
                  000043e8    0000000c     chassis_controller.o (.text.ChassisController_GetTaskMode)
                  000043f4    0000000c     ti_msp_dl_config.o (.text.DL_SYSCTL_getClockStatus)
                  00004400    0000000c     ti_msp_dl_config.o (.text.DL_SYSCTL_readFCC)
                  0000440c    0000000c     imu_heading.o (.text.ImuHeading_GetAngleMdeg)
                  00004418    0000000c     imu_heading.o (.text.ImuHeading_IsReady)
                  00004424    0000000c     imu_heading.o (.text.ImuHeading_ResetAngle)
                  00004430    0000000c     libclang_rt.builtins.a : aeabi_memset.S.obj (.text.__aeabi_memclr)
                  0000443c    0000000a     driverlib.a : dl_common.o (.text.DL_Common_delayCycles)
                  00004446    0000000a     chassis_controller.o (.text.chassis_line_correction)
                  00004450    0000000a     atk_ms6dsv.o (.text.ms6dsv_i2c_delay)
                  0000445a    00000002     --HOLE-- [fill = 0]
                  0000445c    00000008     libclang_rt.builtins.a : aeabi_memcpy.S.obj (.text.__aeabi_memcpy)
                  00004464    00000006     libc.a : exit.c.obj (.text:abort)
                  0000446a    00000004     startup_mspm0g350x_ticlang.o (.text.Default_Handler)
                  0000446e    00000004     libsysbm.a : hostexit.c.obj (.text.HOSTexit)
                  00004472    00000004     startup_mspm0g350x_ticlang.o (.text.Reset_Handler)
                  00004476    00000002     --HOLE-- [fill = 0]
                  00004478    00000010     libc.a : boot_cortex_m.c.obj (.tramp._c_int00_noargs.1)
                  00004488    00000004            : pre_init.c.obj (.text._system_pre_init)
                  0000448c    00000004     --HOLE-- [fill = 0]

.cinit     0    00005d38    00000038     
                  00005d38    00000013     (.cinit..data.load) [load image, compression = lzss]
                  00005d4b    00000001     --HOLE-- [fill = 0]
                  00005d4c    0000000c     (__TI_handler_table)
                  00005d58    00000008     (.cinit..bss.load) [load image, compression = zero_init]
                  00005d60    00000010     (__TI_cinit_table)

.rodata    0    00004490    000018a8     
                  00004490    00000d5c     oled.o (.rodata.asc2_2412)
                  000051ec    000005f0     oled.o (.rodata.asc2_1608)
                  000057dc    00000474     oled.o (.rodata.asc2_1206)
                  00005c50    00000028     ti_msp_dl_config.o (.rodata.gSYSPLLConfig)
                  00005c78    0000001c     oled.o (.rodata.OLED_Init.init_commands)
                  00005c94    00000016     main.o (.rodata.str1.8108965883388295311.1)
                  00005caa    00000002     atk_ms6dsv.o (.rodata.ATK_MS6DSV_Init.addresses)
                  00005cac    00000014     ti_msp_dl_config.o (.rodata.gMOTOR_PIDTimerConfig)
                  00005cc0    0000000c     main.o (.rodata.str1.15159059442110792349.1)
                  00005ccc    0000000c     main.o (.rodata.str1.18227636981041470289.1)
                  00005cd8    0000000b     main.o (.rodata.str1.17100691992556644108.1)
                  00005ce3    00000001     --HOLE-- [fill = 0]
                  00005ce4    00000008     ti_msp_dl_config.o (.rodata.gPWMABConfig)
                  00005cec    00000008     line_sensor.o (.rodata.g_weights)
                  00005cf4    00000007     main.o (.rodata.str1.2846389346932560359.1)
                  00005cfb    00000007     main.o (.rodata.str1.288608917962107522.1)
                  00005d02    00000006     main.o (.rodata.str1.12180500075719773345.1)
                  00005d08    00000006     main.o (.rodata.str1.15996357275703397564.1)
                  00005d0e    00000006     main.o (.rodata.str1.16265332423659789559.1)
                  00005d14    00000006     main.o (.rodata.str1.8154729771448623357.1)
                  00005d1a    00000005     main.o (.rodata.str1.7702501944640899365.1)
                  00005d1f    00000004     main.o (.rodata.str1.9059077390166914652.1)
                  00005d23    00000003     ti_msp_dl_config.o (.rodata.gMOTOR_PIDClockConfig)
                  00005d26    00000003     ti_msp_dl_config.o (.rodata.gPWMABClockConfig)
                  00005d29    00000003     main.o (.rodata.g_modes)
                  00005d2c    00000003     main.o (.rodata.str1.14112174005742061988.1)
                  00005d2f    00000002     ti_msp_dl_config.o (.rodata.gMS6DSVClockConfig)
                  00005d31    00000002     ti_msp_dl_config.o (.rodata.gOLEDClockConfig)
                  00005d33    00000002     main.o (.rodata.str1.14402440632258215044.1)
                  00005d35    00000002     main.o (.rodata.str1.2123964117280943167.1)
                  00005d37    00000001     --HOLE-- [fill = 0]

.init_array 
*          0    00000000    00000000     UNINITIALIZED

.binit     0    00000000    00000000     

.bss       0    20200000    000005ad     UNINITIALIZED
                  20200000    00000480     (.common:OLED_GRAM)
                  20200480    000000bc     (.common:gMOTOR_PIDBackup)
                  2020053c    0000000e     atk_ms6dsv.o (.bss.g_ms6dsv_raw_data)
                  2020054a    00000002     imu_heading.o (.bss.g_bias_raw)
                  2020054c    0000000c     main.o (.bss.g_mode_button)
                  20200558    0000000c     main.o (.bss.g_start_button)
                  20200564    00000004     imu_heading.o (.bss.g_angle_mdeg)
                  20200568    00000004     imu_heading.o (.bss.g_bias_sum)
                  2020056c    00000004     chassis_controller.o (.bss.g_center_command_x1000)
                  20200570    00000004     chassis_controller.o (.bss.g_finish_ms)
                  20200574    00000004     chassis_controller.o (.bss.g_last_update_ms)
                  20200578    00000004     imu_heading.o (.bss.g_last_update_ms)
                  2020057c    00000004     chassis_controller.o (.bss.g_left_command_x1000)
                  20200580    00000004     chassis_controller.o (.bss.g_left_start_count)
                  20200584    00000004     main.o (.bss.g_milliseconds)
                  20200588    00000004     imu_heading.o (.bss.g_rate_mdps)
                  2020058c    00000004     chassis_controller.o (.bss.g_right_command_x1000)
                  20200590    00000004     chassis_controller.o (.bss.g_right_start_count)
                  20200594    00000004     chassis_controller.o (.bss.g_start_ms)
                  20200598    00000004     chassis_controller.o (.bss.g_state_start_distance_mm)
                  2020059c    00000004     chassis_controller.o (.bss.g_steering_command_x1000)
                  202005a0    00000002     imu_heading.o (.bss.g_bias_samples)
                  202005a2    00000002     atk_ms6dsv.o (.bss.g_ms6dsv_reconnect_count)
                  202005a4    00000001     chassis_controller.o (.bss.g_marker_samples)
                  202005a5    00000001     main.o (.bss.g_mode_confirmed)
                  202005a6    00000001     main.o (.bss.g_mode_index)
                  202005a7    00000001     atk_ms6dsv.o (.bss.g_ms6dsv_online)
                  202005a8    00000001     atk_ms6dsv.o (.bss.g_ms6dsv_read_fail_count)
                  202005a9    00000001     atk_ms6dsv.o (.bss.g_ms6dsv_status)
                  202005aa    00000001     atk_ms6dsv.o (.bss.g_ms6dsv_who_am_i)
                  202005ab    00000001     imu_heading.o (.bss.g_ready)
                  202005ac    00000001     chassis_controller.o (.bss.g_stop_final_state)

.data      0    202005b0    00000060     UNINITIALIZED
                  202005b0    00000028     motor.o (.data.motor_pid)
                  202005d8    00000008     encoder.o (.data.encoder_count)
                  202005e0    00000008     encoder.o (.data.encoder_last_count)
                  202005e8    00000008     encoder.o (.data.encoder_total_count)
                  202005f0    00000008     motor.o (.data.motor_target_rpm_x10)
                  202005f8    00000004     line_sensor.o (.data.g_last_error_x100)
                  202005fc    00000004     motor.o (.data.motor_pid_kd)
                  20200600    00000004     motor.o (.data.motor_pid_ki)
                  20200604    00000004     motor.o (.data.motor_pid_kp)
                  20200608    00000004     motor.o (.data.motor_target_percent)
                  2020060c    00000001     atk_ms6dsv.o (.data.g_ms6dsv_address)
                  2020060d    00000001     oled.o (.data.g_oled_i2c_failed)
                  2020060e    00000001     chassis_controller.o (.data.g_state)
                  2020060f    00000001     chassis_controller.o (.data.g_task_mode)

.stack     0    20207e00    00000200     UNINITIALIZED
                  20207e00    00000004     libc.a : boot_cortex_m.c.obj (.stack)
                  20207e04    000001fc     --HOLE--

__llvm_prf_cnts 
*          0    20200000    00000000     UNINITIALIZED

__llvm_prf_bits 
*          0    20200000    00000000     UNINITIALIZED

MODULE SUMMARY

       Module                         code    ro data   rw data
       ------                         ----    -------   -------
    .\
       ti_msp_dl_config.o             2530    78        188    
       chassis_controller.o           2660    0         44     
       main.o                         1754    114       30     
       imu_heading.o                  360     0         21     
       line_sensor.o                  292     8         4      
       startup_mspm0g350x_ticlang.o   8       192       0      
       infrared.o                     164     0         0      
    +--+------------------------------+-------+---------+---------+
       Total:                         7768    392       287    
                                                               
    .\user_driver\
       oled.o                         2276    6108      1153   
       motor.o                        2410    0         64     
       atk_ms6dsv.o                   2176    2         21     
       encoder.o                      216     0         24     
       delay.o                        28      0         0      
    +--+------------------------------+-------+---------+---------+
       Total:                         7106    6110      1262   
                                                               
    C:/TI/mspm0_sdk_2_10_00_04/source/ti/driverlib/lib/ticlang/m0p/mspm0g1x0x_g3x0x/driverlib.a
       dl_timer.o                     608     0         0      
       dl_sysctl_mspm0g1x0x_g3x0x.o   416     0         0      
       dl_i2c.o                       192     0         0      
       dl_common.o                    10      0         0      
    +--+------------------------------+-------+---------+---------+
       Total:                         1226    0         0      
                                                               
    E:\install\keli\ti\css\ccs\tools\compiler\ti-cgt-armllvm_4.0.4.LTS\lib\armv6m-ti-none-eabi/c/libc.a
       copy_decompress_lzss.c.obj     124     0         0      
       autoinit.c.obj                 60      0         0      
       boot_cortex_m.c.obj            56      0         0      
       copy_decompress_none.c.obj     18      0         0      
       memcpy16.S.obj                 18      0         0      
       copy_zero_init.c.obj           16      0         0      
       memset16.S.obj                 14      0         0      
       exit.c.obj                     6       0         0      
       pre_init.c.obj                 4       0         0      
    +--+------------------------------+-------+---------+---------+
       Total:                         316     0         0      
                                                               
    E:\install\keli\ti\css\ccs\tools\compiler\ti-cgt-armllvm_4.0.4.LTS\lib\armv6m-ti-none-eabi/c/libsysbm.a
       hostexit.c.obj                 4       0         0      
    +--+------------------------------+-------+---------+---------+
       Total:                         4       0         0      
                                                               
    E:\install\keli\ti\css\ccs\tools\compiler\ti-cgt-armllvm_4.0.4.LTS\lib\armv6m-ti-none-eabi/libclang_rt.builtins.a
       comparedf2.c.obj               220     0         0      
       udivmoddi4.S.obj               162     0         0      
       aeabi_dcmp.S.obj               98      0         0      
       aeabi_idivmod.S.obj            86      0         0      
       aeabi_uidivmod.S.obj           64      0         0      
       divmoddi4.c.obj                62      0         0      
       muldsi3.S.obj                  58      0         0      
       floatunsidf.S.obj              36      0         0      
       muldi3.S.obj                   36      0         0      
       ashldi3.S.obj                  30      0         0      
       aeabi_ldivmod.S.obj            20      0         0      
       aeabi_uldivmod.S.obj           20      0         0      
       aeabi_memset.S.obj             12      0         0      
       aeabi_memcpy.S.obj             8       0         0      
       aeabi_div0.c.obj               4       0         0      
    +--+------------------------------+-------+---------+---------+
       Total:                         916     0         0      
                                                               
       Stack:                         0       0         512    
       Linker Generated:              0       55        0      
    +--+------------------------------+-------+---------+---------+
       Grand Total:                   17336   6557      2061   


LINKER GENERATED COPY TABLES

__TI_cinit_table @ 00005d60 records: 2, size/record: 8, table size: 16
	.data: load addr=00005d38, load size=00000013 bytes, run addr=202005b0, run size=00000060 bytes, compression=lzss
	.bss: load addr=00005d58, load size=00000008 bytes, run addr=20200000, run size=000005ad bytes, compression=zero_init


LINKER GENERATED HANDLER TABLE

__TI_handler_table @ 00005d4c records: 3, size/record: 4, table size: 12
	index: 0, handler: __TI_decompress_lzss
	index: 1, handler: __TI_decompress_none
	index: 2, handler: __TI_zero_init


FAR CALL TRAMPOLINES

callee name               trampoline name
   callee addr  tramp addr   call addr  call info
--------------  -----------  ---------  ----------------
_c_int00_noargs           $Tramp$TT$L$PI$$_c_int00_noargs
   00003b85     00004478     00004472   startup_mspm0g350x_ticlang.o (.text.Reset_Handler)

[1 trampolines]
[1 trampoline calls]


GLOBAL SYMBOLS: SORTED ALPHABETICALLY BY Name 

address   name                                 
-------   ----                                 
0000446b  ADC0_IRQHandler                      
0000446b  ADC1_IRQHandler                      
0000446b  AES_IRQHandler                       
00003bf9  ATK_MS6DSV_GetRawData                
000043d1  ATK_MS6DSV_GetStatus                 
00000855  ATK_MS6DSV_Init                      
00001969  ATK_MS6DSV_Update                    
0000446e  C$$EXIT                              
0000446b  CANFD0_IRQHandler                    
000043dd  ChassisController_GetState           
000043e9  ChassisController_GetTaskMode        
000028d9  ChassisController_Init               
00001eb5  ChassisController_Start              
000000c1  ChassisController_Update             
0000446b  DAC0_IRQHandler                      
0000443d  DL_Common_delayCycles                
00002f95  DL_I2C_fillControllerTXFIFO          
00003625  DL_I2C_flushControllerTXFIFO         
00003bd3  DL_I2C_setClockConfig                
00003ec9  DL_SYSCTL_configFCC                  
00001d01  DL_SYSCTL_configSYSPLL               
00002c85  DL_SYSCTL_setHFCLKSourceHFXTParams   
000034a1  DL_SYSCTL_switchMCLKfromSYSOSCtoHSCLK
00001291  DL_Timer_initFourCCPWMMode           
00001599  DL_Timer_initTimerMode               
00003f55  DL_Timer_setCaptCompUpdateMethod     
00004159  DL_Timer_setCaptureCompareOutCtl     
00004391  DL_Timer_setCaptureCompareValue      
00003f71  DL_Timer_setClockConfig              
0000446b  DMA_IRQHandler                       
0000446b  Default_Handler                      
0000332d  Encoder_Get_Count                    
00003901  Encoder_Get_Total_Count              
00003c41  Encoder_Init                         
00003789  Encoder_Record_Pulse                 
0000446b  GROUP0_IRQHandler                    
00003411  GROUP1_IRQHandler                    
0000446f  HOSTexit                             
0000446b  HardFault_Handler                    
0000446b  I2C0_IRQHandler                      
0000446b  I2C1_IRQHandler                      
0000440d  ImuHeading_GetAngleMdeg              
00003379  ImuHeading_Init                      
00004419  ImuHeading_IsReady                   
00004425  ImuHeading_ResetAngle                
00001695  ImuHeading_Update                    
0000258f  Infrared_Init                        
000026b9  Infrared_Read                        
000042d9  LineSensor_Init                      
00001181  LineSensor_Read                      
0000446b  NMI_Handler                          
00002e15  OLED_Clear                           
00002ce9  OLED_ClearPoint                      
00003459  OLED_DrawPoint                       
20200000  OLED_GRAM                            
00002105  OLED_Init                            
00003931  OLED_Pow                             
00002bad  OLED_Refresh                         
00002049  OLED_RefreshPage                     
00000dc5  OLED_ShowChar                        
00002265  OLED_ShowNum                         
0000245f  OLED_ShowString                      
00000f1d  OLED_WR_Byte                         
0000446b  PendSV_Handler                       
0000446b  RTC_IRQHandler                       
00004473  Reset_Handler                        
0000446b  SPI0_IRQHandler                      
0000446b  SPI1_IRQHandler                      
0000446b  SVC_Handler                          
00000c2d  SYSCFG_DL_GPIO_init                  
00003831  SYSCFG_DL_MOTOR_PID_init             
00002e75  SYSCFG_DL_MS6DSV_init                
00002ed5  SYSCFG_DL_OLED_init                  
00002745  SYSCFG_DL_PWMAB_init                 
00001a51  SYSCFG_DL_SYSCTL_SYSPLL_init         
00002a51  SYSCFG_DL_SYSCTL_init                
000039bd  SYSCFG_DL_init                       
00002959  SYSCFG_DL_initPower                  
000043a1  SysTick_Handler                      
00002ac5  TIMA0_IRQHandler                     
0000446b  TIMA1_IRQHandler                     
0000446b  TIMG0_IRQHandler                     
0000446b  TIMG12_IRQHandler                    
0000446b  TIMG6_IRQHandler                     
0000446b  TIMG7_IRQHandler                     
0000446b  TIMG8_IRQHandler                     
0000433b  TI_memcpy_small                      
000043c1  TI_memset_small                      
0000446b  UART0_IRQHandler                     
0000446b  UART1_IRQHandler                     
0000446b  UART2_IRQHandler                     
0000446b  UART3_IRQHandler                     
20208000  __STACK_END                          
00000200  __STACK_SIZE                         
00000000  __TI_ATRegion0_region_sz             
00000000  __TI_ATRegion0_src_addr              
00000000  __TI_ATRegion0_trg_addr              
00000000  __TI_ATRegion1_region_sz             
00000000  __TI_ATRegion1_src_addr              
00000000  __TI_ATRegion1_trg_addr              
00000000  __TI_ATRegion2_region_sz             
00000000  __TI_ATRegion2_src_addr              
00000000  __TI_ATRegion2_trg_addr              
00005d60  __TI_CINIT_Base                      
00005d70  __TI_CINIT_Limit                     
00005d70  __TI_CINIT_Warm                      
00005d4c  __TI_Handler_Table_Base              
00005d58  __TI_Handler_Table_Limit             
000036d9  __TI_auto_init_nobinit_nopinit       
000029d5  __TI_decompress_lzss                 
0000434d  __TI_decompress_none                 
ffffffff  __TI_pprof_out_hndl                  
ffffffff  __TI_prof_data_size                  
ffffffff  __TI_prof_data_start                 
00000000  __TI_static_base__                   
000043b1  __TI_zero_init                       
00002db1  __aeabi_dcmpeq                       
00002ded  __aeabi_dcmpge                       
00002e01  __aeabi_dcmpgt                       
00002dd9  __aeabi_dcmple                       
00002dc5  __aeabi_dcmplt                       
000030a9  __aeabi_idiv                         
00002e13  __aeabi_idiv0                        
000030a9  __aeabi_idivmod                      
0000304f  __aeabi_ldiv0                        
000042ed  __aeabi_ldivmod                      
00003e01  __aeabi_llsl                         
00003c89  __aeabi_lmul                         
00004431  __aeabi_memclr                       
00004431  __aeabi_memclr4                      
00004431  __aeabi_memclr8                      
0000445d  __aeabi_memcpy                       
0000445d  __aeabi_memcpy4                      
0000445d  __aeabi_memcpy8                      
00003c65  __aeabi_ui2d                         
000034e5  __aeabi_uidiv                        
000034e5  __aeabi_uidivmod                     
00004301  __aeabi_uldivmod                     
00003e01  __ashldi3                            
ffffffff  __binit__                            
00002c1d  __cmpdf2                             
000035e5  __divmoddi4                          
00002c1d  __eqdf2                              
00003c65  __floatunsidf                        
00002b39  __gedf2                              
00002b39  __gtdf2                              
00002c1d  __ledf2                              
00002c1d  __ltdf2                              
UNDEFED   __mpu_init                           
00003c89  __muldi3                             
00003715  __muldsi3                            
00002c1d  __nedf2                              
20207e00  __stack                              
20200000  __start___llvm_prf_bits              
20200000  __start___llvm_prf_cnts              
20200000  __stop___llvm_prf_bits               
20200000  __stop___llvm_prf_cnts               
000023bd  __udivmoddi4                         
00003b85  _c_int00_noargs                      
UNDEFED   _system_post_cinit                   
00004489  _system_pre_init                     
00004465  abort                                
000057dc  asc2_1206                            
000051ec  asc2_1608                            
00004490  asc2_2412                            
ffffffff  binit                                
00003f8d  delay_ms                             
20200480  gMOTOR_PIDBackup                     
00000000  interruptVectors                     
0000178d  main                                 
0000187d  motor_drive_mmps                     
00003899  motor_get_actual_mmps_x10            
00003525  motor_get_actual_rpm_x10             
000038cd  motor_get_target_mmps_x10            
0000369d  motor_get_target_rpm_x10             
000021b5  motor_init                           
00001b39  motor_set_direction                  
000033c5  motor_set_duty                       
00002591  motor_stop                           


GLOBAL SYMBOLS: SORTED BY Symbol Address 

address   name                                 
-------   ----                                 
00000000  __TI_ATRegion0_region_sz             
00000000  __TI_ATRegion0_src_addr              
00000000  __TI_ATRegion0_trg_addr              
00000000  __TI_ATRegion1_region_sz             
00000000  __TI_ATRegion1_src_addr              
00000000  __TI_ATRegion1_trg_addr              
00000000  __TI_ATRegion2_region_sz             
00000000  __TI_ATRegion2_src_addr              
00000000  __TI_ATRegion2_trg_addr              
00000000  __TI_static_base__                   
00000000  interruptVectors                     
000000c1  ChassisController_Update             
00000200  __STACK_SIZE                         
00000855  ATK_MS6DSV_Init                      
00000c2d  SYSCFG_DL_GPIO_init                  
00000dc5  OLED_ShowChar                        
00000f1d  OLED_WR_Byte                         
00001181  LineSensor_Read                      
00001291  DL_Timer_initFourCCPWMMode           
00001599  DL_Timer_initTimerMode               
00001695  ImuHeading_Update                    
0000178d  main                                 
0000187d  motor_drive_mmps                     
00001969  ATK_MS6DSV_Update                    
00001a51  SYSCFG_DL_SYSCTL_SYSPLL_init         
00001b39  motor_set_direction                  
00001d01  DL_SYSCTL_configSYSPLL               
00001eb5  ChassisController_Start              
00002049  OLED_RefreshPage                     
00002105  OLED_Init                            
000021b5  motor_init                           
00002265  OLED_ShowNum                         
000023bd  __udivmoddi4                         
0000245f  OLED_ShowString                      
0000258f  Infrared_Init                        
00002591  motor_stop                           
000026b9  Infrared_Read                        
00002745  SYSCFG_DL_PWMAB_init                 
000028d9  ChassisController_Init               
00002959  SYSCFG_DL_initPower                  
000029d5  __TI_decompress_lzss                 
00002a51  SYSCFG_DL_SYSCTL_init                
00002ac5  TIMA0_IRQHandler                     
00002b39  __gedf2                              
00002b39  __gtdf2                              
00002bad  OLED_Refresh                         
00002c1d  __cmpdf2                             
00002c1d  __eqdf2                              
00002c1d  __ledf2                              
00002c1d  __ltdf2                              
00002c1d  __nedf2                              
00002c85  DL_SYSCTL_setHFCLKSourceHFXTParams   
00002ce9  OLED_ClearPoint                      
00002db1  __aeabi_dcmpeq                       
00002dc5  __aeabi_dcmplt                       
00002dd9  __aeabi_dcmple                       
00002ded  __aeabi_dcmpge                       
00002e01  __aeabi_dcmpgt                       
00002e13  __aeabi_idiv0                        
00002e15  OLED_Clear                           
00002e75  SYSCFG_DL_MS6DSV_init                
00002ed5  SYSCFG_DL_OLED_init                  
00002f95  DL_I2C_fillControllerTXFIFO          
0000304f  __aeabi_ldiv0                        
000030a9  __aeabi_idiv                         
000030a9  __aeabi_idivmod                      
0000332d  Encoder_Get_Count                    
00003379  ImuHeading_Init                      
000033c5  motor_set_duty                       
00003411  GROUP1_IRQHandler                    
00003459  OLED_DrawPoint                       
000034a1  DL_SYSCTL_switchMCLKfromSYSOSCtoHSCLK
000034e5  __aeabi_uidiv                        
000034e5  __aeabi_uidivmod                     
00003525  motor_get_actual_rpm_x10             
000035e5  __divmoddi4                          
00003625  DL_I2C_flushControllerTXFIFO         
0000369d  motor_get_target_rpm_x10             
000036d9  __TI_auto_init_nobinit_nopinit       
00003715  __muldsi3                            
00003789  Encoder_Record_Pulse                 
00003831  SYSCFG_DL_MOTOR_PID_init             
00003899  motor_get_actual_mmps_x10            
000038cd  motor_get_target_mmps_x10            
00003901  Encoder_Get_Total_Count              
00003931  OLED_Pow                             
000039bd  SYSCFG_DL_init                       
00003b85  _c_int00_noargs                      
00003bd3  DL_I2C_setClockConfig                
00003bf9  ATK_MS6DSV_GetRawData                
00003c41  Encoder_Init                         
00003c65  __aeabi_ui2d                         
00003c65  __floatunsidf                        
00003c89  __aeabi_lmul                         
00003c89  __muldi3                             
00003e01  __aeabi_llsl                         
00003e01  __ashldi3                            
00003ec9  DL_SYSCTL_configFCC                  
00003f55  DL_Timer_setCaptCompUpdateMethod     
00003f71  DL_Timer_setClockConfig              
00003f8d  delay_ms                             
00004159  DL_Timer_setCaptureCompareOutCtl     
000042d9  LineSensor_Init                      
000042ed  __aeabi_ldivmod                      
00004301  __aeabi_uldivmod                     
0000433b  TI_memcpy_small                      
0000434d  __TI_decompress_none                 
00004391  DL_Timer_setCaptureCompareValue      
000043a1  SysTick_Handler                      
000043b1  __TI_zero_init                       
000043c1  TI_memset_small                      
000043d1  ATK_MS6DSV_GetStatus                 
000043dd  ChassisController_GetState           
000043e9  ChassisController_GetTaskMode        
0000440d  ImuHeading_GetAngleMdeg              
00004419  ImuHeading_IsReady                   
00004425  ImuHeading_ResetAngle                
00004431  __aeabi_memclr                       
00004431  __aeabi_memclr4                      
00004431  __aeabi_memclr8                      
0000443d  DL_Common_delayCycles                
0000445d  __aeabi_memcpy                       
0000445d  __aeabi_memcpy4                      
0000445d  __aeabi_memcpy8                      
00004465  abort                                
0000446b  ADC0_IRQHandler                      
0000446b  ADC1_IRQHandler                      
0000446b  AES_IRQHandler                       
0000446b  CANFD0_IRQHandler                    
0000446b  DAC0_IRQHandler                      
0000446b  DMA_IRQHandler                       
0000446b  Default_Handler                      
0000446b  GROUP0_IRQHandler                    
0000446b  HardFault_Handler                    
0000446b  I2C0_IRQHandler                      
0000446b  I2C1_IRQHandler                      
0000446b  NMI_Handler                          
0000446b  PendSV_Handler                       
0000446b  RTC_IRQHandler                       
0000446b  SPI0_IRQHandler                      
0000446b  SPI1_IRQHandler                      
0000446b  SVC_Handler                          
0000446b  TIMA1_IRQHandler                     
0000446b  TIMG0_IRQHandler                     
0000446b  TIMG12_IRQHandler                    
0000446b  TIMG6_IRQHandler                     
0000446b  TIMG7_IRQHandler                     
0000446b  TIMG8_IRQHandler                     
0000446b  UART0_IRQHandler                     
0000446b  UART1_IRQHandler                     
0000446b  UART2_IRQHandler                     
0000446b  UART3_IRQHandler                     
0000446e  C$$EXIT                              
0000446f  HOSTexit                             
00004473  Reset_Handler                        
00004489  _system_pre_init                     
00004490  asc2_2412                            
000051ec  asc2_1608                            
000057dc  asc2_1206                            
00005d4c  __TI_Handler_Table_Base              
00005d58  __TI_Handler_Table_Limit             
00005d60  __TI_CINIT_Base                      
00005d70  __TI_CINIT_Limit                     
00005d70  __TI_CINIT_Warm                      
20200000  OLED_GRAM                            
20200000  __start___llvm_prf_bits              
20200000  __start___llvm_prf_cnts              
20200000  __stop___llvm_prf_bits               
20200000  __stop___llvm_prf_cnts               
20200480  gMOTOR_PIDBackup                     
20207e00  __stack                              
20208000  __STACK_END                          
ffffffff  __TI_pprof_out_hndl                  
ffffffff  __TI_prof_data_size                  
ffffffff  __TI_prof_data_start                 
ffffffff  __binit__                            
ffffffff  binit                                
UNDEFED   __mpu_init                           
UNDEFED   _system_post_cinit                   

[179 symbols]
