<?xml version="1.0" encoding="ISO-8859-1" ?>
<link_info>
   <banner>TI ARM Clang Linker PC v4.0.4.LTS</banner>
   <copyright>Copyright (c) 1996-2018 Texas Instruments Incorporated</copyright>
   <command_line>E:\install\keli\ti\css\ccs\tools\compiler\ti-cgt-armllvm_4.0.4.LTS\bin\tiarmlnk -IE:\install\keli\ti\css\ccs\tools\compiler\ti-cgt-armllvm_4.0.4.LTS\lib -o 11_TIANMENGXING_H_TASK_2456.out -m11_TIANMENGXING_H_TASK_2456.map -iC:/TI/mspm0_sdk_2_10_00_04/source -iE:/install/keli/NEDC/11_TIANMENGXING_H_TASK_2456 -iE:/install/keli/NEDC/11_TIANMENGXING_H_TASK_2456/Debug/syscfg -iE:/install/keli/ti/css/ccs/tools/compiler/ti-cgt-armllvm_4.0.4.LTS/lib --diag_wrap=off --display_error_number --warn_sections --xml_link_info=11_TIANMENGXING_H_TASK_2456_linkInfo.xml --rom_model ./chassis_controller.o ./ti_msp_dl_config.o ./startup_mspm0g350x_ticlang.o ./imu_heading.o ./infrared.o ./line_sensor.o ./main.o ./user_driver/atk_ms6dsv.o ./user_driver/delay.o ./user_driver/encoder.o ./user_driver/motor.o ./user_driver/oled.o ./user_driver/pid.o -l./device_linker.cmd -ldevice.cmd.genlibs -llibc.a --start-group -llibc++.a -llibc++abi.a -llibc.a -llibsys.a -llibsysbm.a -llibclang_rt.builtins.a -llibclang_rt.profile.a --end-group --cg_opt_level=0</command_line>
   <link_time>0x6a6db6a0</link_time>
   <link_errors>0x0</link_errors>
   <output_file>E:\install\keli\NEDC\11_TIANMENGXING_H_TASK_2456\Debug\11_TIANMENGXING_H_TASK_2456.out</output_file>
   <entry_point>
      <name>_c_int00_noargs</name>
      <address>0x44f1</address>
   </entry_point>
   <input_file_list>
      <input_file id="fl-1">
         <path>E:\install\keli\NEDC\11_TIANMENGXING_H_TASK_2456\Debug\.\</path>
         <kind>object</kind>
         <file>chassis_controller.o</file>
         <name>chassis_controller.o</name>
      </input_file>
      <input_file id="fl-2">
         <path>E:\install\keli\NEDC\11_TIANMENGXING_H_TASK_2456\Debug\.\</path>
         <kind>object</kind>
         <file>ti_msp_dl_config.o</file>
         <name>ti_msp_dl_config.o</name>
      </input_file>
      <input_file id="fl-3">
         <path>E:\install\keli\NEDC\11_TIANMENGXING_H_TASK_2456\Debug\.\</path>
         <kind>object</kind>
         <file>startup_mspm0g350x_ticlang.o</file>
         <name>startup_mspm0g350x_ticlang.o</name>
      </input_file>
      <input_file id="fl-4">
         <path>E:\install\keli\NEDC\11_TIANMENGXING_H_TASK_2456\Debug\.\</path>
         <kind>object</kind>
         <file>imu_heading.o</file>
         <name>imu_heading.o</name>
      </input_file>
      <input_file id="fl-5">
         <path>E:\install\keli\NEDC\11_TIANMENGXING_H_TASK_2456\Debug\.\</path>
         <kind>object</kind>
         <file>infrared.o</file>
         <name>infrared.o</name>
      </input_file>
      <input_file id="fl-6">
         <path>E:\install\keli\NEDC\11_TIANMENGXING_H_TASK_2456\Debug\.\</path>
         <kind>object</kind>
         <file>line_sensor.o</file>
         <name>line_sensor.o</name>
      </input_file>
      <input_file id="fl-7">
         <path>E:\install\keli\NEDC\11_TIANMENGXING_H_TASK_2456\Debug\.\</path>
         <kind>object</kind>
         <file>main.o</file>
         <name>main.o</name>
      </input_file>
      <input_file id="fl-8">
         <path>E:\install\keli\NEDC\11_TIANMENGXING_H_TASK_2456\Debug\.\user_driver\</path>
         <kind>object</kind>
         <file>atk_ms6dsv.o</file>
         <name>atk_ms6dsv.o</name>
      </input_file>
      <input_file id="fl-9">
         <path>E:\install\keli\NEDC\11_TIANMENGXING_H_TASK_2456\Debug\.\user_driver\</path>
         <kind>object</kind>
         <file>delay.o</file>
         <name>delay.o</name>
      </input_file>
      <input_file id="fl-a">
         <path>E:\install\keli\NEDC\11_TIANMENGXING_H_TASK_2456\Debug\.\user_driver\</path>
         <kind>object</kind>
         <file>encoder.o</file>
         <name>encoder.o</name>
      </input_file>
      <input_file id="fl-b">
         <path>E:\install\keli\NEDC\11_TIANMENGXING_H_TASK_2456\Debug\.\user_driver\</path>
         <kind>object</kind>
         <file>motor.o</file>
         <name>motor.o</name>
      </input_file>
      <input_file id="fl-c">
         <path>E:\install\keli\NEDC\11_TIANMENGXING_H_TASK_2456\Debug\.\user_driver\</path>
         <kind>object</kind>
         <file>oled.o</file>
         <name>oled.o</name>
      </input_file>
      <input_file id="fl-d">
         <path>E:\install\keli\NEDC\11_TIANMENGXING_H_TASK_2456\Debug\.\user_driver\</path>
         <kind>object</kind>
         <file>pid.o</file>
         <name>pid.o</name>
      </input_file>
      <input_file id="fl-1a">
         <path>E:\install\keli\NEDC\11_TIANMENGXING_H_TASK_2456\Debug\</path>
         <kind>object</kind>
         <file>&lt;internal&gt;</file>
         <name>&lt;internal&gt;</name>
      </input_file>
      <input_file id="fl-1b">
         <path>C:\TI\mspm0_sdk_2_10_00_04\source\ti\driverlib\lib\ticlang\m0p\mspm0g1x0x_g3x0x\</path>
         <kind>archive</kind>
         <file>driverlib.a</file>
         <name>dl_common.o</name>
      </input_file>
      <input_file id="fl-1c">
         <path>C:\TI\mspm0_sdk_2_10_00_04\source\ti\driverlib\lib\ticlang\m0p\mspm0g1x0x_g3x0x\</path>
         <kind>archive</kind>
         <file>driverlib.a</file>
         <name>dl_i2c.o</name>
      </input_file>
      <input_file id="fl-1d">
         <path>C:\TI\mspm0_sdk_2_10_00_04\source\ti\driverlib\lib\ticlang\m0p\mspm0g1x0x_g3x0x\</path>
         <kind>archive</kind>
         <file>driverlib.a</file>
         <name>dl_timer.o</name>
      </input_file>
      <input_file id="fl-1e">
         <path>C:\TI\mspm0_sdk_2_10_00_04\source\ti\driverlib\lib\ticlang\m0p\mspm0g1x0x_g3x0x\</path>
         <kind>archive</kind>
         <file>driverlib.a</file>
         <name>dl_uart.o</name>
      </input_file>
      <input_file id="fl-1f">
         <path>C:\TI\mspm0_sdk_2_10_00_04\source\ti\driverlib\lib\ticlang\m0p\mspm0g1x0x_g3x0x\</path>
         <kind>archive</kind>
         <file>driverlib.a</file>
         <name>dl_sysctl_mspm0g1x0x_g3x0x.o</name>
      </input_file>
      <input_file id="fl-36">
         <path>E:\install\keli\ti\css\ccs\tools\compiler\ti-cgt-armllvm_4.0.4.LTS\lib\armv6m-ti-none-eabi\c\</path>
         <kind>archive</kind>
         <file>libc.a</file>
         <name>boot_cortex_m.c.obj</name>
      </input_file>
      <input_file id="fl-37">
         <path>E:\install\keli\ti\css\ccs\tools\compiler\ti-cgt-armllvm_4.0.4.LTS\lib\armv6m-ti-none-eabi\c\</path>
         <kind>archive</kind>
         <file>libc.a</file>
         <name>mathacl_init.c.obj</name>
      </input_file>
      <input_file id="fl-38">
         <path>E:\install\keli\ti\css\ccs\tools\compiler\ti-cgt-armllvm_4.0.4.LTS\lib\armv6m-ti-none-eabi\c\</path>
         <kind>archive</kind>
         <file>libc.a</file>
         <name>autoinit.c.obj</name>
      </input_file>
      <input_file id="fl-39">
         <path>E:\install\keli\ti\css\ccs\tools\compiler\ti-cgt-armllvm_4.0.4.LTS\lib\armv6m-ti-none-eabi\c\</path>
         <kind>archive</kind>
         <file>libc.a</file>
         <name>pre_init.c.obj</name>
      </input_file>
      <input_file id="fl-3a">
         <path>E:\install\keli\ti\css\ccs\tools\compiler\ti-cgt-armllvm_4.0.4.LTS\lib\armv6m-ti-none-eabi\c\</path>
         <kind>archive</kind>
         <file>libc.a</file>
         <name>cpy_tbl.c.obj</name>
      </input_file>
      <input_file id="fl-3b">
         <path>E:\install\keli\ti\css\ccs\tools\compiler\ti-cgt-armllvm_4.0.4.LTS\lib\armv6m-ti-none-eabi\c\</path>
         <kind>archive</kind>
         <file>libc.a</file>
         <name>copy_zero_init.c.obj</name>
      </input_file>
      <input_file id="fl-3c">
         <path>E:\install\keli\ti\css\ccs\tools\compiler\ti-cgt-armllvm_4.0.4.LTS\lib\armv6m-ti-none-eabi\c\</path>
         <kind>archive</kind>
         <file>libc.a</file>
         <name>copy_decompress_none.c.obj</name>
      </input_file>
      <input_file id="fl-3d">
         <path>E:\install\keli\ti\css\ccs\tools\compiler\ti-cgt-armllvm_4.0.4.LTS\lib\armv6m-ti-none-eabi\c\</path>
         <kind>archive</kind>
         <file>libc.a</file>
         <name>copy_decompress_lzss.c.obj</name>
      </input_file>
      <input_file id="fl-3e">
         <path>E:\install\keli\ti\css\ccs\tools\compiler\ti-cgt-armllvm_4.0.4.LTS\lib\armv6m-ti-none-eabi\c\</path>
         <kind>archive</kind>
         <file>libc.a</file>
         <name>exit.c.obj</name>
      </input_file>
      <input_file id="fl-3f">
         <path>E:\install\keli\ti\css\ccs\tools\compiler\ti-cgt-armllvm_4.0.4.LTS\lib\armv6m-ti-none-eabi\c\</path>
         <kind>archive</kind>
         <file>libc.a</file>
         <name>_lock.c.obj</name>
      </input_file>
      <input_file id="fl-40">
         <path>E:\install\keli\ti\css\ccs\tools\compiler\ti-cgt-armllvm_4.0.4.LTS\lib\armv6m-ti-none-eabi\c\</path>
         <kind>archive</kind>
         <file>libc.a</file>
         <name>args_main.c.obj</name>
      </input_file>
      <input_file id="fl-e0">
         <path>E:\install\keli\ti\css\ccs\tools\compiler\ti-cgt-armllvm_4.0.4.LTS\lib\armv6m-ti-none-eabi\c\</path>
         <kind>archive</kind>
         <file>libsysbm.a</file>
         <name>hostexit.c.obj</name>
      </input_file>
      <input_file id="fl-e1">
         <path>E:\install\keli\ti\css\ccs\tools\compiler\ti-cgt-armllvm_4.0.4.LTS\lib\armv6m-ti-none-eabi\</path>
         <kind>archive</kind>
         <file>libclang_rt.builtins.a</file>
         <name>addsf3.S.obj</name>
      </input_file>
      <input_file id="fl-e2">
         <path>E:\install\keli\ti\css\ccs\tools\compiler\ti-cgt-armllvm_4.0.4.LTS\lib\armv6m-ti-none-eabi\</path>
         <kind>archive</kind>
         <file>libclang_rt.builtins.a</file>
         <name>mulsf3.S.obj</name>
      </input_file>
      <input_file id="fl-e3">
         <path>E:\install\keli\ti\css\ccs\tools\compiler\ti-cgt-armllvm_4.0.4.LTS\lib\armv6m-ti-none-eabi\</path>
         <kind>archive</kind>
         <file>libclang_rt.builtins.a</file>
         <name>divsf3.S.obj</name>
      </input_file>
      <input_file id="fl-e4">
         <path>E:\install\keli\ti\css\ccs\tools\compiler\ti-cgt-armllvm_4.0.4.LTS\lib\armv6m-ti-none-eabi\</path>
         <kind>archive</kind>
         <file>libclang_rt.builtins.a</file>
         <name>floatunsidf.S.obj</name>
      </input_file>
      <input_file id="fl-e5">
         <path>E:\install\keli\ti\css\ccs\tools\compiler\ti-cgt-armllvm_4.0.4.LTS\lib\armv6m-ti-none-eabi\</path>
         <kind>archive</kind>
         <file>libclang_rt.builtins.a</file>
         <name>muldi3.S.obj</name>
      </input_file>
      <input_file id="fl-e6">
         <path>E:\install\keli\ti\css\ccs\tools\compiler\ti-cgt-armllvm_4.0.4.LTS\lib\armv6m-ti-none-eabi\</path>
         <kind>archive</kind>
         <file>libclang_rt.builtins.a</file>
         <name>aeabi_dcmp.S.obj</name>
      </input_file>
      <input_file id="fl-e7">
         <path>E:\install\keli\ti\css\ccs\tools\compiler\ti-cgt-armllvm_4.0.4.LTS\lib\armv6m-ti-none-eabi\</path>
         <kind>archive</kind>
         <file>libclang_rt.builtins.a</file>
         <name>aeabi_fcmp.S.obj</name>
      </input_file>
      <input_file id="fl-e8">
         <path>E:\install\keli\ti\css\ccs\tools\compiler\ti-cgt-armllvm_4.0.4.LTS\lib\armv6m-ti-none-eabi\</path>
         <kind>archive</kind>
         <file>libclang_rt.builtins.a</file>
         <name>aeabi_idivmod.S.obj</name>
      </input_file>
      <input_file id="fl-e9">
         <path>E:\install\keli\ti\css\ccs\tools\compiler\ti-cgt-armllvm_4.0.4.LTS\lib\armv6m-ti-none-eabi\</path>
         <kind>archive</kind>
         <file>libclang_rt.builtins.a</file>
         <name>aeabi_ldivmod.S.obj</name>
      </input_file>
      <input_file id="fl-ea">
         <path>E:\install\keli\ti\css\ccs\tools\compiler\ti-cgt-armllvm_4.0.4.LTS\lib\armv6m-ti-none-eabi\</path>
         <kind>archive</kind>
         <file>libclang_rt.builtins.a</file>
         <name>aeabi_memcpy.S.obj</name>
      </input_file>
      <input_file id="fl-eb">
         <path>E:\install\keli\ti\css\ccs\tools\compiler\ti-cgt-armllvm_4.0.4.LTS\lib\armv6m-ti-none-eabi\</path>
         <kind>archive</kind>
         <file>libclang_rt.builtins.a</file>
         <name>aeabi_memset.S.obj</name>
      </input_file>
      <input_file id="fl-ec">
         <path>E:\install\keli\ti\css\ccs\tools\compiler\ti-cgt-armllvm_4.0.4.LTS\lib\armv6m-ti-none-eabi\</path>
         <kind>archive</kind>
         <file>libclang_rt.builtins.a</file>
         <name>aeabi_uidivmod.S.obj</name>
      </input_file>
      <input_file id="fl-ed">
         <path>E:\install\keli\ti\css\ccs\tools\compiler\ti-cgt-armllvm_4.0.4.LTS\lib\armv6m-ti-none-eabi\</path>
         <kind>archive</kind>
         <file>libclang_rt.builtins.a</file>
         <name>aeabi_uldivmod.S.obj</name>
      </input_file>
      <input_file id="fl-ee">
         <path>E:\install\keli\ti\css\ccs\tools\compiler\ti-cgt-armllvm_4.0.4.LTS\lib\armv6m-ti-none-eabi\</path>
         <kind>archive</kind>
         <file>libclang_rt.builtins.a</file>
         <name>comparesf2.S.obj</name>
      </input_file>
      <input_file id="fl-ef">
         <path>E:\install\keli\ti\css\ccs\tools\compiler\ti-cgt-armllvm_4.0.4.LTS\lib\armv6m-ti-none-eabi\</path>
         <kind>archive</kind>
         <file>libclang_rt.builtins.a</file>
         <name>udivmoddi4.S.obj</name>
      </input_file>
      <input_file id="fl-f0">
         <path>E:\install\keli\ti\css\ccs\tools\compiler\ti-cgt-armllvm_4.0.4.LTS\lib\armv6m-ti-none-eabi\</path>
         <kind>archive</kind>
         <file>libclang_rt.builtins.a</file>
         <name>muldsi3.S.obj</name>
      </input_file>
      <input_file id="fl-f1">
         <path>E:\install\keli\ti\css\ccs\tools\compiler\ti-cgt-armllvm_4.0.4.LTS\lib\armv6m-ti-none-eabi\</path>
         <kind>archive</kind>
         <file>libclang_rt.builtins.a</file>
         <name>ashldi3.S.obj</name>
      </input_file>
      <input_file id="fl-f2">
         <path>E:\install\keli\ti\css\ccs\tools\compiler\ti-cgt-armllvm_4.0.4.LTS\lib\armv6m-ti-none-eabi\</path>
         <kind>archive</kind>
         <file>libclang_rt.builtins.a</file>
         <name>comparedf2.c.obj</name>
      </input_file>
      <input_file id="fl-f3">
         <path>E:\install\keli\ti\css\ccs\tools\compiler\ti-cgt-armllvm_4.0.4.LTS\lib\armv6m-ti-none-eabi\</path>
         <kind>archive</kind>
         <file>libclang_rt.builtins.a</file>
         <name>divmoddi4.c.obj</name>
      </input_file>
      <input_file id="fl-f4">
         <path>E:\install\keli\ti\css\ccs\tools\compiler\ti-cgt-armllvm_4.0.4.LTS\lib\armv6m-ti-none-eabi\</path>
         <kind>archive</kind>
         <file>libclang_rt.builtins.a</file>
         <name>aeabi_div0.c.obj</name>
      </input_file>
      <input_file id="fl-f5">
         <path>E:\install\keli\ti\css\ccs\tools\compiler\ti-cgt-armllvm_4.0.4.LTS\lib\armv6m-ti-none-eabi\c\</path>
         <kind>archive</kind>
         <file>libc.a</file>
         <name>memcpy16.S.obj</name>
      </input_file>
      <input_file id="fl-f6">
         <path>E:\install\keli\ti\css\ccs\tools\compiler\ti-cgt-armllvm_4.0.4.LTS\lib\armv6m-ti-none-eabi\c\</path>
         <kind>archive</kind>
         <file>libc.a</file>
         <name>memset16.S.obj</name>
      </input_file>
   </input_file_list>
   <object_component_list>
      <object_component id="oc-18">
         <name>.intvecs</name>
         <load_address>0x0</load_address>
         <readonly>true</readonly>
         <run_address>0x0</run_address>
         <size>0xc0</size>
         <alignment>0x4</alignment>
         <input_file_ref idref="fl-3"/>
      </object_component>
      <object_component id="oc-e0">
         <name>.text.ChassisController_Update</name>
         <load_address>0xc0</load_address>
         <readonly>true</readonly>
         <executable>true</executable>
         <run_address>0xc0</run_address>
         <size>0x340</size>
         <alignment>0x4</alignment>
         <input_file_ref idref="fl-1"/>
      </object_component>
      <object_component id="oc-ca">
         <name>.text.display_update</name>
         <load_address>0x400</load_address>
         <readonly>true</readonly>
         <executable>true</executable>
         <run_address>0x400</run_address>
         <size>0x338</size>
         <alignment>0x4</alignment>
         <input_file_ref idref="fl-7"/>
      </object_component>
      <object_component id="oc-e1">
         <name>.text.telemetry_start_frame</name>
         <load_address>0x738</load_address>
         <readonly>true</readonly>
         <executable>true</executable>
         <run_address>0x738</run_address>
         <size>0x2a0</size>
         <alignment>0x4</alignment>
         <input_file_ref idref="fl-7"/>
      </object_component>
      <object_component id="oc-286">
         <name>.text.motor_set_speed_target</name>
         <load_address>0x9d8</load_address>
         <readonly>true</readonly>
         <executable>true</executable>
         <run_address>0x9d8</run_address>
         <size>0x214</size>
         <alignment>0x4</alignment>
         <input_file_ref idref="fl-b"/>
      </object_component>
      <object_component id="oc-17a">
         <name>.text.ATK_MS6DSV_Init</name>
         <load_address>0xbec</load_address>
         <readonly>true</readonly>
         <executable>true</executable>
         <run_address>0xbec</run_address>
         <size>0x210</size>
         <alignment>0x4</alignment>
         <input_file_ref idref="fl-8"/>
      </object_component>
      <object_component id="oc-70">
         <name>.text.motor_pid_update</name>
         <load_address>0xdfc</load_address>
         <readonly>true</readonly>
         <executable>true</executable>
         <run_address>0xdfc</run_address>
         <size>0x1c8</size>
         <alignment>0x4</alignment>
         <input_file_ref idref="fl-b"/>
      </object_component>
      <object_component id="oc-11c">
         <name>.text.SYSCFG_DL_GPIO_init</name>
         <load_address>0xfc4</load_address>
         <readonly>true</readonly>
         <executable>true</executable>
         <run_address>0xfc4</run_address>
         <size>0x1ac</size>
         <alignment>0x4</alignment>
         <input_file_ref idref="fl-2"/>
      </object_component>
      <object_component id="oc-223">
         <name>.text.OLED_ShowChar</name>
         <load_address>0x1170</load_address>
         <readonly>true</readonly>
         <executable>true</executable>
         <run_address>0x1170</run_address>
         <size>0x158</size>
         <alignment>0x4</alignment>
         <input_file_ref idref="fl-c"/>
      </object_component>
      <object_component id="oc-dd">
         <name>.text.ImuHeading_Update</name>
         <load_address>0x12c8</load_address>
         <readonly>true</readonly>
         <executable>true</executable>
         <run_address>0x12c8</run_address>
         <size>0x148</size>
         <alignment>0x4</alignment>
         <input_file_ref idref="fl-4"/>
      </object_component>
      <object_component id="oc-132">
         <name>.text.OLED_WR_Byte</name>
         <load_address>0x1410</load_address>
         <readonly>true</readonly>
         <executable>true</executable>
         <run_address>0x1410</run_address>
         <size>0x134</size>
         <alignment>0x4</alignment>
         <input_file_ref idref="fl-c"/>
      </object_component>
      <object_component id="oc-24a">
         <name>.text.OLED_WR_DataBlock</name>
         <load_address>0x1544</load_address>
         <readonly>true</readonly>
         <executable>true</executable>
         <run_address>0x1544</run_address>
         <size>0x130</size>
         <alignment>0x4</alignment>
         <input_file_ref idref="fl-c"/>
      </object_component>
      <object_component id="oc-82">
         <name>.text.main</name>
         <load_address>0x1674</load_address>
         <readonly>true</readonly>
         <executable>true</executable>
         <run_address>0x1674</run_address>
         <size>0x130</size>
         <alignment>0x4</alignment>
         <input_file_ref idref="fl-7"/>
      </object_component>
      <object_component id="oc-df">
         <name>.text.LineSensor_Read</name>
         <load_address>0x17a4</load_address>
         <readonly>true</readonly>
         <executable>true</executable>
         <run_address>0x17a4</run_address>
         <size>0x110</size>
         <alignment>0x4</alignment>
         <input_file_ref idref="fl-6"/>
      </object_component>
      <object_component id="oc-1f5">
         <name>.text.DL_Timer_initFourCCPWMMode</name>
         <load_address>0x18b4</load_address>
         <readonly>true</readonly>
         <executable>true</executable>
         <run_address>0x18b4</run_address>
         <size>0x104</size>
         <alignment>0x4</alignment>
         <input_file_ref idref="fl-1d"/>
      </object_component>
      <object_component id="oc-198">
         <name>.text.chassis_apply_wheels</name>
         <load_address>0x19b8</load_address>
         <readonly>true</readonly>
         <executable>true</executable>
         <run_address>0x19b8</run_address>
         <size>0x104</size>
         <alignment>0x4</alignment>
         <input_file_ref idref="fl-1"/>
      </object_component>
      <object_component id="oc-194">
         <name>.text.chassis_drive_curve</name>
         <load_address>0x1abc</load_address>
         <readonly>true</readonly>
         <executable>true</executable>
         <run_address>0x1abc</run_address>
         <size>0x100</size>
         <alignment>0x4</alignment>
         <input_file_ref idref="fl-1"/>
      </object_component>
      <object_component id="oc-1fd">
         <name>.text.DL_Timer_initTimerMode</name>
         <load_address>0x1bbc</load_address>
         <readonly>true</readonly>
         <executable>true</executable>
         <run_address>0x1bbc</run_address>
         <size>0xfc</size>
         <alignment>0x4</alignment>
         <input_file_ref idref="fl-1d"/>
      </object_component>
      <object_component id="oc-247">
         <name>.text.motor_drive_mmps</name>
         <load_address>0x1cb8</load_address>
         <readonly>true</readonly>
         <executable>true</executable>
         <run_address>0x1cb8</run_address>
         <size>0xec</size>
         <alignment>0x4</alignment>
         <input_file_ref idref="fl-b"/>
      </object_component>
      <object_component id="oc-187">
         <name>.text.ATK_MS6DSV_Update</name>
         <load_address>0x1da4</load_address>
         <readonly>true</readonly>
         <executable>true</executable>
         <run_address>0x1da4</run_address>
         <size>0xe8</size>
         <alignment>0x4</alignment>
         <input_file_ref idref="fl-8"/>
      </object_component>
      <object_component id="oc-1ee">
         <name>.text.SYSCFG_DL_SYSCTL_SYSPLL_init</name>
         <load_address>0x1e8c</load_address>
         <readonly>true</readonly>
         <executable>true</executable>
         <run_address>0x1e8c</run_address>
         <size>0xe8</size>
         <alignment>0x4</alignment>
         <input_file_ref idref="fl-2"/>
      </object_component>
      <object_component id="oc-160">
         <name>.text.motor_set_direction</name>
         <load_address>0x1f74</load_address>
         <readonly>true</readonly>
         <executable>true</executable>
         <run_address>0x1f74</run_address>
         <size>0xe8</size>
         <alignment>0x4</alignment>
         <input_file_ref idref="fl-b"/>
      </object_component>
      <object_component id="oc-230">
         <name>.text.ms6dsv_read_registers</name>
         <load_address>0x205c</load_address>
         <readonly>true</readonly>
         <executable>true</executable>
         <run_address>0x205c</run_address>
         <size>0xe0</size>
         <alignment>0x4</alignment>
         <input_file_ref idref="fl-8"/>
      </object_component>
      <object_component id="oc-1ed">
         <name>.text.DL_SYSCTL_configSYSPLL</name>
         <load_address>0x213c</load_address>
         <readonly>true</readonly>
         <executable>true</executable>
         <run_address>0x213c</run_address>
         <size>0xdc</size>
         <alignment>0x4</alignment>
         <input_file_ref idref="fl-1f"/>
      </object_component>
      <object_component id="oc-22f">
         <name>.text.ms6dsv_i2c_gpio_init</name>
         <load_address>0x2218</load_address>
         <readonly>true</readonly>
         <executable>true</executable>
         <run_address>0x2218</run_address>
         <size>0xd8</size>
         <alignment>0x4</alignment>
         <input_file_ref idref="fl-8"/>
      </object_component>
      <object_component id="oc-18b">
         <name>.text.ChassisController_Start</name>
         <load_address>0x22f0</load_address>
         <readonly>true</readonly>
         <executable>true</executable>
         <run_address>0x22f0</run_address>
         <size>0xd4</size>
         <alignment>0x4</alignment>
         <input_file_ref idref="fl-1"/>
      </object_component>
      <object_component id="oc-19b">
         <name>.text.telemetry_state_flags</name>
         <load_address>0x23c4</load_address>
         <readonly>true</readonly>
         <executable>true</executable>
         <run_address>0x23c4</run_address>
         <size>0xd2</size>
         <alignment>0x2</alignment>
         <input_file_ref idref="fl-7"/>
      </object_component>
      <object_component id="oc-161">
         <name>.text.Infrared_Init</name>
         <load_address>0x2496</load_address>
         <readonly>true</readonly>
         <executable>true</executable>
         <run_address>0x2496</run_address>
         <size>0x2</size>
         <alignment>0x2</alignment>
         <input_file_ref idref="fl-5"/>
      </object_component>
      <object_component id="oc-de">
         <name>.text.process_buttons</name>
         <load_address>0x2498</load_address>
         <readonly>true</readonly>
         <executable>true</executable>
         <run_address>0x2498</run_address>
         <size>0xcc</size>
         <alignment>0x4</alignment>
         <input_file_ref idref="fl-7"/>
      </object_component>
      <object_component id="oc-1aa">
         <name>.text.OLED_RefreshPage</name>
         <load_address>0x2564</load_address>
         <readonly>true</readonly>
         <executable>true</executable>
         <run_address>0x2564</run_address>
         <size>0xbc</size>
         <alignment>0x4</alignment>
         <input_file_ref idref="fl-c"/>
      </object_component>
      <object_component id="oc-192">
         <name>.text.chassis_drive_straight</name>
         <load_address>0x2620</load_address>
         <readonly>true</readonly>
         <executable>true</executable>
         <run_address>0x2620</run_address>
         <size>0xb4</size>
         <alignment>0x4</alignment>
         <input_file_ref idref="fl-1"/>
      </object_component>
      <object_component id="oc-c4">
         <name>.text.OLED_Init</name>
         <load_address>0x26d4</load_address>
         <readonly>true</readonly>
         <executable>true</executable>
         <run_address>0x26d4</run_address>
         <size>0xb0</size>
         <alignment>0x4</alignment>
         <input_file_ref idref="fl-c"/>
      </object_component>
      <object_component id="oc-cb">
         <name>.text.motor_init</name>
         <load_address>0x2784</load_address>
         <readonly>true</readonly>
         <executable>true</executable>
         <run_address>0x2784</run_address>
         <size>0xb0</size>
         <alignment>0x4</alignment>
         <input_file_ref idref="fl-b"/>
      </object_component>
      <object_component id="oc-13f">
         <name>.text.OLED_ShowNum</name>
         <load_address>0x2834</load_address>
         <readonly>true</readonly>
         <executable>true</executable>
         <run_address>0x2834</run_address>
         <size>0xac</size>
         <alignment>0x2</alignment>
         <input_file_ref idref="fl-c"/>
      </object_component>
      <object_component id="oc-1be">
         <name>.text</name>
         <load_address>0x28e0</load_address>
         <readonly>true</readonly>
         <executable>true</executable>
         <run_address>0x28e0</run_address>
         <size>0xa2</size>
         <alignment>0x4</alignment>
         <input_file_ref idref="fl-ef"/>
      </object_component>
      <object_component id="oc-13c">
         <name>.text.OLED_ShowString</name>
         <load_address>0x2982</load_address>
         <readonly>true</readonly>
         <executable>true</executable>
         <run_address>0x2982</run_address>
         <size>0x98</size>
         <alignment>0x2</alignment>
         <input_file_ref idref="fl-c"/>
      </object_component>
      <object_component id="oc-245">
         <name>.text.chassis_slew_speed</name>
         <load_address>0x2a1a</load_address>
         <readonly>true</readonly>
         <executable>true</executable>
         <run_address>0x2a1a</run_address>
         <size>0x98</size>
         <alignment>0x2</alignment>
         <input_file_ref idref="fl-1"/>
      </object_component>
      <object_component id="oc-10c">
         <name>.text.__aeabi_idiv0</name>
         <load_address>0x2ab2</load_address>
         <readonly>true</readonly>
         <executable>true</executable>
         <run_address>0x2ab2</run_address>
         <size>0x2</size>
         <alignment>0x2</alignment>
         <input_file_ref idref="fl-f4"/>
      </object_component>
      <object_component id="oc-1a2">
         <name>.text.telemetry_crc16</name>
         <load_address>0x2ab4</load_address>
         <readonly>true</readonly>
         <executable>true</executable>
         <run_address>0x2ab4</run_address>
         <size>0x98</size>
         <alignment>0x4</alignment>
         <input_file_ref idref="fl-7"/>
      </object_component>
      <object_component id="oc-22e">
         <name>.text.motor_stop</name>
         <load_address>0x2b4c</load_address>
         <readonly>true</readonly>
         <executable>true</executable>
         <run_address>0x2b4c</run_address>
         <size>0x94</size>
         <alignment>0x4</alignment>
         <input_file_ref idref="fl-b"/>
      </object_component>
      <object_component id="oc-282">
         <name>.text.ms6dsv_i2c_read_byte</name>
         <load_address>0x2be0</load_address>
         <readonly>true</readonly>
         <executable>true</executable>
         <run_address>0x2be0</run_address>
         <size>0x94</size>
         <alignment>0x2</alignment>
         <input_file_ref idref="fl-8"/>
      </object_component>
      <object_component id="oc-18d">
         <name>.text.Infrared_Read</name>
         <load_address>0x2c74</load_address>
         <readonly>true</readonly>
         <executable>true</executable>
         <run_address>0x2c74</run_address>
         <size>0x8c</size>
         <alignment>0x4</alignment>
         <input_file_ref idref="fl-5"/>
      </object_component>
      <object_component id="oc-11e">
         <name>.text.SYSCFG_DL_PWMAB_init</name>
         <load_address>0x2d00</load_address>
         <readonly>true</readonly>
         <executable>true</executable>
         <run_address>0x2d00</run_address>
         <size>0x8c</size>
         <alignment>0x4</alignment>
         <input_file_ref idref="fl-2"/>
      </object_component>
      <object_component id="oc-11b">
         <name>.text.SYSCFG_DL_initPower</name>
         <load_address>0x2d8c</load_address>
         <readonly>true</readonly>
         <executable>true</executable>
         <run_address>0x2d8c</run_address>
         <size>0x8c</size>
         <alignment>0x4</alignment>
         <input_file_ref idref="fl-2"/>
      </object_component>
      <object_component id="oc-126">
         <name>.text.__NVIC_SetPriority</name>
         <load_address>0x2e18</load_address>
         <readonly>true</readonly>
         <executable>true</executable>
         <run_address>0x2e18</run_address>
         <size>0x84</size>
         <alignment>0x4</alignment>
         <input_file_ref idref="fl-7"/>
      </object_component>
      <object_component id="oc-281">
         <name>.text.ms6dsv_i2c_send_byte</name>
         <load_address>0x2e9c</load_address>
         <readonly>true</readonly>
         <executable>true</executable>
         <run_address>0x2e9c</run_address>
         <size>0x84</size>
         <alignment>0x2</alignment>
         <input_file_ref idref="fl-8"/>
      </object_component>
      <object_component id="oc-d2">
         <name>.text.ChassisController_Init</name>
         <load_address>0x2f20</load_address>
         <readonly>true</readonly>
         <executable>true</executable>
         <run_address>0x2f20</run_address>
         <size>0x80</size>
         <alignment>0x4</alignment>
         <input_file_ref idref="fl-1"/>
      </object_component>
      <object_component id="oc-1c">
         <name>.text:decompress:lzss</name>
         <load_address>0x2fa0</load_address>
         <readonly>true</readonly>
         <executable>true</executable>
         <run_address>0x2fa0</run_address>
         <size>0x7c</size>
         <alignment>0x4</alignment>
         <input_file_ref idref="fl-3d"/>
      </object_component>
      <object_component id="oc-11d">
         <name>.text.SYSCFG_DL_SYSCTL_init</name>
         <load_address>0x301c</load_address>
         <readonly>true</readonly>
         <executable>true</executable>
         <run_address>0x301c</run_address>
         <size>0x74</size>
         <alignment>0x4</alignment>
         <input_file_ref idref="fl-2"/>
      </object_component>
      <object_component id="oc-3b">
         <name>.text.TIMA0_IRQHandler</name>
         <load_address>0x3090</load_address>
         <readonly>true</readonly>
         <executable>true</executable>
         <run_address>0x3090</run_address>
         <size>0x74</size>
         <alignment>0x4</alignment>
         <input_file_ref idref="fl-b"/>
      </object_component>
      <object_component id="oc-290">
         <name>.text.__gedf2</name>
         <load_address>0x3104</load_address>
         <readonly>true</readonly>
         <executable>true</executable>
         <run_address>0x3104</run_address>
         <size>0x74</size>
         <alignment>0x4</alignment>
         <input_file_ref idref="fl-f2"/>
      </object_component>
      <object_component id="oc-6d">
         <name>.text.telemetry_service</name>
         <load_address>0x3178</load_address>
         <readonly>true</readonly>
         <executable>true</executable>
         <run_address>0x3178</run_address>
         <size>0x74</size>
         <alignment>0x4</alignment>
         <input_file_ref idref="fl-7"/>
      </object_component>
      <object_component id="oc-220">
         <name>.text.OLED_Refresh</name>
         <load_address>0x31ec</load_address>
         <readonly>true</readonly>
         <executable>true</executable>
         <run_address>0x31ec</run_address>
         <size>0x70</size>
         <alignment>0x4</alignment>
         <input_file_ref idref="fl-c"/>
      </object_component>
      <object_component id="oc-28a">
         <name>.text.__ledf2</name>
         <load_address>0x325c</load_address>
         <readonly>true</readonly>
         <executable>true</executable>
         <run_address>0x325c</run_address>
         <size>0x68</size>
         <alignment>0x4</alignment>
         <input_file_ref idref="fl-f2"/>
      </object_component>
      <object_component id="oc-1e7">
         <name>.text.DL_SYSCTL_setHFCLKSourceHFXTParams</name>
         <load_address>0x32c4</load_address>
         <readonly>true</readonly>
         <executable>true</executable>
         <run_address>0x32c4</run_address>
         <size>0x64</size>
         <alignment>0x4</alignment>
         <input_file_ref idref="fl-1f"/>
      </object_component>
      <object_component id="oc-d8">
         <name>.text.ImuHeading_Init</name>
         <load_address>0x3328</load_address>
         <readonly>true</readonly>
         <executable>true</executable>
         <run_address>0x3328</run_address>
         <size>0x64</size>
         <alignment>0x4</alignment>
         <input_file_ref idref="fl-4"/>
      </object_component>
      <object_component id="oc-274">
         <name>.text.OLED_ClearPoint</name>
         <load_address>0x338c</load_address>
         <readonly>true</readonly>
         <executable>true</executable>
         <run_address>0x338c</run_address>
         <size>0x64</size>
         <alignment>0x4</alignment>
         <input_file_ref idref="fl-c"/>
      </object_component>
      <object_component id="oc-231">
         <name>.text.ms6dsv_write_register</name>
         <load_address>0x33f0</load_address>
         <readonly>true</readonly>
         <executable>true</executable>
         <run_address>0x33f0</run_address>
         <size>0x64</size>
         <alignment>0x4</alignment>
         <input_file_ref idref="fl-8"/>
      </object_component>
      <object_component id="oc-26b">
         <name>.text.__aeabi_dcmp</name>
         <load_address>0x3454</load_address>
         <readonly>true</readonly>
         <executable>true</executable>
         <run_address>0x3454</run_address>
         <size>0x62</size>
         <alignment>0x4</alignment>
         <input_file_ref idref="fl-e6"/>
      </object_component>
      <object_component id="oc-256">
         <name>.text.__aeabi_ldiv0</name>
         <load_address>0x34b6</load_address>
         <readonly>true</readonly>
         <executable>true</executable>
         <run_address>0x34b6</run_address>
         <size>0x2</size>
         <alignment>0x2</alignment>
         <input_file_ref idref="fl-f4"/>
      </object_component>
      <object_component id="oc-133">
         <name>.text.OLED_Clear</name>
         <load_address>0x34b8</load_address>
         <readonly>true</readonly>
         <executable>true</executable>
         <run_address>0x34b8</run_address>
         <size>0x60</size>
         <alignment>0x4</alignment>
         <input_file_ref idref="fl-c"/>
      </object_component>
      <object_component id="oc-121">
         <name>.text.SYSCFG_DL_MS6DSV_init</name>
         <load_address>0x3518</load_address>
         <readonly>true</readonly>
         <executable>true</executable>
         <run_address>0x3518</run_address>
         <size>0x60</size>
         <alignment>0x4</alignment>
         <input_file_ref idref="fl-2"/>
      </object_component>
      <object_component id="oc-120">
         <name>.text.SYSCFG_DL_OLED_init</name>
         <load_address>0x3578</load_address>
         <readonly>true</readonly>
         <executable>true</executable>
         <run_address>0x3578</run_address>
         <size>0x60</size>
         <alignment>0x4</alignment>
         <input_file_ref idref="fl-2"/>
      </object_component>
      <object_component id="oc-18a">
         <name>.text.button_pressed_event</name>
         <load_address>0x35d8</load_address>
         <readonly>true</readonly>
         <executable>true</executable>
         <run_address>0x35d8</run_address>
         <size>0x60</size>
         <alignment>0x2</alignment>
         <input_file_ref idref="fl-7"/>
      </object_component>
      <object_component id="oc-21e">
         <name>.text.DL_I2C_fillControllerTXFIFO</name>
         <load_address>0x3638</load_address>
         <readonly>true</readonly>
         <executable>true</executable>
         <run_address>0x3638</run_address>
         <size>0x5e</size>
         <alignment>0x2</alignment>
         <input_file_ref idref="fl-1c"/>
      </object_component>
      <object_component id="oc-246">
         <name>.text.chassis_slew_steering</name>
         <load_address>0x3696</load_address>
         <readonly>true</readonly>
         <executable>true</executable>
         <run_address>0x3696</run_address>
         <size>0x5c</size>
         <alignment>0x2</alignment>
         <input_file_ref idref="fl-1"/>
      </object_component>
      <object_component id="oc-190">
         <name>.text.chassis_total_distance_mm</name>
         <load_address>0x36f4</load_address>
         <readonly>true</readonly>
         <executable>true</executable>
         <run_address>0x36f4</run_address>
         <size>0x58</size>
         <alignment>0x4</alignment>
         <input_file_ref idref="fl-1"/>
      </object_component>
      <object_component id="oc-a2">
         <name>.text.__aeabi_idivmod</name>
         <load_address>0x374c</load_address>
         <readonly>true</readonly>
         <executable>true</executable>
         <run_address>0x374c</run_address>
         <size>0x56</size>
         <alignment>0x4</alignment>
         <input_file_ref idref="fl-e8"/>
      </object_component>
      <object_component id="oc-141">
         <name>.text.ChassisController_GetElapsedMs</name>
         <load_address>0x37a4</load_address>
         <readonly>true</readonly>
         <executable>true</executable>
         <run_address>0x37a4</run_address>
         <size>0x54</size>
         <alignment>0x4</alignment>
         <input_file_ref idref="fl-1"/>
      </object_component>
      <object_component id="oc-196">
         <name>.text.chassis_task2_braking_distance_mm</name>
         <load_address>0x37f8</load_address>
         <readonly>true</readonly>
         <executable>true</executable>
         <run_address>0x37f8</run_address>
         <size>0x54</size>
         <alignment>0x2</alignment>
         <input_file_ref idref="fl-1"/>
      </object_component>
      <object_component id="oc-1d9">
         <name>.text.DL_GPIO_initPeripheralInputFunctionFeatures</name>
         <load_address>0x384c</load_address>
         <readonly>true</readonly>
         <executable>true</executable>
         <run_address>0x384c</run_address>
         <size>0x50</size>
         <alignment>0x4</alignment>
         <input_file_ref idref="fl-2"/>
      </object_component>
      <object_component id="oc-21f">
         <name>.text.DL_I2C_startControllerTransfer</name>
         <load_address>0x389c</load_address>
         <readonly>true</readonly>
         <executable>true</executable>
         <run_address>0x389c</run_address>
         <size>0x50</size>
         <alignment>0x4</alignment>
         <input_file_ref idref="fl-c"/>
      </object_component>
      <object_component id="oc-c1">
         <name>.text.SysTick_Config</name>
         <load_address>0x38ec</load_address>
         <readonly>true</readonly>
         <executable>true</executable>
         <run_address>0x38ec</run_address>
         <size>0x50</size>
         <alignment>0x4</alignment>
         <input_file_ref idref="fl-7"/>
      </object_component>
      <object_component id="oc-232">
         <name>.text.ms6dsv_update_register</name>
         <load_address>0x393c</load_address>
         <readonly>true</readonly>
         <executable>true</executable>
         <run_address>0x393c</run_address>
         <size>0x50</size>
         <alignment>0x2</alignment>
         <input_file_ref idref="fl-8"/>
      </object_component>
      <object_component id="oc-279">
         <name>.text.DL_GPIO_initDigitalInputFeatures</name>
         <load_address>0x398c</load_address>
         <readonly>true</readonly>
         <executable>true</executable>
         <run_address>0x398c</run_address>
         <size>0x4c</size>
         <alignment>0x4</alignment>
         <input_file_ref idref="fl-8"/>
      </object_component>
      <object_component id="oc-1dd">
         <name>.text.DL_GPIO_initDigitalInputFeatures</name>
         <load_address>0x39d8</load_address>
         <readonly>true</readonly>
         <executable>true</executable>
         <run_address>0x39d8</run_address>
         <size>0x4c</size>
         <alignment>0x4</alignment>
         <input_file_ref idref="fl-2"/>
      </object_component>
      <object_component id="oc-215">
         <name>.text.DL_UART_setBaudRateDivisor</name>
         <load_address>0x3a24</load_address>
         <readonly>true</readonly>
         <executable>true</executable>
         <run_address>0x3a24</run_address>
         <size>0x4c</size>
         <alignment>0x4</alignment>
         <input_file_ref idref="fl-2"/>
      </object_component>
      <object_component id="oc-6f">
         <name>.text.Encoder_Get_Count</name>
         <load_address>0x3a70</load_address>
         <readonly>true</readonly>
         <executable>true</executable>
         <run_address>0x3a70</run_address>
         <size>0x4c</size>
         <alignment>0x4</alignment>
         <input_file_ref idref="fl-a"/>
      </object_component>
      <object_component id="oc-e2">
         <name>.text.display_refresh_service</name>
         <load_address>0x3abc</load_address>
         <readonly>true</readonly>
         <executable>true</executable>
         <run_address>0x3abc</run_address>
         <size>0x4c</size>
         <alignment>0x4</alignment>
         <input_file_ref idref="fl-7"/>
      </object_component>
      <object_component id="oc-71">
         <name>.text.motor_set_duty</name>
         <load_address>0x3b08</load_address>
         <readonly>true</readonly>
         <executable>true</executable>
         <run_address>0x3b08</run_address>
         <size>0x4c</size>
         <alignment>0x4</alignment>
         <input_file_ref idref="fl-b"/>
      </object_component>
      <object_component id="oc-213">
         <name>.text.DL_UART_init</name>
         <load_address>0x3b54</load_address>
         <readonly>true</readonly>
         <executable>true</executable>
         <run_address>0x3b54</run_address>
         <size>0x48</size>
         <alignment>0x4</alignment>
         <input_file_ref idref="fl-1e"/>
      </object_component>
      <object_component id="oc-39">
         <name>.text.GROUP1_IRQHandler</name>
         <load_address>0x3b9c</load_address>
         <readonly>true</readonly>
         <executable>true</executable>
         <run_address>0x3b9c</run_address>
         <size>0x48</size>
         <alignment>0x4</alignment>
         <input_file_ref idref="fl-7"/>
      </object_component>
      <object_component id="oc-273">
         <name>.text.OLED_DrawPoint</name>
         <load_address>0x3be4</load_address>
         <readonly>true</readonly>
         <executable>true</executable>
         <run_address>0x3be4</run_address>
         <size>0x48</size>
         <alignment>0x4</alignment>
         <input_file_ref idref="fl-c"/>
      </object_component>
      <object_component id="oc-19c">
         <name>.text.telemetry_limit_i16</name>
         <load_address>0x3c2c</load_address>
         <readonly>true</readonly>
         <executable>true</executable>
         <run_address>0x3c2c</run_address>
         <size>0x48</size>
         <alignment>0x4</alignment>
         <input_file_ref idref="fl-7"/>
      </object_component>
      <object_component id="oc-1f2">
         <name>.text.DL_SYSCTL_switchMCLKfromSYSOSCtoHSCLK</name>
         <load_address>0x3c74</load_address>
         <readonly>true</readonly>
         <executable>true</executable>
         <run_address>0x3c74</run_address>
         <size>0x44</size>
         <alignment>0x4</alignment>
         <input_file_ref idref="fl-1f"/>
      </object_component>
      <object_component id="oc-122">
         <name>.text.SYSCFG_DL_TELEMETRY_UART_init</name>
         <load_address>0x3cb8</load_address>
         <readonly>true</readonly>
         <executable>true</executable>
         <run_address>0x3cb8</run_address>
         <size>0x40</size>
         <alignment>0x4</alignment>
         <input_file_ref idref="fl-2"/>
      </object_component>
      <object_component id="oc-108">
         <name>.text.__aeabi_uidivmod</name>
         <load_address>0x3cf8</load_address>
         <readonly>true</readonly>
         <executable>true</executable>
         <run_address>0x3cf8</run_address>
         <size>0x40</size>
         <alignment>0x4</alignment>
         <input_file_ref idref="fl-ec"/>
      </object_component>
      <object_component id="oc-23f">
         <name>.text.chassis_curve_speed</name>
         <load_address>0x3d38</load_address>
         <readonly>true</readonly>
         <executable>true</executable>
         <run_address>0x3d38</run_address>
         <size>0x40</size>
         <alignment>0x4</alignment>
         <input_file_ref idref="fl-1"/>
      </object_component>
      <object_component id="oc-227">
         <name>.text.motor_get_actual_rpm_x10</name>
         <load_address>0x3d78</load_address>
         <readonly>true</readonly>
         <executable>true</executable>
         <run_address>0x3d78</run_address>
         <size>0x40</size>
         <alignment>0x4</alignment>
         <input_file_ref idref="fl-b"/>
      </object_component>
      <object_component id="oc-27b">
         <name>.text.ms6dsv_scl</name>
         <load_address>0x3db8</load_address>
         <readonly>true</readonly>
         <executable>true</executable>
         <run_address>0x3db8</run_address>
         <size>0x40</size>
         <alignment>0x4</alignment>
         <input_file_ref idref="fl-8"/>
      </object_component>
      <object_component id="oc-27a">
         <name>.text.ms6dsv_sda</name>
         <load_address>0x3df8</load_address>
         <readonly>true</readonly>
         <executable>true</executable>
         <run_address>0x3df8</run_address>
         <size>0x40</size>
         <alignment>0x4</alignment>
         <input_file_ref idref="fl-8"/>
      </object_component>
      <object_component id="oc-103">
         <name>.text.__divmoddi4</name>
         <load_address>0x3e38</load_address>
         <readonly>true</readonly>
         <executable>true</executable>
         <run_address>0x3e38</run_address>
         <size>0x3e</size>
         <alignment>0x2</alignment>
         <input_file_ref idref="fl-f3"/>
      </object_component>
      <object_component id="oc-12c">
         <name>.text.DL_I2C_flushControllerTXFIFO</name>
         <load_address>0x3e78</load_address>
         <readonly>true</readonly>
         <executable>true</executable>
         <run_address>0x3e78</run_address>
         <size>0x3c</size>
         <alignment>0x4</alignment>
         <input_file_ref idref="fl-1c"/>
      </object_component>
      <object_component id="oc-1f6">
         <name>.text.DL_Timer_setCounterControl</name>
         <load_address>0x3eb4</load_address>
         <readonly>true</readonly>
         <executable>true</executable>
         <run_address>0x3eb4</run_address>
         <size>0x3c</size>
         <alignment>0x4</alignment>
         <input_file_ref idref="fl-2"/>
      </object_component>
      <object_component id="oc-226">
         <name>.text.motor_get_target_rpm_x10</name>
         <load_address>0x3ef0</load_address>
         <readonly>true</readonly>
         <executable>true</executable>
         <run_address>0x3ef0</run_address>
         <size>0x3c</size>
         <alignment>0x4</alignment>
         <input_file_ref idref="fl-b"/>
      </object_component>
      <object_component id="oc-19a">
         <name>.text.telemetry_put_u32</name>
         <load_address>0x3f2c</load_address>
         <readonly>true</readonly>
         <executable>true</executable>
         <run_address>0x3f2c</run_address>
         <size>0x3c</size>
         <alignment>0x4</alignment>
         <input_file_ref idref="fl-7"/>
      </object_component>
      <object_component id="oc-ec">
         <name>.text:__TI_auto_init_nobinit_nopinit</name>
         <load_address>0x3f68</load_address>
         <readonly>true</readonly>
         <executable>true</executable>
         <run_address>0x3f68</run_address>
         <size>0x3c</size>
         <alignment>0x4</alignment>
         <input_file_ref idref="fl-38"/>
      </object_component>
      <object_component id="oc-fe">
         <name>.text.__muldsi3</name>
         <load_address>0x3fa4</load_address>
         <readonly>true</readonly>
         <executable>true</executable>
         <run_address>0x3fa4</run_address>
         <size>0x3a</size>
         <alignment>0x4</alignment>
         <input_file_ref idref="fl-f0"/>
      </object_component>
      <object_component id="oc-c9">
         <name>.text.button_init</name>
         <load_address>0x3fde</load_address>
         <readonly>true</readonly>
         <executable>true</executable>
         <run_address>0x3fde</run_address>
         <size>0x3a</size>
         <alignment>0x2</alignment>
         <input_file_ref idref="fl-7"/>
      </object_component>
      <object_component id="oc-249">
         <name>.text.ChassisController_IsRunning</name>
         <load_address>0x4018</load_address>
         <readonly>true</readonly>
         <executable>true</executable>
         <run_address>0x4018</run_address>
         <size>0x38</size>
         <alignment>0x4</alignment>
         <input_file_ref idref="fl-1"/>
      </object_component>
      <object_component id="oc-66">
         <name>.text.Encoder_Record_Pulse</name>
         <load_address>0x4050</load_address>
         <readonly>true</readonly>
         <executable>true</executable>
         <run_address>0x4050</run_address>
         <size>0x38</size>
         <alignment>0x4</alignment>
         <input_file_ref idref="fl-a"/>
      </object_component>
      <object_component id="oc-191">
         <name>.text.chassis_straight_speed</name>
         <load_address>0x4088</load_address>
         <readonly>true</readonly>
         <executable>true</executable>
         <run_address>0x4088</run_address>
         <size>0x38</size>
         <alignment>0x4</alignment>
         <input_file_ref idref="fl-1"/>
      </object_component>
      <object_component id="oc-23d">
         <name>.text.chassis_limit32</name>
         <load_address>0x40c0</load_address>
         <readonly>true</readonly>
         <executable>true</executable>
         <run_address>0x40c0</run_address>
         <size>0x36</size>
         <alignment>0x2</alignment>
         <input_file_ref idref="fl-1"/>
      </object_component>
      <object_component id="oc-11f">
         <name>.text.SYSCFG_DL_MOTOR_PID_init</name>
         <load_address>0x40f8</load_address>
         <readonly>true</readonly>
         <executable>true</executable>
         <run_address>0x40f8</run_address>
         <size>0x34</size>
         <alignment>0x4</alignment>
         <input_file_ref idref="fl-2"/>
      </object_component>
      <object_component id="oc-169">
         <name>.text.chassis_brake</name>
         <load_address>0x412c</load_address>
         <readonly>true</readonly>
         <executable>true</executable>
         <run_address>0x412c</run_address>
         <size>0x34</size>
         <alignment>0x4</alignment>
         <input_file_ref idref="fl-1"/>
      </object_component>
      <object_component id="oc-144">
         <name>.text.motor_get_actual_mmps_x10</name>
         <load_address>0x4160</load_address>
         <readonly>true</readonly>
         <executable>true</executable>
         <run_address>0x4160</run_address>
         <size>0x34</size>
         <alignment>0x4</alignment>
         <input_file_ref idref="fl-b"/>
      </object_component>
      <object_component id="oc-142">
         <name>.text.motor_get_target_mmps_x10</name>
         <load_address>0x4194</load_address>
         <readonly>true</readonly>
         <executable>true</executable>
         <run_address>0x4194</run_address>
         <size>0x34</size>
         <alignment>0x4</alignment>
         <input_file_ref idref="fl-b"/>
      </object_component>
      <object_component id="oc-23a">
         <name>.text.Encoder_Get_Total_Count</name>
         <load_address>0x41c8</load_address>
         <readonly>true</readonly>
         <executable>true</executable>
         <run_address>0x41c8</run_address>
         <size>0x30</size>
         <alignment>0x4</alignment>
         <input_file_ref idref="fl-a"/>
      </object_component>
      <object_component id="oc-225">
         <name>.text.OLED_Pow</name>
         <load_address>0x41f8</load_address>
         <readonly>true</readonly>
         <executable>true</executable>
         <run_address>0x41f8</run_address>
         <size>0x30</size>
         <alignment>0x2</alignment>
         <input_file_ref idref="fl-c"/>
      </object_component>
      <object_component id="oc-bc">
         <name>.text.SYSCFG_DL_init</name>
         <load_address>0x4228</load_address>
         <readonly>true</readonly>
         <executable>true</executable>
         <run_address>0x4228</run_address>
         <size>0x30</size>
         <alignment>0x4</alignment>
         <input_file_ref idref="fl-2"/>
      </object_component>
      <object_component id="oc-280">
         <name>.text.ms6dsv_i2c_start</name>
         <load_address>0x4258</load_address>
         <readonly>true</readonly>
         <executable>true</executable>
         <run_address>0x4258</run_address>
         <size>0x30</size>
         <alignment>0x2</alignment>
         <input_file_ref idref="fl-8"/>
      </object_component>
      <object_component id="oc-272">
         <name>.text.OLED_RecoverI2C</name>
         <load_address>0x4288</load_address>
         <readonly>true</readonly>
         <executable>true</executable>
         <run_address>0x4288</run_address>
         <size>0x2c</size>
         <alignment>0x4</alignment>
         <input_file_ref idref="fl-c"/>
      </object_component>
      <object_component id="oc-c2">
         <name>.text.__NVIC_ClearPendingIRQ</name>
         <load_address>0x42b4</load_address>
         <readonly>true</readonly>
         <executable>true</executable>
         <run_address>0x42b4</run_address>
         <size>0x2c</size>
         <alignment>0x4</alignment>
         <input_file_ref idref="fl-7"/>
      </object_component>
      <object_component id="oc-c3">
         <name>.text.__NVIC_EnableIRQ</name>
         <load_address>0x42e0</load_address>
         <readonly>true</readonly>
         <executable>true</executable>
         <run_address>0x42e0</run_address>
         <size>0x2c</size>
         <alignment>0x4</alignment>
         <input_file_ref idref="fl-7"/>
      </object_component>
      <object_component id="oc-a1">
         <name>.text.motor_max_duty_for_target</name>
         <load_address>0x430c</load_address>
         <readonly>true</readonly>
         <executable>true</executable>
         <run_address>0x430c</run_address>
         <size>0x2c</size>
         <alignment>0x2</alignment>
         <input_file_ref idref="fl-b"/>
      </object_component>
      <object_component id="oc-1a1">
         <name>.text.ChassisController_GetDistanceMm</name>
         <load_address>0x4338</load_address>
         <readonly>true</readonly>
         <executable>true</executable>
         <run_address>0x4338</run_address>
         <size>0x28</size>
         <alignment>0x4</alignment>
         <input_file_ref idref="fl-1"/>
      </object_component>
      <object_component id="oc-271">
         <name>.text.DL_Common_updateReg</name>
         <load_address>0x4360</load_address>
         <readonly>true</readonly>
         <executable>true</executable>
         <run_address>0x4360</run_address>
         <size>0x28</size>
         <alignment>0x2</alignment>
         <input_file_ref idref="fl-c"/>
      </object_component>
      <object_component id="oc-25f">
         <name>.text.DL_Common_updateReg</name>
         <load_address>0x4388</load_address>
         <readonly>true</readonly>
         <executable>true</executable>
         <run_address>0x4388</run_address>
         <size>0x28</size>
         <alignment>0x2</alignment>
         <input_file_ref idref="fl-2"/>
      </object_component>
      <object_component id="oc-208">
         <name>.text.DL_I2C_setControllerRXFIFOThreshold</name>
         <load_address>0x43b0</load_address>
         <readonly>true</readonly>
         <executable>true</executable>
         <run_address>0x43b0</run_address>
         <size>0x28</size>
         <alignment>0x4</alignment>
         <input_file_ref idref="fl-2"/>
      </object_component>
      <object_component id="oc-207">
         <name>.text.DL_I2C_setControllerTXFIFOThreshold</name>
         <load_address>0x43d8</load_address>
         <readonly>true</readonly>
         <executable>true</executable>
         <run_address>0x43d8</run_address>
         <size>0x28</size>
         <alignment>0x4</alignment>
         <input_file_ref idref="fl-2"/>
      </object_component>
      <object_component id="oc-195">
         <name>.text.chassis_cd_straight_distance_mm</name>
         <load_address>0x4400</load_address>
         <readonly>true</readonly>
         <executable>true</executable>
         <run_address>0x4400</run_address>
         <size>0x28</size>
         <alignment>0x4</alignment>
         <input_file_ref idref="fl-1"/>
      </object_component>
      <object_component id="oc-197">
         <name>.text.chassis_lap_length_mm</name>
         <load_address>0x4428</load_address>
         <readonly>true</readonly>
         <executable>true</executable>
         <run_address>0x4428</run_address>
         <size>0x28</size>
         <alignment>0x4</alignment>
         <input_file_ref idref="fl-1"/>
      </object_component>
      <object_component id="oc-ab">
         <name>.text.limit_duty</name>
         <load_address>0x4450</load_address>
         <readonly>true</readonly>
         <executable>true</executable>
         <run_address>0x4450</run_address>
         <size>0x28</size>
         <alignment>0x4</alignment>
         <input_file_ref idref="fl-b"/>
      </object_component>
      <object_component id="oc-98">
         <name>.text.motor_calculate_rpm_x10</name>
         <load_address>0x4478</load_address>
         <readonly>true</readonly>
         <executable>true</executable>
         <run_address>0x4478</run_address>
         <size>0x28</size>
         <alignment>0x4</alignment>
         <input_file_ref idref="fl-b"/>
      </object_component>
      <object_component id="oc-27e">
         <name>.text.ms6dsv_i2c_stop</name>
         <load_address>0x44a0</load_address>
         <readonly>true</readonly>
         <executable>true</executable>
         <run_address>0x44a0</run_address>
         <size>0x28</size>
         <alignment>0x2</alignment>
         <input_file_ref idref="fl-8"/>
      </object_component>
      <object_component id="oc-199">
         <name>.text.telemetry_put_u16</name>
         <load_address>0x44c8</load_address>
         <readonly>true</readonly>
         <executable>true</executable>
         <run_address>0x44c8</run_address>
         <size>0x28</size>
         <alignment>0x4</alignment>
         <input_file_ref idref="fl-7"/>
      </object_component>
      <object_component id="oc-5b">
         <name>.text:_c_int00_noargs</name>
         <load_address>0x44f0</load_address>
         <readonly>true</readonly>
         <executable>true</executable>
         <run_address>0x44f0</run_address>
         <size>0x28</size>
         <alignment>0x4</alignment>
         <input_file_ref idref="fl-36"/>
      </object_component>
      <object_component id="oc-202">
         <name>.text.DL_I2C_setAnalogGlitchFilterPulseWidth</name>
         <load_address>0x4518</load_address>
         <readonly>true</readonly>
         <executable>true</executable>
         <run_address>0x4518</run_address>
         <size>0x26</size>
         <alignment>0x2</alignment>
         <input_file_ref idref="fl-2"/>
      </object_component>
      <object_component id="oc-201">
         <name>.text.DL_I2C_setClockConfig</name>
         <load_address>0x453e</load_address>
         <readonly>true</readonly>
         <executable>true</executable>
         <run_address>0x453e</run_address>
         <size>0x26</size>
         <alignment>0x2</alignment>
         <input_file_ref idref="fl-1c"/>
      </object_component>
      <object_component id="oc-188">
         <name>.text.ATK_MS6DSV_GetRawData</name>
         <load_address>0x4564</load_address>
         <readonly>true</readonly>
         <executable>true</executable>
         <run_address>0x4564</run_address>
         <size>0x24</size>
         <alignment>0x4</alignment>
         <input_file_ref idref="fl-8"/>
      </object_component>
      <object_component id="oc-204">
         <name>.text.DL_I2C_setDigitalGlitchFilterPulseWidth</name>
         <load_address>0x4588</load_address>
         <readonly>true</readonly>
         <executable>true</executable>
         <run_address>0x4588</run_address>
         <size>0x24</size>
         <alignment>0x2</alignment>
         <input_file_ref idref="fl-2"/>
      </object_component>
      <object_component id="oc-cc">
         <name>.text.Encoder_Init</name>
         <load_address>0x45ac</load_address>
         <readonly>true</readonly>
         <executable>true</executable>
         <run_address>0x45ac</run_address>
         <size>0x24</size>
         <alignment>0x4</alignment>
         <input_file_ref idref="fl-a"/>
      </object_component>
      <object_component id="oc-267">
         <name>.text.__floatunsidf</name>
         <load_address>0x45d0</load_address>
         <readonly>true</readonly>
         <executable>true</executable>
         <run_address>0x45d0</run_address>
         <size>0x24</size>
         <alignment>0x4</alignment>
         <input_file_ref idref="fl-e4"/>
      </object_component>
      <object_component id="oc-99">
         <name>.text.__muldi3</name>
         <load_address>0x45f4</load_address>
         <readonly>true</readonly>
         <executable>true</executable>
         <run_address>0x45f4</run_address>
         <size>0x24</size>
         <alignment>0x4</alignment>
         <input_file_ref idref="fl-e5"/>
      </object_component>
      <object_component id="oc-284">
         <name>.text.chassis_accel_mmps2</name>
         <load_address>0x4618</load_address>
         <readonly>true</readonly>
         <executable>true</executable>
         <run_address>0x4618</run_address>
         <size>0x24</size>
         <alignment>0x4</alignment>
         <input_file_ref idref="fl-1"/>
      </object_component>
      <object_component id="oc-285">
         <name>.text.chassis_decel_mmps2</name>
         <load_address>0x463c</load_address>
         <readonly>true</readonly>
         <executable>true</executable>
         <run_address>0x463c</run_address>
         <size>0x24</size>
         <alignment>0x4</alignment>
         <input_file_ref idref="fl-1"/>
      </object_component>
      <object_component id="oc-193">
         <name>.text.chassis_set_state</name>
         <load_address>0x4660</load_address>
         <readonly>true</readonly>
         <executable>true</executable>
         <run_address>0x4660</run_address>
         <size>0x24</size>
         <alignment>0x4</alignment>
         <input_file_ref idref="fl-1"/>
      </object_component>
      <object_component id="oc-143">
         <name>.text.display_speed_mmps</name>
         <load_address>0x4684</load_address>
         <readonly>true</readonly>
         <executable>true</executable>
         <run_address>0x4684</run_address>
         <size>0x22</size>
         <alignment>0x2</alignment>
         <input_file_ref idref="fl-7"/>
      </object_component>
      <object_component id="oc-1db">
         <name>.text.DL_GPIO_initPeripheralInputFunction</name>
         <load_address>0x46a8</load_address>
         <readonly>true</readonly>
         <executable>true</executable>
         <run_address>0x46a8</run_address>
         <size>0x20</size>
         <alignment>0x4</alignment>
         <input_file_ref idref="fl-2"/>
      </object_component>
      <object_component id="oc-1e3">
         <name>.text.DL_SYSCTL_setFlashWaitState</name>
         <load_address>0x46c8</load_address>
         <readonly>true</readonly>
         <executable>true</executable>
         <run_address>0x46c8</run_address>
         <size>0x20</size>
         <alignment>0x4</alignment>
         <input_file_ref idref="fl-2"/>
      </object_component>
      <object_component id="oc-240">
         <name>.text.chassis_abs32</name>
         <load_address>0x46e8</load_address>
         <readonly>true</readonly>
         <executable>true</executable>
         <run_address>0x46e8</run_address>
         <size>0x20</size>
         <alignment>0x2</alignment>
         <input_file_ref idref="fl-1"/>
      </object_component>
      <object_component id="oc-18f">
         <name>.text.chassis_begin_stop</name>
         <load_address>0x4708</load_address>
         <readonly>true</readonly>
         <executable>true</executable>
         <run_address>0x4708</run_address>
         <size>0x20</size>
         <alignment>0x4</alignment>
         <input_file_ref idref="fl-1"/>
      </object_component>
      <object_component id="oc-13b">
         <name>.text.display_clear_row</name>
         <load_address>0x4728</load_address>
         <readonly>true</readonly>
         <executable>true</executable>
         <run_address>0x4728</run_address>
         <size>0x20</size>
         <alignment>0x4</alignment>
         <input_file_ref idref="fl-7"/>
      </object_component>
      <object_component id="oc-27f">
         <name>.text.ms6dsv_read_sda</name>
         <load_address>0x4748</load_address>
         <readonly>true</readonly>
         <executable>true</executable>
         <run_address>0x4748</run_address>
         <size>0x20</size>
         <alignment>0x4</alignment>
         <input_file_ref idref="fl-8"/>
      </object_component>
      <object_component id="oc-214">
         <name>.text.DL_UART_setOversampling</name>
         <load_address>0x4768</load_address>
         <readonly>true</readonly>
         <executable>true</executable>
         <run_address>0x4768</run_address>
         <size>0x1e</size>
         <alignment>0x2</alignment>
         <input_file_ref idref="fl-2"/>
      </object_component>
      <object_component id="oc-257">
         <name>.text.__ashldi3</name>
         <load_address>0x4788</load_address>
         <readonly>true</readonly>
         <executable>true</executable>
         <run_address>0x4788</run_address>
         <size>0x1e</size>
         <alignment>0x4</alignment>
         <input_file_ref idref="fl-f1"/>
      </object_component>
      <object_component id="oc-6b">
         <name>.text.DL_GPIO_clearInterruptStatus</name>
         <load_address>0x47a8</load_address>
         <readonly>true</readonly>
         <executable>true</executable>
         <run_address>0x47a8</run_address>
         <size>0x1c</size>
         <alignment>0x4</alignment>
         <input_file_ref idref="fl-7"/>
      </object_component>
      <object_component id="oc-1e0">
         <name>.text.DL_GPIO_clearInterruptStatus</name>
         <load_address>0x47c4</load_address>
         <readonly>true</readonly>
         <executable>true</executable>
         <run_address>0x47c4</run_address>
         <size>0x1c</size>
         <alignment>0x4</alignment>
         <input_file_ref idref="fl-2"/>
      </object_component>
      <object_component id="oc-1da">
         <name>.text.DL_GPIO_enableHiZ</name>
         <load_address>0x47e0</load_address>
         <readonly>true</readonly>
         <executable>true</executable>
         <run_address>0x47e0</run_address>
         <size>0x1c</size>
         <alignment>0x4</alignment>
         <input_file_ref idref="fl-2"/>
      </object_component>
      <object_component id="oc-1e1">
         <name>.text.DL_GPIO_enableInterrupt</name>
         <load_address>0x47fc</load_address>
         <readonly>true</readonly>
         <executable>true</executable>
         <run_address>0x47fc</run_address>
         <size>0x1c</size>
         <alignment>0x4</alignment>
         <input_file_ref idref="fl-2"/>
      </object_component>
      <object_component id="oc-1d7">
         <name>.text.DL_GPIO_initPeripheralOutputFunction</name>
         <load_address>0x4818</load_address>
         <readonly>true</readonly>
         <executable>true</executable>
         <run_address>0x4818</run_address>
         <size>0x1c</size>
         <alignment>0x4</alignment>
         <input_file_ref idref="fl-2"/>
      </object_component>
      <object_component id="oc-1df">
         <name>.text.DL_GPIO_setLowerPinsPolarity</name>
         <load_address>0x4834</load_address>
         <readonly>true</readonly>
         <executable>true</executable>
         <run_address>0x4834</run_address>
         <size>0x1c</size>
         <alignment>0x4</alignment>
         <input_file_ref idref="fl-2"/>
      </object_component>
      <object_component id="oc-263">
         <name>.text.DL_SYSCTL_configFCC</name>
         <load_address>0x4850</load_address>
         <readonly>true</readonly>
         <executable>true</executable>
         <run_address>0x4850</run_address>
         <size>0x1c</size>
         <alignment>0x4</alignment>
         <input_file_ref idref="fl-1f"/>
      </object_component>
      <object_component id="oc-262">
         <name>.text.DL_SYSCTL_setFCCPeriods</name>
         <load_address>0x486c</load_address>
         <readonly>true</readonly>
         <executable>true</executable>
         <run_address>0x486c</run_address>
         <size>0x1c</size>
         <alignment>0x4</alignment>
         <input_file_ref idref="fl-2"/>
      </object_component>
      <object_component id="oc-1e4">
         <name>.text.DL_SYSCTL_setSYSOSCFreq</name>
         <load_address>0x4888</load_address>
         <readonly>true</readonly>
         <executable>true</executable>
         <run_address>0x4888</run_address>
         <size>0x1c</size>
         <alignment>0x4</alignment>
         <input_file_ref idref="fl-2"/>
      </object_component>
      <object_component id="oc-1f1">
         <name>.text.DL_SYSCTL_setULPCLKDivider</name>
         <load_address>0x48a4</load_address>
         <readonly>true</readonly>
         <executable>true</executable>
         <run_address>0x48a4</run_address>
         <size>0x1c</size>
         <alignment>0x4</alignment>
         <input_file_ref idref="fl-2"/>
      </object_component>
      <object_component id="oc-1fe">
         <name>.text.DL_Timer_enableInterrupt</name>
         <load_address>0x48c0</load_address>
         <readonly>true</readonly>
         <executable>true</executable>
         <run_address>0x48c0</run_address>
         <size>0x1c</size>
         <alignment>0x4</alignment>
         <input_file_ref idref="fl-2"/>
      </object_component>
      <object_component id="oc-1f8">
         <name>.text.DL_Timer_setCaptCompUpdateMethod</name>
         <load_address>0x48dc</load_address>
         <readonly>true</readonly>
         <executable>true</executable>
         <run_address>0x48dc</run_address>
         <size>0x1c</size>
         <alignment>0x4</alignment>
         <input_file_ref idref="fl-1d"/>
      </object_component>
      <object_component id="oc-1f4">
         <name>.text.DL_Timer_setClockConfig</name>
         <load_address>0x48f8</load_address>
         <readonly>true</readonly>
         <executable>true</executable>
         <run_address>0x48f8</run_address>
         <size>0x1c</size>
         <alignment>0x4</alignment>
         <input_file_ref idref="fl-1d"/>
      </object_component>
      <object_component id="oc-93">
         <name>.text.DL_UART_disableInterrupt</name>
         <load_address>0x4914</load_address>
         <readonly>true</readonly>
         <executable>true</executable>
         <run_address>0x4914</run_address>
         <size>0x1c</size>
         <alignment>0x4</alignment>
         <input_file_ref idref="fl-7"/>
      </object_component>
      <object_component id="oc-1a3">
         <name>.text.DL_UART_enableInterrupt</name>
         <load_address>0x4930</load_address>
         <readonly>true</readonly>
         <executable>true</executable>
         <run_address>0x4930</run_address>
         <size>0x1c</size>
         <alignment>0x4</alignment>
         <input_file_ref idref="fl-7"/>
      </object_component>
      <object_component id="oc-3a">
         <name>.text.UART0_IRQHandler</name>
         <load_address>0x494c</load_address>
         <readonly>true</readonly>
         <executable>true</executable>
         <run_address>0x494c</run_address>
         <size>0x1c</size>
         <alignment>0x4</alignment>
         <input_file_ref idref="fl-7"/>
      </object_component>
      <object_component id="oc-127">
         <name>.text.delay_ms</name>
         <load_address>0x4968</load_address>
         <readonly>true</readonly>
         <executable>true</executable>
         <run_address>0x4968</run_address>
         <size>0x1c</size>
         <alignment>0x4</alignment>
         <input_file_ref idref="fl-9"/>
      </object_component>
      <object_component id="oc-294">
         <name>.text.DL_GPIO_enableOutput</name>
         <load_address>0x4984</load_address>
         <readonly>true</readonly>
         <executable>true</executable>
         <run_address>0x4984</run_address>
         <size>0x18</size>
         <alignment>0x4</alignment>
         <input_file_ref idref="fl-8"/>
      </object_component>
      <object_component id="oc-1d8">
         <name>.text.DL_GPIO_enableOutput</name>
         <load_address>0x499c</load_address>
         <readonly>true</readonly>
         <executable>true</executable>
         <run_address>0x499c</run_address>
         <size>0x18</size>
         <alignment>0x4</alignment>
         <input_file_ref idref="fl-2"/>
      </object_component>
      <object_component id="oc-1ce">
         <name>.text.DL_GPIO_enablePower</name>
         <load_address>0x49b4</load_address>
         <readonly>true</readonly>
         <executable>true</executable>
         <run_address>0x49b4</run_address>
         <size>0x18</size>
         <alignment>0x4</alignment>
         <input_file_ref idref="fl-2"/>
      </object_component>
      <object_component id="oc-65">
         <name>.text.DL_GPIO_getEnabledInterruptStatus</name>
         <load_address>0x49cc</load_address>
         <readonly>true</readonly>
         <executable>true</executable>
         <run_address>0x49cc</run_address>
         <size>0x18</size>
         <alignment>0x4</alignment>
         <input_file_ref idref="fl-7"/>
      </object_component>
      <object_component id="oc-1dc">
         <name>.text.DL_GPIO_initDigitalOutput</name>
         <load_address>0x49e4</load_address>
         <readonly>true</readonly>
         <executable>true</executable>
         <run_address>0x49e4</run_address>
         <size>0x18</size>
         <alignment>0x4</alignment>
         <input_file_ref idref="fl-2"/>
      </object_component>
      <object_component id="oc-1d6">
         <name>.text.DL_GPIO_initPeripheralAnalogFunction</name>
         <load_address>0x49fc</load_address>
         <readonly>true</readonly>
         <executable>true</executable>
         <run_address>0x49fc</run_address>
         <size>0x18</size>
         <alignment>0x4</alignment>
         <input_file_ref idref="fl-2"/>
      </object_component>
      <object_component id="oc-1ca">
         <name>.text.DL_GPIO_reset</name>
         <load_address>0x4a14</load_address>
         <readonly>true</readonly>
         <executable>true</executable>
         <run_address>0x4a14</run_address>
         <size>0x18</size>
         <alignment>0x4</alignment>
         <input_file_ref idref="fl-2"/>
      </object_component>
      <object_component id="oc-15e">
         <name>.text.DL_GPIO_setPins</name>
         <load_address>0x4a2c</load_address>
         <readonly>true</readonly>
         <executable>true</executable>
         <run_address>0x4a2c</run_address>
         <size>0x18</size>
         <alignment>0x4</alignment>
         <input_file_ref idref="fl-b"/>
      </object_component>
      <object_component id="oc-278">
         <name>.text.DL_I2C_disableController</name>
         <load_address>0x4a44</load_address>
         <readonly>true</readonly>
         <executable>true</executable>
[...]
         <value>0x12c9</value>
         <object_component_ref idref="oc-dd"/>
      </symbol>
      <symbol id="sm-218">
         <name>ImuHeading_ResetAngle</name>
         <value>0x4f01</value>
         <object_component_ref idref="oc-23b"/>
      </symbol>
      <symbol id="sm-219">
         <name>ImuHeading_IsReady</name>
         <value>0x4ef5</value>
         <object_component_ref idref="oc-13a"/>
      </symbol>
      <symbol id="sm-21a">
         <name>ImuHeading_IsOnline</name>
         <value>0x4f37</value>
         <object_component_ref idref="oc-248"/>
      </symbol>
      <symbol id="sm-21b">
         <name>ImuHeading_GetAngleMdeg</name>
         <value>0x4edd</value>
         <object_component_ref idref="oc-139"/>
      </symbol>
      <symbol id="sm-21c">
         <name>ImuHeading_GetRateMdps</name>
         <value>0x4ee9</value>
         <object_component_ref idref="oc-1a0"/>
      </symbol>
      <symbol id="sm-21d">
         <name>ImuHeading_GetAccelXMg</name>
         <value>0x4eb9</value>
         <object_component_ref idref="oc-19d"/>
      </symbol>
      <symbol id="sm-21e">
         <name>ImuHeading_GetAccelYMg</name>
         <value>0x4ec5</value>
         <object_component_ref idref="oc-19e"/>
      </symbol>
      <symbol id="sm-21f">
         <name>ImuHeading_GetAccelZMg</name>
         <value>0x4ed1</value>
         <object_component_ref idref="oc-19f"/>
      </symbol>
      <symbol id="sm-22e">
         <name>Infrared_Init</name>
         <value>0x2497</value>
         <object_component_ref idref="oc-161"/>
      </symbol>
      <symbol id="sm-22f">
         <name>Infrared_Read</name>
         <value>0x2c75</value>
         <object_component_ref idref="oc-18d"/>
      </symbol>
      <symbol id="sm-240">
         <name>LineSensor_Init</name>
         <value>0x4d55</value>
         <object_component_ref idref="oc-cd"/>
      </symbol>
      <symbol id="sm-241">
         <name>LineSensor_Read</name>
         <value>0x17a5</value>
         <object_component_ref idref="oc-df"/>
      </symbol>
      <symbol id="sm-2f6">
         <name>SysTick_Handler</name>
         <value>0x4e41</value>
         <object_component_ref idref="oc-34"/>
      </symbol>
      <symbol id="sm-2f7">
         <name>GROUP1_IRQHandler</name>
         <value>0x3b9d</value>
         <object_component_ref idref="oc-39"/>
      </symbol>
      <symbol id="sm-2f8">
         <name>UART0_IRQHandler</name>
         <value>0x494d</value>
         <object_component_ref idref="oc-3a"/>
      </symbol>
      <symbol id="sm-2f9">
         <name>main</name>
         <value>0x1675</value>
         <object_component_ref idref="oc-82"/>
      </symbol>
      <symbol id="sm-364">
         <name>ATK_MS6DSV_Init</name>
         <value>0xbed</value>
         <object_component_ref idref="oc-17a"/>
      </symbol>
      <symbol id="sm-365">
         <name>ATK_MS6DSV_Update</name>
         <value>0x1da5</value>
         <object_component_ref idref="oc-187"/>
      </symbol>
      <symbol id="sm-366">
         <name>ATK_MS6DSV_GetRawData</name>
         <value>0x4565</value>
         <object_component_ref idref="oc-188"/>
      </symbol>
      <symbol id="sm-367">
         <name>ATK_MS6DSV_IsOnline</name>
         <value>0x4e7d</value>
         <object_component_ref idref="oc-287"/>
      </symbol>
      <symbol id="sm-368">
         <name>ATK_MS6DSV_GetStatus</name>
         <value>0x4e71</value>
         <object_component_ref idref="oc-146"/>
      </symbol>
      <symbol id="sm-369">
         <name>ATK_MS6DSV_AccelRawToUg</name>
         <value>0x4c63</value>
         <object_component_ref idref="oc-189"/>
      </symbol>
      <symbol id="sm-372">
         <name>delay_ms</name>
         <value>0x4969</value>
         <object_component_ref idref="oc-127"/>
      </symbol>
      <symbol id="sm-38b">
         <name>Encoder_Init</name>
         <value>0x45ad</value>
         <object_component_ref idref="oc-cc"/>
      </symbol>
      <symbol id="sm-38c">
         <name>Encoder_Record_Pulse</name>
         <value>0x4051</value>
         <object_component_ref idref="oc-66"/>
      </symbol>
      <symbol id="sm-38d">
         <name>Encoder_Get_Count</name>
         <value>0x3a71</value>
         <object_component_ref idref="oc-6f"/>
      </symbol>
      <symbol id="sm-38e">
         <name>Encoder_Get_Total_Count</name>
         <value>0x41c9</value>
         <object_component_ref idref="oc-23a"/>
      </symbol>
      <symbol id="sm-3e0">
         <name>motor_init</name>
         <value>0x2785</value>
         <object_component_ref idref="oc-cb"/>
      </symbol>
      <symbol id="sm-3e1">
         <name>motor_set_duty</name>
         <value>0x3b09</value>
         <object_component_ref idref="oc-71"/>
      </symbol>
      <symbol id="sm-3e2">
         <name>motor_set_direction</name>
         <value>0x1f75</value>
         <object_component_ref idref="oc-160"/>
      </symbol>
      <symbol id="sm-3e3">
         <name>motor_stop</name>
         <value>0x2b4d</value>
         <object_component_ref idref="oc-22e"/>
      </symbol>
      <symbol id="sm-3e4">
         <name>motor_drive_mmps</name>
         <value>0x1cb9</value>
         <object_component_ref idref="oc-247"/>
      </symbol>
      <symbol id="sm-3e5">
         <name>motor_get_target_rpm_x10</name>
         <value>0x3ef1</value>
         <object_component_ref idref="oc-226"/>
      </symbol>
      <symbol id="sm-3e6">
         <name>motor_get_actual_rpm_x10</name>
         <value>0x3d79</value>
         <object_component_ref idref="oc-227"/>
      </symbol>
      <symbol id="sm-3e7">
         <name>motor_get_target_mmps_x10</name>
         <value>0x4195</value>
         <object_component_ref idref="oc-142"/>
      </symbol>
      <symbol id="sm-3e8">
         <name>motor_get_actual_mmps_x10</name>
         <value>0x4161</value>
         <object_component_ref idref="oc-144"/>
      </symbol>
      <symbol id="sm-3e9">
         <name>TIMA0_IRQHandler</name>
         <value>0x3091</value>
         <object_component_ref idref="oc-3b"/>
      </symbol>
      <symbol id="sm-429">
         <name>OLED_WR_Byte</name>
         <value>0x1411</value>
         <object_component_ref idref="oc-132"/>
      </symbol>
      <symbol id="sm-42a">
         <name>OLED_RefreshPage</name>
         <value>0x2565</value>
         <object_component_ref idref="oc-1aa"/>
      </symbol>
      <symbol id="sm-42b">
         <name>OLED_GRAM</name>
         <value>0x20200000</value>
      </symbol>
      <symbol id="sm-42c">
         <name>OLED_Refresh</name>
         <value>0x31ed</value>
         <object_component_ref idref="oc-220"/>
      </symbol>
      <symbol id="sm-42d">
         <name>OLED_Clear</name>
         <value>0x34b9</value>
         <object_component_ref idref="oc-133"/>
      </symbol>
      <symbol id="sm-42e">
         <name>OLED_DrawPoint</name>
         <value>0x3be5</value>
         <object_component_ref idref="oc-273"/>
      </symbol>
      <symbol id="sm-42f">
         <name>OLED_ClearPoint</name>
         <value>0x338d</value>
         <object_component_ref idref="oc-274"/>
      </symbol>
      <symbol id="sm-430">
         <name>OLED_ShowChar</name>
         <value>0x1171</value>
         <object_component_ref idref="oc-223"/>
      </symbol>
      <symbol id="sm-431">
         <name>asc2_2412</name>
         <value>0x4f70</value>
         <object_component_ref idref="oc-275"/>
      </symbol>
      <symbol id="sm-432">
         <name>asc2_1608</name>
         <value>0x5ccc</value>
         <object_component_ref idref="oc-276"/>
      </symbol>
      <symbol id="sm-433">
         <name>asc2_1206</name>
         <value>0x62bc</value>
         <object_component_ref idref="oc-277"/>
      </symbol>
      <symbol id="sm-434">
         <name>OLED_ShowString</name>
         <value>0x2983</value>
         <object_component_ref idref="oc-13c"/>
      </symbol>
      <symbol id="sm-435">
         <name>OLED_Pow</name>
         <value>0x41f9</value>
         <object_component_ref idref="oc-225"/>
      </symbol>
      <symbol id="sm-436">
         <name>OLED_ShowNum</name>
         <value>0x2835</value>
         <object_component_ref idref="oc-13f"/>
      </symbol>
      <symbol id="sm-437">
         <name>OLED_Init</name>
         <value>0x26d5</value>
         <object_component_ref idref="oc-c4"/>
      </symbol>
      <symbol id="sm-439">
         <name>__TI_ATRegion0_src_addr</name>
         <value>0x0</value>
      </symbol>
      <symbol id="sm-43a">
         <name>__TI_ATRegion0_trg_addr</name>
         <value>0x0</value>
      </symbol>
      <symbol id="sm-43b">
         <name>__TI_ATRegion0_region_sz</name>
         <value>0x0</value>
      </symbol>
      <symbol id="sm-43c">
         <name>__TI_ATRegion1_src_addr</name>
         <value>0x0</value>
      </symbol>
      <symbol id="sm-43d">
         <name>__TI_ATRegion1_trg_addr</name>
         <value>0x0</value>
      </symbol>
      <symbol id="sm-43e">
         <name>__TI_ATRegion1_region_sz</name>
         <value>0x0</value>
      </symbol>
      <symbol id="sm-43f">
         <name>__TI_ATRegion2_src_addr</name>
         <value>0x0</value>
      </symbol>
      <symbol id="sm-440">
         <name>__TI_ATRegion2_trg_addr</name>
         <value>0x0</value>
      </symbol>
      <symbol id="sm-441">
         <name>__TI_ATRegion2_region_sz</name>
         <value>0x0</value>
      </symbol>
      <symbol id="sm-44a">
         <name>DL_Common_delayCycles</name>
         <value>0x4f19</value>
         <object_component_ref idref="oc-1d2"/>
      </symbol>
      <symbol id="sm-459">
         <name>DL_I2C_setClockConfig</name>
         <value>0x453f</value>
         <object_component_ref idref="oc-201"/>
      </symbol>
      <symbol id="sm-45a">
         <name>DL_I2C_fillControllerTXFIFO</name>
         <value>0x3639</value>
         <object_component_ref idref="oc-21e"/>
      </symbol>
      <symbol id="sm-45b">
         <name>DL_I2C_flushControllerTXFIFO</name>
         <value>0x3e79</value>
         <object_component_ref idref="oc-12c"/>
      </symbol>
      <symbol id="sm-477">
         <name>DL_Timer_setClockConfig</name>
         <value>0x48f9</value>
         <object_component_ref idref="oc-1f4"/>
      </symbol>
      <symbol id="sm-478">
         <name>DL_Timer_initTimerMode</name>
         <value>0x1bbd</value>
         <object_component_ref idref="oc-1fd"/>
      </symbol>
      <symbol id="sm-479">
         <name>DL_Timer_setCaptureCompareValue</name>
         <value>0x4e31</value>
         <object_component_ref idref="oc-ac"/>
      </symbol>
      <symbol id="sm-47a">
         <name>DL_Timer_setCaptCompUpdateMethod</name>
         <value>0x48dd</value>
         <object_component_ref idref="oc-1f8"/>
      </symbol>
      <symbol id="sm-47b">
         <name>DL_Timer_setCaptureCompareOutCtl</name>
         <value>0x4b35</value>
         <object_component_ref idref="oc-1f7"/>
      </symbol>
      <symbol id="sm-47c">
         <name>DL_Timer_initFourCCPWMMode</name>
         <value>0x18b5</value>
         <object_component_ref idref="oc-1f5"/>
      </symbol>
      <symbol id="sm-489">
         <name>DL_UART_init</name>
         <value>0x3b55</value>
         <object_component_ref idref="oc-213"/>
      </symbol>
      <symbol id="sm-48a">
         <name>DL_UART_setClockConfig</name>
         <value>0x4dc9</value>
         <object_component_ref idref="oc-20d"/>
      </symbol>
      <symbol id="sm-49e">
         <name>DL_SYSCTL_configSYSPLL</name>
         <value>0x213d</value>
         <object_component_ref idref="oc-1ed"/>
      </symbol>
      <symbol id="sm-49f">
         <name>DL_SYSCTL_switchMCLKfromSYSOSCtoHSCLK</name>
         <value>0x3c75</value>
         <object_component_ref idref="oc-1f2"/>
      </symbol>
      <symbol id="sm-4a0">
         <name>DL_SYSCTL_setHFCLKSourceHFXTParams</name>
         <value>0x32c5</value>
         <object_component_ref idref="oc-1e7"/>
      </symbol>
      <symbol id="sm-4a1">
         <name>DL_SYSCTL_configFCC</name>
         <value>0x4851</value>
         <object_component_ref idref="oc-263"/>
      </symbol>
      <symbol id="sm-4ac">
         <name>_c_int00_noargs</name>
         <value>0x44f1</value>
         <object_component_ref idref="oc-5b"/>
      </symbol>
      <symbol id="sm-4ad">
         <name>__stack</name>
         <value>0x20207e00</value>
         <object_component_ref idref="oc-1a"/>
      </symbol>
      <symbol id="sm-4bc">
         <name>__TI_auto_init_nobinit_nopinit</name>
         <value>0x3f69</value>
         <object_component_ref idref="oc-ec"/>
      </symbol>
      <symbol id="sm-4c4">
         <name>_system_pre_init</name>
         <value>0x4f6d</value>
         <object_component_ref idref="oc-7e"/>
      </symbol>
      <symbol id="sm-4cf">
         <name>__TI_zero_init</name>
         <value>0x4e51</value>
         <object_component_ref idref="oc-58"/>
      </symbol>
      <symbol id="sm-4d8">
         <name>__TI_decompress_none</name>
         <value>0x4ded</value>
         <object_component_ref idref="oc-20"/>
      </symbol>
      <symbol id="sm-4e3">
         <name>__TI_decompress_lzss</name>
         <value>0x2fa1</value>
         <object_component_ref idref="oc-1c"/>
      </symbol>
      <symbol id="sm-4ed">
         <name>abort</name>
         <value>0x4f49</value>
         <object_component_ref idref="oc-e5"/>
      </symbol>
      <symbol id="sm-4f7">
         <name>HOSTexit</name>
         <value>0x4f53</value>
         <object_component_ref idref="oc-1ad"/>
      </symbol>
      <symbol id="sm-4f8">
         <name>C$$EXIT</name>
         <value>0x4f52</value>
         <object_component_ref idref="oc-1ad"/>
      </symbol>
      <symbol id="sm-4fe">
         <name>__aeabi_ui2d</name>
         <value>0x45d1</value>
         <object_component_ref idref="oc-267"/>
      </symbol>
      <symbol id="sm-4ff">
         <name>__floatunsidf</name>
         <value>0x45d1</value>
         <object_component_ref idref="oc-267"/>
      </symbol>
      <symbol id="sm-505">
         <name>__aeabi_lmul</name>
         <value>0x45f5</value>
         <object_component_ref idref="oc-99"/>
      </symbol>
      <symbol id="sm-506">
         <name>__muldi3</name>
         <value>0x45f5</value>
         <object_component_ref idref="oc-99"/>
      </symbol>
      <symbol id="sm-50c">
         <name>__aeabi_dcmpeq</name>
         <value>0x3455</value>
         <object_component_ref idref="oc-26b"/>
      </symbol>
      <symbol id="sm-50d">
         <name>__aeabi_dcmplt</name>
         <value>0x3469</value>
         <object_component_ref idref="oc-26b"/>
      </symbol>
      <symbol id="sm-50e">
         <name>__aeabi_dcmple</name>
         <value>0x347d</value>
         <object_component_ref idref="oc-26b"/>
      </symbol>
      <symbol id="sm-50f">
         <name>__aeabi_dcmpge</name>
         <value>0x3491</value>
         <object_component_ref idref="oc-26b"/>
      </symbol>
      <symbol id="sm-510">
         <name>__aeabi_dcmpgt</name>
         <value>0x34a5</value>
         <object_component_ref idref="oc-26b"/>
      </symbol>
      <symbol id="sm-516">
         <name>__aeabi_idiv</name>
         <value>0x374d</value>
         <object_component_ref idref="oc-a2"/>
      </symbol>
      <symbol id="sm-517">
         <name>__aeabi_idivmod</name>
         <value>0x374d</value>
         <object_component_ref idref="oc-a2"/>
      </symbol>
      <symbol id="sm-51d">
         <name>__aeabi_ldivmod</name>
         <value>0x4d69</value>
         <object_component_ref idref="oc-9d"/>
      </symbol>
      <symbol id="sm-523">
         <name>__aeabi_memcpy</name>
         <value>0x4f41</value>
         <object_component_ref idref="oc-4b"/>
      </symbol>
      <symbol id="sm-524">
         <name>__aeabi_memcpy4</name>
         <value>0x4f41</value>
         <object_component_ref idref="oc-4b"/>
      </symbol>
      <symbol id="sm-525">
         <name>__aeabi_memcpy8</name>
         <value>0x4f41</value>
         <object_component_ref idref="oc-4b"/>
      </symbol>
      <symbol id="sm-52c">
         <name>__aeabi_memclr</name>
         <value>0x4f0d</value>
         <object_component_ref idref="oc-79"/>
      </symbol>
      <symbol id="sm-52d">
         <name>__aeabi_memclr4</name>
         <value>0x4f0d</value>
         <object_component_ref idref="oc-79"/>
      </symbol>
      <symbol id="sm-52e">
         <name>__aeabi_memclr8</name>
         <value>0x4f0d</value>
         <object_component_ref idref="oc-79"/>
      </symbol>
      <symbol id="sm-534">
         <name>__aeabi_uidiv</name>
         <value>0x3cf9</value>
         <object_component_ref idref="oc-108"/>
      </symbol>
      <symbol id="sm-535">
         <name>__aeabi_uidivmod</name>
         <value>0x3cf9</value>
         <object_component_ref idref="oc-108"/>
      </symbol>
      <symbol id="sm-53b">
         <name>__aeabi_uldivmod</name>
         <value>0x4d7d</value>
         <object_component_ref idref="oc-241"/>
      </symbol>
      <symbol id="sm-541">
         <name>__udivmoddi4</name>
         <value>0x28e1</value>
         <object_component_ref idref="oc-1be"/>
      </symbol>
      <symbol id="sm-547">
         <name>__muldsi3</name>
         <value>0x3fa5</value>
         <object_component_ref idref="oc-fe"/>
      </symbol>
      <symbol id="sm-54d">
         <name>__aeabi_llsl</name>
         <value>0x4789</value>
         <object_component_ref idref="oc-257"/>
      </symbol>
      <symbol id="sm-54e">
         <name>__ashldi3</name>
         <value>0x4789</value>
         <object_component_ref idref="oc-257"/>
      </symbol>
      <symbol id="sm-55c">
         <name>__ledf2</name>
         <value>0x325d</value>
         <object_component_ref idref="oc-28a"/>
      </symbol>
      <symbol id="sm-55d">
         <name>__gedf2</name>
         <value>0x3105</value>
         <object_component_ref idref="oc-290"/>
      </symbol>
      <symbol id="sm-55e">
         <name>__cmpdf2</name>
         <value>0x325d</value>
         <object_component_ref idref="oc-28a"/>
      </symbol>
      <symbol id="sm-55f">
         <name>__eqdf2</name>
         <value>0x325d</value>
         <object_component_ref idref="oc-28a"/>
      </symbol>
      <symbol id="sm-560">
         <name>__ltdf2</name>
         <value>0x325d</value>
         <object_component_ref idref="oc-28a"/>
      </symbol>
      <symbol id="sm-561">
         <name>__nedf2</name>
         <value>0x325d</value>
         <object_component_ref idref="oc-28a"/>
      </symbol>
      <symbol id="sm-562">
         <name>__gtdf2</name>
         <value>0x3105</value>
         <object_component_ref idref="oc-290"/>
      </symbol>
      <symbol id="sm-56b">
         <name>__divmoddi4</name>
         <value>0x3e39</value>
         <object_component_ref idref="oc-103"/>
      </symbol>
      <symbol id="sm-577">
         <name>__aeabi_idiv0</name>
         <value>0x2ab3</value>
         <object_component_ref idref="oc-10c"/>
      </symbol>
      <symbol id="sm-578">
         <name>__aeabi_ldiv0</name>
         <value>0x34b7</value>
         <object_component_ref idref="oc-256"/>
      </symbol>
      <symbol id="sm-581">
         <name>TI_memcpy_small</name>
         <value>0x4ddb</value>
         <object_component_ref idref="oc-b2"/>
      </symbol>
      <symbol id="sm-58a">
         <name>TI_memset_small</name>
         <value>0x4e61</value>
         <object_component_ref idref="oc-115"/>
      </symbol>
      <symbol id="sm-58b">
         <name>__TI_static_base__</name>
         <value>0x0</value>
      </symbol>
      <symbol id="sm-58f">
         <name>__mpu_init</name>
         <value>0x0</value>
      </symbol>
      <symbol id="sm-590">
         <name>_system_post_cinit</name>
         <value>0x0</value>
      </symbol>
   </symbol_table>
   <title>Link successful</title>
</link_info>
