******************************************************************************
            TI ARM Clang Linker PC v4.0.4                      
******************************************************************************
>> Linked Wed Jul 22 17:08:59 2026

OUTPUT FILE NAME:   <G3507.out>
ENTRY POINT SYMBOL: "_c_int00_noargs"  address: 00001905


MEMORY CONFIGURATION

         name            origin    length      used     unused   attr    fill
----------------------  --------  ---------  --------  --------  ----  --------
  FLASH                 00000000   00020000  000020e0  0001df20  R  X
  SRAM                  20200000   00008000  00000380  00007c80  RW X
  BCR_CONFIG            41c00000   000000ff  00000000  000000ff  R   
  BSL_CONFIG            41c00100   00000080  00000000  00000080  R   


SEGMENT ALLOCATION MAP

run origin  load origin   length   init length attrs members
----------  ----------- ---------- ----------- ----- -------
00000000    00000000    000020e0   000020e0    r-x
  00000000    00000000    000000c0   000000c0    r-- .intvecs
  000000c0    000000c0    00001f78   00001f78    r-x .text
  00002038    00002038    00000078   00000078    r-- .rodata
  000020b0    000020b0    00000030   00000030    r-- .cinit
20200000    20200000    00000180   00000000    rw-
  20200000    20200000    0000015c   00000000    rw- .bss
  2020015c    2020015c    00000024   00000000    rw- .data
20207e00    20207e00    00000200   00000000    rw-
  20207e00    20207e00    00000200   00000000    rw- .stack


SECTION ALLOCATION MAP

 output                                  attributes/
section   page    origin      length       input sections
--------  ----  ----------  ----------   ----------------
.intvecs   0    00000000    000000c0     
                  00000000    000000c0     startup_mspm0g350x_ticlang.o (.intvecs)

.text      0    000000c0    00001f78     
                  000000c0    00000290     line_tracking.o (.text.Line_Tracking_Update)
                  00000350    0000018c     ti_msp_dl_config.o (.text.SYSCFG_DL_GPIO_init)
                  000004dc    00000178     motor.o (.text.TIMA0_IRQHandler)
                  00000654    0000013c     motor.o (.text.motor_drive_percent)
                  00000790    00000104     driverlib.a : dl_timer.o (.text.DL_Timer_initFourCCPWMMode)
                  00000894    000000fc                 : dl_timer.o (.text.DL_Timer_initTimerMode)
                  00000990    000000e8     ti_msp_dl_config.o (.text.SYSCFG_DL_SYSCTL_SYSPLL_init)
                  00000a78    000000e8     motor.o (.text.motor_set_direction)
                  00000b60    000000dc     driverlib.a : dl_sysctl_mspm0g1x0x_g3x0x.o (.text.DL_SYSCTL_configSYSPLL)
                  00000c3c    000000a0     ti_msp_dl_config.o (.text.SYSCFG_DL_initPower)
                  00000cdc    00000090     motor.o (.text.motor_init)
                  00000d6c    0000008c     ti_msp_dl_config.o (.text.SYSCFG_DL_PWMAB_init)
                  00000df8    0000007c     key.o (.text.GROUP1_IRQHandler)
                  00000e74    0000007c     grayscale_sensor.o (.text.grayscale_select_channel)
                  00000ef0    0000007c     libc.a : copy_decompress_lzss.c.obj (.text:decompress:lzss)
                  00000f6c    00000074     ti_msp_dl_config.o (.text.SYSCFG_DL_SYSCTL_init)
                  00000fe0    00000074     libclang_rt.builtins.a : comparedf2.c.obj (.text.__gedf2)
                  00001054    00000074     motor.o (.text.motor_stop)
                  000010c8    0000006c     ti_msp_dl_config.o (.text.SYSCFG_DL_SERVO_init)
                  00001134    0000006c     main.o (.text.main)
                  000011a0    00000068     libclang_rt.builtins.a : comparedf2.c.obj (.text.__ledf2)
                  00001208    00000064     driverlib.a : dl_sysctl_mspm0g1x0x_g3x0x.o (.text.DL_SYSCTL_setHFCLKSourceHFXTParams)
                  0000126c    00000062     libclang_rt.builtins.a : aeabi_dcmp.S.obj (.text.__aeabi_dcmp)
                  000012ce    00000002                            : aeabi_div0.c.obj (.text.__aeabi_idiv0)
                  000012d0    00000060     grayscale_sensor.o (.text.Grayscale_Sensor_Read_All)
                  00001330    00000060     ti_msp_dl_config.o (.text.SYSCFG_DL_OLED_init)
                  00001390    00000056     libclang_rt.builtins.a : aeabi_idivmod.S.obj (.text.__aeabi_idivmod)
                  000013e6    00000002     --HOLE-- [fill = 0]
                  000013e8    00000050     ti_msp_dl_config.o (.text.DL_GPIO_initPeripheralInputFunctionFeatures)
                  00001438    0000004c     ti_msp_dl_config.o (.text.DL_GPIO_initDigitalInputFeatures)
                  00001484    0000004c     ti_msp_dl_config.o (.text.DL_UART_setBaudRateDivisor)
                  000014d0    0000004c     motor.o (.text.motor_set_duty)
                  0000151c    00000048     driverlib.a : dl_uart.o (.text.DL_UART_init)
                  00001564    00000048     ti_msp_dl_config.o (.text.SYSCFG_DL_PRINT_init)
                  000015ac    00000044     driverlib.a : dl_sysctl_mspm0g1x0x_g3x0x.o (.text.DL_SYSCTL_switchMCLKfromSYSOSCtoHSCLK)
                  000015f0    00000040     ti_msp_dl_config.o (.text.SYSCFG_DL_init)
                  00001630    00000040     libclang_rt.builtins.a : aeabi_uidivmod.S.obj (.text.__aeabi_uidivmod)
                  00001670    0000003c     ti_msp_dl_config.o (.text.DL_Timer_setCounterControl)
                  000016ac    0000003c     encoder.o (.text.Encoder_Get_Count)
                  000016e8    0000003c     libc.a : autoinit.c.obj (.text:__TI_auto_init_nobinit_nopinit)
                  00001724    00000034     ti_msp_dl_config.o (.text.SYSCFG_DL_MOTOR_PID_init)
                  00001758    00000034     uart.o (.text.UART0_IRQHandler)
                  0000178c    00000030     driverlib.a : dl_uart.o (.text.DL_UART_transmitDataBlocking)
                  000017bc    0000002c     main.o (.text.__NVIC_ClearPendingIRQ)
                  000017e8    0000002c     main.o (.text.__NVIC_EnableIRQ)
                  00001814    00000028     ti_msp_dl_config.o (.text.DL_Common_updateReg)
                  0000183c    00000028     ti_msp_dl_config.o (.text.DL_I2C_setControllerRXFIFOThreshold)
                  00001864    00000028     ti_msp_dl_config.o (.text.DL_I2C_setControllerTXFIFOThreshold)
                  0000188c    00000028     encoder.o (.text.Encoder_Record_Pulse)
                  000018b4    00000028     ti_msp_dl_config.o (.text.SYSCFG_DL_VREF_init)
                  000018dc    00000028     motor.o (.text.limit_duty)
                  00001904    00000028     libc.a : boot_cortex_m.c.obj (.text:_c_int00_noargs)
                  0000192c    00000026     ti_msp_dl_config.o (.text.DL_I2C_setAnalogGlitchFilterPulseWidth)
                  00001952    00000026     driverlib.a : dl_i2c.o (.text.DL_I2C_setClockConfig)
                  00001978    00000024     ti_msp_dl_config.o (.text.DL_I2C_setDigitalGlitchFilterPulseWidth)
                  0000199c    00000024     libclang_rt.builtins.a : floatunsidf.S.obj (.text.__floatunsidf)
                  000019c0    00000022     driverlib.a : dl_vref.o (.text.DL_VREF_configReference)
                  000019e2    00000002     --HOLE-- [fill = 0]
                  000019e4    00000020     ti_msp_dl_config.o (.text.DL_GPIO_initPeripheralInputFunction)
                  00001a04    00000020     ti_msp_dl_config.o (.text.DL_SYSCTL_setFlashWaitState)
                  00001a24    00000020     grayscale_sensor.o (.text.grayscale_delay_us)
                  00001a44    0000001e     ti_msp_dl_config.o (.text.DL_UART_setOversampling)
                  00001a62    00000002     --HOLE-- [fill = 0]
                  00001a64    0000001c     ti_msp_dl_config.o (.text.DL_GPIO_clearInterruptStatus)
                  00001a80    0000001c     ti_msp_dl_config.o (.text.DL_GPIO_enableHiZ)
                  00001a9c    0000001c     ti_msp_dl_config.o (.text.DL_GPIO_enableInterrupt)
                  00001ab8    0000001c     ti_msp_dl_config.o (.text.DL_GPIO_initPeripheralOutputFunction)
                  00001ad4    0000001c     ti_msp_dl_config.o (.text.DL_GPIO_setLowerPinsPolarity)
                  00001af0    0000001c     driverlib.a : dl_sysctl_mspm0g1x0x_g3x0x.o (.text.DL_SYSCTL_configFCC)
                  00001b0c    0000001c     ti_msp_dl_config.o (.text.DL_SYSCTL_setFCCPeriods)
                  00001b28    0000001c     ti_msp_dl_config.o (.text.DL_SYSCTL_setSYSOSCFreq)
                  00001b44    0000001c     ti_msp_dl_config.o (.text.DL_SYSCTL_setULPCLKDivider)
                  00001b60    0000001c     ti_msp_dl_config.o (.text.DL_Timer_enableInterrupt)
                  00001b7c    0000001c     driverlib.a : dl_timer.o (.text.DL_Timer_setCaptCompUpdateMethod)
                  00001b98    0000001c                 : dl_timer.o (.text.DL_Timer_setClockConfig)
                  00001bb4    0000001c     ti_msp_dl_config.o (.text.DL_UART_enableInterrupt)
                  00001bd0    0000001c     uart.o (.text.UART_send_char)
                  00001bec    00000018     ti_msp_dl_config.o (.text.DL_GPIO_enableOutput)
                  00001c04    00000018     ti_msp_dl_config.o (.text.DL_GPIO_enablePower)
                  00001c1c    00000018     ti_msp_dl_config.o (.text.DL_GPIO_initDigitalOutput)
                  00001c34    00000018     ti_msp_dl_config.o (.text.DL_GPIO_initPeripheralAnalogFunction)
                  00001c4c    00000018     ti_msp_dl_config.o (.text.DL_GPIO_reset)
                  00001c64    00000018     grayscale_sensor.o (.text.DL_GPIO_setPins)
                  00001c7c    00000018     motor.o (.text.DL_GPIO_setPins)
                  00001c94    00000018     ti_msp_dl_config.o (.text.DL_GPIO_setUpperPinsPolarity)
                  00001cac    00000018     ti_msp_dl_config.o (.text.DL_I2C_enableAnalogGlitchFilter)
                  00001cc4    00000018     ti_msp_dl_config.o (.text.DL_I2C_enableController)
                  00001cdc    00000018     ti_msp_dl_config.o (.text.DL_I2C_enableControllerClockStretching)
                  00001cf4    00000018     ti_msp_dl_config.o (.text.DL_I2C_enablePower)
                  00001d0c    00000018     ti_msp_dl_config.o (.text.DL_I2C_reset)
                  00001d24    00000018     ti_msp_dl_config.o (.text.DL_I2C_setTimerPeriod)
                  00001d3c    00000018     ti_msp_dl_config.o (.text.DL_SYSCTL_setBORThreshold)
                  00001d54    00000018     ti_msp_dl_config.o (.text.DL_Timer_enablePower)
                  00001d6c    00000018     ti_msp_dl_config.o (.text.DL_Timer_reset)
                  00001d84    00000018     driverlib.a : dl_timer.o (.text.DL_Timer_setCaptureCompareOutCtl)
                  00001d9c    00000018     motor.o (.text.DL_Timer_startCounter)
                  00001db4    00000018     ti_msp_dl_config.o (.text.DL_UART_enablePower)
                  00001dcc    00000018     ti_msp_dl_config.o (.text.DL_UART_reset)
                  00001de4    00000018     ti_msp_dl_config.o (.text.DL_VREF_enablePower)
                  00001dfc    00000018     ti_msp_dl_config.o (.text.DL_VREF_reset)
                  00001e14    00000018     grayscale_sensor.o (.text.Grayscale_Sensor_Init)
                  00001e2c    00000016     grayscale_sensor.o (.text.DL_GPIO_readPins)
                  00001e42    00000016     ti_msp_dl_config.o (.text.DL_UART_enable)
                  00001e58    00000016     libc.a : copy_zero_init.c.obj (.text:decompress:ZI:__TI_zero_init_nomemset)
                  00001e6e    00000014     grayscale_sensor.o (.text.DL_GPIO_clearPins)
                  00001e82    00000014     motor.o (.text.DL_GPIO_clearPins)
                  00001e96    00000014     ti_msp_dl_config.o (.text.DL_GPIO_clearPins)
                  00001eaa    00000002     --HOLE-- [fill = 0]
                  00001eac    00000014     ti_msp_dl_config.o (.text.DL_I2C_resetControllerTransfer)
                  00001ec0    00000014     ti_msp_dl_config.o (.text.DL_SYSCTL_disableSYSPLL)
                  00001ed4    00000014     ti_msp_dl_config.o (.text.DL_SYSCTL_enableSYSPLL)
                  00001ee8    00000014     ti_msp_dl_config.o (.text.DL_Timer_enableClock)
                  00001efc    00000014     ti_msp_dl_config.o (.text.DL_Timer_setCCPDirection)
                  00001f10    00000014     uart.o (.text.DL_UART_receiveData)
                  00001f24    00000012     key.o (.text.DL_GPIO_getPendingInterrupt)
                  00001f36    00000012     motor.o (.text.DL_Timer_getPendingInterrupt)
                  00001f48    00000012     uart.o (.text.DL_UART_getPendingInterrupt)
                  00001f5a    00000012     driverlib.a : dl_uart.o (.text.DL_UART_setClockConfig)
                  00001f6c    00000012                 : dl_vref.o (.text.DL_VREF_setClockConfig)
                  00001f7e    00000012     libc.a : memcpy16.S.obj (.text:TI_memcpy_small)
                  00001f90    00000012            : copy_decompress_none.c.obj (.text:decompress:none)
                  00001fa2    00000002     --HOLE-- [fill = 0]
                  00001fa4    00000010     ti_msp_dl_config.o (.text.DL_SYSCTL_disableHFXT)
                  00001fb4    00000010     ti_msp_dl_config.o (.text.DL_SYSCTL_isFCCDone)
                  00001fc4    00000010     ti_msp_dl_config.o (.text.DL_SYSCTL_startFCC)
                  00001fd4    00000010     driverlib.a : dl_timer.o (.text.DL_Timer_setCaptureCompareValue)
                  00001fe4    00000010     encoder.o (.text.Encoder_Init)
                  00001ff4    0000000c     ti_msp_dl_config.o (.text.DL_SYSCTL_getClockStatus)
                  00002000    0000000c     ti_msp_dl_config.o (.text.DL_SYSCTL_readFCC)
                  0000200c    0000000a     driverlib.a : dl_common.o (.text.DL_Common_delayCycles)
                  00002016    00000002     --HOLE-- [fill = 0]
                  00002018    00000008     libclang_rt.builtins.a : aeabi_memcpy.S.obj (.text.__aeabi_memcpy)
                  00002020    00000006     libc.a : exit.c.obj (.text:abort)
                  00002026    00000004     startup_mspm0g350x_ticlang.o (.text.Default_Handler)
                  0000202a    00000004     libsysbm.a : hostexit.c.obj (.text.HOSTexit)
                  0000202e    00000004     startup_mspm0g350x_ticlang.o (.text.Reset_Handler)
                  00002032    00000004     libc.a : pre_init.c.obj (.text._system_pre_init)
                  00002036    00000002     --HOLE-- [fill = 0]

.cinit     0    000020b0    00000030     
                  000020b0    0000000c     (__TI_handler_table)
                  000020bc    00000008     (.cinit..bss.load) [load image, compression = zero_init]
                  000020c4    00000008     (.cinit..data.load) [load image, compression = lzss]
                  000020cc    00000010     (__TI_cinit_table)
                  000020dc    00000004     --HOLE-- [fill = 0]

.rodata    0    00002038    00000078     
                  00002038    00000028     ti_msp_dl_config.o (.rodata.gSYSPLLConfig)
                  00002060    00000014     ti_msp_dl_config.o (.rodata.gMOTOR_PIDTimerConfig)
                  00002074    0000000a     ti_msp_dl_config.o (.rodata.gPRINTConfig)
                  0000207e    00000008     line_tracking.o (.rodata.Line_Tracking_Update.weights)
                  00002086    00000002     ti_msp_dl_config.o (.rodata.gOLEDClockConfig)
                  00002088    00000008     ti_msp_dl_config.o (.rodata.gPWMABConfig)
                  00002090    00000008     ti_msp_dl_config.o (.rodata.gSERVOConfig)
                  00002098    00000008     ti_msp_dl_config.o (.rodata.gVREFConfig)
                  000020a0    00000003     ti_msp_dl_config.o (.rodata.gMOTOR_PIDClockConfig)
                  000020a3    00000003     ti_msp_dl_config.o (.rodata.gPWMABClockConfig)
                  000020a6    00000003     ti_msp_dl_config.o (.rodata.gSERVOClockConfig)
                  000020a9    00000002     ti_msp_dl_config.o (.rodata.gPRINTClockConfig)
                  000020ab    00000002     ti_msp_dl_config.o (.rodata.gVREFClockConfig)
                  000020ad    00000003     --HOLE-- [fill = 0]

.init_array 
*          0    00000000    00000000     UNINITIALIZED

.binit     0    00000000    00000000     

.bss       0    20200000    0000015c     UNINITIALIZED
                  20200000    000000bc     (.common:gMOTOR_PIDBackup)
                  202000bc    000000a0     (.common:gSERVOBackup)

.data      0    2020015c    00000024     UNINITIALIZED
                  2020015c    00000008     encoder.o (.data.encoder_count)
                  20200164    00000008     motor.o (.data.motor_pid_duty)
                  2020016c    00000004     motor.o (.data.motor_integral)
                  20200170    00000004     motor.o (.data.motor_last_error)
                  20200174    00000004     motor.o (.data.motor_target_percent)
                  20200178    00000004     key.o (.data.status)
                  2020017c    00000001     line_tracking.o (.data.Line_Tracking_Update.center_updates)
                  2020017d    00000001     line_tracking.o (.data.Line_Tracking_Update.lost_updates)
                  2020017e    00000001     line_tracking.o (.data.Line_Tracking_Update.state)
                  2020017f    00000001     line_tracking.o (.data.Line_Tracking_Update.state_updates)

.stack     0    20207e00    00000200     UNINITIALIZED
                  20207e00    00000004     libc.a : boot_cortex_m.c.obj (.stack)
                  20207e04    000001fc     --HOLE--

__llvm_prf_cnts 
*          0    20200000    00000000     UNINITIALIZED

__llvm_prf_bits 
*          0    20200000    00000000     UNINITIALIZED

MODULE SUMMARY

       Module                         code   ro data   rw data
       ------                         ----   -------   -------
    .\
       ti_msp_dl_config.o             3006   109       348    
       startup_mspm0g350x_ticlang.o   8      192       0      
       main.o                         196    0         0      
    +--+------------------------------+------+---------+---------+
       Total:                         3210   301       348    
                                                              
    .\user_driver\
       motor.o                        1386   0         20     
       line_tracking.o                656    8         4      
       grayscale_sensor.o             342    0         0      
       key.o                          142    0         4      
       encoder.o                      116    0         8      
       uart.o                         118    0         0      
    +--+------------------------------+------+---------+---------+
       Total:                         2760   8         36     
                                                              
    C:/TI/mspm0_sdk_2_10_00_04/source/ti/driverlib/lib/ticlang/m0p/mspm0g1x0x_g3x0x/driverlib.a
       dl_timer.o                     608    0         0      
       dl_sysctl_mspm0g1x0x_g3x0x.o   416    0         0      
       dl_uart.o                      138    0         0      
       dl_vref.o                      52     0         0      
       dl_i2c.o                       38     0         0      
       dl_common.o                    10     0         0      
    +--+------------------------------+------+---------+---------+
       Total:                         1262   0         0      
                                                              
    E:\install\keli\ti\css\ccs\tools\compiler\ti-cgt-armllvm_4.0.4.LTS\lib\armv6m-ti-none-eabi/c/libc.a
       copy_decompress_lzss.c.obj     124    0         0      
       autoinit.c.obj                 60     0         0      
       boot_cortex_m.c.obj            40     0         0      
       copy_zero_init.c.obj           22     0         0      
       copy_decompress_none.c.obj     18     0         0      
       memcpy16.S.obj                 18     0         0      
       exit.c.obj                     6      0         0      
       pre_init.c.obj                 4      0         0      
    +--+------------------------------+------+---------+---------+
       Total:                         292    0         0      
                                                              
    E:\install\keli\ti\css\ccs\tools\compiler\ti-cgt-armllvm_4.0.4.LTS\lib\armv6m-ti-none-eabi/c/libsysbm.a
       hostexit.c.obj                 4      0         0      
    +--+------------------------------+------+---------+---------+
       Total:                         4      0         0      
                                                              
    E:\install\keli\ti\css\ccs\tools\compiler\ti-cgt-armllvm_4.0.4.LTS\lib\armv6m-ti-none-eabi/libclang_rt.builtins.a
       comparedf2.c.obj               220    0         0      
       aeabi_dcmp.S.obj               98     0         0      
       aeabi_idivmod.S.obj            86     0         0      
       aeabi_uidivmod.S.obj           64     0         0      
       floatunsidf.S.obj              36     0         0      
       aeabi_memcpy.S.obj             8      0         0      
       aeabi_div0.c.obj               2      0         0      
    +--+------------------------------+------+---------+---------+
       Total:                         514    0         0      
                                                              
       Stack:                         0      0         512    
       Linker Generated:              0      44        0      
    +--+------------------------------+------+---------+---------+
       Grand Total:                   8042   353       896    


LINKER GENERATED COPY TABLES

__TI_cinit_table @ 000020cc records: 2, size/record: 8, table size: 16
	.bss: load addr=000020bc, load size=00000008 bytes, run addr=20200000, run size=0000015c bytes, compression=zero_init
	.data: load addr=000020c4, load size=00000008 bytes, run addr=2020015c, run size=00000024 bytes, compression=lzss


LINKER GENERATED HANDLER TABLE

__TI_handler_table @ 000020b0 records: 3, size/record: 4, table size: 12
	index: 0, handler: __TI_decompress_lzss
	index: 1, handler: __TI_decompress_none
	index: 2, handler: __TI_zero_init


GLOBAL SYMBOLS: SORTED ALPHABETICALLY BY Name 

address   name                                 
-------   ----                                 
00002027  ADC0_IRQHandler                      
00002027  ADC1_IRQHandler                      
00002027  AES_IRQHandler                       
0000202a  C$$EXIT                              
00002027  CANFD0_IRQHandler                    
00002027  DAC0_IRQHandler                      
0000200d  DL_Common_delayCycles                
00001953  DL_I2C_setClockConfig                
00001af1  DL_SYSCTL_configFCC                  
00000b61  DL_SYSCTL_configSYSPLL               
00001209  DL_SYSCTL_setHFCLKSourceHFXTParams   
000015ad  DL_SYSCTL_switchMCLKfromSYSOSCtoHSCLK
00000791  DL_Timer_initFourCCPWMMode           
00000895  DL_Timer_initTimerMode               
00001b7d  DL_Timer_setCaptCompUpdateMethod     
00001d85  DL_Timer_setCaptureCompareOutCtl     
00001fd5  DL_Timer_setCaptureCompareValue      
00001b99  DL_Timer_setClockConfig              
0000151d  DL_UART_init                         
00001f5b  DL_UART_setClockConfig               
0000178d  DL_UART_transmitDataBlocking         
000019c1  DL_VREF_configReference              
00001f6d  DL_VREF_setClockConfig               
00002027  DMA_IRQHandler                       
00002027  Default_Handler                      
000016ad  Encoder_Get_Count                    
00001fe5  Encoder_Init                         
0000188d  Encoder_Record_Pulse                 
00002027  GROUP0_IRQHandler                    
00000df9  GROUP1_IRQHandler                    
00001e15  Grayscale_Sensor_Init                
000012d1  Grayscale_Sensor_Read_All            
0000202b  HOSTexit                             
00002027  HardFault_Handler                    
00002027  I2C0_IRQHandler                      
00002027  I2C1_IRQHandler                      
000000c1  Line_Tracking_Update                 
00002027  NMI_Handler                          
00002027  PendSV_Handler                       
00002027  RTC_IRQHandler                       
0000202f  Reset_Handler                        
00002027  SPI0_IRQHandler                      
00002027  SPI1_IRQHandler                      
00002027  SVC_Handler                          
00000351  SYSCFG_DL_GPIO_init                  
00001725  SYSCFG_DL_MOTOR_PID_init             
00001331  SYSCFG_DL_OLED_init                  
00001565  SYSCFG_DL_PRINT_init                 
00000d6d  SYSCFG_DL_PWMAB_init                 
000010c9  SYSCFG_DL_SERVO_init                 
00000991  SYSCFG_DL_SYSCTL_SYSPLL_init         
00000f6d  SYSCFG_DL_SYSCTL_init                
000018b5  SYSCFG_DL_VREF_init                  
000015f1  SYSCFG_DL_init                       
00000c3d  SYSCFG_DL_initPower                  
00002027  SysTick_Handler                      
000004dd  TIMA0_IRQHandler                     
00002027  TIMA1_IRQHandler                     
00002027  TIMG0_IRQHandler                     
00002027  TIMG12_IRQHandler                    
00002027  TIMG6_IRQHandler                     
00002027  TIMG7_IRQHandler                     
00002027  TIMG8_IRQHandler                     
00001f7f  TI_memcpy_small                      
00001759  UART0_IRQHandler                     
00002027  UART1_IRQHandler                     
00002027  UART2_IRQHandler                     
00002027  UART3_IRQHandler                     
00001bd1  UART_send_char                       
20208000  __STACK_END                          
00000200  __STACK_SIZE                         
00000000  __TI_ATRegion0_region_sz             
00000000  __TI_ATRegion0_src_addr              
00000000  __TI_ATRegion0_trg_addr              
00000000  __TI_ATRegion1_region_sz             
00000000  __TI_ATRegion1_src_addr              
00000000  __TI_ATRegion1_trg_addr              
00000000  __TI_ATRegion2_region_sz             
00000000  __TI_ATRegion2_src_addr              
00000000  __TI_ATRegion2_trg_addr              
000020cc  __TI_CINIT_Base                      
000020dc  __TI_CINIT_Limit                     
000020dc  __TI_CINIT_Warm                      
000020b0  __TI_Handler_Table_Base              
000020bc  __TI_Handler_Table_Limit             
000016e9  __TI_auto_init_nobinit_nopinit       
00000ef1  __TI_decompress_lzss                 
00001f91  __TI_decompress_none                 
ffffffff  __TI_pprof_out_hndl                  
ffffffff  __TI_prof_data_size                  
ffffffff  __TI_prof_data_start                 
00000000  __TI_static_base__                   
00001e59  __TI_zero_init_nomemset              
0000126d  __aeabi_dcmpeq                       
000012a9  __aeabi_dcmpge                       
000012bd  __aeabi_dcmpgt                       
00001295  __aeabi_dcmple                       
00001281  __aeabi_dcmplt                       
00001391  __aeabi_idiv                         
000012cf  __aeabi_idiv0                        
00001391  __aeabi_idivmod                      
00002019  __aeabi_memcpy                       
00002019  __aeabi_memcpy4                      
00002019  __aeabi_memcpy8                      
0000199d  __aeabi_ui2d                         
00001631  __aeabi_uidiv                        
00001631  __aeabi_uidivmod                     
ffffffff  __binit__                            
000011a1  __cmpdf2                             
000011a1  __eqdf2                              
0000199d  __floatunsidf                        
00000fe1  __gedf2                              
00000fe1  __gtdf2                              
000011a1  __ledf2                              
000011a1  __ltdf2                              
UNDEFED   __mpu_init                           
000011a1  __nedf2                              
20207e00  __stack                              
20200000  __start___llvm_prf_bits              
20200000  __start___llvm_prf_cnts              
20200000  __stop___llvm_prf_bits               
20200000  __stop___llvm_prf_cnts               
00001905  _c_int00_noargs                      
UNDEFED   _system_post_cinit                   
00002033  _system_pre_init                     
00002021  abort                                
ffffffff  binit                                
20200000  gMOTOR_PIDBackup                     
202000bc  gSERVOBackup                         
00000000  interruptVectors                     
00001135  main                                 
00000655  motor_drive_percent                  
00000cdd  motor_init                           
00000a79  motor_set_direction                  
000014d1  motor_set_duty                       
00001055  motor_stop                           
20200178  status                               


GLOBAL SYMBOLS: SORTED BY Symbol Address 

address   name                                 
-------   ----                                 
00000000  __TI_ATRegion0_region_sz             
00000000  __TI_ATRegion0_src_addr              
00000000  __TI_ATRegion0_trg_addr              
00000000  __TI_ATRegion1_region_sz             
00000000  __TI_ATRegion1_src_addr              
00000000  __TI_ATRegion1_trg_addr              
00000000  __TI_ATRegion2_region_sz             
00000000  __TI_ATRegion2_src_addr              
00000000  __TI_ATRegion2_trg_addr              
00000000  __TI_static_base__                   
00000000  interruptVectors                     
000000c1  Line_Tracking_Update                 
00000200  __STACK_SIZE                         
00000351  SYSCFG_DL_GPIO_init                  
000004dd  TIMA0_IRQHandler                     
00000655  motor_drive_percent                  
00000791  DL_Timer_initFourCCPWMMode           
00000895  DL_Timer_initTimerMode               
00000991  SYSCFG_DL_SYSCTL_SYSPLL_init         
00000a79  motor_set_direction                  
00000b61  DL_SYSCTL_configSYSPLL               
00000c3d  SYSCFG_DL_initPower                  
00000cdd  motor_init                           
00000d6d  SYSCFG_DL_PWMAB_init                 
00000df9  GROUP1_IRQHandler                    
00000ef1  __TI_decompress_lzss                 
00000f6d  SYSCFG_DL_SYSCTL_init                
00000fe1  __gedf2                              
00000fe1  __gtdf2                              
00001055  motor_stop                           
000010c9  SYSCFG_DL_SERVO_init                 
00001135  main                                 
000011a1  __cmpdf2                             
000011a1  __eqdf2                              
000011a1  __ledf2                              
000011a1  __ltdf2                              
000011a1  __nedf2                              
00001209  DL_SYSCTL_setHFCLKSourceHFXTParams   
0000126d  __aeabi_dcmpeq                       
00001281  __aeabi_dcmplt                       
00001295  __aeabi_dcmple                       
000012a9  __aeabi_dcmpge                       
000012bd  __aeabi_dcmpgt                       
000012cf  __aeabi_idiv0                        
000012d1  Grayscale_Sensor_Read_All            
00001331  SYSCFG_DL_OLED_init                  
00001391  __aeabi_idiv                         
00001391  __aeabi_idivmod                      
000014d1  motor_set_duty                       
0000151d  DL_UART_init                         
00001565  SYSCFG_DL_PRINT_init                 
000015ad  DL_SYSCTL_switchMCLKfromSYSOSCtoHSCLK
000015f1  SYSCFG_DL_init                       
00001631  __aeabi_uidiv                        
00001631  __aeabi_uidivmod                     
000016ad  Encoder_Get_Count                    
000016e9  __TI_auto_init_nobinit_nopinit       
00001725  SYSCFG_DL_MOTOR_PID_init             
00001759  UART0_IRQHandler                     
0000178d  DL_UART_transmitDataBlocking         
0000188d  Encoder_Record_Pulse                 
000018b5  SYSCFG_DL_VREF_init                  
00001905  _c_int00_noargs                      
00001953  DL_I2C_setClockConfig                
0000199d  __aeabi_ui2d                         
0000199d  __floatunsidf                        
000019c1  DL_VREF_configReference              
00001af1  DL_SYSCTL_configFCC                  
00001b7d  DL_Timer_setCaptCompUpdateMethod     
00001b99  DL_Timer_setClockConfig              
00001bd1  UART_send_char                       
00001d85  DL_Timer_setCaptureCompareOutCtl     
00001e15  Grayscale_Sensor_Init                
00001e59  __TI_zero_init_nomemset              
00001f5b  DL_UART_setClockConfig               
00001f6d  DL_VREF_setClockConfig               
00001f7f  TI_memcpy_small                      
00001f91  __TI_decompress_none                 
00001fd5  DL_Timer_setCaptureCompareValue      
00001fe5  Encoder_Init                         
0000200d  DL_Common_delayCycles                
00002019  __aeabi_memcpy                       
00002019  __aeabi_memcpy4                      
00002019  __aeabi_memcpy8                      
00002021  abort                                
00002027  ADC0_IRQHandler                      
00002027  ADC1_IRQHandler                      
00002027  AES_IRQHandler                       
00002027  CANFD0_IRQHandler                    
00002027  DAC0_IRQHandler                      
00002027  DMA_IRQHandler                       
00002027  Default_Handler                      
00002027  GROUP0_IRQHandler                    
00002027  HardFault_Handler                    
00002027  I2C0_IRQHandler                      
00002027  I2C1_IRQHandler                      
00002027  NMI_Handler                          
00002027  PendSV_Handler                       
00002027  RTC_IRQHandler                       
00002027  SPI0_IRQHandler                      
00002027  SPI1_IRQHandler                      
00002027  SVC_Handler                          
00002027  SysTick_Handler                      
00002027  TIMA1_IRQHandler                     
00002027  TIMG0_IRQHandler                     
00002027  TIMG12_IRQHandler                    
00002027  TIMG6_IRQHandler                     
00002027  TIMG7_IRQHandler                     
00002027  TIMG8_IRQHandler                     
00002027  UART1_IRQHandler                     
00002027  UART2_IRQHandler                     
00002027  UART3_IRQHandler                     
0000202a  C$$EXIT                              
0000202b  HOSTexit                             
0000202f  Reset_Handler                        
00002033  _system_pre_init                     
000020b0  __TI_Handler_Table_Base              
000020bc  __TI_Handler_Table_Limit             
000020cc  __TI_CINIT_Base                      
000020dc  __TI_CINIT_Limit                     
000020dc  __TI_CINIT_Warm                      
20200000  __start___llvm_prf_bits              
20200000  __start___llvm_prf_cnts              
20200000  __stop___llvm_prf_bits               
20200000  __stop___llvm_prf_cnts               
20200000  gMOTOR_PIDBackup                     
202000bc  gSERVOBackup                         
20200178  status                               
20207e00  __stack                              
20208000  __STACK_END                          
ffffffff  __TI_pprof_out_hndl                  
ffffffff  __TI_prof_data_size                  
ffffffff  __TI_prof_data_start                 
ffffffff  __binit__                            
ffffffff  binit                                
UNDEFED   __mpu_init                           
UNDEFED   _system_post_cinit                   

[137 symbols]
