******************************************************************************
            TI ARM Clang Linker PC v4.0.4                      
******************************************************************************
>> Linked Thu Jul 30 23:53:51 2026

OUTPUT FILE NAME:   <G3507.out>
ENTRY POINT SYMBOL: "_c_int00_noargs"  address: 000032b5


MEMORY CONFIGURATION

         name            origin    length      used     unused   attr    fill
----------------------  --------  ---------  --------  --------  ----  --------
  FLASH                 00000000   00020000  00004f68  0001b098  R  X
  SRAM                  20200000   00008000  000009a8  00007658  RW X
  BCR_CONFIG            41c00000   000000ff  00000000  000000ff  R   
  BSL_CONFIG            41c00100   00000080  00000000  00000080  R   


SEGMENT ALLOCATION MAP

run origin  load origin   length   init length attrs members
----------  ----------- ---------- ----------- ----- -------
00000000    00000000    00004f68   00004f68    r-x
  00000000    00000000    000000c0   000000c0    r-- .intvecs
  000000c0    000000c0    00003620   00003620    r-x .text
  000036e0    000036e0    00001848   00001848    r-- .rodata
  00004f28    00004f28    00000040   00000040    r-- .cinit
20200000    20200000    000007a9   00000000    rw-
  20200000    20200000    00000703   00000000    rw- .bss
  20200704    20200704    000000a5   00000000    rw- .data
20207e00    20207e00    00000200   00000000    rw-
  20207e00    20207e00    00000200   00000000    rw- .stack


SECTION ALLOCATION MAP

 output                                  attributes/
section   page    origin      length       input sections
--------  ----  ----------  ----------   ----------------
.intvecs   0    00000000    000000c0     
                  00000000    000000c0     startup_mspm0g350x_ticlang.o (.intvecs)

.text      0    000000c0    00003620     
                  000000c0    0000069c     main.o (.text.Ball_ControlUpdate)
                  0000075c    00000260     main.o (.text.OLED_ShowControlInfo)
                  000009bc    00000210     main.o (.text.Sensor_PushByte)
                  00000bcc    000001e4     main.o (.text.Ball_SequenceUpdate)
                  00000db0    000001e4     Emm_V5.o (.text.Emm_V5_Read_Sys_Params)
                  00000f94    000001b8     main.o (.text.main)
                  0000114c    00000168     main.o (.text.Motor_PushFeedbackByte)
                  000012b4    00000158     oled.o (.text.OLED_ShowChar)
                  0000140c    00000150     main.o (.text.LLM_UART_ParseSetpointByte)
                  0000155c    00000148     main.o (.text.Motor_ControlService)
                  000016a4    00000134     oled.o (.text.OLED_WR_Byte)
                  000017d8    00000130     oled.o (.text.OLED_WR_DataBlock)
                  00001908    0000010e     pid.o (.text.PID_UpdateConditional)
                  00001a16    00000002     libclang_rt.builtins.a : aeabi_div0.c.obj (.text.__aeabi_idiv0)
                  00001a18    000000e0     pid.o (.text.PID_Init)
                  00001af8    000000dc     main.o (.text.OLED_ShowSigned3)
                  00001bd4    000000d8     libclang_rt.builtins.a : addsf3.S.obj (.text)
                  00001cac    000000bc     oled.o (.text.OLED_RefreshPage)
                  00001d68    000000b4     bianma.o (.text.Bianma_GetRotation)
                  00001e1c    000000b0     oled.o (.text.OLED_Init)
                  00001ecc    000000ac     oled.o (.text.OLED_ShowNum)
                  00001f78    000000a8     main.o (.text.Ball_ControlStop)
                  00002020    000000a2     ti_msp_dl_config.o (.text.SYSCFG_DL_GPIO_init)
                  000020c2    00000002     --HOLE-- [fill = 0]
                  000020c4    00000098     bianma.o (.text.Bianma_Button_Pressed)
                  0000215c    00000098     oled.o (.text.OLED_ShowString)
                  000021f4    0000008e     main.o (.text.Sensor_CalculateCrc8)
                  00002282    00000002     --HOLE-- [fill = 0]
                  00002284    0000008c     libclang_rt.builtins.a : mulsf3.S.obj (.text.__mulsf3)
                  00002310    00000088     uart.o (.text.UART2_IRQHandler)
                  00002398    00000084     main.o (.text.__NVIC_SetPriority)
                  0000241c    00000082     libclang_rt.builtins.a : divsf3.S.obj (.text.__divsf3)
                  0000249e    00000002     --HOLE-- [fill = 0]
                  000024a0    00000080     bianma.o (.text.Bianma_Init)
                  00002520    0000007c     Emm_V5.o (.text.Emm_V5_Pos_Control)
                  0000259c    0000007c     ti_msp_dl_config.o (.text.SYSCFG_DL_initPower)
                  00002618    0000007c     libc.a : copy_decompress_lzss.c.obj (.text:decompress:lzss)
                  00002694    00000068     Emm_V5.o (.text.Emm_V5_Angle_To_Pulses)
                  000026fc    00000068     uart.o (.text.Serial1_SendArrayTry)
                  00002764    00000064     oled.o (.text.OLED_ClearPoint)
                  000027c8    00000062     Emm_V5.o (.text.Emm_V5_Pos_Control_Angle)
                  0000282a    00000002     --HOLE-- [fill = 0]
                  0000282c    00000062     libclang_rt.builtins.a : aeabi_fcmp.S.obj (.text.__aeabi_fcmp)
                  0000288e    00000002     --HOLE-- [fill = 0]
                  00002890    00000060     oled.o (.text.OLED_Clear)
                  000028f0    00000060     ti_msp_dl_config.o (.text.SYSCFG_DL_OLED_init)
                  00002950    0000005e     driverlib.a : dl_i2c.o (.text.DL_I2C_fillControllerTXFIFO)
                  000029ae    00000002     --HOLE-- [fill = 0]
                  000029b0    0000005c     main.o (.text.Target_PositionUpdate)
                  00002a0c    00000056     pid.o (.text.PID_DecayIntegral)
                  00002a62    00000002     --HOLE-- [fill = 0]
                  00002a64    00000050     ti_msp_dl_config.o (.text.DL_GPIO_initPeripheralInputFunctionFeatures)
                  00002ab4    00000050     oled.o (.text.DL_I2C_startControllerTransfer)
                  00002b04    00000050     main.o (.text.SysTick_Config)
                  00002b54    0000004c     ti_msp_dl_config.o (.text.DL_GPIO_initDigitalInputFeatures)
                  00002ba0    0000004c     ti_msp_dl_config.o (.text.DL_UART_setBaudRateDivisor)
                  00002bec    00000048     driverlib.a : dl_uart.o (.text.DL_UART_init)
                  00002c34    00000048     main.o (.text.Motor_SetAngle)
                  00002c7c    00000048     oled.o (.text.OLED_DrawPoint)
                  00002cc4    00000048     pid.o (.text.PID_Limit)
                  00002d0c    00000044     Emm_V5.o (.text.Emm_V5_En_Control)
                  00002d50    00000040     ti_msp_dl_config.o (.text.SYSCFG_DL_LLM_UART_init)
                  00002d90    00000040     ti_msp_dl_config.o (.text.SYSCFG_DL_MOTOR_UART_init)
                  00002dd0    00000040     ti_msp_dl_config.o (.text.SYSCFG_DL_PRINT_init)
                  00002e10    00000040     libclang_rt.builtins.a : aeabi_uidivmod.S.obj (.text.__aeabi_uidivmod)
                  00002e50    0000003c     driverlib.a : dl_i2c.o (.text.DL_I2C_flushControllerTXFIFO)
                  00002e8c    0000003c     Emm_V5.o (.text.Emm_V5_Stop_Now)
                  00002ec8    0000003c     libclang_rt.builtins.a : comparesf2.S.obj (.text.__gtsf2)
                  00002f04    0000003c     libc.a : autoinit.c.obj (.text:__TI_auto_init_nobinit_nopinit)
                  00002f40    0000003a     libclang_rt.builtins.a : comparesf2.S.obj (.text.__eqsf2)
                  00002f7a    00000002     --HOLE-- [fill = 0]
                  00002f7c    0000003a                            : muldsi3.S.obj (.text.__muldsi3)
                  00002fb6    00000002     --HOLE-- [fill = 0]
                  00002fb8    00000038                            : fixsfsi.S.obj (.text.__fixsfsi)
                  00002ff0    00000034     main.o (.text.__NVIC_DisableIRQ)
                  00003024    00000032     libclang_rt.builtins.a : fixunssfsi.S.obj (.text.__fixunssfsi)
                  00003056    00000002     --HOLE-- [fill = 0]
                  00003058    00000030     driverlib.a : dl_uart.o (.text.DL_UART_transmitDataBlocking)
                  00003088    00000030     uart.o (.text.Motor_UART_ReadByte)
                  000030b8    00000030     oled.o (.text.OLED_Pow)
                  000030e8    00000030     uart.o (.text.UART_read_received_byte)
                  00003118    0000002e     oled.o (.text.OLED_Refresh)
                  00003146    0000002c     pid.o (.text.PID_Reset)
                  00003172    00000028     main.o (.text.DL_Common_updateReg)
                  0000319a    00000028     oled.o (.text.DL_Common_updateReg)
                  000031c2    00000028     ti_msp_dl_config.o (.text.DL_Common_updateReg)
                  000031ea    00000002     --HOLE-- [fill = 0]
                  000031ec    00000028     ti_msp_dl_config.o (.text.DL_I2C_setControllerRXFIFOThreshold)
                  00003214    00000028     ti_msp_dl_config.o (.text.DL_I2C_setControllerTXFIFOThreshold)
                  0000323c    00000028     main.o (.text.DL_UART_setRXFIFOThreshold)
                  00003264    00000028     main.o (.text.LLM_UART_Poll)
                  0000328c    00000028     libclang_rt.builtins.a : floatunsisf.S.obj (.text.__floatunsisf)
                  000032b4    00000028     libc.a : boot_cortex_m.c.obj (.text:_c_int00_noargs)
                  000032dc    00000026     ti_msp_dl_config.o (.text.DL_I2C_setAnalogGlitchFilterPulseWidth)
                  00003302    00000026     driverlib.a : dl_i2c.o (.text.DL_I2C_setClockConfig)
                  00003328    00000024     ti_msp_dl_config.o (.text.DL_I2C_setDigitalGlitchFilterPulseWidth)
                  0000334c    00000020     ti_msp_dl_config.o (.text.DL_GPIO_initPeripheralInputFunction)
                  0000336c    00000020     ti_msp_dl_config.o (.text.SYSCFG_DL_init)
                  0000338c    0000001e     ti_msp_dl_config.o (.text.DL_UART_setOversampling)
                  000033aa    0000001e     ti_msp_dl_config.o (.text.SYSCFG_DL_SYSCTL_init)
                  000033c8    0000001c     ti_msp_dl_config.o (.text.DL_GPIO_enableHiZ)
                  000033e4    0000001c     ti_msp_dl_config.o (.text.DL_GPIO_initPeripheralOutputFunction)
                  00003400    0000001c     ti_msp_dl_config.o (.text.DL_SYSCTL_setSYSOSCFreq)
                  0000341c    0000001c     driverlib.a : dl_uart.o (.text.DL_UART_receiveDataCheck)
                  00003438    0000001a     delay.o (.text.delay_ms)
                  00003452    00000002     --HOLE-- [fill = 0]
                  00003454    00000018     ti_msp_dl_config.o (.text.DL_GPIO_enablePower)
                  0000346c    00000018     ti_msp_dl_config.o (.text.DL_GPIO_reset)
                  00003484    00000018     ti_msp_dl_config.o (.text.DL_I2C_enableAnalogGlitchFilter)
                  0000349c    00000018     ti_msp_dl_config.o (.text.DL_I2C_enableController)
                  000034b4    00000018     ti_msp_dl_config.o (.text.DL_I2C_enableControllerClockStretching)
                  000034cc    00000018     ti_msp_dl_config.o (.text.DL_I2C_enablePower)
                  000034e4    00000018     ti_msp_dl_config.o (.text.DL_I2C_reset)
                  000034fc    00000018     ti_msp_dl_config.o (.text.DL_I2C_setTimerPeriod)
                  00003514    00000018     ti_msp_dl_config.o (.text.DL_SYSCTL_setBORThreshold)
                  0000352c    00000018     ti_msp_dl_config.o (.text.DL_UART_enablePower)
                  00003544    00000018     uart.o (.text.DL_UART_isRXFIFOEmpty)
                  0000355c    00000018     ti_msp_dl_config.o (.text.DL_UART_reset)
                  00003574    00000018     main.o (.text.LLM_UART_Init)
                  0000358c    00000016     bianma.o (.text.DL_GPIO_readPins)
                  000035a2    00000016     ti_msp_dl_config.o (.text.DL_UART_enable)
                  000035b8    00000014     oled.o (.text.DL_I2C_getControllerStatus)
                  000035cc    00000014     oled.o (.text.DL_I2C_resetControllerTransfer)
                  000035e0    00000014     ti_msp_dl_config.o (.text.DL_I2C_resetControllerTransfer)
                  000035f4    00000014     ti_msp_dl_config.o (.text.DL_SYSCTL_disableSYSPLL)
                  00003608    00000014     uart.o (.text.DL_UART_receiveData)
                  0000361c    00000012     uart.o (.text.DL_UART_getPendingInterrupt)
                  0000362e    00000012     driverlib.a : dl_uart.o (.text.DL_UART_setClockConfig)
                  00003640    00000012     libc.a : memcpy16.S.obj (.text:TI_memcpy_small)
                  00003652    00000012            : copy_decompress_none.c.obj (.text:decompress:none)
                  00003664    00000010     ti_msp_dl_config.o (.text.DL_SYSCTL_disableHFXT)
                  00003674    00000010     main.o (.text.SysTick_Handler)
                  00003684    00000010     libc.a : copy_zero_init.c.obj (.text:decompress:ZI)
                  00003694    0000000e            : memset16.S.obj (.text:TI_memset_small)
                  000036a2    00000002     --HOLE-- [fill = 0]
                  000036a4    0000000c     libclang_rt.builtins.a : aeabi_memset.S.obj (.text.__aeabi_memclr)
                  000036b0    0000000a     driverlib.a : dl_common.o (.text.DL_Common_delayCycles)
                  000036ba    00000002     --HOLE-- [fill = 0]
                  000036bc    00000008     libclang_rt.builtins.a : aeabi_memcpy.S.obj (.text.__aeabi_memcpy)
                  000036c4    00000006     libc.a : exit.c.obj (.text:abort)
                  000036ca    00000004     startup_mspm0g350x_ticlang.o (.text.Default_Handler)
                  000036ce    00000004     libsysbm.a : hostexit.c.obj (.text.HOSTexit)
                  000036d2    00000004     startup_mspm0g350x_ticlang.o (.text.Reset_Handler)
                  000036d6    00000004     libc.a : pre_init.c.obj (.text._system_pre_init)
                  000036da    00000006     --HOLE-- [fill = 0]

.cinit     0    00004f28    00000040     
                  00004f28    00000015     (.cinit..data.load) [load image, compression = lzss]
                  00004f3d    00000003     --HOLE-- [fill = 0]
                  00004f40    0000000c     (__TI_handler_table)
                  00004f4c    00000008     (.cinit..bss.load) [load image, compression = zero_init]
                  00004f54    00000010     (__TI_cinit_table)
                  00004f64    00000004     --HOLE-- [fill = 0]

.rodata    0    000036e0    00001848     
                  000036e0    00000d5c     oled.o (.rodata.asc2_2412)
                  0000443c    000005f0     oled.o (.rodata.asc2_1608)
                  00004a2c    00000474     oled.o (.rodata.asc2_1206)
                  00004ea0    0000001c     oled.o (.rodata.OLED_Init.init_commands)
                  00004ebc    00000010     bianma.o (.rodata.Bianma_GetRotation.transition_table)
                  00004ecc    0000000a     ti_msp_dl_config.o (.rodata.gLLM_UARTConfig)
                  00004ed6    0000000a     ti_msp_dl_config.o (.rodata.gMOTOR_UARTConfig)
                  00004ee0    0000000a     ti_msp_dl_config.o (.rodata.gPRINTConfig)
                  00004eea    00000005     main.o (.rodata.str1.16265332423659789559.1)
                  00004eef    00000005     main.o (.rodata.str1.288608917962107522.1)
                  00004ef4    00000004     main.o (.rodata.str1.12180500075719773345.1)
                  00004ef8    00000004     main.o (.rodata.str1.14402440632258215044.1)
                  00004efc    00000004     main.o (.rodata.str1.2123964117280943167.1)
                  00004f00    00000004     main.o (.rodata.str1.7702501944640899365.1)
                  00004f04    00000004     main.o (.rodata.str1.8154729771448623357.1)
                  00004f08    00000003     main.o (.rodata.str1.14112174005742061988.1)
                  00004f0b    00000003     main.o (.rodata.str1.15159059442110792349.1)
                  00004f0e    00000003     main.o (.rodata.str1.15996357275703397564.1)
                  00004f11    00000003     main.o (.rodata.str1.2846389346932560359.1)
                  00004f14    00000002     ti_msp_dl_config.o (.rodata.gLLM_UARTClockConfig)
                  00004f16    00000002     ti_msp_dl_config.o (.rodata.gMOTOR_UARTClockConfig)
                  00004f18    00000002     ti_msp_dl_config.o (.rodata.gOLEDClockConfig)
                  00004f1a    00000002     ti_msp_dl_config.o (.rodata.gPRINTClockConfig)
                  00004f1c    00000002     main.o (.rodata.str1.17100691992556644108.1)
                  00004f1e    00000002     main.o (.rodata.str1.18227636981041470289.1)
                  00004f20    00000002     main.o (.rodata.str1.8108965883388295311.1)
                  00004f22    00000002     main.o (.rodata.str1.9059077390166914652.1)
                  00004f24    00000004     --HOLE-- [fill = 0]

.init_array 
*          0    00000000    00000000     UNINITIALIZED

.binit     0    00000000    00000000     

.bss       0    20200000    00000703     UNINITIALIZED
                  20200000    00000480     (.common:OLED_GRAM)
                  20200480    00000200     uart.o (.bss.g_uart_rx_buffer)
                  20200680    00000030     main.o (.bss.g_position_pid)
                  202006b0    00000030     main.o (.bss.g_speed_pid)
                  202006e0    00000014     main.o (.bss.g_llm_command)
                  202006f4    00000008     main.o (.bss.g_motor_rx_frame)
                  202006fc    00000007     main.o (.bss.g_frame)

.data      0    20200704    000000a5     UNINITIALIZED
                  20200704    00000010     Emm_V5.o (.data.Emm_V5_En_Control.cmd)
                  20200714    00000010     Emm_V5.o (.data.Emm_V5_Pos_Control.cmd)
                  20200724    00000010     Emm_V5.o (.data.Emm_V5_Read_Sys_Params.cmd)
                  20200734    00000010     Emm_V5.o (.data.Emm_V5_Stop_Now.cmd)
                  20200744    00000004     main.o (.data.current_speed)
                  20200748    00000004     main.o (.data.g_last_control_ms)
                  2020074c    00000004     main.o (.data.g_last_encoder_ms)
                  20200750    00000004     main.o (.data.g_last_frame_ms)
                  20200754    00000004     main.o (.data.g_last_motor_command_ms)
                  20200758    00000004     main.o (.data.g_last_motor_feedback_ms)
                  2020075c    00000004     main.o (.data.g_last_motor_query_ms)
                  20200760    00000004     main.o (.data.g_last_oled_ms)
                  20200764    00000004     main.o (.data.g_last_position_sample_ms)
                  20200768    00000004     main.o (.data.g_milliseconds)
                  2020076c    00000004     main.o (.data.g_motor_actual_angle)
                  20200770    00000004     main.o (.data.g_motor_requested_angle)
                  20200774    00000004     main.o (.data.g_motor_zero_absolute_angle)
                  20200778    00000004     main.o (.data.g_sequence_last_frame_count)
                  2020077c    00000004     main.o (.data.pipe_angle)
                  20200780    00000004     main.o (.data.target_speed)
                  20200784    00000004     main.o (.data.valid_frame_count)
                  20200788    00000002     main.o (.data.current_position)
                  2020078a    00000002     main.o (.data.g_last_position)
                  2020078c    00000002     main.o (.data.g_position_lock_target)
                  2020078e    00000002     uart.o (.data.g_uart_rx_head)
                  20200790    00000002     uart.o (.data.g_uart_rx_overflow_count)
                  20200792    00000002     uart.o (.data.g_uart_rx_tail)
                  20200794    00000002     main.o (.data.target_position)
                  20200796    00000001     bianma.o (.data.g_button_debounce_count)
                  20200797    00000001     bianma.o (.data.g_button_last_raw)
                  20200798    00000001     bianma.o (.data.g_button_state)
                  20200799    00000001     main.o (.data.g_frame_index)
                  2020079a    00000001     bianma.o (.data.g_last_ab)
                  2020079b    00000001     main.o (.data.g_llm_command_index)
                  2020079c    00000001     main.o (.data.g_motor_feedback_valid)
                  2020079d    00000001     main.o (.data.g_motor_rx_index)
                  2020079e    00000001     main.o (.data.g_motor_stopped)
                  2020079f    00000001     main.o (.data.g_motor_zero_captured)
                  202007a0    00000001     oled.o (.data.g_oled_i2c_failed)
                  202007a1    00000001     main.o (.data.g_oled_refresh_page)
                  202007a2    00000001     main.o (.data.g_position_locked)
                  202007a3    00000001     main.o (.data.g_position_valid)
                  202007a4    00000001     bianma.o (.data.g_rotation_accumulator)
                  202007a5    00000001     main.o (.data.g_sequence_stable_cycles)
                  202007a6    00000001     main.o (.data.g_sequence_state)
                  202007a7    00000001     main.o (.data.g_speed_sample_initialized)
                  202007a8    00000001     main.o (.data.g_speed_valid)

.stack     0    20207e00    00000200     UNINITIALIZED
                  20207e00    00000004     libc.a : boot_cortex_m.c.obj (.stack)
                  20207e04    000001fc     --HOLE--

__llvm_prf_cnts 
*          0    20200000    00000000     UNINITIALIZED

__llvm_prf_bits 
*          0    20200000    00000000     UNINITIALIZED

MODULE SUMMARY

       Module                         code    ro data   rw data
       ------                         ----    -------   -------
    .\
       main.o                         5894    50        220    
       ti_msp_dl_config.o             1550    38        0      
       startup_mspm0g350x_ticlang.o   8       192       0      
    +--+------------------------------+-------+---------+---------+
       Total:                         7452    280       220    
                                                               
    .\user_driver\
       oled.o                         2166    6108      1153   
       Emm_V5.o                       938     0         64     
       uart.o                         398     0         518    
       pid.o                          696     0         0      
       bianma.o                       482     16        5      
       delay.o                        26      0         0      
    +--+------------------------------+-------+---------+---------+
       Total:                         4706    6124      1740   
                                                               
    C:/TI/mspm0_sdk_2_10_00_04/source/ti/driverlib/lib/ticlang/m0p/mspm0g1x0x_g3x0x/driverlib.a
       dl_i2c.o                       192     0         0      
       dl_uart.o                      166     0         0      
       dl_common.o                    10      0         0      
    +--+------------------------------+-------+---------+---------+
       Total:                         368     0         0      
                                                               
    E:\install\keli\ti\css\ccs\tools\compiler\ti-cgt-armllvm_4.0.4.LTS\lib\armv6m-ti-none-eabi/c/libc.a
       copy_decompress_lzss.c.obj     124     0         0      
       autoinit.c.obj                 60      0         0      
       boot_cortex_m.c.obj            40      0         0      
       copy_decompress_none.c.obj     18      0         0      
       memcpy16.S.obj                 18      0         0      
       copy_zero_init.c.obj           16      0         0      
       memset16.S.obj                 14      0         0      
       exit.c.obj                     6       0         0      
       pre_init.c.obj                 4       0         0      
    +--+------------------------------+-------+---------+---------+
       Total:                         300     0         0      
                                                               
    E:\install\keli\ti\css\ccs\tools\compiler\ti-cgt-armllvm_4.0.4.LTS\lib\armv6m-ti-none-eabi/c/libsysbm.a
       hostexit.c.obj                 4       0         0      
    +--+------------------------------+-------+---------+---------+
       Total:                         4       0         0      
                                                               
    E:\install\keli\ti\css\ccs\tools\compiler\ti-cgt-armllvm_4.0.4.LTS\lib\armv6m-ti-none-eabi/libclang_rt.builtins.a
       addsf3.S.obj                   216     0         0      
       mulsf3.S.obj                   140     0         0      
       divsf3.S.obj                   130     0         0      
       comparesf2.S.obj               118     0         0      
       aeabi_fcmp.S.obj               98      0         0      
       aeabi_uidivmod.S.obj           64      0         0      
       muldsi3.S.obj                  58      0         0      
       fixsfsi.S.obj                  56      0         0      
       fixunssfsi.S.obj               50      0         0      
       floatunsisf.S.obj              40      0         0      
       aeabi_memset.S.obj             12      0         0      
       aeabi_memcpy.S.obj             8       0         0      
       aeabi_div0.c.obj               2       0         0      
    +--+------------------------------+-------+---------+---------+
       Total:                         992     0         0      
                                                               
       Stack:                         0       0         512    
       Linker Generated:              0       57        0      
    +--+------------------------------+-------+---------+---------+
       Grand Total:                   13822   6461      2472   


LINKER GENERATED COPY TABLES

__TI_cinit_table @ 00004f54 records: 2, size/record: 8, table size: 16
	.data: load addr=00004f28, load size=00000015 bytes, run addr=20200704, run size=000000a5 bytes, compression=lzss
	.bss: load addr=00004f4c, load size=00000008 bytes, run addr=20200000, run size=00000703 bytes, compression=zero_init


LINKER GENERATED HANDLER TABLE

__TI_handler_table @ 00004f40 records: 3, size/record: 4, table size: 12
	index: 0, handler: __TI_decompress_lzss
	index: 1, handler: __TI_decompress_none
	index: 2, handler: __TI_zero_init


GLOBAL SYMBOLS: SORTED ALPHABETICALLY BY Name 

address   name                          
-------   ----                          
000036cb  ADC0_IRQHandler               
000036cb  ADC1_IRQHandler               
000036cb  AES_IRQHandler                
000020c5  Bianma_Button_Pressed         
00001d69  Bianma_GetRotation            
000024a1  Bianma_Init                   
000036ce  C$$EXIT                       
000036cb  CANFD0_IRQHandler             
000036cb  DAC0_IRQHandler               
000036b1  DL_Common_delayCycles         
00002951  DL_I2C_fillControllerTXFIFO   
00002e51  DL_I2C_flushControllerTXFIFO  
00003303  DL_I2C_setClockConfig         
00002bed  DL_UART_init                  
0000341d  DL_UART_receiveDataCheck      
0000362f  DL_UART_setClockConfig        
00003059  DL_UART_transmitDataBlocking  
000036cb  DMA_IRQHandler                
000036cb  Default_Handler               
00002695  Emm_V5_Angle_To_Pulses        
00002d0d  Emm_V5_En_Control             
00002521  Emm_V5_Pos_Control            
000027c9  Emm_V5_Pos_Control_Angle      
00000db1  Emm_V5_Read_Sys_Params        
00002e8d  Emm_V5_Stop_Now               
000036cb  GROUP0_IRQHandler             
000036cb  GROUP1_IRQHandler             
000036cf  HOSTexit                      
000036cb  HardFault_Handler             
000036cb  I2C0_IRQHandler               
000036cb  I2C1_IRQHandler               
00003089  Motor_UART_ReadByte           
000036cb  NMI_Handler                   
00002891  OLED_Clear                    
00002765  OLED_ClearPoint               
00002c7d  OLED_DrawPoint                
20200000  OLED_GRAM                     
00001e1d  OLED_Init                     
000030b9  OLED_Pow                      
00003119  OLED_Refresh                  
00001cad  OLED_RefreshPage              
000012b5  OLED_ShowChar                 
00001ecd  OLED_ShowNum                  
0000215d  OLED_ShowString               
000016a5  OLED_WR_Byte                  
00002a0d  PID_DecayIntegral             
00001a19  PID_Init                      
00003147  PID_Reset                     
00001909  PID_UpdateConditional         
000036cb  PendSV_Handler                
000036cb  RTC_IRQHandler                
000036d3  Reset_Handler                 
000036cb  SPI0_IRQHandler               
000036cb  SPI1_IRQHandler               
000036cb  SVC_Handler                   
00002021  SYSCFG_DL_GPIO_init           
00002d51  SYSCFG_DL_LLM_UART_init       
00002d91  SYSCFG_DL_MOTOR_UART_init     
000028f1  SYSCFG_DL_OLED_init           
00002dd1  SYSCFG_DL_PRINT_init          
000033ab  SYSCFG_DL_SYSCTL_init         
0000336d  SYSCFG_DL_init                
0000259d  SYSCFG_DL_initPower           
000026fd  Serial1_SendArrayTry          
00003675  SysTick_Handler               
000036cb  TIMA0_IRQHandler              
000036cb  TIMA1_IRQHandler              
000036cb  TIMG0_IRQHandler              
000036cb  TIMG12_IRQHandler             
000036cb  TIMG6_IRQHandler              
000036cb  TIMG7_IRQHandler              
000036cb  TIMG8_IRQHandler              
00003641  TI_memcpy_small               
00003695  TI_memset_small               
000036cb  UART0_IRQHandler              
000036cb  UART1_IRQHandler              
00002311  UART2_IRQHandler              
000036cb  UART3_IRQHandler              
000030e9  UART_read_received_byte       
20208000  __STACK_END                   
00000200  __STACK_SIZE                  
00000000  __TI_ATRegion0_region_sz      
00000000  __TI_ATRegion0_src_addr       
00000000  __TI_ATRegion0_trg_addr       
00000000  __TI_ATRegion1_region_sz      
00000000  __TI_ATRegion1_src_addr       
00000000  __TI_ATRegion1_trg_addr       
00000000  __TI_ATRegion2_region_sz      
00000000  __TI_ATRegion2_src_addr       
00000000  __TI_ATRegion2_trg_addr       
00004f54  __TI_CINIT_Base               
00004f64  __TI_CINIT_Limit              
00004f64  __TI_CINIT_Warm               
00004f40  __TI_Handler_Table_Base       
00004f4c  __TI_Handler_Table_Limit      
00002f05  __TI_auto_init_nobinit_nopinit
00002619  __TI_decompress_lzss          
00003653  __TI_decompress_none          
ffffffff  __TI_pprof_out_hndl           
ffffffff  __TI_prof_data_size           
ffffffff  __TI_prof_data_start          
00000000  __TI_static_base__            
00003685  __TI_zero_init                
00001bdf  __addsf3                      
00002fb9  __aeabi_f2iz                  
00003025  __aeabi_f2uiz                 
00001bdf  __aeabi_fadd                  
0000282d  __aeabi_fcmpeq                
00002869  __aeabi_fcmpge                
0000287d  __aeabi_fcmpgt                
00002855  __aeabi_fcmple                
00002841  __aeabi_fcmplt                
0000241d  __aeabi_fdiv                  
00002285  __aeabi_fmul                  
00001bd5  __aeabi_fsub                  
00001a17  __aeabi_idiv0                 
000036a5  __aeabi_memclr                
000036a5  __aeabi_memclr4               
000036a5  __aeabi_memclr8               
000036bd  __aeabi_memcpy                
000036bd  __aeabi_memcpy4               
000036bd  __aeabi_memcpy8               
0000328d  __aeabi_ui2f                  
00002e11  __aeabi_uidiv                 
00002e11  __aeabi_uidivmod              
ffffffff  __binit__                     
00002f41  __cmpsf2                      
0000241d  __divsf3                      
00002f41  __eqsf2                       
00002fb9  __fixsfsi                     
00003025  __fixunssfsi                  
0000328d  __floatunsisf                 
00002ec9  __gesf2                       
00002ec9  __gtsf2                       
00002f41  __lesf2                       
00002f41  __ltsf2                       
UNDEFED   __mpu_init                    
00002f7d  __muldsi3                     
00002285  __mulsf3                      
00002f41  __nesf2                       
20207e00  __stack                       
20200000  __start___llvm_prf_bits       
20200000  __start___llvm_prf_cnts       
20200000  __stop___llvm_prf_bits        
20200000  __stop___llvm_prf_cnts        
00001bd5  __subsf3                      
000032b5  _c_int00_noargs               
UNDEFED   _system_post_cinit            
000036d7  _system_pre_init              
000036c5  abort                         
00004a2c  asc2_1206                     
0000443c  asc2_1608                     
000036e0  asc2_2412                     
ffffffff  binit                         
20200788  current_position              
20200744  current_speed                 
00003439  delay_ms                      
00000000  interruptVectors              
00000f95  main                          
2020077c  pipe_angle                    
20200794  target_position               
20200780  target_speed                  
20200784  valid_frame_count             


GLOBAL SYMBOLS: SORTED BY Symbol Address 

address   name                          
-------   ----                          
00000000  __TI_ATRegion0_region_sz      
00000000  __TI_ATRegion0_src_addr       
00000000  __TI_ATRegion0_trg_addr       
00000000  __TI_ATRegion1_region_sz      
00000000  __TI_ATRegion1_src_addr       
00000000  __TI_ATRegion1_trg_addr       
00000000  __TI_ATRegion2_region_sz      
00000000  __TI_ATRegion2_src_addr       
00000000  __TI_ATRegion2_trg_addr       
00000000  __TI_static_base__            
00000000  interruptVectors              
00000200  __STACK_SIZE                  
00000db1  Emm_V5_Read_Sys_Params        
00000f95  main                          
000012b5  OLED_ShowChar                 
000016a5  OLED_WR_Byte                  
00001909  PID_UpdateConditional         
00001a17  __aeabi_idiv0                 
00001a19  PID_Init                      
00001bd5  __aeabi_fsub                  
00001bd5  __subsf3                      
00001bdf  __addsf3                      
00001bdf  __aeabi_fadd                  
00001cad  OLED_RefreshPage              
00001d69  Bianma_GetRotation            
00001e1d  OLED_Init                     
00001ecd  OLED_ShowNum                  
00002021  SYSCFG_DL_GPIO_init           
000020c5  Bianma_Button_Pressed         
0000215d  OLED_ShowString               
00002285  __aeabi_fmul                  
00002285  __mulsf3                      
00002311  UART2_IRQHandler              
0000241d  __aeabi_fdiv                  
0000241d  __divsf3                      
000024a1  Bianma_Init                   
00002521  Emm_V5_Pos_Control            
0000259d  SYSCFG_DL_initPower           
00002619  __TI_decompress_lzss          
00002695  Emm_V5_Angle_To_Pulses        
000026fd  Serial1_SendArrayTry          
00002765  OLED_ClearPoint               
000027c9  Emm_V5_Pos_Control_Angle      
0000282d  __aeabi_fcmpeq                
00002841  __aeabi_fcmplt                
00002855  __aeabi_fcmple                
00002869  __aeabi_fcmpge                
0000287d  __aeabi_fcmpgt                
00002891  OLED_Clear                    
000028f1  SYSCFG_DL_OLED_init           
00002951  DL_I2C_fillControllerTXFIFO   
00002a0d  PID_DecayIntegral             
00002bed  DL_UART_init                  
00002c7d  OLED_DrawPoint                
00002d0d  Emm_V5_En_Control             
00002d51  SYSCFG_DL_LLM_UART_init       
00002d91  SYSCFG_DL_MOTOR_UART_init     
00002dd1  SYSCFG_DL_PRINT_init          
00002e11  __aeabi_uidiv                 
00002e11  __aeabi_uidivmod              
00002e51  DL_I2C_flushControllerTXFIFO  
00002e8d  Emm_V5_Stop_Now               
00002ec9  __gesf2                       
00002ec9  __gtsf2                       
00002f05  __TI_auto_init_nobinit_nopinit
00002f41  __cmpsf2                      
00002f41  __eqsf2                       
00002f41  __lesf2                       
00002f41  __ltsf2                       
00002f41  __nesf2                       
00002f7d  __muldsi3                     
00002fb9  __aeabi_f2iz                  
00002fb9  __fixsfsi                     
00003025  __aeabi_f2uiz                 
00003025  __fixunssfsi                  
00003059  DL_UART_transmitDataBlocking  
00003089  Motor_UART_ReadByte           
000030b9  OLED_Pow                      
000030e9  UART_read_received_byte       
00003119  OLED_Refresh                  
00003147  PID_Reset                     
0000328d  __aeabi_ui2f                  
0000328d  __floatunsisf                 
000032b5  _c_int00_noargs               
00003303  DL_I2C_setClockConfig         
0000336d  SYSCFG_DL_init                
000033ab  SYSCFG_DL_SYSCTL_init         
0000341d  DL_UART_receiveDataCheck      
00003439  delay_ms                      
0000362f  DL_UART_setClockConfig        
00003641  TI_memcpy_small               
00003653  __TI_decompress_none          
00003675  SysTick_Handler               
00003685  __TI_zero_init                
00003695  TI_memset_small               
000036a5  __aeabi_memclr                
000036a5  __aeabi_memclr4               
000036a5  __aeabi_memclr8               
000036b1  DL_Common_delayCycles         
000036bd  __aeabi_memcpy                
000036bd  __aeabi_memcpy4               
000036bd  __aeabi_memcpy8               
000036c5  abort                         
000036cb  ADC0_IRQHandler               
000036cb  ADC1_IRQHandler               
000036cb  AES_IRQHandler                
000036cb  CANFD0_IRQHandler             
000036cb  DAC0_IRQHandler               
000036cb  DMA_IRQHandler                
000036cb  Default_Handler               
000036cb  GROUP0_IRQHandler             
000036cb  GROUP1_IRQHandler             
000036cb  HardFault_Handler             
000036cb  I2C0_IRQHandler               
000036cb  I2C1_IRQHandler               
000036cb  NMI_Handler                   
000036cb  PendSV_Handler                
000036cb  RTC_IRQHandler                
000036cb  SPI0_IRQHandler               
000036cb  SPI1_IRQHandler               
000036cb  SVC_Handler                   
000036cb  TIMA0_IRQHandler              
000036cb  TIMA1_IRQHandler              
000036cb  TIMG0_IRQHandler              
000036cb  TIMG12_IRQHandler             
000036cb  TIMG6_IRQHandler              
000036cb  TIMG7_IRQHandler              
000036cb  TIMG8_IRQHandler              
000036cb  UART0_IRQHandler              
000036cb  UART1_IRQHandler              
000036cb  UART3_IRQHandler              
000036ce  C$$EXIT                       
000036cf  HOSTexit                      
000036d3  Reset_Handler                 
000036d7  _system_pre_init              
000036e0  asc2_2412                     
0000443c  asc2_1608                     
00004a2c  asc2_1206                     
00004f40  __TI_Handler_Table_Base       
00004f4c  __TI_Handler_Table_Limit      
00004f54  __TI_CINIT_Base               
00004f64  __TI_CINIT_Limit              
00004f64  __TI_CINIT_Warm               
20200000  OLED_GRAM                     
20200000  __start___llvm_prf_bits       
20200000  __start___llvm_prf_cnts       
20200000  __stop___llvm_prf_bits        
20200000  __stop___llvm_prf_cnts        
20200744  current_speed                 
2020077c  pipe_angle                    
20200780  target_speed                  
20200784  valid_frame_count             
20200788  current_position              
20200794  target_position               
20207e00  __stack                       
20208000  __STACK_END                   
ffffffff  __TI_pprof_out_hndl           
ffffffff  __TI_prof_data_size           
ffffffff  __TI_prof_data_start          
ffffffff  __binit__                     
ffffffff  binit                         
UNDEFED   __mpu_init                    
UNDEFED   _system_post_cinit            

[163 symbols]
